11-19 12:12:22.141  4331  4331 I HwSystemManager: HsmPackageManager:Receive intent:Intent { act=android.intent.action.PACKAGE_ADDED dat=package:com.google.android.inputmethod.pinyin flg=0x4000010 (has extras) }
11-19 12:12:22.141  4331  4331 I HwSystemManager: HsmPackageManager:replacing:true
11-19 12:12:22.141  4331  4331 I HwSystemManager: HsmPackageManager:pkgName:com.google.android.inputmethod.pinyin
11-19 12:12:22.142  4331  4331 I HwSystemManager: HsmPackageManager:doAppInstalled, installed: com.google.android.inputmethod.pinyin, prePkgExist:true, replacing:true
11-19 12:12:22.144  3455  3832 I InputReader: Reconfiguring input devices.  changes=0x00000010
11-19 12:12:22.147  9071  9071 I HwLauncher: SimpleLauncherModeaction= android.intent.action.PACKAGE_ADDEDpackageName = com.google.android.inputmethod.pinyin
11-19 12:12:22.147  9071  9149 I HwLauncher: SimpleLauncherModemAllAppsList.updatePackage com.google.android.inputmethod.pinyin
11-19 12:12:22.149  9071  9149 I HwLauncher: SimpleAllAppsList  updatePackage : package[com.google.android.inputmethod.pinyin] matched activity's size is 1 and data List size is 0
11-19 12:12:22.152  9071  9071 I HwLauncher: LauncherDownloadModel onReceive intent=Intent { act=android.intent.action.PACKAGE_ADDED dat=package:com.google.android.inputmethod.pinyin flg=0x4000010 (has extras) }
11-19 12:12:22.169  9071  9149 I HwLauncher: Launcher.LauncherProvider  queried count: 0
11-19 12:12:22.184  3455  4696 W System.err: 	at com.android.server.pm.PackageInstallerService.abandonSession(PackageInstallerService.java:736)
11-19 12:12:22.184  3455  4696 W System.err: 	at android.content.pm.IPackageInstaller$Stub.onTransact(IPackageInstaller.java:97)
11-19 12:12:22.184  3455  4696 W System.err: 	at android.os.Binder.execTransact(Binder.java:453)
11-19 12:12:22.187  9071  9149 I HwLauncher: SimpleAllAppsList  findAndUpdateInfoInDB : found 0 shortcutInfo for package[com.google.android.inputmethod.pinyin] in db
11-19 12:12:22.188  9071  9149 I HwLauncher: SimpleAllAppsList  updatePackage do not add new SimpleApplicationInfo,It's in normal now. package = com.google.android.inputmethod.pinyin
11-19 12:12:22.188  9071  9149 W HwLauncher: SimpleLauncherModeNobody to tell about the new app.  Launcher is probably loading.
11-19 12:12:22.190 12671 12671 I Finsky  : [1] com.google.android.finsky.installer.as.a(2312): Successful install of com.google.android.inputmethod.pinyin
11-19 12:12:22.195  3966  3966 I IntelligentScene: mPackageReceiver, action= android.intent.action.PACKAGE_REPLACED
11-19 12:12:22.195  3966  3966 I IntelligentScene: packageName = com.google.android.inputmethod.pinyin
11-19 12:12:22.196  4331  4331 I HwSystemManager: HsmPackageManager:Receive intent:Intent { act=android.intent.action.PACKAGE_REPLACED dat=package:com.google.android.inputmethod.pinyin flg=0x4000010 (has extras) }
11-19 12:12:22.197  4331  4331 I HwSystemManager: HsmPackageManager:replacing:true
11-19 12:12:22.197  4331  4331 I HwSystemManager: HsmPackageManager:pkgName:com.google.android.inputmethod.pinyin
11-19 12:12:22.198  4331  4331 I HwSystemManager: HsmPackageManager:doAppChanged, put com.google.android.inputmethod.pinyin, path:/data/app/com.google.android.inputmethod.pinyin-2
11-19 12:12:22.198  3455  3832 I InputReader: Reconfiguring input devices.  changes=0x00000010
11-19 12:12:22.210 10426 10426 I PushLog2615: [main-1]action is android.intent.action.PACKAGE_ADDED(android/null:-1)
11-19 12:12:22.252  2914  3875 I [Gralloc]: alloc w[16] h[16] format[1] usage[256]
11-19 12:12:22.252  2914  3875 I [Gralloc]: alloc succ handle[0x559984ebf0] stride[32]
11-19 12:12:22.254 12781 12794 E linker  : readlink('/proc/self/fd/21') failed: Permission denied [fd=21]
11-19 12:12:22.254 12781 12794 E linker  : warning: unable to get realpath for the library "/system/lib64/hw/gralloc.hi3635.so". Will use given name.
11-19 12:12:22.259 12781 12794 E linker  : readlink('/proc/self/fd/21') failed: Permission denied [fd=21]
11-19 12:12:22.259 12781 12794 E linker  : warning: unable to get realpath for the library "libion.so". Will use given name.
11-19 12:12:22.262 12781 12794 E HAL     : load: id=gralloc != hmi->id=gralloc
11-19 12:12:22.296 12671 12671 I SendBroadcastPermission: action:com.android.launcher.action.ACTION_PACKAGE_DEQUEUED, mPermissionType:0
11-19 12:12:22.303 12671 12671 I Finsky  : [1] com.google.android.finsky.wear.WearSupportService.a(304): Wear auto install disabled for package com.google.android.inputmethod.pinyin
11-19 12:12:22.312  4331  4964 W HwSystemManager: StartupConfData:getStartupAllowCfgCloud for com.google.android.inputmethod.pinyin, isRec true return default
11-19 12:12:22.497 19916 12827 I SendBroadcastPermission: action:slidejoy.NOTIFICATION_CHANGED, mPermissionType:0
11-19 12:12:22.499 19916 12828 I SendBroadcastPermission: action:slidejoy.NOTIFICATION_CHANGED, mPermissionType:0
11-19 12:12:22.545  3455  3845 E WifiConfigStore: updateConfiguration freq=2417 BSSID=74:da:38:24:aa:b8 RSSI=-47 "panlid-old"WPA_PSK
11-19 12:12:22.701  2914  3875 I [Gralloc]: alloc w[16] h[16] format[1] usage[256]
11-19 12:12:22.702  2914  3875 I [Gralloc]: alloc succ handle[0x559984ebf0] stride[32]
11-19 12:12:22.704 12833 12846 E linker  : readlink('/proc/self/fd/21') failed: Permission denied [fd=21]
11-19 12:12:22.705 12833 12846 E linker  : warning: unable to get realpath for the library "/system/lib64/hw/gralloc.hi3635.so". Will use given name.
11-19 12:12:22.708 12833 12846 E linker  : readlink('/proc/self/fd/22') failed: Permission denied [fd=22]
11-19 12:12:22.708 12833 12846 E linker  : warning: unable to get realpath for the library "libion.so". Will use given name.
11-19 12:12:22.711 12833 12846 E HAL     : load: id=gralloc != hmi->id=gralloc
11-19 12:12:22.721 12781 12781 I SendBroadcastPermission: action:com.huawei.appmarket.service.downloadservice.Receiver, mPermissionType:0
11-19 12:12:22.726  9071  9071 I HwLauncher: LauncherDownloadModel onReceive intent=Intent { act=com.huawei.appmarket.service.downloadservice.Receiver flg=0x10 }
11-19 12:12:22.727  9071  9071 W HwLauncher: get getBundleExtra with downloadtask all return null!
11-19 12:12:22.797  3455  3469 I SendBroadcastPermission: action:android.search.action.SEARCHABLES_CHANGED, mPermissionType:0
11-19 12:12:22.810 12833 12833 I HwCust  : Constructor found for class com.android.contacts.HwCustContactApplicationHelperImpl
11-19 12:12:22.823  3455  3469 I SendBroadcastPermission: action:android.search.action.SEARCHABLES_CHANGED, mPermissionType:0
11-19 12:12:22.830  9071  9071 I HwLauncher: Model onPackageChanged packageName = com.google.android.inputmethod.pinyin user = UserHandle{0}
11-19 12:12:22.831  9071  9071 I HwLauncher: Model  enqueuePackageUpdated post task
11-19 12:12:22.831  9071  9140 I HwLauncher: Model  PackageUpdatedTask Op : 2
11-19 12:12:22.831  9071  9140 I HwLauncher: Model mAllAppsList.updatePackage com.google.android.inputmethod.pinyin
11-19 12:12:22.833  9071  9140 I HwLauncher: AllIdleAppsList  updatePackage : package[com.google.android.inputmethod.pinyin] matched activity's size is 1 and data List size is 5
11-19 12:12:22.838 12833 12833 I HwCust  : Constructor found for class android.app.HwCustHwWallpaperManagerImpl
11-19 12:12:22.852 12833 12859 I HwCust  : Constructor found for class com.android.contacts.preference.HwCustContactsPreferencesImpl
11-19 12:12:22.859 12833 12833 W CfgFilePolicy: No config file found for:xml/rcs_defaults.xml
11-19 12:12:22.861  9071  9140 I HwLauncher: Launcher.IconCache, cacheLocked begin Utilities.createIconBitmap entry.title = Google Pinyin Input
11-19 12:12:22.869 12833 12859 I HwCust  : Constructor found for class com.android.contacts.model.account.HwCustFallbackAccountTypeImpl
11-19 12:12:22.892  9071  9140 I HwLauncher: Launcher.Utilities createIconBitmap classname = null, sourceWidth = 175, sourceHeight = 175
11-19 12:12:22.902  9071  9140 I HwLauncher: Launcher.IconCache, cacheLocked end Utilities.createIconBitmap entry.title = Google Pinyin Input
11-19 12:12:22.902  9071  9140 I HwLauncher: AllIdleAppsList  updatePackage : can not find the old shortcutInfo with same package in data List,add a new shortcutInfo[{com.google.android.inputmethod.pinyin/com.google.android.apps.inputmethod.libs.framework.core.LauncherActivity}]
11-19 12:12:22.903  9071  9140 W HwLauncher: Model Nobody to tell about the new app.  Launcher is probably loading.
11-19 12:12:22.907  3455  3845 E WifiConfigStore: updateConfiguration freq=2417 BSSID=74:da:38:24:aa:b8 RSSI=-47 "panlid-old"WPA_PSK
11-19 12:12:22.909  4331  4331 I HwSystemManager: NotificationManagerReceiver:onReceive action = android.intent.action.PACKAGE_REMOVED
11-19 12:12:22.971  3455  4746 I AccountManagerService: getTypesVisibleToCaller: isPermitted? true
11-19 12:12:22.979 12833 12866 I HwCust  : Constructor found for class com.android.contacts.model.account.HwCustAccountModelCustomizationImpl
11-19 12:12:23.029  2914  3013 I [Gralloc]: alloc w[16] h[16] format[1] usage[256]
11-19 12:12:23.029  2914  3013 I [Gralloc]: alloc succ handle[0x559984ebf0] stride[32]
11-19 12:12:23.030 12867 12879 E linker  : readlink('/proc/self/fd/21') failed: Permission denied [fd=21]
11-19 12:12:23.031 12867 12879 E linker  : warning: unable to get realpath for the library "/system/lib/hw/gralloc.hi3635.so". Will use given name.
11-19 12:12:23.032 12867 12879 E linker  : readlink('/proc/self/fd/21') failed: Permission denied [fd=21]
11-19 12:12:23.032 12867 12879 E linker  : warning: unable to get realpath for the library "libion.so". Will use given name.
11-19 12:12:23.032 12867 12879 E HAL     : load: id=gralloc != hmi->id=gralloc
11-19 12:12:23.043 12833 12881 I IIccPhoneBookAdapter: Simrecords 0= 0
11-19 12:12:23.043 12833 12881 I IIccPhoneBookAdapter: Simrecords 1= 88
11-19 12:12:23.043 12833 12881 I IIccPhoneBookAdapter: Simrecords 2= 100
11-19 12:12:23.043 12833 12881 I IIccPhoneBookAdapter: Simrecords 3= 1
11-19 12:12:23.043 12833 12881 I IIccPhoneBookAdapter: Simrecords 4= 100
11-19 12:12:23.043 12833 12881 I IIccPhoneBookAdapter: Simrecords 5= 100
11-19 12:12:23.043 12833 12881 I IIccPhoneBookAdapter: Simrecords 6= 2
11-19 12:12:23.043 12833 12881 I IIccPhoneBookAdapter: Simrecords 7= 100
11-19 12:12:23.043 12833 12881 I IIccPhoneBookAdapter: Simrecords 8= 100
11-19 12:12:23.057 12833 12866 I HwCust  : Constructor found for class com.android.contacts.model.account.HwCustExchangeAccountTypeImpl
11-19 12:12:23.070 12833 12886 I IIccPhoneBookAdapter: Simrecords 0= 34
11-19 12:12:23.070 12833 12886 I IIccPhoneBookAdapter: Simrecords 1= 3400
11-19 12:12:23.070 12833 12886 I IIccPhoneBookAdapter: Simrecords 2= 100
11-19 12:12:23.089 12833 12866 W ResourceType: For resource 0x7f021875, entry index(6261) is beyond type entryCount(475)
11-19 12:12:23.089 12833 12866 W ResourceType: Failure getting entry for 0x7f021875 (t=1 e=6261) (error -75)
11-19 12:12:23.089 12833 12866 W ResourceType: For resource 0x7f021875, entry index(6261) is beyond type entryCount(475)
11-19 12:12:23.089 12833 12866 W ResourceType: Failure getting entry for 0x7f021875 (t=1 e=6261) (error -75)
11-19 12:12:23.089 12833 12866 W ResourceType: For resource 0x7f021876, entry index(6262) is beyond type entryCount(475)
11-19 12:12:23.089 12833 12866 W ResourceType: Failure getting entry for 0x7f021876 (t=1 e=6262) (error -75)
11-19 12:12:23.089 12833 12866 W ResourceType: For resource 0x7f021877, entry index(6263) is beyond type entryCount(475)
11-19 12:12:23.089 12833 12866 W ResourceType: Failure getting entry for 0x7f021877 (t=1 e=6263) (error -75)
11-19 12:12:23.090 12867 12867 I HwSystemManager: SystemManagerApplication:onCreate
11-19 12:12:23.091  3455  3465 I AccountManagerService: getTypesVisibleToCaller: isPermitted? true
11-19 12:12:23.101  3455  3465 I AccountManagerService: getTypesVisibleToCaller: isPermitted? true
11-19 12:12:23.106 12867 12867 I HwSystemManager: ProcPolicy:this proc is:com.huawei.systemmanager
11-19 12:12:23.114  4331  4331 I HwSystemManager: LocalService:Received start id 682: Intent { cmp=com.huawei.systemmanager/com.huawei.permission.HoldService }
11-19 12:12:23.119 12833 12866 W ResourceType: For resource 0x7f021875, entry index(6261) is beyond type entryCount(475)
11-19 12:12:23.119 12833 12866 W ResourceType: Failure getting entry for 0x7f021875 (t=1 e=6261) (error -75)
11-19 12:12:23.119 12833 12866 W ResourceType: For resource 0x7f021875, entry index(6261) is beyond type entryCount(475)
11-19 12:12:23.119 12833 12866 W ResourceType: Failure getting entry for 0x7f021875 (t=1 e=6261) (error -75)
11-19 12:12:23.119 12833 12866 W ResourceType: For resource 0x7f021876, entry index(6262) is beyond type entryCount(475)
11-19 12:12:23.119 12833 12866 W ResourceType: Failure getting entry for 0x7f021876 (t=1 e=6262) (error -75)
11-19 12:12:23.119 12833 12866 W ResourceType: For resource 0x7f021877, entry index(6263) is beyond type entryCount(475)
11-19 12:12:23.119 12833 12866 W ResourceType: Failure getting entry for 0x7f021877 (t=1 e=6263) (error -75)
11-19 12:12:23.121  3455  4744 I AccountManagerService: getTypesVisibleToCaller: isPermitted? true
11-19 12:12:23.127  3455  3465 I AccountManagerService: getTypesVisibleToCaller: isPermitted? true
11-19 12:12:23.132 12867 12892 I System.out: [ls, -l, /system/priv-app/HwSystemManager/HwSystemManager.apk]
11-19 12:12:23.132 12867 12892 I System.out: null
11-19 12:12:23.132 12867 12892 I System.out: null
11-19 12:12:23.133 12867 12892 I System.out: Calling by::className:com.huawei.systemmanager.util.HwLogTagHelper  MethodName:checkHsmIsPushed
11-19 12:12:23.136  4331  4331 I HwSystemManager: BgPowerManagerService:onStartCommand
11-19 12:12:23.150 12833 12866 W ResourceType: For resource 0x7f021875, entry index(6261) is beyond type entryCount(475)
11-19 12:12:23.150 12833 12866 W ResourceType: Failure getting entry for 0x7f021875 (t=1 e=6261) (error -75)
11-19 12:12:23.150 12833 12866 W ResourceType: For resource 0x7f021875, entry index(6261) is beyond type entryCount(475)
11-19 12:12:23.150 12833 12866 W ResourceType: Failure getting entry for 0x7f021875 (t=1 e=6261) (error -75)
11-19 12:12:23.150 12833 12866 W ResourceType: For resource 0x7f021876, entry index(6262) is beyond type entryCount(475)
11-19 12:12:23.150 12833 12866 W ResourceType: Failure getting entry for 0x7f021876 (t=1 e=6262) (error -75)
11-19 12:12:23.150 12833 12866 W ResourceType: For resource 0x7f021877, entry index(6263) is beyond type entryCount(475)
11-19 12:12:23.150 12833 12866 W ResourceType: Failure getting entry for 0x7f021877 (t=1 e=6263) (error -75)
11-19 12:12:23.151  3455  4744 I AccountManagerService: getTypesVisibleToCaller: isPermitted? true
11-19 12:12:23.166 12867 12892 I HwSystemManager: check push opration, match idx:-1
11-19 12:12:23.175 12867 12867 W CfgFilePolicy: No config file found for:xml/hsm_config.xml
11-19 12:12:23.178 12867 12867 I HwSystemManager: HsmStat_info:feature enable:true
11-19 12:12:23.184 12867 12867 I HwSystemManager: CustomizeWrapper:permissionStatus is 0
11-19 12:12:23.191 12867 12867 I HwSystemManager: TMSEngineFeature: TMS support enable for netassistant.
11-19 12:12:23.193 12867 12914 W CfgFilePolicy: No config file found for:xml/hsm/protect/hsm_protect_default_value.xml
11-19 12:12:23.202 12867 12914 I HwSystemManager: BootStartManager:batchDeleteOperation !
11-19 12:12:23.203 12867 12914 I HwSystemManager: BootStartManager:batchDeleteOperation !
11-19 12:12:23.369 12867 12867 I HwSystemManager: AppInstallationReceiver:AppInstallationReceiver onReceive action = android.intent.action.PACKAGE_REMOVED
11-19 12:12:23.377 12867 12867 I HwSystemManager: SuperAppPermisionChecker:read xml finished
11-19 12:12:23.391 12867 12948 I HwSystemManager: OptimizeReceiver:OptimizeReceiver received action:android.intent.action.PACKAGE_REMOVED
11-19 12:12:23.395 12867 12867 I HwSystemManager: ComBroadcastReceiver:ComBroadcastReceiver action = android.intent.action.PACKAGE_REMOVED
11-19 12:12:23.403 12867 12867 I HwSystemManager: BootBroadcastReceiver:BootBroadcastReceiver action =android.intent.action.PACKAGE_REMOVED
11-19 12:12:23.404  4755  7752 I HwPowerMonitor.PowerExceptionObservable: unhandled onEvent actionID: 3002
11-19 12:12:23.404  4755  7752 W HwPowerMonitor.DayActObserver: mModemLogStatsTimes = 0, ModemLogState = 0
11-19 12:12:23.404  4755  7752 W HwPowerMonitor.DayActObserver: BAT_CHANGED, mIsScrnOffBatStatsEnabled = true, mIsCharging = true, mIsScrnOfBatDropMonitorStart = false
11-19 12:12:23.543  3455  3845 E WifiConfigStore: updateConfiguration freq=2417 BSSID=74:da:38:24:aa:b8 RSSI=-47 "panlid-old"WPA_PSK
11-19 12:12:23.576 12867 12867 I HwSystemManager: HsmPackageManager:init locale:en_AU
11-19 12:12:23.616 12867 12954 I HwSystemManager: SpaceCleanReceiver:receive intent:android.intent.action.PACKAGE_REMOVED
11-19 12:12:23.633 12867 12954 I HwSystemManager: SpaceCleanReceiver:package removed: com.google.android.inputmethod.pinyin
11-19 12:12:23.633  4331  4331 E HwSystemManager: AppCleanUpService:msg is 1
11-19 12:12:23.682  4718 16154 I PgedBinderListener: kstate callback type:8 value1=11290 value2=KILLED
11-19 12:12:23.689  2914  3013 I [Gralloc]: alloc w[16] h[16] format[1] usage[256]
11-19 12:12:23.689  2914  3013 I [Gralloc]: alloc succ handle[0x559984ebf0] stride[32]
11-19 12:12:23.690 12955 12968 E linker  : readlink('/proc/self/fd/21') failed: Permission denied [fd=21]
11-19 12:12:23.690 12955 12968 E linker  : warning: unable to get realpath for the library "/system/lib64/hw/gralloc.hi3635.so". Will use given name.
11-19 12:12:23.691 12955 12968 E linker  : readlink('/proc/self/fd/21') failed: Permission denied [fd=21]
11-19 12:12:23.691 12955 12968 E linker  : warning: unable to get realpath for the library "libion.so". Will use given name.
11-19 12:12:23.692 12955 12968 E HAL     : load: id=gralloc != hmi->id=gralloc
11-19 12:12:23.706 12955 12955 W System  : ClassLoader referenced unknown path: /system/app/HwKaraokeEffect/lib/arm64
11-19 12:12:23.729 12955 12955 W CfgFilePolicy: No config file found for:xml/hw_karaokeeffect_app_config.xml
11-19 12:12:23.768  3455  4676 E HsmCoreServiceImpl: onTransact in code is: 102
11-19 12:12:23.768  3455  4676 I MediaProcessHandler: processOp opType: 1, uid: 10007, pid: 11290
11-19 12:12:23.768  3455  4676 W MediaProcessHandler: remove target not exist, maybe the UI process: uid: 10007, pid: 11290
11-19 12:12:23.773  3455  4622 I AccountManagerService: getTypesVisibleToCaller: isPermitted? true
11-19 12:12:23.786 12671 12671 I Finsky  : [1] com.google.android.finsky.utils.dk.onTrimMemory(17): Memory trim requested to level 40
11-19 12:12:23.792 15313 15313 I MemoryTrimmer: Trimming objects from memory, since app is in the background.
11-19 12:12:23.795  2914  3013 I [Gralloc]: alloc w[16] h[16] format[1] usage[256]
11-19 12:12:23.795  2914  3013 I [Gralloc]: alloc succ handle[0x559984ebf0] stride[32]
11-19 12:12:23.797 12971 12983 E linker  : readlink('/proc/self/fd/21') failed: Permission denied [fd=21]
11-19 12:12:23.797 12971 12983 E linker  : warning: unable to get realpath for the library "/system/lib64/hw/gralloc.hi3635.so". Will use given name.
11-19 12:12:23.798 12971 12983 E linker  : readlink('/proc/self/fd/22') failed: Permission denied [fd=22]
11-19 12:12:23.798 12971 12983 E linker  : warning: unable to get realpath for the library "libion.so". Will use given name.
11-19 12:12:23.799 12971 12983 E HAL     : load: id=gralloc != hmi->id=gralloc
11-19 12:12:23.826 12971 12971 W System  : ClassLoader referenced unknown path: /system/app/HwPushService/lib/arm64
11-19 12:12:23.831 12833 12862 E linker  : readlink('/proc/self/fd/38') failed: Permission denied [fd=38]
11-19 12:12:23.831 12833 12862 E linker  : warning: unable to get realpath for the library "/system/framework/oat/arm64/com.android.contacts.separated.odex". Will use given name.
11-19 12:12:23.839 12971 12971 I PushLogAC2613: [main-1]action is android.intent.action.PACKAGE_REMOVED(pushagent/null:-1)
11-19 12:12:23.855  3455  3455 I TrafficMonitor: update:rxPkts:23,txPkts:19,rxBytes:11184,txBytes:2120
11-19 12:12:23.856  3455  3455 I TrafficMonitor: start expired. level:-1
11-19 12:12:23.856  3455  3455 I TrafficMonitor: gettimer:interval=2000
11-19 12:12:23.858 12971 12991 I PushLogAC2613: [Thread-51600-51600]framework push exist, use framework push first(pushagent/null:-1)
11-19 12:12:23.859  3954  3954 I AppUninstallReceiver: replaced = true dataRemoved = false
11-19 12:12:23.910 12833 12858 W ResourceType: No package identifier when getting value for resource number 0x00000000
11-19 12:12:23.911  2914  3875 I [Gralloc]: alloc w[16] h[16] format[1] usage[256]
11-19 12:12:23.911  2914  3875 I [Gralloc]: alloc succ handle[0x559984ebf0] stride[32]
11-19 12:12:23.913 12993 13006 E linker  : readlink('/proc/self/fd/21') failed: Permission denied [fd=21]
11-19 12:12:23.913 12993 13006 E linker  : warning: unable to get realpath for the library "/system/lib64/hw/gralloc.hi3635.so". Will use given name.
11-19 12:12:23.914 12993 13006 E linker  : readlink('/proc/self/fd/21') failed: Permission denied [fd=21]
11-19 12:12:23.914 12993 13006 E linker  : warning: unable to get realpath for the library "libion.so". Will use given name.
11-19 12:12:23.916 12993 13006 E HAL     : load: id=gralloc != hmi->id=gralloc
11-19 12:12:23.926 12993 12993 W System  : ClassLoader referenced unknown path: /system/app/KeyChain/lib/arm64
11-19 12:12:24.009  2914  5968 I [Gralloc]: alloc w[16] h[16] format[1] usage[256]
11-19 12:12:24.010  2914  5968 I [Gralloc]: alloc succ handle[0x559984ebf0] stride[32]
11-19 12:12:24.011 13009 13021 E linker  : readlink('/proc/self/fd/21') failed: Permission denied [fd=21]
11-19 12:12:24.011 13009 13021 E linker  : warning: unable to get realpath for the library "/system/lib64/hw/gralloc.hi3635.so". Will use given name.
11-19 12:12:24.013 13009 13021 E linker  : readlink('/proc/self/fd/21') failed: Permission denied [fd=21]
11-19 12:12:24.013 13009 13021 E linker  : warning: unable to get realpath for the library "libion.so". Will use given name.
11-19 12:12:24.014 13009 13021 E HAL     : load: id=gralloc != hmi->id=gralloc
11-19 12:12:24.057  2915  2918 I teecd   : Connected. UID=1000, PID=3455
11-19 12:12:24.182  2915  2918 E tee_get_app_cert: cannot find package:system_server
11-19 12:12:24.183  2915  2918 E tee_get_app_cert: get certs for app failed
11-19 12:12:24.207  2915  2918 I teecd   : Got certificate buffer len 107!
11-19 12:12:24.207  2915  2918 I teecd   : Waiting for a connection...
11-19 12:12:24.216 15313 15313 I GrammarCompilationSvcCt: #startService for null, APP_NAMES.
11-19 12:12:24.365  2915  2918 I teecd   : Connected. UID=1000, PID=3455
11-19 12:12:24.440  3455  3455 I MQoS    : onSignal: mSubId=0,currDataSubID=0
11-19 12:12:24.440  3455  3455 I MQoS    : received cell-signal:4
11-19 12:12:24.440  3455  4766 I SendBroadcastPermission: action:android.intent.action.SIG_STR, mPermissionType:0
11-19 12:12:24.445  3966  4038 I HwCustMobileSignalControllerImpl: subId:0 phoneType:1 networktype:3 targetClass:2 masterLevel:3 slaveLevel:-1
11-19 12:12:24.490  2915  2918 E tee_get_app_cert: cannot find package:system_server
11-19 12:12:24.490  2915  2918 E tee_get_app_cert: get certs for app failed
11-19 12:12:24.515  2915  2918 I teecd   : Got certificate buffer len 107!
11-19 12:12:24.515  2915  2918 I teecd   : Waiting for a connection...
11-19 12:12:24.602  3455  3845 E WifiConfigStore: updateConfiguration freq=2417 BSSID=74:da:38:24:aa:b8 RSSI=-47 "panlid-old"WPA_PSK
11-19 12:12:24.758  3966  3966 I NetworkSpeedManagerEx: mIsStop = false
11-19 12:12:24.760  3966  3966 I NetworkSpeedManagerEx:  value = 5770.6665
11-19 12:12:24.762  3966  3966 I NetworkSpeedManagerEx: speed = 5.6K/s
11-19 12:12:24.762  3966  3966 I NetworkSpeedView: /update(), speed=5.6K/s
11-19 12:12:24.843  4718 18003 I PgedBinderListener: kstate callback type:8 value1=12671 value2=KILLED
11-19 12:12:24.854  3455  3455 I TrafficMonitor: expired arrive. level:-1
11-19 12:12:24.854  3455  3455 I TrafficMonitor: during_ms:2001,period_ms:2000
11-19 12:12:24.854  3455  3455 I TrafficMonitor: count:331,rx_sum:23,tx_sum:19,rxBytes:11184,during_ms:2001,rx_speed:5589.20539730135,tx_speed:1059.4702648675664,rto:1.2105263157894737
11-19 12:12:24.938  3455  4766 E HsmCoreServiceImpl: onTransact in code is: 102
11-19 12:12:24.938  3455  4766 I MediaProcessHandler: processOp opType: 1, uid: 10110, pid: 12671
11-19 12:12:24.938  3455  4766 W MediaProcessHandler: remove target not exist, maybe the UI process: uid: 10110, pid: 12671
11-19 12:12:25.008  3455  3892 E HwCHRWebMonitor: getFileResult throw exceptionjava.io.FileNotFoundException: proc/net/wifi_network_stat: open failed: ENOENT (No such file or directory)
11-19 12:12:25.125 13009 13009 I PushLogSC2609: [main-1]action is android.intent.action.PACKAGE_REMOVED(remotecontrol/null:-1)
11-19 12:12:25.136 13009 13034 I PushLogSC2609: [Thread-51608-51608]framework push exist, use framework push first(remotecontrol/null:-1)
11-19 12:12:25.175 12867 12867 I HwSystemManager: HsmStat_info:service connect
11-19 12:12:25.190  2914 11248 I [Gralloc]: alloc w[16] h[16] format[1] usage[256]
11-19 12:12:25.191  2914 11248 I [Gralloc]: alloc succ handle[0x559984ebf0] stride[32]
11-19 12:12:25.193 13035 13049 E linker  : readlink('/proc/self/fd/21') failed: Permission denied [fd=21]
11-19 12:12:25.193 13035 13049 E linker  : warning: unable to get realpath for the library "/system/lib/hw/gralloc.hi3635.so". Will use given name.
11-19 12:12:25.196 13035 13049 E linker  : readlink('/proc/self/fd/21') failed: Permission denied [fd=21]
11-19 12:12:25.197 13035 13049 E linker  : warning: unable to get realpath for the library "libion.so". Will use given name.
11-19 12:12:25.200 13035 13049 E HAL     : load: id=gralloc != hmi->id=gralloc
11-19 12:12:25.241 13035 13035 I LibV1.0.1-AccountMgr: begin check so
11-19 12:12:25.443 13035 13035 I LibV1.0.1-AccountMgr: end check so ok
11-19 12:12:25.502 13035 13035 I PushLogSC2609: [main-1]action is android.intent.action.PACKAGE_REMOVED(skytone/null:-1)
11-19 12:12:25.519 13035 13058 I PushLogSC2609: [Thread-22245-22245]framework push exist, use framework push first(skytone/null:-1)
11-19 12:12:25.545  3455  3845 E WifiConfigStore: updateConfiguration freq=2417 BSSID=74:da:38:24:aa:b8 RSSI=-47 "panlid-old"WPA_PSK
11-19 12:12:25.559  2914 11248 I [Gralloc]: alloc w[16] h[16] format[1] usage[256]
11-19 12:12:25.559  2914 11248 I [Gralloc]: alloc succ handle[0x559984ebf0] stride[32]
11-19 12:12:25.561 13060 13074 E linker  : readlink('/proc/self/fd/21') failed: Permission denied [fd=21]
11-19 12:12:25.561 13060 13074 E linker  : warning: unable to get realpath for the library "/system/lib64/hw/gralloc.hi3635.so". Will use given name.
11-19 12:12:25.562 13060 13074 E linker  : readlink('/proc/self/fd/22') failed: Permission denied [fd=22]
11-19 12:12:25.562 13060 13074 E linker  : warning: unable to get realpath for the library "libion.so". Will use given name.
11-19 12:12:25.563 13060 13074 E HAL     : load: id=gralloc != hmi->id=gralloc
11-19 12:12:25.603 13060 13060 I PushLogSC2609: [main-1]action is android.intent.action.PACKAGE_REMOVED(ds/null:-1)
11-19 12:12:25.621 13060 13090 I PushLogSC2609: [Thread-51620-51620]framework push exist, use framework push first(ds/null:-1)
11-19 12:12:25.663  4718 18002 I PgedBinderListener: kstate callback type:8 value1=12636 value2=KILLED
11-19 12:12:25.682  2914 11248 I [Gralloc]: alloc w[16] h[16] format[1] usage[256]
11-19 12:12:25.683  2914 11248 I [Gralloc]: alloc succ handle[0x559984ebf0] stride[32]
11-19 12:12:25.684 13094 13107 E linker  : readlink('/proc/self/fd/21') failed: Permission denied [fd=21]
11-19 12:12:25.684 13094 13107 E linker  : warning: unable to get realpath for the library "/system/lib/hw/gralloc.hi3635.so". Will use given name.
11-19 12:12:25.686 13094 13107 E linker  : readlink('/proc/self/fd/21') failed: Permission denied [fd=21]
11-19 12:12:25.686 13094 13107 E linker  : warning: unable to get realpath for the library "libion.so". Will use given name.
11-19 12:12:25.687 13094 13107 E HAL     : load: id=gralloc != hmi->id=gralloc
11-19 12:12:25.747  3455  4746 E HsmCoreServiceImpl: onTransact in code is: 102
11-19 12:12:25.747  3455  4746 I MediaProcessHandler: processOp opType: 1, uid: 10007, pid: 12636
11-19 12:12:25.747  3455  4746 W MediaProcessHandler: remove target not exist, maybe the UI process: uid: 10007, pid: 12636
11-19 12:12:25.749 13094 13094 I LogAdaptor: createAppLog, file:/storage/emulated/0/Android/data/com.huawei.hwid/files/Log/HMSCore.log, module:HMSCore
11-19 12:12:25.768  4718  4731 I PgedBinderListener: kstate callback type:8 value1=12833 value2=KILLED
11-19 12:12:25.795 13094 13094 I LogAdaptor: createAppLog, file:/storage/emulated/0/Android/data/com.huawei.hwid/files/Log/HMSCore.log, module:PushLog
11-19 12:12:25.801 13094 13094 E HwID_MainEntry: log has not init finished
11-19 12:12:25.805 13094 13094 E hwid    : log has not init finished
11-19 12:12:25.805 13094 13094 I LogAdaptor: createAppLog, file:/storage/emulated/0/Android/data/com.huawei.hwid/files/Log/HMSCore.log, module:HwID
11-19 12:12:25.808 13094 13094 I mainEntry: init sns hms.
11-19 12:12:25.812 13094 13123 E HwID.VersionUpdateHelper: [Thread-22262{22262}] old version is 1, current version is 1 (LogX.java:88)
11-19 12:12:25.816  3455  4784 I AccountManagerService: getTypesVisibleToCaller: isPermitted? true
11-19 12:12:25.816  3455  3466 I AccountManagerService: getTypesVisibleToCaller: isPermitted? true
11-19 12:12:25.827 13094 13094 I LogAdaptor: createAppLog, file:/storage/emulated/0/Android/data/com.huawei.hwid/files/Log/HMSCore.log, module:Pay
11-19 12:12:25.833  3455  4696 I AccountManagerService: getTypesVisibleToCaller: isPermitted? true
11-19 12:12:25.833 13094 13094 I PushLogSC2816_hwid: [main-1]action is android.intent.action.PACKAGE_REMOVED(hwid/null:-1)
11-19 12:12:25.833  3455  4088 I AccountManagerService: getTypesVisibleToCaller: isPermitted? true
11-19 12:12:25.856 13094 13130 I PushLogSC2816_hwid: [Thread-22263-22263]votedPackage from file:android(hwid/null:-1)
11-19 12:12:25.857  3455  3455 I TrafficMonitor: update:rxPkts:13,txPkts:12,rxBytes:7444,txBytes:624
11-19 12:12:25.857  3455  3455 I TrafficMonitor: start expired. level:-1
11-19 12:12:25.857  3455  3455 I TrafficMonitor: gettimer:interval=2000
11-19 12:12:25.859 13094 13130 I PushLogSC2816_hwid: [Thread-22263-22263]framework push exist, use framework push first(hwid/null:-1)
11-19 12:12:25.868 13094 13130 I PushLogSC2816_hwid: [Thread-22263-22263]not box version!(hwid/null:-1)
11-19 12:12:25.892  3455  4766 E HsmCoreServiceImpl: onTransact in code is: 102
11-19 12:12:25.892  3455  4766 I MediaProcessHandler: processOp opType: 1, uid: 10004, pid: 12833
11-19 12:12:25.892  3455  4766 W MediaProcessHandler: remove target not exist, maybe the UI process: uid: 10004, pid: 12833
11-19 12:12:25.912  2914 11248 I [Gralloc]: alloc w[16] h[16] format[1] usage[256]
11-19 12:12:25.913  2914 11248 I [Gralloc]: alloc succ handle[0x559984ebf0] stride[32]
11-19 12:12:25.915 13131 13145 E linker  : readlink('/proc/self/fd/21') failed: Permission denied [fd=21]
11-19 12:12:25.915 13131 13145 E linker  : warning: unable to get realpath for the library "/system/lib64/hw/gralloc.hi3635.so". Will use given name.
11-19 12:12:25.916  3455  3845 E WifiConfigStore: updateConfiguration freq=2417 BSSID=74:da:38:24:aa:b8 RSSI=-47 "panlid-old"WPA_PSK
11-19 12:12:25.916 13131 13145 E linker  : readlink('/proc/self/fd/21') failed: Permission denied [fd=21]
11-19 12:12:25.916 13131 13145 E linker  : warning: unable to get realpath for the library "libion.so". Will use given name.
11-19 12:12:25.917 13131 13145 E HAL     : load: id=gralloc != hmi->id=gralloc
11-19 12:12:25.950 13131 13131 I PushLogSC2705: [main-1]action is android.intent.action.PACKAGE_REMOVED(appmarket/null:-1)
11-19 12:12:25.960 13131 13160 I PushLogSC2705: [Thread-51624-51624]framework push exist, use framework push first(appmarket/null:-1)
11-19 12:12:25.996  7604  7846 E NetworkScheduler.SR: Invalid parameter app
11-19 12:12:25.996  7604  7846 E NetworkScheduler.SR: Invalid package name : Perhaps you didn't include a PendingIntent in the extras?
11-19 12:12:26.019  2949  2949 E Thermal-daemon: [charger_ic] temp_new :40  temp_old :39
11-19 12:12:26.019  2949  2949 E Thermal-daemon: Report temperature: [charger_ic] temp :40  report_threshold:1
11-19 12:12:26.028  2914  5968 I [Gralloc]: alloc w[16] h[16] format[1] usage[256]
11-19 12:12:26.028  2914  5968 I [Gralloc]: alloc succ handle[0x559984ebf0] stride[32]
11-19 12:12:26.029 13173 13188 E linker  : readlink('/proc/self/fd/21') failed: Permission denied [fd=21]
11-19 12:12:26.029 13173 13188 E linker  : warning: unable to get realpath for the library "/system/lib64/hw/gralloc.hi3635.so". Will use given name.
11-19 12:12:26.030 13173 13188 E linker  : readlink('/proc/self/fd/21') failed: Permission denied [fd=21]
11-19 12:12:26.030 13173 13188 E linker  : warning: unable to get realpath for the library "libion.so". Will use given name.
11-19 12:12:26.031 13173 13188 E HAL     : load: id=gralloc != hmi->id=gralloc
11-19 12:12:26.374  2914  5968 I [Gralloc]: alloc w[16] h[16] format[1] usage[256]
11-19 12:12:26.375  2914  5968 I [Gralloc]: alloc succ handle[0x559984ebf0] stride[32]
11-19 12:12:26.375 13259 13294 E linker  : readlink('/proc/self/fd/21') failed: Permission denied [fd=21]
11-19 12:12:26.376 13259 13294 E linker  : warning: unable to get realpath for the library "/system/lib64/hw/gralloc.hi3635.so". Will use given name.
11-19 12:12:26.377 13259 13294 E linker  : readlink('/proc/self/fd/21') failed: Permission denied [fd=21]
11-19 12:12:26.378 13259 13294 E linker  : warning: unable to get realpath for the library "libion.so". Will use given name.
11-19 12:12:26.379 13259 13294 E HAL     : load: id=gralloc != hmi->id=gralloc
11-19 12:12:26.390 13259 13259 W System  : ClassLoader referenced unknown path: /system/priv-app/GoogleServicesFramework/lib/arm64
11-19 12:12:26.403 13259 13259 I GservicesProvider: Gservices pushing to system: true; secure/global: true
11-19 12:12:26.415  4718 16978 I PgedBinderListener: kstate callback type:8 value1=12748 value2=KILLED
11-19 12:12:26.448 13259 13259 I GoogleHttpClient: GMS http client unavailable, use old client
11-19 12:12:26.472  3455  4347 I AccountManagerService: getTypesVisibleToCaller: isPermitted? true
11-19 12:12:26.514  3455  4744 E HsmCoreServiceImpl: onTransact in code is: 102
11-19 12:12:26.514  3455  4744 I MediaProcessHandler: processOp opType: 1, uid: 10000, pid: 12748
11-19 12:12:26.514  3455  4744 W MediaProcessHandler: remove target not exist, maybe the UI process: uid: 10000, pid: 12748
11-19 12:12:26.528 13173 13173 W linker  : /data/app/com.google.android.gms-2/lib/arm64/libgmscore.so: unused DT entry: type 0x7ffffffd arg 0x885
11-19 12:12:26.550 13173 13173 W linker  : /data/app/com.google.android.gms-2/lib/arm64/libconscrypt_gmscore_jni.so: unused DT entry: type 0x1d arg 0x80
11-19 12:12:26.550 13173 13173 W linker  : /data/app/com.google.android.gms-2/lib/arm64/libconscrypt_gmscore_jni.so: unused DT entry: type 0x7ffffffd arg 0x169
11-19 12:12:26.550  3455  3845 E WifiConfigStore: updateConfiguration freq=2417 BSSID=74:da:38:24:aa:b8 RSSI=-47 "panlid-old"WPA_PSK
11-19 12:12:26.587  4718  4741 I PgedBinderListener: kstate callback type:8 value1=12781 value2=KILLED
11-19 12:12:26.588 13173 13173 I art     : Rejecting re-init on previously-failed class java.lang.Class<com.google.android.gms.org.conscrypt.OpenSSLExtendedSessionImpl>
11-19 12:12:26.589 13173 13173 I art     : Rejecting re-init on previously-failed class java.lang.Class<com.google.android.gms.org.conscrypt.OpenSSLExtendedSessionImpl>
11-19 12:12:26.639 13173 13173 I ProviderInstaller: Installed default security provider GmsCore_OpenSSL
11-19 12:12:26.666  3455  4744 E HsmCoreServiceImpl: onTransact in code is: 102
11-19 12:12:26.666  3455  4744 I MediaProcessHandler: processOp opType: 1, uid: 10014, pid: 12781
11-19 12:12:26.667  3455  4744 W MediaProcessHandler: remove target not exist, maybe the UI process: uid: 10014, pid: 12781
11-19 12:12:26.968 13173 13392 E Drive.UninstallOperation: Package still installed com.google.android.inputmethod.pinyin
11-19 12:12:27.035  2914  5968 I [Gralloc]: alloc w[16] h[16] format[1] usage[256]
11-19 12:12:27.035  2914  5968 I [Gralloc]: alloc succ handle[0x559984ebf0] stride[32]
11-19 12:12:27.036 13393 13409 E linker  : readlink('/proc/self/fd/21') failed: Permission denied [fd=21]
11-19 12:12:27.037 13393 13409 E linker  : warning: unable to get realpath for the library "/system/lib64/hw/gralloc.hi3635.so". Will use given name.
11-19 12:12:27.038 13393 13409 E linker  : readlink('/proc/self/fd/21') failed: Permission denied [fd=21]
11-19 12:12:27.038 13393 13409 E linker  : warning: unable to get realpath for the library "libion.so". Will use given name.
11-19 12:12:27.039 13393 13409 E HAL     : load: id=gralloc != hmi->id=gralloc
11-19 12:12:27.051 13173 13407 I HwCust  : Constructor found for class android.app.HwCustAlarmManagerImpl
11-19 12:12:27.051 13393 13393 W System  : ClassLoader referenced unknown path: /data/app/com.android.vending-1/lib/arm64
11-19 12:12:27.131  3455  3986 I AccountManagerService: getTypesVisibleToCaller: isPermitted? true
11-19 12:12:27.131  3455  4696 I AccountManagerService: getTypesVisibleToCaller: isPermitted? true
11-19 12:12:27.135 13173 13406 I Icing   : Storage manager: low false usage 37.21MB avail 11.83GB capacity 24.70GB
11-19 12:12:27.159  3455  3464 I art     : Background partial concurrent mark sweep GC freed 74226(5MB) AllocSpace objects, 10(676KB) LOS objects, 16% free, 62MB/74MB, paused 3.232ms total 271.373ms
11-19 12:12:27.244  3455  3839 W System.err: java.lang.SecurityException: WifiService: Neither user 10110 nor current process has android.permission.CHANGE_WIFI_STATE.
11-19 12:12:27.244  3455  3839 W System.err: 	at android.app.ContextImpl.enforce(ContextImpl.java:1595)
11-19 12:12:27.244  3455  3839 W System.err: 	at android.app.ContextImpl.enforceCallingOrSelfPermission(ContextImpl.java:1627)
11-19 12:12:27.244  3455  3839 W System.err: 	at com.android.server.wifi.WifiServiceImpl.enforceChangePermission(WifiServiceImpl.java:671)
11-19 12:12:27.244  3455  3839 W System.err: 	at com.android.server.wifi.WifiServiceImpl.getWifiServiceMessenger(WifiServiceImpl.java:1838)
11-19 12:12:27.244  3455  3839 W System.err: 	at android.net.wifi.IWifiManager$Stub.onTransact(IWifiManager.java:558)
11-19 12:12:27.244  3455  3839 W System.err: 	at com.android.server.wifi.HwWifiService.onTransact(HwWifiService.java:267)
11-19 12:12:27.244  3455  3839 W System.err: 	at android.os.Binder.execTransact(Binder.java:453)
11-19 12:12:27.244 13393 13393 E WifiManager: WifiServiceMessenger == null
11-19 12:12:27.290 13393 13393 I Finsky  : [1] com.google.android.finsky.services.DailyHygiene.a(238): No need to run daily hygiene.
11-19 12:12:27.300  3455  4347 I AccountManagerService: getTypesVisibleToCaller: isPermitted? true
11-19 12:12:27.308 13393 13393 W Settings: Setting download_manager_max_bytes_over_mobile has moved from android.provider.Settings.Secure to android.provider.Settings.Global.
11-19 12:12:27.309 13393 13393 W Settings: Setting download_manager_recommended_max_bytes_over_mobile has moved from android.provider.Settings.Secure to android.provider.Settings.Global.
11-19 12:12:27.336 13393 13393 I Finsky  : [1] com.google.android.finsky.utils.bm.a(175): Enabling bucket experiment: factor=2.000, zeroDelta=0ms, forceNetwork=false
11-19 12:12:27.338  3455  4744 I AccountManagerService: getTypesVisibleToCaller: isPermitted? true
11-19 12:12:27.339  3455  4150 I AccountManagerService: getTypesVisibleToCaller: isPermitted? true
11-19 12:12:27.367 13393 13393 I HwCust  : Constructor found for class android.app.HwCustAlarmManagerImpl
11-19 12:12:27.380 13393 13393 I Finsky  : [1] com.google.android.finsky.installer.z.a(1287): Installer kick - no action, not running yet
11-19 12:12:27.382  3455  3984 I AccountManagerService: getTypesVisibleToCaller: isPermitted? true
11-19 12:12:27.417  7604  7604 I WearableService: Wear is not allowed to run on this device. Not starting Wear service.
11-19 12:12:27.424 13393 13393 I Finsky  : [1] com.google.android.finsky.c.l.a(250): result=false type=4
11-19 12:12:27.431  3455  4696 I AccountManagerService: getTypesVisibleToCaller: isPermitted? true
11-19 12:12:27.432 13393 13393 I Finsky  : [1] com.google.android.finsky.l.j.run(206): Loaded library for account: [coLrx59RjdQGIZMiSF7XY44dGlo]
11-19 12:12:27.432 13393 13393 I Finsky  : [1] com.google.android.finsky.l.j.run(212): Finished loading 1 libraries.
11-19 12:12:27.435 13393 13393 I Finsky  : [1] com.google.android.finsky.utils.dk.onTrimMemory(17): Memory trim requested to level 80
11-19 12:12:27.442  3455  3465 I AccountManagerService: getTypesVisibleToCaller: isPermitted? true
11-19 12:12:27.443  2914  5968 I [Gralloc]: alloc w[16] h[16] format[1] usage[256]
11-19 12:12:27.443  2914  5968 I [Gralloc]: alloc succ handle[0x559984ebf0] stride[32]
11-19 12:12:27.444 13451 13465 E linker  : readlink('/proc/self/fd/21') failed: Permission denied [fd=21]
11-19 12:12:27.444 13451 13465 E linker  : warning: unable to get realpath for the library "/system/lib64/hw/gralloc.hi3635.so". Will use given name.
11-19 12:12:27.445 13451 13465 E linker  : readlink('/proc/self/fd/21') failed: Permission denied [fd=21]
11-19 12:12:27.446 13451 13465 E linker  : warning: unable to get realpath for the library "libion.so". Will use given name.
11-19 12:12:27.447 13451 13465 E HAL     : load: id=gralloc != hmi->id=gralloc
11-19 12:12:27.452 13393 13393 I Finsky  : [1] com.google.android.finsky.services.bd.a(1069): Restore complete with 0 success and 0 failed.
11-19 12:12:27.459 13173 13406 I Icing   : MaintenanceDriver: Registering all GCM Tasks.
11-19 12:12:27.460 13393 13393 E Finsky  : [1] com.google.android.finsky.wear.bp.a(843): onConnectionFailed: ConnectionResult{statusCode=API_UNAVAILABLE, resolution=null, message=null}
11-19 12:12:27.460 13393 13393 I Finsky  : [1] com.google.android.finsky.wear.an.run(2399): Dropping command=send_installed_apps due to Gms not connected
11-19 12:12:27.479 13173 13406 W InstanceID/Rpc: Found 10007
11-19 12:12:27.483 13173 13406 I SendBroadcastPermission: action:com.google.android.gms.gcm.ACTION_SCHEDULE, mPermissionType:0
11-19 12:12:27.500 13173 13406 I DynamiteModule: Considering local module com.google.android.gms.googlecertificates:2 and remote module com.google.android.gms.googlecertificates:2
11-19 12:12:27.500 13173 13406 I DynamiteModule: Selected remote version of com.google.android.gms.googlecertificates, version >= 2
11-19 12:12:27.548  3455  3845 E WifiConfigStore: updateConfiguration freq=2417 BSSID=74:da:38:24:aa:b8 RSSI=-47 "panlid-old"WPA_PSK
11-19 12:12:27.550  3455  3900 I HuaweiWifiWatchdogStateMachine: spd good count:0, add sc:0.0, rate:1.0
11-19 12:12:27.551  3455  3900 I HuaweiWifiWatchdogStateMachine: current mHighDataFlowRate = 1.0
11-19 12:12:27.551  3455  3900 I HuaweiWifiWatchdogStateMachine: POta txb txg rxg:0, 29, 0. Lr =0% Totpkt=29
11-19 12:12:27.551  3455  3455 I WifiProJNI: ######### CMD_QUERY_PKTS ########
11-19 12:12:27.551  3455  3899 I QosMonitor: postEventFromNative: msg=100,arg1=0,arg2=9
11-19 12:12:27.551  3455  3899 W WifiProJNI: poll before: g_monitor_fd =157
11-19 12:12:27.551  3455  3455 I MQoS    : rtt=2370,tcp_tx_pkts=4712131,tcp_rx_pkts=7126202
11-19 12:12:27.553  3455  3900 I HuaweiWifiWatchdogStateMachine: PTcp RTT:2370, rtt pkt=5, tcp_rx=65, tcp_tx=48, tcp_reTran=8, rtRate=0.17
11-19 12:12:27.553  3455  3900 I HuaweiWifiWatchdogStateMachine: rt ota tcp rl bad: false, false, false, false; rsth:-75
11-19 12:12:27.553  3455  3455 I MQoS    : QOS_level:4(4),wifi-link;use signalLvl:4;RAT:3G-UMTS
11-19 12:12:27.554  3455  3900 I HuaweiWifiWatchdogStateMachine:  pkt chk not bad, ### mPktChkBadCnt and sc is 0.
11-19 12:12:27.678  3455  3984 I AccountManagerService: getTypesVisibleToCaller: isPermitted? true
11-19 12:12:27.717  2914 11248 I [Gralloc]: alloc w[16] h[16] format[1] usage[256]
11-19 12:12:27.718  2914 11248 I [Gralloc]: alloc succ handle[0x559984ebf0] stride[32]
11-19 12:12:27.719 13500 13513 E linker  : readlink('/proc/self/fd/21') failed: Permission denied [fd=21]
11-19 12:12:27.719 13500 13513 E linker  : warning: unable to get realpath for the library "/system/lib64/hw/gralloc.hi3635.so". Will use given name.
11-19 12:12:27.720 13500 13513 E linker  : readlink('/proc/self/fd/21') failed: Permission denied [fd=21]
11-19 12:12:27.720 13500 13513 E linker  : warning: unable to get realpath for the library "libion.so". Will use given name.
11-19 12:12:27.721 13500 13513 E HAL     : load: id=gralloc != hmi->id=gralloc
11-19 12:12:27.747 13451 13451 I SendBroadcastPermission: action:com.huawei.appmarket.service.downloadservice.Receiver, mPermissionType:0
11-19 12:12:27.749 13173 13406 I Icing   : updateResources: need to parse rtx{com.google.android.gms}
11-19 12:12:27.750  9071  9071 I HwLauncher: LauncherDownloadModel onReceive intent=Intent { act=com.huawei.appmarket.service.downloadservice.Receiver flg=0x10 }
11-19 12:12:27.750  9071  9071 W HwLauncher: get getBundleExtra with downloadtask all return null!
11-19 12:12:27.765  3966  3966 I NetworkSpeedManagerEx: mIsStop = false
11-19 12:12:27.767  3966  3966 I NetworkSpeedManagerEx:  value = 5026.6665
11-19 12:12:27.768 13451 13451 I SendBroadcastPermission: action:com.huawei.appmarket.service.downloadservice.Receiver, mPermissionType:0
11-19 12:12:27.768  3966  3966 I NetworkSpeedManagerEx: speed = 4.9K/s
11-19 12:12:27.768  3966  3966 I NetworkSpeedView: /update(), speed=4.9K/s
11-19 12:12:27.770  9071  9071 I HwLauncher: LauncherDownloadModel onReceive intent=Intent { act=com.huawei.appmarket.service.downloadservice.Receiver flg=0x10 }
11-19 12:12:27.770  9071  9071 W HwLauncher: get getBundleExtra with downloadtask all return null!
11-19 12:12:27.826 13500 13500 I HwCust  : Constructor found for class com.android.contacts.HwCustContactApplicationHelperImpl
11-19 12:12:27.841 13500 13500 I HwCust  : Constructor found for class android.app.HwCustHwWallpaperManagerImpl
11-19 12:12:27.841 13500 13527 I HwCust  : Constructor found for class com.android.contacts.preference.HwCustContactsPreferencesImpl
11-19 12:12:27.850 13500 13500 W CfgFilePolicy: No config file found for:xml/rcs_defaults.xml
11-19 12:12:27.851 13500 13527 I HwCust  : Constructor found for class com.android.contacts.model.account.HwCustFallbackAccountTypeImpl
11-19 12:12:27.853  3455  4676 I AccountManagerService: getTypesVisibleToCaller: isPermitted? true
11-19 12:12:27.857  3455  3455 I TrafficMonitor: update:rxPkts:16,txPkts:9,rxBytes:9268,txBytes:468
11-19 12:12:27.858  3455  3455 I TrafficMonitor: start expired. level:-1
11-19 12:12:27.858  3455  3455 I TrafficMonitor: gettimer:interval=2000
11-19 12:12:27.859 13451 13451 I APKCloudAccountImpl: Account has Login: true
11-19 12:12:27.879  3455  4696 I AccountManagerService: getTypesVisibleToCaller: isPermitted? true
11-19 12:12:27.885  4331  4331 I HwSystemManager: NotificationManagerReceiver:onReceive action = android.intent.action.PACKAGE_ADDED
11-19 12:12:27.886 13500 13533 I HwCust  : Constructor found for class com.android.contacts.model.account.HwCustAccountModelCustomizationImpl
11-19 12:12:27.892 12867 12867 I HwSystemManager: AppInstallationReceiver:AppInstallationReceiver onReceive action = android.intent.action.PACKAGE_ADDED
11-19 12:12:27.905 12867 13537 I HwSystemManager: OptimizeReceiver:OptimizeReceiver received action:android.intent.action.PACKAGE_ADDED
11-19 12:12:27.905 12867 12867 I HwSystemManager: BootBroadcastReceiver:BootBroadcastReceiver action =android.intent.action.PACKAGE_ADDED
11-19 12:12:27.907 12867 13539 I HwSystemManager: HandlePackageAdd:HandlePackageAdd replacing=true
11-19 12:12:27.908 12867 13537 I HwCust  : Constructor found for class com.huawei.systemmanager.optimize.process.HwCustProtectAppControlImpl
11-19 12:12:27.912 13451 13493 W HiApp.mutiCardFactory: pool-3-thread-1{51664} <<< WARN >>> FeatureOption.MTK_GEMINI_SUPPORTjava.lang.ClassNotFoundException: com.mediatek.common.featureoption.FeatureOption
11-19 12:12:27.913 13500 13540 I IIccPhoneBookAdapter: Simrecords 0= 0
11-19 12:12:27.913 13500 13540 I IIccPhoneBookAdapter: Simrecords 1= 88
11-19 12:12:27.913 13500 13540 I IIccPhoneBookAdapter: Simrecords 2= 100
11-19 12:12:27.913 13500 13540 I IIccPhoneBookAdapter: Simrecords 3= 1
11-19 12:12:27.913 13500 13540 I IIccPhoneBookAdapter: Simrecords 4= 100
11-19 12:12:27.913 13500 13540 I IIccPhoneBookAdapter: Simrecords 5= 100
11-19 12:12:27.913 13500 13540 I IIccPhoneBookAdapter: Simrecords 6= 2
11-19 12:12:27.913 13500 13540 I IIccPhoneBookAdapter: Simrecords 7= 100
11-19 12:12:27.913 13500 13540 I IIccPhoneBookAdapter: Simrecords 8= 100
11-19 12:12:27.924 13500 13533 I HwCust  : Constructor found for class com.android.contacts.model.account.HwCustExchangeAccountTypeImpl
11-19 12:12:27.930  4718 16154 I PgedBinderListener: kstate callback type:8 value1=12955 value2=KILLED
11-19 12:12:27.936  4331 13541 W HwSystemManager: TencentAntiVirusEngine:initQScanner: Already initialized ,skip
11-19 12:12:27.954 13500 13544 I IIccPhoneBookAdapter: Simrecords 0= 34
