11-19 12:11:52.454  3455  3455 I MQoS    : onSignal: mSubId=0,currDataSubID=0
11-19 12:11:52.455  3455  3455 I MQoS    : received cell-signal:4
11-19 12:11:52.458  3455  3984 I SendBroadcastPermission: action:android.intent.action.SIG_STR, mPermissionType:0
11-19 12:11:52.468  3966  4038 I HwCustMobileSignalControllerImpl: subId:0 phoneType:1 networktype:3 targetClass:2 masterLevel:3 slaveLevel:-1
11-19 12:11:52.505  3455  3845 E WifiConfigStore: updateConfiguration freq=2417 BSSID=74:da:38:24:aa:b8 RSSI=-50 "panlid-old"WPA_PSK
11-19 12:11:52.825  3455  3845 E WifiConfigStore: updateConfiguration freq=2417 BSSID=74:da:38:24:aa:b8 RSSI=-50 "panlid-old"WPA_PSK
11-19 12:11:53.031 19916 12630 I SendBroadcastPermission: action:slidejoy.NOTIFICATION_CHANGED, mPermissionType:0
11-19 12:11:53.266  4755  7752 I HwPowerMonitor.PowerExceptionObservable: unhandled onEvent actionID: 3002
11-19 12:11:53.266  4755  7752 W HwPowerMonitor.DayActObserver: mModemLogStatsTimes = 0, ModemLogState = 0
11-19 12:11:53.267  4755  7752 W HwPowerMonitor.DayActObserver: BAT_CHANGED, mIsScrnOffBatStatsEnabled = true, mIsCharging = true, mIsScrnOfBatDropMonitorStart = false
11-19 12:11:53.441 12457 12515 I Crashlytics: Crashlytics report upload complete: 582FB34D0247-0001-1E03-10DB3355AFA7.cls
11-19 12:11:53.505  3455  3845 E WifiConfigStore: updateConfiguration freq=2417 BSSID=74:da:38:24:aa:b8 RSSI=-49 "panlid-old"WPA_PSK
11-19 12:11:53.776  3455  3892 E HwCHRWebMonitor: getFileResult throw exceptionjava.io.FileNotFoundException: proc/net/wifi_network_stat: open failed: ENOENT (No such file or directory)
11-19 12:11:53.825  3455  3455 I TrafficMonitor: update:rxPkts:355,txPkts:306,rxBytes:211976,txBytes:28021
11-19 12:11:53.825  3455  3455 I TrafficMonitor: start expired. level:5
11-19 12:11:53.825  3455  3455 I TrafficMonitor: gettimer:interval=2000
11-19 12:11:54.057  3110  3441 I AudioFlinger: releaseWakeLock_l() AudioOut_6 mType: 0
11-19 12:11:54.512  3455  3845 E WifiConfigStore: updateConfiguration freq=2417 BSSID=74:da:38:24:aa:b8 RSSI=-49 "panlid-old"WPA_PSK
11-19 12:11:54.546  3966  3966 I NetworkSpeedManagerEx: mIsStop = false
11-19 12:11:54.547  3966  3966 I NetworkSpeedManagerEx:  value = 118110.664
11-19 12:11:54.549  3966  3966 I NetworkSpeedManagerEx: speed = 115.3K/s
11-19 12:11:54.549 12457 12515 I Crashlytics: Crashlytics report upload complete: 582FB4CC036B-0001-280E-10DB3355AFA7.cls
11-19 12:11:54.549  3966  3966 I NetworkSpeedView: /update(), speed=115.3K/s
11-19 12:11:54.821  3455  3455 I TrafficMonitor: expired arrive. level:-1
11-19 12:11:54.821  3455  3455 I TrafficMonitor: during_ms:2004,period_ms:2000
11-19 12:11:54.821  3455  3455 I TrafficMonitor: count:316,rx_sum:355,tx_sum:306,rxBytes:211976,during_ms:2004,rx_speed:105776.44710578842,tx_speed:13982.53493013972,rto:1.1601307189542485
11-19 12:11:55.272 19916 12634 I SendBroadcastPermission: action:slidejoy.NOTIFICATION_CHANGED, mPermissionType:0
11-19 12:11:55.434 12457 12515 I Crashlytics: Crashlytics report upload complete: 582FB4D00089-0001-2994-10DB3355AFA7.cls
11-19 12:11:55.515  3455  3845 E WifiConfigStore: updateConfiguration freq=2417 BSSID=74:da:38:24:aa:b8 RSSI=-49 "panlid-old"WPA_PSK
11-19 12:11:55.522  3455  3900 I HuaweiWifiWatchdogStateMachine: spd good count:0, add sc:0.0, rate:1.0
11-19 12:11:55.523  3455  3900 I HuaweiWifiWatchdogStateMachine: mHighDataFlowProtection = 0, reset to HIGH_DATA_FLOW_NONE
11-19 12:11:55.524  3455  3900 I HuaweiWifiWatchdogStateMachine: current mHighDataFlowRate = 1.0
11-19 12:11:55.524  3455  3900 I HuaweiWifiWatchdogStateMachine:  pkt chk not bad, ### mPktChkBadCnt and sc is 0.
11-19 12:11:55.524  3455  3900 I HuaweiWifiWatchdogStateMachine: net speed good
11-19 12:11:55.524  3455  3900 I HuaweiWifiWatchdogStateMachine: judge good link######, goodLinkLevel=3
11-19 12:11:55.524  3455  3900 I HuaweiWifiWatchdogStateMachine: sendResultMsgToQM bssid:74:da:**:**:aa:b8, qoslevel=3
11-19 12:11:55.525  3455  3900 I HuaweiWifiWatchdogStateMachine: link good reported, good base rssi:-57
11-19 12:11:55.671  3455  3845 I SendBroadcastPermission: action:android.net.wifi.SCAN_RESULTS, mPermissionType:0
11-19 12:11:55.762  2914  5968 I [Gralloc]: alloc w[16] h[16] format[1] usage[256]
11-19 12:11:55.762  2914  5968 I [Gralloc]: alloc succ handle[0x559984ebf0] stride[32]
11-19 12:11:55.764 12636 12648 E linker  : readlink('/proc/self/fd/21') failed: Permission denied [fd=21]
11-19 12:11:55.765 12636 12648 E linker  : warning: unable to get realpath for the library "/system/lib64/hw/gralloc.hi3635.so". Will use given name.
11-19 12:11:55.767 12636 12648 E linker  : readlink('/proc/self/fd/22') failed: Permission denied [fd=22]
11-19 12:11:55.768 12636 12648 E linker  : warning: unable to get realpath for the library "libion.so". Will use given name.
11-19 12:11:55.770 12636 12648 E HAL     : load: id=gralloc != hmi->id=gralloc
11-19 12:11:55.780 12636 12636 W System  : ClassLoader referenced unknown path: /system/priv-app/GoogleServicesFramework/lib/arm64
11-19 12:11:55.797 12636 12636 I GservicesProvider: Gservices pushing to system: true; secure/global: true
11-19 12:11:55.826  3455  3455 I TrafficMonitor: update:rxPkts:235,txPkts:159,rxBytes:134423,txBytes:19405
11-19 12:11:55.826  3455  3455 I TrafficMonitor: no expired. level:5
11-19 12:11:55.826  3455  3455 I TrafficMonitor: gettimer:interval=2000
11-19 12:11:55.826  3455  3455 I TrafficMonitor: during_ms:2001,period_ms:2000
11-19 12:11:55.826  3455  3455 I TrafficMonitor: count:317,rx_sum:235,tx_sum:159,rxBytes:134423,during_ms:2001,rx_speed:67177.91104447776,tx_speed:9697.651174412795,rto:1.4779874213836477
11-19 12:11:55.832  3455  3845 E WifiConfigStore: updateConfiguration freq=2417 BSSID=74:da:38:24:aa:b8 RSSI=-49 "panlid-old"WPA_PSK
11-19 12:11:55.855 12636 12636 I GoogleHttpClient: GMS http client unavailable, use old client
11-19 12:11:55.863  3455  4150 I AccountManagerService: getTypesVisibleToCaller: isPermitted? true
11-19 12:11:55.870 11290 11290 I GAv4-SVC: Google Analytics 10.0.84 is starting up.
11-19 12:11:56.000  2949  2949 E Thermal-daemon: [ap] temp_new :43  temp_old :44
11-19 12:11:56.000  2949  2949 E Thermal-daemon: Report temperature: [ap] temp :43  report_threshold:1
11-19 12:11:56.056 12457 12515 I Crashlytics: Crashlytics report upload complete: 582FB4E20152-0001-2F4B-10DB3355AFA7.cls
11-19 12:11:56.513  3455  3845 E WifiConfigStore: updateConfiguration freq=2417 BSSID=74:da:38:24:aa:b8 RSSI=-49 "panlid-old"WPA_PSK
11-19 12:11:56.705  3455  3841 I SendBroadcastPermission: action:com.android.server.action.NETWORK_STATS_UPDATED, mPermissionType:0
11-19 12:11:56.723  4331  4998 E HwSystemManager: SimCardMethod:/getSimCardInfo: imsi is null
11-19 12:11:56.746  4331  4998 I HwSystemManager: NormalTrafficAnalysis:alert byte = 0 last alert byte = 0
11-19 12:11:56.746  4331  4998 E HwSystemManager: NormalTrafficAnalysis:alert byte = 0, so return
11-19 12:11:56.760  4331  4998 I HwSystemManager: TafficState:default sub id = 0slotIndex = 0 subscriptionId = 0
11-19 12:11:56.767  4331  4998 E HwSystemManager: LeisureTrafficSetting:result is empty
11-19 12:11:56.773  4331  4998 I HwSystemManager: NatTrafficNotifyService:delta byte = 0 no traffic delta = 0Traffic state is 301
11-19 12:11:56.782  4331  4998 I HwSystemManager: ExtraTrafficSetting:result is empty
11-19 12:11:56.803  4331  4998 I HwSystemManager: NormalTraffic:updateBytes total limit = 1610612735 warn = 1288490188 used = 1055584604
11-19 12:11:56.806  4331  4998 I HwSystemManager: ITrafficInfo:ITrafficInfo create 301updateBytes = 1055584604
11-19 12:11:57.303 19916 12659 I SendBroadcastPermission: action:slidejoy.NOTIFICATION_CHANGED, mPermissionType:0
11-19 12:11:57.516  3455  3845 E WifiConfigStore: updateConfiguration freq=2417 BSSID=74:da:38:24:aa:b8 RSSI=-49 "panlid-old"WPA_PSK
11-19 12:11:57.551  3966  3966 I NetworkSpeedManagerEx: mIsStop = false
11-19 12:11:57.556  3966  3966 I NetworkSpeedManagerEx:  value = 175000.67
11-19 12:11:57.558  3966  3966 I NetworkSpeedManagerEx: speed = 170.9K/s
11-19 12:11:57.558  3966  3966 I NetworkSpeedView: /update(), speed=170.9K/s
11-19 12:11:57.830  3455  3455 I TrafficMonitor: update:rxPkts:760,txPkts:391,rxBytes:463952,txBytes:20883
11-19 12:11:57.830  3455  3455 I TrafficMonitor: start expired. level:5
11-19 12:11:57.831  3455  3455 I TrafficMonitor: gettimer:interval=2000
11-19 12:11:58.456  3455  3455 I MQoS    : onSignal: mSubId=0,currDataSubID=0
11-19 12:11:58.456  3455  3455 I MQoS    : received cell-signal:4
11-19 12:11:58.456  3455  4088 I SendBroadcastPermission: action:android.intent.action.SIG_STR, mPermissionType:0
11-19 12:11:58.461  3966  4038 I HwCustMobileSignalControllerImpl: subId:0 phoneType:1 networktype:3 targetClass:2 masterLevel:3 slaveLevel:-1
11-19 12:11:58.512  3455  3845 E WifiConfigStore: updateConfiguration freq=2417 BSSID=74:da:38:24:aa:b8 RSSI=-49 "panlid-old"WPA_PSK
11-19 12:11:58.817  3455  3892 E HwCHRWebMonitor: getFileResult throw exceptionjava.io.FileNotFoundException: proc/net/wifi_network_stat: open failed: ENOENT (No such file or directory)
11-19 12:11:58.838  3455  3845 E WifiConfigStore: updateConfiguration freq=2417 BSSID=74:da:38:24:aa:b8 RSSI=-49 "panlid-old"WPA_PSK
11-19 12:11:59.356 19916 12663 I SendBroadcastPermission: action:slidejoy.NOTIFICATION_CHANGED, mPermissionType:0
11-19 12:11:59.514  3455  3845 E WifiConfigStore: updateConfiguration freq=2417 BSSID=74:da:38:24:aa:b8 RSSI=-49 "panlid-old"WPA_PSK
11-19 12:11:59.560 14130 14212 I System.out: [sh]
11-19 12:11:59.560 14130 14212 I System.out: null
11-19 12:11:59.560 14130 14212 I System.out: null
11-19 12:11:59.561 14130 14212 I System.out: Calling by::className:com.upalytics.sdk.ShUtility  MethodName:
11-19 12:11:59.805 14130 14212 I System.out: [cat, /proc/4767/oom_score_adj]
11-19 12:11:59.805 14130 14212 I System.out: null
11-19 12:11:59.805 14130 14212 I System.out: null
11-19 12:11:59.805 14130 14212 I System.out: Calling by::className:com.upalytics.sdk.Con  MethodName:
11-19 12:11:59.832  3455  3455 I TrafficMonitor: update:rxPkts:996,txPkts:504,rxBytes:611154,txBytes:26313
11-19 12:11:59.832  3455  3455 I TrafficMonitor: start expired. level:5
11-19 12:11:59.832  3455  3455 I TrafficMonitor: gettimer:interval=2000
11-19 12:12:00.009  3966  3966 I TimeManager: receiver action = android.intent.action.TIME_TICK
11-19 12:12:00.027  9071  9071 I HwLauncher: Model  onReceive intent=Intent { act=android.intent.action.TIME_TICK flg=0x50000014 (has extras) }
11-19 12:12:00.028  9071  9071 I HwLauncher: Model  onReceive user=UserHandle{0}
11-19 12:12:00.520  3455  3845 E WifiConfigStore: updateConfiguration freq=2417 BSSID=74:da:38:24:aa:b8 RSSI=-49 "panlid-old"WPA_PSK
11-19 12:12:00.560  3966  3966 I NetworkSpeedManagerEx: mIsStop = false
11-19 12:12:00.565  3966  3966 I NetworkSpeedManagerEx:  value = 284232.34
11-19 12:12:00.568  3966  3966 I NetworkSpeedManagerEx: speed = 277.6K/s
11-19 12:12:00.568  3966  3966 I NetworkSpeedView: /update(), speed=277.6K/s
11-19 12:12:00.793  3455  3822 W AlarmManager: WAKEUP alarm trigger action = null elapsed = 910453794
11-19 12:12:00.826  3455  3455 I TrafficMonitor: expired arrive. level:-1
11-19 12:12:00.826  3455  3455 I TrafficMonitor: during_ms:2002,period_ms:2000
11-19 12:12:00.826  3455  3455 I TrafficMonitor: count:319,rx_sum:996,tx_sum:504,rxBytes:611154,during_ms:2002,rx_speed:305271.7282717283,tx_speed:13143.356643356645,rto:1.9761904761904763
11-19 12:12:00.871  2914  5968 I [Gralloc]: alloc w[16] h[16] format[1] usage[256]
11-19 12:12:00.871  2914  5968 I [Gralloc]: alloc succ handle[0x559984ebf0] stride[32]
11-19 12:12:00.873 12671 12684 E linker  : readlink('/proc/self/fd/21') failed: Permission denied [fd=21]
11-19 12:12:00.873 12671 12684 E linker  : warning: unable to get realpath for the library "/system/lib64/hw/gralloc.hi3635.so". Will use given name.
11-19 12:12:00.876 12671 12684 E linker  : readlink('/proc/self/fd/21') failed: Permission denied [fd=21]
11-19 12:12:00.876 12671 12684 E linker  : warning: unable to get realpath for the library "libion.so". Will use given name.
11-19 12:12:00.877 12671 12684 E HAL     : load: id=gralloc != hmi->id=gralloc
11-19 12:12:00.895 12671 12671 W System  : ClassLoader referenced unknown path: /data/app/com.android.vending-1/lib/arm64
11-19 12:12:00.980  3455  4088 I AccountManagerService: getTypesVisibleToCaller: isPermitted? true
11-19 12:12:00.980  3455  4766 I AccountManagerService: getTypesVisibleToCaller: isPermitted? true
11-19 12:12:01.003  2949  2949 E Thermal-daemon: [ap] temp_new :42  temp_old :43
11-19 12:12:01.003  2949  2949 E Thermal-daemon: Report temperature: [ap] temp :42  report_threshold:1
11-19 12:12:01.171  3455  4746 W System.err: java.lang.SecurityException: WifiService: Neither user 10110 nor current process has android.permission.CHANGE_WIFI_STATE.
11-19 12:12:01.172  3455  4746 W System.err: 	at android.app.ContextImpl.enforce(ContextImpl.java:1595)
11-19 12:12:01.172  3455  4746 W System.err: 	at android.app.ContextImpl.enforceCallingOrSelfPermission(ContextImpl.java:1627)
11-19 12:12:01.172  3455  4746 W System.err: 	at com.android.server.wifi.WifiServiceImpl.enforceChangePermission(WifiServiceImpl.java:671)
11-19 12:12:01.172  3455  4746 W System.err: 	at com.android.server.wifi.WifiServiceImpl.getWifiServiceMessenger(WifiServiceImpl.java:1838)
11-19 12:12:01.172  3455  4746 W System.err: 	at android.net.wifi.IWifiManager$Stub.onTransact(IWifiManager.java:558)
11-19 12:12:01.172  3455  4746 W System.err: 	at com.android.server.wifi.HwWifiService.onTransact(HwWifiService.java:267)
11-19 12:12:01.172  3455  4746 W System.err: 	at android.os.Binder.execTransact(Binder.java:453)
11-19 12:12:01.172 12671 12671 E WifiManager: WifiServiceMessenger == null
11-19 12:12:01.237 12671 12711 I PlayCommon: [51599] com.google.android.play.a.g.e(862): Preparing logs for uploading
11-19 12:12:01.242 12671 12671 I Finsky  : [1] com.google.android.finsky.services.DailyHygiene.a(238): No need to run daily hygiene.
11-19 12:12:01.254  3455  3986 I AccountManagerService: getTypesVisibleToCaller: isPermitted? true
11-19 12:12:01.269 12671 12671 W Settings: Setting download_manager_max_bytes_over_mobile has moved from android.provider.Settings.Secure to android.provider.Settings.Global.
11-19 12:12:01.270 12671 12671 W Settings: Setting download_manager_recommended_max_bytes_over_mobile has moved from android.provider.Settings.Secure to android.provider.Settings.Global.
11-19 12:12:01.310 12671 12671 I Finsky  : [1] com.google.android.finsky.utils.bm.a(175): Enabling bucket experiment: factor=2.000, zeroDelta=0ms, forceNetwork=false
11-19 12:12:01.312  3455  4746 I AccountManagerService: getTypesVisibleToCaller: isPermitted? true
11-19 12:12:01.315  3455  4088 I AccountManagerService: getTypesVisibleToCaller: isPermitted? true
11-19 12:12:01.337 12671 12711 I PlayCommon: [51599] com.google.android.play.a.g.a(1002): Connecting to server: https://play.googleapis.com/play/log?format=raw&proto_v2=true
11-19 12:12:01.348 19916 12715 I SendBroadcastPermission: action:slidejoy.NOTIFICATION_CHANGED, mPermissionType:0
11-19 12:12:01.366 12671 12671 I Finsky  : [1] com.google.android.finsky.utils.dk.onTrimMemory(17): Memory trim requested to level 5
11-19 12:12:01.370  3455  4744 I AccountManagerService: getTypesVisibleToCaller: isPermitted? true
11-19 12:12:01.377 12671 12671 I Finsky  : [1] com.google.android.finsky.installer.z.a(1287): Installer kick - no action, not running yet
11-19 12:12:01.378  3455  4347 I AccountManagerService: getTypesVisibleToCaller: isPermitted? true
11-19 12:12:01.421  7604  7604 I WearableService: Wear is not allowed to run on this device. Not starting Wear service.
11-19 12:12:01.431 12671 12671 I Finsky  : [1] com.google.android.finsky.installer.ab.onPostExecute(6326): Attempt recovery of content://downloads/my_downloads/426 192
11-19 12:12:01.432 12671 12671 I Finsky  : [1] com.google.android.finsky.installer.z.a(891): Recovering download for running com.google.android.inputmethod.pinyin
11-19 12:12:01.442 12671 12703 I Finsky  : [51591] com.google.android.finsky.installer.bx.run(125): Session for com.google.android.inputmethod.pinyin already exists, skipping creation
11-19 12:12:01.442 12671 12671 I Finsky  : [1] com.google.android.finsky.installer.z.a(40540): Recovery of com.google.android.inputmethod.pinyin (com.google.android.inputmethod.pinyin) into downloading APK state
11-19 12:12:01.447 12671 12671 I Finsky  : [1] com.google.android.finsky.download.e.a(279): Duplicate state set for 'com.google.android.inputmethod.pinyin' (0). Already in that state
11-19 12:12:01.449 12671 12671 I Finsky  : [1] com.google.android.finsky.download.x.f(159): Download queue recovering download com.google.android.inputmethod.pinyin.
11-19 12:12:01.450 12671 12671 I Finsky  : [1] com.google.android.finsky.download.e.a(281): com.google.android.inputmethod.pinyin from 0 to 2.
11-19 12:12:01.454 12671 12671 I Finsky  : [1] com.google.android.finsky.c.l.a(250): result=false type=4
11-19 12:12:01.462 12671 12671 I Finsky  : [1] com.google.android.finsky.l.j.run(206): Loaded library for account: [coLrx59RjdQGIZMiSF7XY44dGlo]
11-19 12:12:01.462 12671 12671 I Finsky  : [1] com.google.android.finsky.l.j.run(212): Finished loading 1 libraries.
11-19 12:12:01.465  3455  4622 I AccountManagerService: getTypesVisibleToCaller: isPermitted? true
11-19 12:12:01.469 12671 12671 I Finsky  : [1] com.google.android.finsky.utils.dk.onTrimMemory(17): Memory trim requested to level 80
11-19 12:12:01.474 12671 12671 I Finsky  : [1] com.google.android.finsky.download.x.a(635): com.google.android.inputmethod.pinyin: onStart
11-19 12:12:01.486  3455  4676 I AccountManagerService: getTypesVisibleToCaller: isPermitted? true
11-19 12:12:01.495 12671 12671 I Finsky  : [1] com.google.android.finsky.download.x.b(411): com.google.android.inputmethod.pinyin: onProgress 3655664/4026866 Status: 192.
11-19 12:12:01.497 12671 12671 I SendBroadcastPermission: action:com.android.launcher.action.ACTION_PACKAGE_DOWNLOADING, mPermissionType:0
11-19 12:12:01.500 12671 12671 I Finsky  : [1] com.google.android.finsky.services.bd.a(1069): Restore complete with 0 success and 0 failed.
11-19 12:12:01.504 12671 12671 I SendBroadcastPermission: action:com.android.launcher.action.ACTION_PACKAGE_DOWNLOADING, mPermissionType:0
11-19 12:12:01.508  3455  3466 I AccountManagerService: getTypesVisibleToCaller: isPermitted? true
11-19 12:12:01.508 12671 12671 E Finsky  : [1] com.google.android.finsky.wear.bp.a(843): onConnectionFailed: ConnectionResult{statusCode=API_UNAVAILABLE, resolution=null, message=null}
11-19 12:12:01.509 12671 12671 I Finsky  : [1] com.google.android.finsky.wear.an.run(2399): Dropping command=send_installed_apps due to Gms not connected
11-19 12:12:01.510 12671 12713 I Finsky  : [51601] com.google.android.finsky.c.e.run(1152): Replicating app states via AMAS.
11-19 12:12:01.510  3455  4150 I AccountManagerService: getTypesVisibleToCaller: isPermitted? true
11-19 12:12:01.517  3455  3845 E WifiConfigStore: updateConfiguration freq=2417 BSSID=74:da:38:24:aa:b8 RSSI=-49 "panlid-old"WPA_PSK
11-19 12:12:01.746 12671 12713 I Finsky  : [51601] com.google.android.finsky.c.c.a(314): Completed 0 account content syncs with 0 successful.
11-19 12:12:01.752 12671 12671 I Finsky  : [1] com.google.android.finsky.services.j.a(148): Installation state replication succeeded.
11-19 12:12:01.758 12671 12671 I Finsky  : [1] com.google.android.finsky.utils.dk.onTrimMemory(17): Memory trim requested to level 60
11-19 12:12:01.834  3455  3455 I TrafficMonitor: update:rxPkts:579,txPkts:323,rxBytes:355121,txBytes:17742
11-19 12:12:01.835  3455  3455 I TrafficMonitor: no expired. level:5
11-19 12:12:01.835  3455  3455 I TrafficMonitor: gettimer:interval=2000
11-19 12:12:01.835  3455  3455 I TrafficMonitor: during_ms:2003,period_ms:2000
11-19 12:12:01.835  3455  3455 I TrafficMonitor: count:320,rx_sum:579,tx_sum:323,rxBytes:355121,during_ms:2003,rx_speed:177294.55816275586,tx_speed:8857.713429855217,rto:1.7925696594427245
11-19 12:12:01.842  3455  3845 E WifiConfigStore: updateConfiguration freq=2417 BSSID=74:da:38:24:aa:b8 RSSI=-49 "panlid-old"WPA_PSK
11-19 12:12:01.929 12671 12711 I System  : core_booster, getBoosterConfig = false
11-19 12:12:02.115 12671 12711 I System  : core_booster, getBoosterConfig = false
11-19 12:12:02.494  4718 16154 I PgedBinderListener: kstate callback type:8 value1=12457 value2=KILLED
11-19 12:12:02.494  4718  5512 I ash     : removeProcessDependency pid:12457
11-19 12:12:02.517  3455  3845 E WifiConfigStore: updateConfiguration freq=2417 BSSID=74:da:38:24:aa:b8 RSSI=-49 "panlid-old"WPA_PSK
11-19 12:12:02.631 11290 11290 I CastMediaRouteProvider: in onDiscoveryRequestChanged: request=null
11-19 12:12:02.662  3455  3984 E HsmCoreServiceImpl: onTransact in code is: 102
11-19 12:12:02.662  3455  3984 I MediaProcessHandler: processOp opType: 1, uid: 10156, pid: 12457
11-19 12:12:02.662  3455  3984 W MediaProcessHandler: remove target not exist, maybe the UI process: uid: 10156, pid: 12457
11-19 12:12:02.673 11290 11628 W MdnsClient_Cast: Multicast lock held. Releasing. Subtypes:"C54DBC0F"
11-19 12:12:02.676 11290 11628 W MdnsClient: unicast receiver thread is already dead.
11-19 12:12:02.985 12671 12711 I PlayCommon: [51599] com.google.android.play.a.g.a(1077): Successfully uploaded logs.
11-19 12:12:03.416 12671 12671 I SendBroadcastPermission: action:com.android.launcher.action.ACTION_PACKAGE_DOWNLOADING, mPermissionType:0
11-19 12:12:03.449 12671 12671 I Finsky  : [1] com.google.android.finsky.download.x.b(411): com.google.android.inputmethod.pinyin: onProgress 4026866/4026866 Status: 200.
11-19 12:12:03.449 12671 12671 I SendBroadcastPermission: action:com.android.launcher.action.ACTION_PACKAGE_DOWNLOADING, mPermissionType:0
11-19 12:12:03.452 19916 12726 I SendBroadcastPermission: action:slidejoy.NOTIFICATION_CHANGED, mPermissionType:0
11-19 12:12:03.453 28757 11738 W DownloadDrmHelper: AfterDownload get mimetype is:application/vnd.android.package-delta
11-19 12:12:03.454 28757 11738 I SendBroadcastPermission: action:android.intent.action.DOWNLOAD_COMPLETE, mPermissionType:0
11-19 12:12:03.464 12671 12671 I Finsky  : [1] com.google.android.finsky.download.DownloadBroadcastReceiver.a(43): Intent received at DownloadBroadcastReceiver
11-19 12:12:03.476 12671 12671 I Finsky  : [1] com.google.android.finsky.utils.dk.onTrimMemory(17): Memory trim requested to level 60
11-19 12:12:03.480 19916 12728 I SendBroadcastPermission: action:slidejoy.NOTIFICATION_CHANGED, mPermissionType:0
11-19 12:12:03.484 12671 12671 I Finsky  : [1] com.google.android.finsky.download.e.a(281): com.google.android.inputmethod.pinyin from 2 to 3.
11-19 12:12:03.485 12671 12671 I Finsky  : [1] com.google.android.finsky.download.x.b(603): com.google.android.inputmethod.pinyin: onComplete
11-19 12:12:03.486 12671 12671 I Finsky  : [1] com.google.android.finsky.download.x.i(341): Download com.google.android.inputmethod.pinyin removed from DownloadQueue
11-19 12:12:03.491  2928  2928 I installd: free_cache(0) avail 12698849280
11-19 12:12:03.495 12671 12671 I Finsky  : [1] com.google.android.finsky.installer.aq.d(39345): Prepare to patch com.google.android.inputmethod.pinyin (com.google.android.inputmethod.pinyin) from content://downloads/my_downloads/426 format 4
11-19 12:12:03.517  3455  3845 E WifiConfigStore: updateConfiguration freq=2417 BSSID=74:da:38:24:aa:b8 RSSI=-48 "panlid-old"WPA_PSK
11-19 12:12:03.520  3455  3900 I HuaweiWifiWatchdogStateMachine: spd good count:0, add sc:0.0, rate:1.0
11-19 12:12:03.520  3455  3900 I HuaweiWifiWatchdogStateMachine: current mHighDataFlowRate = 1.0
11-19 12:12:03.520  3455  3900 I HuaweiWifiWatchdogStateMachine:  pkt chk not bad, ### mPktChkBadCnt and sc is 0.
11-19 12:12:03.520  3455  3900 I HuaweiWifiWatchdogStateMachine: net speed good
11-19 12:12:03.525  2928  2928 I installd: free_cache(18893506) avail 12698849280
11-19 12:12:03.569  3966  3966 I NetworkSpeedManagerEx: mIsStop = false
11-19 12:12:03.571  3966  3966 I NetworkSpeedManagerEx:  value = 187894.67
11-19 12:12:03.571  3966  3966 I NetworkSpeedManagerEx: speed = 183.5K/s
11-19 12:12:03.572  3966  3966 I NetworkSpeedView: /update(), speed=183.5K/s
11-19 12:12:03.836  3455  3455 I TrafficMonitor: update:rxPkts:519,txPkts:278,rxBytes:310849,txBytes:17235
11-19 12:12:03.836  3455  3455 I TrafficMonitor: start expired. level:5
11-19 12:12:03.836  3455  3455 I TrafficMonitor: gettimer:interval=2000
11-19 12:12:03.846  3455  3892 E HwCHRWebMonitor: getFileResult throw exceptionjava.io.FileNotFoundException: proc/net/wifi_network_stat: open failed: ENOENT (No such file or directory)
11-19 12:12:04.459  3455  3455 I MQoS    : onSignal: mSubId=0,currDataSubID=0
11-19 12:12:04.459  3455  3455 I MQoS    : received cell-signal:4
11-19 12:12:04.460  3455  3986 I SendBroadcastPermission: action:android.intent.action.SIG_STR, mPermissionType:0
11-19 12:12:04.466  3966  4038 I HwCustMobileSignalControllerImpl: subId:0 phoneType:1 networktype:3 targetClass:2 masterLevel:3 slaveLevel:-1
11-19 12:12:04.524  3455  3845 E WifiConfigStore: updateConfiguration freq=2417 BSSID=74:da:38:24:aa:b8 RSSI=-48 "panlid-old"WPA_PSK
11-19 12:12:04.851  3455  3845 E WifiConfigStore: updateConfiguration freq=2417 BSSID=74:da:38:24:aa:b8 RSSI=-48 "panlid-old"WPA_PSK
11-19 12:12:05.519  3455  3845 E WifiConfigStore: updateConfiguration freq=2417 BSSID=74:da:38:24:aa:b8 RSSI=-48 "panlid-old"WPA_PSK
11-19 12:12:05.838  3455  3455 I TrafficMonitor: update:rxPkts:15,txPkts:9,rxBytes:9240,txBytes:468
11-19 12:12:05.838  3455  3455 I TrafficMonitor: start expired. level:-1
11-19 12:12:05.838  3455  3455 I TrafficMonitor: gettimer:interval=2000
11-19 12:12:06.005  2949  2949 E Thermal-daemon: [charger_ic] temp_new :39  temp_old :40
11-19 12:12:06.006  2949  2949 E Thermal-daemon: Report temperature: [charger_ic] temp :39  report_threshold:1
11-19 12:12:06.528  3455  3845 E WifiConfigStore: updateConfiguration freq=2417 BSSID=74:da:38:24:aa:b8 RSSI=-48 "panlid-old"WPA_PSK
11-19 12:12:06.574  3966  3966 I NetworkSpeedManagerEx: mIsStop = false
11-19 12:12:06.576  3966  3966 I NetworkSpeedManagerEx:  value = 4537.3335
11-19 12:12:06.577  3966  3966 I NetworkSpeedManagerEx: speed = 4.4K/s
11-19 12:12:06.577  3966  3966 I NetworkSpeedView: /update(), speed=4.4K/s
11-19 12:12:06.594  3966  3966 W View    : requestLayout() improperly called by com.android.systemui.statusbar.phone.IconMerger{e4cbfb3 V.E...... ......I. 0,0-162,72 #7f1000c3 app:id/notificationIcons} during layout: running second layout pass
11-19 12:12:06.836  3455  3455 I TrafficMonitor: expired arrive. level:-1
11-19 12:12:06.836  3455  3455 I TrafficMonitor: during_ms:2002,period_ms:2000
11-19 12:12:06.836  3455  3455 I TrafficMonitor: count:322,rx_sum:15,tx_sum:9,rxBytes:9240,during_ms:2002,rx_speed:4615.384615384616,tx_speed:233.7662337662338,rto:1.6666666666666667
11-19 12:12:07.525  3455  3845 E WifiConfigStore: updateConfiguration freq=2417 BSSID=74:da:38:24:aa:b8 RSSI=-48 "panlid-old"WPA_PSK
11-19 12:12:07.840  3455  3455 I TrafficMonitor: update:rxPkts:13,txPkts:8,rxBytes:8008,txBytes:416
11-19 12:12:07.840  3455  3455 I TrafficMonitor: start expired. level:-1
11-19 12:12:07.840  3455  3455 I TrafficMonitor: gettimer:interval=2000
11-19 12:12:07.860  3455  3845 E WifiConfigStore: updateConfiguration freq=2417 BSSID=74:da:38:24:aa:b8 RSSI=-48 "panlid-old"WPA_PSK
11-19 12:12:08.533  3455  3845 E WifiConfigStore: updateConfiguration freq=2417 BSSID=74:da:38:24:aa:b8 RSSI=-47 "panlid-old"WPA_PSK
11-19 12:12:08.881  3455  3892 E HwCHRWebMonitor: getFileResult throw exceptionjava.io.FileNotFoundException: proc/net/wifi_network_stat: open failed: ENOENT (No such file or directory)
11-19 12:12:09.531  3455  3845 E WifiConfigStore: updateConfiguration freq=2417 BSSID=74:da:38:24:aa:b8 RSSI=-47 "panlid-old"WPA_PSK
11-19 12:12:09.558 14130 14212 I System.out: [sh]
11-19 12:12:09.558 14130 14212 I System.out: null
11-19 12:12:09.558 14130 14212 I System.out: null
11-19 12:12:09.558 14130 14212 I System.out: Calling by::className:com.upalytics.sdk.ShUtility  MethodName:
11-19 12:12:09.580  3966  3966 I NetworkSpeedManagerEx: mIsStop = false
11-19 12:12:09.582  3966  3966 I NetworkSpeedManagerEx:  value = 4537.3335
11-19 12:12:09.583  3966  3966 I NetworkSpeedManagerEx: speed = 4.4K/s
11-19 12:12:09.583  3966  3966 I NetworkSpeedView: /update(), speed=4.4K/s
11-19 12:12:09.599  3966  3966 W View    : requestLayout() improperly called by com.android.systemui.statusbar.phone.IconMerger{e4cbfb3 V.E...... ........ 0,0-162,72 #7f1000c3 app:id/notificationIcons} during second layout pass: posting in next frame
11-19 12:12:09.785 14130 14212 I System.out: [cat, /proc/4767/oom_score_adj]
11-19 12:12:09.785 14130 14212 I System.out: null
11-19 12:12:09.785 14130 14212 I System.out: null
11-19 12:12:09.785 14130 14212 I System.out: Calling by::className:com.upalytics.sdk.Con  MethodName:
11-19 12:12:09.842  3455  3455 I TrafficMonitor: update:rxPkts:13,txPkts:8,rxBytes:8008,txBytes:416
11-19 12:12:09.842  3455  3455 I TrafficMonitor: start expired. level:-1
11-19 12:12:09.842  3455  3455 I TrafficMonitor: gettimer:interval=2000
11-19 12:12:10.445  6997  7103 I System.out: [sh]
11-19 12:12:10.445  6997  7103 I System.out: null
11-19 12:12:10.445  6997  7103 I System.out: null
11-19 12:12:10.446  6997  7103 I System.out: Calling by::className:net.beyondapp.basicsdk.a.b  MethodName:a
11-19 12:12:10.461  3455  3455 I MQoS    : onSignal: mSubId=0,currDataSubID=0
11-19 12:12:10.462  3455  4784 I SendBroadcastPermission: action:android.intent.action.SIG_STR, mPermissionType:0
11-19 12:12:10.465  3455  3455 I MQoS    : received cell-signal:4
11-19 12:12:10.471  3966  4038 I HwCustMobileSignalControllerImpl: subId:0 phoneType:1 networktype:3 targetClass:2 masterLevel:3 slaveLevel:-1
11-19 12:12:10.531  3455  3845 E WifiConfigStore: updateConfiguration freq=2417 BSSID=74:da:38:24:aa:b8 RSSI=-47 "panlid-old"WPA_PSK
11-19 12:12:10.874  3455  3845 E WifiConfigStore: updateConfiguration freq=2417 BSSID=74:da:38:24:aa:b8 RSSI=-47 "panlid-old"WPA_PSK
11-19 12:12:11.010  2949  2949 E Thermal-daemon: [ap] temp_new :41  temp_old :42
11-19 12:12:11.011  2949  2949 E Thermal-daemon: Report temperature: [ap] temp :41  report_threshold:1
11-19 12:12:11.014  4718  5511 I ThermalStateManager: triggerLevel = 0, triggerAction :{bcurrent=0, cpu_a15=0, gpu=0, ucurrent=800, cpu=0, lcd=0}
11-19 12:12:11.014  4718  5511 I ThermalStateManager: sensor name: cpu temperature: 41 , thermal action: bcurrent policy:0
11-19 12:12:11.014  4718  5511 I ThermalStateManager: sensor name: cpu temperature: 41 , thermal action: cpu_a15 policy:0
11-19 12:12:11.014  4718  5511 I ThermalStateManager: sensor name: cpu temperature: 41 , thermal action: gpu policy:0
11-19 12:12:11.014  4718  5511 I ThermalStateManager: sensor name: cpu temperature: 41 , thermal action: cpu policy:0
11-19 12:12:11.117  4718  5512 W SwitchManager: NoSuchMethod: IPowerManager setChargeHotLimit [int,int]
11-19 12:12:11.117  4718  5512 I powergenie_jni: set charge limit 2: 0
11-19 12:12:11.533  3455  3845 E WifiConfigStore: updateConfiguration freq=2417 BSSID=74:da:38:24:aa:b8 RSSI=-47 "panlid-old"WPA_PSK
11-19 12:12:11.540  3455  3900 I HuaweiWifiWatchdogStateMachine: spd good count:0, add sc:0.0, rate:1.0
11-19 12:12:11.540  3455  3900 I HuaweiWifiWatchdogStateMachine: current mHighDataFlowRate = 1.0
11-19 12:12:11.540  3455  3900 I HuaweiWifiWatchdogStateMachine: POta txb txg rxg:0, 32, 0. Lr =0% Totpkt=32
11-19 12:12:11.540  3455  3455 I WifiProJNI: ######### CMD_QUERY_PKTS ########
11-19 12:12:11.549  3455  3899 I QosMonitor: postEventFromNative: msg=100,arg1=0,arg2=9
11-19 12:12:11.549  3455  3899 W WifiProJNI: poll before: g_monitor_fd =157
11-19 12:12:11.549  3455  3455 I MQoS    : rtt=1900,tcp_tx_pkts=4712035,tcp_rx_pkts=7126078
11-19 12:12:11.552  3455  3900 I HuaweiWifiWatchdogStateMachine: PTcp RTT:0, rtt pkt=0, tcp_rx=8859, tcp_tx=5157, tcp_reTran=30, rtRate=0.01
11-19 12:12:11.552  3455  3900 I HuaweiWifiWatchdogStateMachine: rt ota tcp rl bad: false, false, false, false; rsth:-75
11-19 12:12:11.552  3455  3900 I HuaweiWifiWatchdogStateMachine:  pkt chk not bad, ### mPktChkBadCnt and sc is 0.
11-19 12:12:11.568  3455  3455 I MQoS    : QOS_level:4(4),wifi-link;use signalLvl:4;RAT:3G-UMTS
11-19 12:12:11.845  3455  3455 I TrafficMonitor: update:rxPkts:13,txPkts:13,rxBytes:8008,txBytes:748
11-19 12:12:11.845  3455  3455 I TrafficMonitor: start expired. level:-1
11-19 12:12:11.845  3455  3455 I TrafficMonitor: gettimer:interval=2000
11-19 12:12:11.878  3455  3464 I art     : Background partial concurrent mark sweep GC freed 134368(7MB) AllocSpace objects, 32(2MB) LOS objects, 16% free, 62MB/74MB, paused 3.542ms total 323.182ms
11-19 12:12:12.533  3455  3845 E WifiConfigStore: updateConfiguration freq=2417 BSSID=74:da:38:24:aa:b8 RSSI=-47 "panlid-old"WPA_PSK
11-19 12:12:12.587  3966  3966 I NetworkSpeedManagerEx: mIsStop = false
11-19 12:12:12.589  3966  3966 I NetworkSpeedManagerEx:  value = 4914.6665
11-19 12:12:12.590  3966  3966 I NetworkSpeedManagerEx: speed = 4.8K/s
11-19 12:12:12.590  3966  3966 I NetworkSpeedView: /update(), speed=4.8K/s
11-19 12:12:12.840  3455  3455 I TrafficMonitor: expired arrive. level:-1
11-19 12:12:12.841  3455  3455 I TrafficMonitor: during_ms:2003,period_ms:2000
11-19 12:12:12.841  3455  3455 I TrafficMonitor: count:325,rx_sum:13,tx_sum:13,rxBytes:8008,during_ms:2003,rx_speed:3998.00299550674,tx_speed:373.43984023964055,rto:1.0
11-19 12:12:13.540  3455  3845 E WifiConfigStore: updateConfiguration freq=2417 BSSID=74:da:38:24:aa:b8 RSSI=-47 "panlid-old"WPA_PSK
11-19 12:12:13.847  3455  3455 I TrafficMonitor: update:rxPkts:13,txPkts:12,rxBytes:7420,txBytes:684
11-19 12:12:13.847  3455  3455 I TrafficMonitor: start expired. level:-1
11-19 12:12:13.847  3455  3455 I TrafficMonitor: gettimer:interval=2000
11-19 12:12:13.888  3455  3845 E WifiConfigStore: updateConfiguration freq=2417 BSSID=74:da:38:24:aa:b8 RSSI=-47 "panlid-old"WPA_PSK
11-19 12:12:14.543  3455  3845 E WifiConfigStore: updateConfiguration freq=2417 BSSID=74:da:38:24:aa:b8 RSSI=-47 "panlid-old"WPA_PSK
11-19 12:12:15.447 12671 12730 I Finsky  : [51612] com.google.android.finsky.installer.aw.a(3421): Patch apply task for com.google.android.inputmethod.pinyin (com.google.android.inputmethod.pinyin) (format 4) completed in 11950 ms
11-19 12:12:15.455 12671 12671 I Finsky  : [1] com.google.android.finsky.installer.aw.onPostExecute(15474): Successfully applied patch to update com.google.android.inputmethod.pinyin (com.google.android.inputmethod.pinyin)
11-19 12:12:15.459 12671 12671 I Finsky  : [1] com.google.android.finsky.installer.aq.d(45292): Begin install of com.google.android.inputmethod.pinyin
11-19 12:12:15.509 12671 12671 I HwCust  : Constructor found for class android.app.HwCustNotificationImpl
11-19 12:12:15.523 12671 12671 I SendBroadcastPermission: action:com.android.launcher.action.ACTION_PACKAGE_INSTALLING, mPermissionType:0
11-19 12:12:15.538  3455  3845 E WifiConfigStore: updateConfiguration freq=2417 BSSID=74:da:38:24:aa:b8 RSSI=-47 "panlid-old"WPA_PSK
11-19 12:12:15.568 19916 12746 I SendBroadcastPermission: action:slidejoy.NOTIFICATION_CHANGED, mPermissionType:0
11-19 12:12:15.710  3966  3966 I NetworkSpeedManagerEx: mIsStop = false
11-19 12:12:15.719  3966  3966 I NetworkSpeedManagerEx:  value = 4262.6665
11-19 12:12:15.719  3966  3966 I NetworkSpeedManagerEx: speed = 4.2K/s
11-19 12:12:15.719  3966  3966 I NetworkSpeedView: /update(), speed=4.2K/s
11-19 12:12:15.849  3455  3455 I TrafficMonitor: update:rxPkts:14,txPkts:14,rxBytes:8624,txBytes:764
11-19 12:12:15.849  3455  3455 I TrafficMonitor: start expired. level:-1
11-19 12:12:15.849  3455  3455 I TrafficMonitor: gettimer:interval=2000
11-19 12:12:16.013  2949  2949 E Thermal-daemon: [ap] temp_new :42  temp_old :41
11-19 12:12:16.014  2949  2949 E Thermal-daemon: Report temperature: [ap] temp :42  report_threshold:1
11-19 12:12:16.431  2914  3013 I [Gralloc]: alloc w[16] h[16] format[1] usage[256]
11-19 12:12:16.432  2914  3013 I [Gralloc]: alloc succ handle[0x559984ebf0] stride[32]
11-19 12:12:16.433 12748 12760 E linker  : readlink('/proc/self/fd/21') failed: Permission denied [fd=21]
11-19 12:12:16.433 12748 12760 E linker  : warning: unable to get realpath for the library "/system/lib64/hw/gralloc.hi3635.so". Will use given name.
11-19 12:12:16.435 12748 12760 E linker  : readlink('/proc/self/fd/21') failed: Permission denied [fd=21]
11-19 12:12:16.435 12748 12760 E linker  : warning: unable to get realpath for the library "libion.so". Will use given name.
11-19 12:12:16.436 12748 12760 E HAL     : load: id=gralloc != hmi->id=gralloc
11-19 12:12:16.465  3455  3455 I MQoS    : onSignal: mSubId=0,currDataSubID=0
11-19 12:12:16.465  3455  3455 I MQoS    : received cell-signal:4
11-19 12:12:16.466  3455  4696 I SendBroadcastPermission: action:android.intent.action.SIG_STR, mPermissionType:0
11-19 12:12:16.470  3966  4038 I HwCustMobileSignalControllerImpl: subId:0 phoneType:1 networktype:3 targetClass:2 masterLevel:3 slaveLevel:-1
11-19 12:12:16.487 12748 12759 I HwCust  : Constructor found for class com.android.internal.content.HwCustPackageHelperImpl
11-19 12:12:16.519  3455  3487 I SendBroadcastPermission: action:android.intent.action.PACKAGE_NEEDS_VERIFICATION, mPermissionType:0
11-19 12:12:16.527 12671 12671 I Finsky  : [1] com.google.android.vending.verifier.PackageVerificationReceiver.onReceive(1094): Skipping verification because own installation
11-19 12:12:16.527  3455  3487 I SendBroadcastPermission: action:android.intent.action.PACKAGE_VERIFIED, mPermissionType:0
11-19 12:12:16.532 12671 12671 I Finsky  : [1] com.google.android.finsky.utils.dk.onTrimMemory(17): Memory trim requested to level 60
11-19 12:12:16.536  3455  3845 E WifiConfigStore: updateConfiguration freq=2417 BSSID=74:da:38:24:aa:b8 RSSI=-48 "panlid-old"WPA_PSK
11-19 12:12:16.677  3455  3464 I art     : Background sticky concurrent mark sweep GC freed 194035(9MB) AllocSpace objects, 32(3MB) LOS objects, 5% free, 65MB/69MB, paused 5.965ms total 115.189ms
11-19 12:12:16.892  3455  3845 E WifiConfigStore: updateConfiguration freq=2417 BSSID=74:da:38:24:aa:b8 RSSI=-48 "panlid-old"WPA_PSK
11-19 12:12:17.333  3455  3464 I art     : Background sticky concurrent mark sweep GC freed 62751(2MB) AllocSpace objects, 12(1244KB) LOS objects, 0% free, 69MB/69MB, paused 6.023ms total 104.061ms
11-19 12:12:17.399  3455  3487 I HwPackageManagerService: start loadForceNotDexApps file. mHaveLoadedNeverDexoptApkList true
11-19 12:12:17.399  3455  3487 I HwPackageManagerService: needed dexopt deferred pkg :com.google.android.inputmethod.pinyin
11-19 12:12:17.400  3455  3487 I HwPackageManagerService: start loadAppsList file. mHaveLoadedDexoptInBootUpApkList true
11-19 12:12:17.400  3455  3487 I HwPackageManagerService: needed dexopt deferred pkg :com.google.android.inputmethod.pinyin
11-19 12:12:17.404  3455  3487 I HwPackageManagerService: forceNotDex: isOdexCase true, mSystemReady true, mDexOptTotalTime 998497, isFirstBoot false, hasOtaUpdate false
11-19 12:12:17.404  3455  3487 I HwPackageManagerService: forceNotDex = false: isOdexCase true, mSystemReady true
11-19 12:12:17.430  3455  3487 I PackageManager.DexOptimizer: Running dexopt (dex2oat) on: /data/app/vmdl1860005372.tmp/base.apk pkg=com.google.android.inputmethod.pinyin isa=arm64 vmSafeMode=false debuggable=false oatDir = /data/app/vmdl1860005372.tmp/oat
11-19 12:12:17.533 12763 12763 I dex2oat : Starting dex2oat.
11-19 12:12:17.541  3455  3845 E WifiConfigStore: updateConfiguration freq=2417 BSSID=74:da:38:24:aa:b8 RSSI=-48 "panlid-old"WPA_PSK
11-19 12:12:17.851  3455  3455 I TrafficMonitor: update:rxPkts:19,txPkts:14,rxBytes:11704,txBytes:728
11-19 12:12:17.852  3455  3455 I TrafficMonitor: start expired. level:-1
11-19 12:12:17.852  3455  3455 I TrafficMonitor: gettimer:interval=2000
11-19 12:12:18.539  3455  3845 E WifiConfigStore: updateConfiguration freq=2417 BSSID=74:da:38:24:aa:b8 RSSI=-48 "panlid-old"WPA_PSK
11-19 12:12:18.540 12763 12768 W dex2oat : Compilation of void y.<init>() took 100.173ms
11-19 12:12:18.540 12763 12769 W dex2oat : Compilation of void B.<init>() took 100.180ms
11-19 12:12:18.568 12763 12767 W dex2oat : Compilation of void C$a.<init>(android.view.View, android.view.animation.Animation) took 128.131ms
11-19 12:12:18.571 12763 12763 W dex2oat : Compilation of void A.<init>(android.app.Activity, android.content.Context, android.os.Handler, int) took 131.323ms
11-19 12:12:18.737  3966  3966 I NetworkSpeedManagerEx: mIsStop = false
11-19 12:12:18.749  3966  3966 I NetworkSpeedManagerEx:  value = 5650.6665
11-19 12:12:18.750  3966  3966 I NetworkSpeedManagerEx: speed = 5.5K/s
11-19 12:12:18.750  3966  3966 I NetworkSpeedView: /update(), speed=5.5K/s
11-19 12:12:18.847  3455  3455 I TrafficMonitor: expired arrive. level:-1
11-19 12:12:18.848  3455  3455 I TrafficMonitor: during_ms:2002,period_ms:2000
11-19 12:12:18.848  3455  3455 I TrafficMonitor: count:328,rx_sum:19,tx_sum:14,rxBytes:11704,during_ms:2002,rx_speed:5846.153846153847,tx_speed:363.6363636363637,rto:1.3571428571428572
11-19 12:12:19.544  3455  3845 E WifiConfigStore: updateConfiguration freq=2417 BSSID=74:da:38:24:aa:b8 RSSI=-48 "panlid-old"WPA_PSK
11-19 12:12:19.549  3455  3900 I HuaweiWifiWatchdogStateMachine: spd good count:0, add sc:0.0, rate:1.0
11-19 12:12:19.549  3455  3900 I HuaweiWifiWatchdogStateMachine: current mHighDataFlowRate = 1.0
11-19 12:12:19.549  3455  3900 I HuaweiWifiWatchdogStateMachine: POta txb txg rxg:0, 33, 0. Lr =0% Totpkt=33
11-19 12:12:19.550  3455  3455 I WifiProJNI: ######### CMD_QUERY_PKTS ########
11-19 12:12:19.550  3455  3899 I QosMonitor: postEventFromNative: msg=100,arg1=0,arg2=9
11-19 12:12:19.550  3455  3899 W WifiProJNI: poll before: g_monitor_fd =157
11-19 12:12:19.550  3455  3455 I MQoS    : rtt=1900,tcp_tx_pkts=4712083,tcp_rx_pkts=7126137
11-19 12:12:19.552  3455  3900 I HuaweiWifiWatchdogStateMachine: PTcp RTT:0, rtt pkt=0, tcp_rx=59, tcp_tx=48, tcp_reTran=0, rtRate=0
11-19 12:12:19.552  3455  3900 I HuaweiWifiWatchdogStateMachine: rt ota tcp rl bad: false, false, false, false; rsth:-75
11-19 12:12:19.552  3455  3900 I HuaweiWifiWatchdogStateMachine:  pkt chk not bad, ### mPktChkBadCnt and sc is 0.
11-19 12:12:19.553  3455  3455 I MQoS    : QOS_level:4(4),wifi-link;use signalLvl:4;RAT:3G-UMTS
11-19 12:12:19.557 14130 14212 I System.out: [sh]
11-19 12:12:19.557 14130 14212 I System.out: null
11-19 12:12:19.557 14130 14212 I System.out: null
11-19 12:12:19.557 14130 14212 I System.out: Calling by::className:com.upalytics.sdk.ShUtility  MethodName:
11-19 12:12:19.560 12763 12769 W dex2oat : No verified method for method calling String.<init>: java.lang.String java.io.ByteArrayOutputStream.toString()
11-19 12:12:19.750 14130 14212 I System.out: [cat, /proc/4767/oom_score_adj]
11-19 12:12:19.750 14130 14212 I System.out: null
11-19 12:12:19.750 14130 14212 I System.out: null
11-19 12:12:19.750 14130 14212 I System.out: Calling by::className:com.upalytics.sdk.Con  MethodName:
11-19 12:12:19.854  3455  3455 I TrafficMonitor: update:rxPkts:16,txPkts:8,rxBytes:9272,txBytes:416
11-19 12:12:19.854  3455  3455 I TrafficMonitor: start expired. level:-1
11-19 12:12:19.854  3455  3455 I TrafficMonitor: gettimer:interval=2000
11-19 12:12:19.900  3455  3845 E WifiConfigStore: updateConfiguration freq=2417 BSSID=74:da:38:24:aa:b8 RSSI=-48 "panlid-old"WPA_PSK
11-19 12:12:19.974  3455  3892 E HwCHRWebMonitor: getFileResult throw exceptionjava.io.FileNotFoundException: proc/net/wifi_network_stat: open failed: ENOENT (No such file or directory)
11-19 12:12:20.209  3455  3464 I art     : Background partial concurrent mark sweep GC freed 125317(6MB) AllocSpace objects, 12(1644KB) LOS objects, 15% free, 63MB/75MB, paused 3.214ms total 273.483ms
11-19 12:12:20.544  3455  3845 E WifiConfigStore: updateConfiguration freq=2417 BSSID=74:da:38:24:aa:b8 RSSI=-48 "panlid-old"WPA_PSK
11-19 12:12:21.014  2949  2949 E Thermal-daemon: [battery] temp_new :36  temp_old :35
11-19 12:12:21.014  2949  2949 E Thermal-daemon: Report temperature: [battery] temp :36  report_threshold:1
11-19 12:12:21.017 14130 14201 I System  : core_booster, getBoosterConfig = false
11-19 12:12:21.017  2949  2949 E Thermal-daemon: [ap] temp_new :43  temp_old :42
11-19 12:12:21.017  2949  2949 E Thermal-daemon: Report temperature: [ap] temp :43  report_threshold:1
11-19 12:12:21.155 12763 12763 I dex2oat : dex2oat took 3.626s (threads: 4) 
11-19 12:12:21.215  4718 18003 I PgedBinderListener: kstate callback type:8 value1=24907 value2=KILLED
11-19 12:12:21.230  3455  3986 E HsmCoreServiceImpl: onTransact in code is: 102
11-19 12:12:21.230  3455  3986 I MediaProcessHandler: processOp opType: 1, uid: 10104, pid: 24907
11-19 12:12:21.230  3455  3986 W MediaProcessHandler: remove target not exist, maybe the UI process: uid: 10104, pid: 24907
11-19 12:12:21.415 14130 14203 I System  : core_booster, getBoosterConfig = false
11-19 12:12:21.547  3455  3845 E WifiConfigStore: updateConfiguration freq=2417 BSSID=74:da:38:24:aa:b8 RSSI=-47 "panlid-old"WPA_PSK
11-19 12:12:21.754  3966  3966 I NetworkSpeedManagerEx: mIsStop = false
11-19 12:12:21.756  3966  3966 I NetworkSpeedManagerEx:  value = 4548.0
11-19 12:12:21.757  3966  3966 I NetworkSpeedManagerEx: speed = 4.4K/s
11-19 12:12:21.757  3966  3966 I NetworkSpeedView: /update(), speed=4.4K/s
11-19 12:12:21.783  3455  3487 W Settings: Setting install_non_market_apps has moved from android.provider.Settings.Global to android.provider.Settings.Secure, returning read-only value.
11-19 12:12:21.794  3455  3487 I SendBroadcastPermission: action:com.huawei.android.action.GET_PACKAGE_INSTALLATION_INFO, mPermissionType:0
11-19 12:12:21.795  3455  3487 I art     : Starting a blocking GC Explicit
11-19 12:12:21.796  4331  4331 I HwSystemManager: HandleInstalledPackageInfoService:onReceive  action is com.huawei.android.action.GET_PACKAGE_INSTALLATION_INFO
11-19 12:12:21.796  4331  4331 E HwSystemManager: HandleInstalledPackageInfoService:second action: pkgData is null
11-19 12:12:21.855  3455  3455 I TrafficMonitor: update:rxPkts:15,txPkts:10,rxBytes:9240,txBytes:520
11-19 12:12:21.855  3455  3455 I TrafficMonitor: start expired. level:-1
11-19 12:12:21.855  3455  3455 I TrafficMonitor: gettimer:interval=2000
11-19 12:12:22.072  3455  3487 I art     : Explicit concurrent mark sweep GC freed 105341(5MB) AllocSpace objects, 8(316KB) LOS objects, 16% free, 62MB/74MB, paused 2.703ms total 277.371ms
11-19 12:12:22.093  2928  2928 E installd: Couldn't opendir /data/app/vmdl1860005372.tmp: No such file or directory
11-19 12:12:22.101  3455  3487 I HwPFWLogger: AppAutoStartupPolicy:prevent start receiver of package com.huawei.hnreader for action android.intent.action.PACKAGE_REMOVED
11-19 12:12:22.101  3455  3487 I HwPFWLogger: AppAutoStartupPolicy:prevent start receiver of package com.huawei.lives for action android.intent.action.PACKAGE_REMOVED
11-19 12:12:22.108  3455  3487 I HwPFWLogger: AppAutoStartupPolicy:prevent start receiver of package com.huawei.hnreader for action android.intent.action.PACKAGE_ADDED
11-19 12:12:22.108  3455  3487 I HwPFWLogger: AppAutoStartupPolicy:prevent start receiver of package com.huawei.lives for action android.intent.action.PACKAGE_ADDED
11-19 12:12:22.108  3455  3487 I HwPFWLogger: AppAutoStartupPolicy:prevent start receiver of package com.huawei.lives for action android.intent.action.PACKAGE_ADDED
11-19 12:12:22.110  3455  3455 E HwBastetService: name: com.google.android.inputmethod.pinyin
11-19 12:12:22.110  3455  3455 E HwBastetService: len: 0, name: com.google.android.inputmethod.pinyin, uid: 10104
11-19 12:12:22.111  3966  3966 I IntelligentScene: mPackageReceiver, action= android.intent.action.PACKAGE_REMOVED
11-19 12:12:22.111  3966  3966 I IntelligentScene: packageName = com.google.android.inputmethod.pinyin
11-19 12:12:22.112  4331  4331 I HwSystemManager: HsmPackageManager:Receive intent:Intent { act=android.intent.action.PACKAGE_REMOVED dat=package:com.google.android.inputmethod.pinyin flg=0x4000010 (has extras) }
11-19 12:12:22.113  4331  4331 I HwSystemManager: HsmPackageManager:replacing:true
11-19 12:12:22.114  4718  5512 I ash     : com.google.android.inputmethod.pinyinpkg removed, remove record from SHDA.
11-19 12:12:22.115 10426 10426 I PushLog2615: [main-1]action is android.intent.action.PACKAGE_REMOVED(android/null:-1)
11-19 12:12:22.124  9071  9071 I HwLauncher: SimpleLauncherModeaction= android.intent.action.PACKAGE_REMOVEDpackageName = com.google.android.inputmethod.pinyin
11-19 12:12:22.136  9071  9071 I HwLauncher: LauncherDownloadModel onReceive intent=Intent { act=android.intent.action.PACKAGE_REMOVED dat=package:com.google.android.inputmethod.pinyin flg=0x4000010 (has extras) }
11-19 12:12:22.137  3455  3832 I InputReader: Reconfiguring input devices.  changes=0x00000010
11-19 12:12:22.139  3455  4696 W System.err: java.lang.SecurityException: Caller has no access to session 1860005372
11-19 12:12:22.141  3966  3966 I IntelligentScene: mPackageReceiver, action= android.intent.action.PACKAGE_ADDED
11-19 12:12:22.141  3966  3966 I IntelligentScene: packageName = com.google.android.inputmethod.pinyin
