int logctl_get(): open '/dev/hwlog_switch' fail -1, 13. Permission denied

Note: log switch off, only log_main and log_events will have logs!
--------- beginning of main
11-19 12:11:41.619 11164 11164 I Finsky  : [1] com.google.android.finsky.utils.dk.onTrimMemory(17): Memory trim requested to level 10
11-19 12:11:41.624  4331  4331 I HwSystemManager: NotificationManagerReceiver:onReceive action = android.intent.action.PACKAGE_ADDED
11-19 12:11:41.630  3455  4150 I AccountManagerService: getTypesVisibleToCaller: isPermitted? true
11-19 12:11:41.645 11577 11669 I System  : core_booster, getBoosterConfig = false
11-19 12:11:41.645 11577 11671 I System  : core_booster, getBoosterConfig = false
11-19 12:11:41.657 11164 11246 I Finsky  : [51516] com.google.android.finsky.download.ae.a(1570): Enqueued com.google.android.inputmethod.pinyin as content://downloads/my_downloads/426
11-19 12:11:41.658 11164 11164 I Finsky  : [1] com.google.android.finsky.download.e.a(281): com.google.android.inputmethod.pinyin from 1 to 2.
11-19 12:11:41.662 11164 11164 I Finsky  : [1] com.google.android.finsky.download.x.a(635): com.google.android.inputmethod.pinyin: onStart
11-19 12:11:41.665 11164 11164 I SendBroadcastPermission: action:com.android.launcher.action.ACTION_PACKAGE_DOWNLOADING, mPermissionType:0
11-19 12:11:41.677  4718 16153 I PgedBinderListener: kstate callback type:8 value1=11577 value2=KILLED
11-19 12:11:41.696 11650 11682 I HwCust  : Constructor found for class com.android.contacts.model.account.HwCustAccountModelCustomizationImpl
11-19 12:11:41.709 11164 11164 I Finsky  : [1] com.google.android.finsky.download.x.b(411): com.google.android.inputmethod.pinyin: onProgress 0/-1 Status: 190.
11-19 12:11:41.710 11164 11164 I SendBroadcastPermission: action:com.android.launcher.action.ACTION_PACKAGE_DOWNLOADING, mPermissionType:0
11-19 12:11:41.720  2914  3875 I [Gralloc]: alloc w[16] h[16] format[1] usage[256]
11-19 12:11:41.720  2914  3875 I [Gralloc]: alloc succ handle[0x559984ebf0] stride[32]
11-19 12:11:41.722 11650 11721 I IIccPhoneBookAdapter: Simrecords 0= 0
11-19 12:11:41.722 11650 11721 I IIccPhoneBookAdapter: Simrecords 1= 88
11-19 12:11:41.722 11650 11721 I IIccPhoneBookAdapter: Simrecords 2= 100
11-19 12:11:41.722 11685 11723 E linker  : readlink('/proc/self/fd/21') failed: Permission denied [fd=21]
11-19 12:11:41.722 11650 11721 I IIccPhoneBookAdapter: Simrecords 3= 1
11-19 12:11:41.722 11650 11721 I IIccPhoneBookAdapter: Simrecords 4= 100
11-19 12:11:41.722 11650 11721 I IIccPhoneBookAdapter: Simrecords 5= 100
11-19 12:11:41.722 11650 11721 I IIccPhoneBookAdapter: Simrecords 6= 2
11-19 12:11:41.722 11650 11721 I IIccPhoneBookAdapter: Simrecords 7= 100
11-19 12:11:41.722 11650 11721 I IIccPhoneBookAdapter: Simrecords 8= 100
11-19 12:11:41.722 11685 11723 E linker  : warning: unable to get realpath for the library "/system/lib/hw/gralloc.hi3635.so". Will use given name.
11-19 12:11:41.724 11685 11723 E linker  : readlink('/proc/self/fd/21') failed: Permission denied [fd=21]
11-19 12:11:41.724 11685 11723 E linker  : warning: unable to get realpath for the library "libion.so". Will use given name.
11-19 12:11:41.726 11685 11723 E HAL     : load: id=gralloc != hmi->id=gralloc
11-19 12:11:41.730 11650 11682 I HwCust  : Constructor found for class com.android.contacts.model.account.HwCustExchangeAccountTypeImpl
11-19 12:11:41.739  2914  3011 I [Gralloc]: alloc w[16] h[16] format[1] usage[256]
11-19 12:11:41.739  2914  3011 I [Gralloc]: alloc succ handle[0x559984ebf0] stride[32]
11-19 12:11:41.740 11164 11164 I Finsky  : [1] com.google.android.finsky.c.c.a(314): Completed 1 account content syncs with 1 successful.
11-19 12:11:41.740 11702 11728 E linker  : readlink('/proc/self/fd/21') failed: Permission denied [fd=21]
11-19 12:11:41.741 11702 11728 E linker  : warning: unable to get realpath for the library "/system/lib64/hw/gralloc.hi3635.so". Will use given name.
11-19 12:11:41.747 11650 11726 I IIccPhoneBookAdapter: Simrecords 0= 34
11-19 12:11:41.748 11650 11726 I IIccPhoneBookAdapter: Simrecords 1= 3400
11-19 12:11:41.748 11650 11726 I IIccPhoneBookAdapter: Simrecords 2= 100
11-19 12:11:41.749 11164 11164 I Finsky  : [1] com.google.android.finsky.services.j.a(148): Installation state replication succeeded.
11-19 12:11:41.754 11702 11728 E linker  : readlink('/proc/self/fd/21') failed: Permission denied [fd=21]
11-19 12:11:41.754 11702 11728 E linker  : warning: unable to get realpath for the library "libion.so". Will use given name.
11-19 12:11:41.754 11650 11682 W ResourceType: For resource 0x7f021875, entry index(6261) is beyond type entryCount(475)
11-19 12:11:41.754 11650 11682 W ResourceType: Failure getting entry for 0x7f021875 (t=1 e=6261) (error -75)
11-19 12:11:41.754 11650 11682 W ResourceType: For resource 0x7f021875, entry index(6261) is beyond type entryCount(475)
11-19 12:11:41.754 11650 11682 W ResourceType: Failure getting entry for 0x7f021875 (t=1 e=6261) (error -75)
11-19 12:11:41.754 11650 11682 W ResourceType: For resource 0x7f021876, entry index(6262) is beyond type entryCount(475)
11-19 12:11:41.754 11650 11682 W ResourceType: Failure getting entry for 0x7f021876 (t=1 e=6262) (error -75)
11-19 12:11:41.755 11650 11682 W ResourceType: For resource 0x7f021877, entry index(6263) is beyond type entryCount(475)
11-19 12:11:41.755 11650 11682 W ResourceType: Failure getting entry for 0x7f021877 (t=1 e=6263) (error -75)
11-19 12:11:41.756  3455  3986 I AccountManagerService: getTypesVisibleToCaller: isPermitted? true
11-19 12:11:41.757 11702 11728 E HAL     : load: id=gralloc != hmi->id=gralloc
11-19 12:11:41.759 28757 11690 I DownloadManager: enter(DownloadThread:DownloadInfo:
11-19 12:11:41.759 28757 11690 I DownloadManager:   mId=426 mLastMod=1479521501599 mPackage=com.android.vending mUid=10110 
11-19 12:11:41.759 28757 11690 I DownloadManager:   mUri=https://android.clients.google.com/market/download/Download?packageName=com.google.android.inputmethod.pinyin&versionCode=4330216&ssl=1&token=AOTCm0SAuxxVJzEo_aSpsIT1ePubpY5n8hzAuYPGQo98C1UWq-FB_wAO40YJjREn0D65MbqViWWRCdgHBPStNBUW3ZlQVqRCA6wyT2OVeHlHDCVIkd0t0m3Qs5GLM3Lp1pZ0nIsxIg7PT-unCgZqFVK2lOgd37-S7llVk36hv_8X9-j0wFK-p91x7n9JW1Ef_4OhlxESGwXN6-b4Dt5MGAQclcSzyVAIt-m4xg9JkGOuEgTyhtjT07HoejUAsvzKvh7ZX0DujOGWQXCLEsraxW6Z-9wpbfzdWA8ac4whAzfl8QnicSGdtXZ4NLb5J76IHQAP8aAtj0nO8W3G0x9MmD15866NZyYoQlewM-U2vRpAR4QOK0C8EWYIRr9SZW3ZLN47&downloadId=-2745779899675588793&baseVersion=4310116&pf=4 
11-19 12:11:41.759 28757 11690 I DownloadManager:   mMimeType=null mCookies=yes mReferer=no mUserAgent=null 
11-19 12:11:41.759 28757 11690 I DownloadManager:   mFileName=null mDestination=2 
11-19 12:11:41.759 28757 11690 I DownloadManager:   mStatus=RUNNING mDelete=false mCurrentBytes=0 mTotalBytes=-1 
11-19 12:11:41.759 28757 11690 I DownloadManager:   mNumFailed=0 mRetryAfter=0 mETag=null mIsPublicApi=true 
11-19 12:11:41.759 28757 11690 I DownloadManager:   mAllowedNetworkTypes=2 mAllowRoaming=true mAllowMetered=true 
11-19 12:11:41.759 28757 11690 I DownloadManager:   mNoIntegrity=false mHeaderLastModified=0 mVisibility=0 
11-19 12:11:41.759 11702 11702 W System  : ClassLoader referenced unknown path: /system/priv-app/GoogleServicesFramework/lib/arm64
11-19 12:11:41.767  3455  4746 E HsmCoreServiceImpl: onTransact in code is: 102
11-19 12:11:41.767  3455  4746 I MediaProcessHandler: processOp opType: 1, uid: 10014, pid: 11577
11-19 12:11:41.767  3455  4746 W MediaProcessHandler: remove target not exist, maybe the UI process: uid: 10014, pid: 11577
11-19 12:11:41.768  3455  4088 I AccountManagerService: getTypesVisibleToCaller: isPermitted? true
11-19 12:11:41.780 11702 11702 I GservicesProvider: Gservices pushing to system: true; secure/global: true
11-19 12:11:41.784 11685 11685 I HwSystemManager: SystemManagerApplication:onCreate
11-19 12:11:41.784 11164 11164 I Finsky  : [1] com.google.android.finsky.download.x.b(411): com.google.android.inputmethod.pinyin: onProgress 0/-1 Status: 192.
11-19 12:11:41.785 11164 11164 I SendBroadcastPermission: action:com.android.launcher.action.ACTION_PACKAGE_DOWNLOADING, mPermissionType:0
11-19 12:11:41.788 28757 11738 I System  : core_booster, getBoosterConfig = false
11-19 12:11:41.798 11650 11682 W ResourceType: For resource 0x7f021875, entry index(6261) is beyond type entryCount(475)
11-19 12:11:41.798 11650 11682 W ResourceType: Failure getting entry for 0x7f021875 (t=1 e=6261) (error -75)
11-19 12:11:41.798 11650 11682 W ResourceType: For resource 0x7f021875, entry index(6261) is beyond type entryCount(475)
11-19 12:11:41.798 11650 11682 W ResourceType: Failure getting entry for 0x7f021875 (t=1 e=6261) (error -75)
11-19 12:11:41.798 11650 11682 W ResourceType: For resource 0x7f021876, entry index(6262) is beyond type entryCount(475)
11-19 12:11:41.798 11650 11682 W ResourceType: Failure getting entry for 0x7f021876 (t=1 e=6262) (error -75)
11-19 12:11:41.798 11650 11682 W ResourceType: For resource 0x7f021877, entry index(6263) is beyond type entryCount(475)
11-19 12:11:41.798 11650 11682 W ResourceType: Failure getting entry for 0x7f021877 (t=1 e=6263) (error -75)
11-19 12:11:41.799  3455  4578 I AccountManagerService: getTypesVisibleToCaller: isPermitted? true
11-19 12:11:41.800 19916 11747 I SendBroadcastPermission: action:slidejoy.NOTIFICATION_CHANGED, mPermissionType:0
11-19 12:11:41.810  3455  3984 I AccountManagerService: getTypesVisibleToCaller: isPermitted? true
11-19 12:11:41.810 11685 11746 I System.out: [ls, -l, /system/priv-app/HwSystemManager/HwSystemManager.apk]
11-19 12:11:41.810 11685 11746 I System.out: null
11-19 12:11:41.810 11685 11746 I System.out: null
11-19 12:11:41.810 11685 11746 I System.out: Calling by::className:com.huawei.systemmanager.util.HwLogTagHelper  MethodName:checkHsmIsPushed
11-19 12:11:41.814  3455  3455 I TrafficMonitor: update:rxPkts:57,txPkts:68,rxBytes:21286,txBytes:15102
11-19 12:11:41.814  3455  3455 I TrafficMonitor: no expired. level:2
11-19 12:11:41.814  3455  3455 I TrafficMonitor: gettimer:interval=2000
11-19 12:11:41.814  3455  3455 I TrafficMonitor: during_ms:2001,period_ms:2000
11-19 12:11:41.814  3455  3455 I TrafficMonitor: count:310,rx_sum:57,tx_sum:68,rxBytes:21286,during_ms:2001,rx_speed:10637.68115942029,tx_speed:7547.2263868065975,rto:0.8382352941176471
11-19 12:11:41.823 11685 11685 I HwSystemManager: ProcPolicy:this proc is:com.huawei.systemmanager
11-19 12:11:41.823 28757 11738 I System  : core_booster, getBoosterConfig = false
11-19 12:11:41.824 11650 11682 W ResourceType: For resource 0x7f021875, entry index(6261) is beyond type entryCount(475)
11-19 12:11:41.824 11650 11682 W ResourceType: Failure getting entry for 0x7f021875 (t=1 e=6261) (error -75)
11-19 12:11:41.824 11650 11682 W ResourceType: For resource 0x7f021875, entry index(6261) is beyond type entryCount(475)
11-19 12:11:41.824 11650 11682 W ResourceType: Failure getting entry for 0x7f021875 (t=1 e=6261) (error -75)
11-19 12:11:41.824 11650 11682 W ResourceType: For resource 0x7f021876, entry index(6262) is beyond type entryCount(475)
11-19 12:11:41.824 11650 11682 W ResourceType: Failure getting entry for 0x7f021876 (t=1 e=6262) (error -75)
11-19 12:11:41.824 11650 11682 W ResourceType: For resource 0x7f021877, entry index(6263) is beyond type entryCount(475)
11-19 12:11:41.824 11650 11682 W ResourceType: Failure getting entry for 0x7f021877 (t=1 e=6263) (error -75)
11-19 12:11:41.825  3455  4622 I AccountManagerService: getTypesVisibleToCaller: isPermitted? true
11-19 12:11:41.825 19916 11751 I SendBroadcastPermission: action:slidejoy.NOTIFICATION_CHANGED, mPermissionType:0
11-19 12:11:41.830 11702 11702 I GoogleHttpClient: GMS http client unavailable, use old client
11-19 12:11:41.844  4331  4331 I HwSystemManager: LocalService:Received start id 680: Intent { cmp=com.huawei.systemmanager/com.huawei.permission.HoldService }
11-19 12:11:41.853  3455  4784 I AccountManagerService: getTypesVisibleToCaller: isPermitted? true
11-19 12:11:41.857  4331  4331 I HwSystemManager: BgPowerManagerService:onStartCommand
11-19 12:11:41.883 11685 11746 I HwSystemManager: check push opration, match idx:-1
11-19 12:11:41.884 11685 11685 W CfgFilePolicy: No config file found for:xml/hsm_config.xml
11-19 12:11:41.888 11685 11685 I HwSystemManager: HsmStat_info:feature enable:true
11-19 12:11:41.919 11685 11685 I HwSystemManager: CustomizeWrapper:permissionStatus is 0
11-19 12:11:41.926 11685 11685 I HwSystemManager: TMSEngineFeature: TMS support enable for netassistant.
11-19 12:11:41.929 11685 11767 W CfgFilePolicy: No config file found for:xml/hsm/protect/hsm_protect_default_value.xml
11-19 12:11:41.944 11290 11628 I Icing   : MaintenanceDriver: Registering all GCM Tasks.
11-19 12:11:41.951 11685 11767 I HwSystemManager: BootStartManager:batchDeleteOperation !
11-19 12:11:41.953 11685 11767 I HwSystemManager: BootStartManager:batchDeleteOperation !
11-19 12:11:42.025 11290 11628 W InstanceID/Rpc: Found 10007
11-19 12:11:42.029 11290 11628 I SendBroadcastPermission: action:com.google.android.gms.gcm.ACTION_SCHEDULE, mPermissionType:0
11-19 12:11:42.053 11290 11628 I DynamiteModule: Considering local module com.google.android.gms.googlecertificates:2 and remote module com.google.android.gms.googlecertificates:2
11-19 12:11:42.053 11290 11628 I DynamiteModule: Selected remote version of com.google.android.gms.googlecertificates, version >= 2
11-19 12:11:42.082 28757 11738 I System  : core_booster, getBoosterConfig = false
11-19 12:11:42.099 28757 11738 I System  : core_booster, getBoosterConfig = false
11-19 12:11:42.125 11685 11685 I HwSystemManager: AppInstallationReceiver:AppInstallationReceiver onReceive action = android.intent.action.PACKAGE_ADDED
11-19 12:11:42.133 11685 11685 I HwSystemManager: SuperAppPermisionChecker:read xml finished
11-19 12:11:42.152 11685 11804 I HwSystemManager: OptimizeReceiver:OptimizeReceiver received action:android.intent.action.PACKAGE_ADDED
11-19 12:11:42.160 11685 11685 I HwSystemManager: BootBroadcastReceiver:BootBroadcastReceiver action =android.intent.action.PACKAGE_ADDED
11-19 12:11:42.162 11685 11804 I HwCust  : Constructor found for class com.huawei.systemmanager.optimize.process.HwCustProtectAppControlImpl
11-19 12:11:42.164 11685 11805 I HwSystemManager: HandlePackageAdd:HandlePackageAdd replacing=true
11-19 12:11:42.189  4331 11807 W HwSystemManager: TencentAntiVirusEngine:initQScanner: Already initialized ,skip
11-19 12:11:42.231 11685 11803 W CfgFilePolicy: No config file found for:xml/hsm/permission/hsm_permission_white_apps.xml
11-19 12:11:42.233 11685 11803 W CfgFilePolicy: No config file found for:xml/hsm/permission/hsm_permission_black_apps.xml
11-19 12:11:42.235 11685 11803 W CfgFilePolicy: No config file found for:xml/hsm/bootstart/hsm_bootstart_white_apps.xml
11-19 12:11:42.237 11685 11803 W CfgFilePolicy: No config file found for:xml/hsm/bootstart/hsm_bootstart_black_apps.xml
11-19 12:11:42.241 11685 11803 W CfgFilePolicy: No config file found for:xml/hsm/notification/hsm_notification_white_apps.xml
11-19 12:11:42.243 11685 11803 W CfgFilePolicy: No config file found for:xml/hsm/notification/hsm_notification_black_apps.xml
11-19 12:11:42.245 11685 11803 W CfgFilePolicy: No config file found for:xml/hsm/dropzone/hsm_dropzone_white_apps.xml
11-19 12:11:42.248 11685 11803 W CfgFilePolicy: No config file found for:xml/hsm/dropzone/hsm_dropzone_black_apps.xml
11-19 12:11:42.250 11685 11803 W CfgFilePolicy: No config file found for:xml/hsm/netaccess/hsm_netaccess_white_apps.xml
11-19 12:11:42.251 11685 11803 W CfgFilePolicy: No config file found for:xml/hsm/netaccess/hsm_netaccess_black_apps.xml
11-19 12:11:42.253 11685 11803 W CfgFilePolicy: No config file found for:xml/hsm/applock/hsm_applock_white_apps.xml
11-19 12:11:42.258 11685 11803 W CfgFilePolicy: No config file found for:xml/default_black_package_name.xml
11-19 12:11:42.281 11685 11809 I HwSystemManager: SpaceCleanReceiver:receive intent:android.intent.action.PACKAGE_ADDED
11-19 12:11:42.301  4331  4331 E HwSystemManager: AppCleanUpService:msg is 0
11-19 12:11:42.302 11685 11809 I HwSystemManager: SpaceCleanReceiver:package added: com.google.android.apps.paidtasks
11-19 12:11:42.303  4331 11815 I HwSystemManager: AppCleanUpService:begin to insertAppWithPkgName, pkg:com.google.android.apps.paidtasks
11-19 12:11:42.332 11685 11809 E HwSystemManager: SpaceCleanReceiver:doPkgAdd pi is not valid permission
11-19 12:11:42.345 11164 11164 I SendBroadcastPermission: action:com.android.launcher.action.ACTION_PACKAGE_DOWNLOADING, mPermissionType:0
11-19 12:11:42.365  4331 11807 I HwSystemManager: AntiVirusService:found virusscan pkg, send broadcast. pkg:com.google.android.apps.paidtasks
11-19 12:11:42.365  4331 11807 I SendBroadcastPermission: action:com.huawei.systemmanager.action.found_virusscan_app, mPermissionType:0
11-19 12:11:42.389  4718 18003 I PgedBinderListener: kstate callback type:8 value1=11650 value2=KILLED
11-19 12:11:42.409  2914  3011 I [Gralloc]: alloc w[16] h[16] format[1] usage[256]
11-19 12:11:42.410  2914  3011 I [Gralloc]: alloc succ handle[0x559984ebf0] stride[32]
11-19 12:11:42.412 11810 11824 E linker  : readlink('/proc/self/fd/21') failed: Permission denied [fd=21]
11-19 12:11:42.412 11810 11824 E linker  : warning: unable to get realpath for the library "/system/lib64/hw/gralloc.hi3635.so". Will use given name.
11-19 12:11:42.415 11810 11824 E linker  : readlink('/proc/self/fd/21') failed: Permission denied [fd=21]
11-19 12:11:42.415 11810 11824 E linker  : warning: unable to get realpath for the library "libion.so". Will use given name.
11-19 12:11:42.419 11810 11824 E HAL     : load: id=gralloc != hmi->id=gralloc
11-19 12:11:42.424 19916 11825 I SendBroadcastPermission: action:slidejoy.NOTIFICATION_CHANGED, mPermissionType:0
11-19 12:11:42.424  3455  4088 I AccountManagerService: getTypesVisibleToCaller: isPermitted? true
11-19 12:11:42.426 28757 11738 I DownloadManager:  file:/data/user/0/com.android.providers.downloads/files/downloadfile.bin is exist, create destFileObserver
11-19 12:11:42.438  2912  2912 E lowmemorykiller: Error writing /proc/11650/oom_score_adj; errno=22
11-19 12:11:42.440 11685 11804 I HwSystemManager: HsmPackageManager:init locale:en_AU
11-19 12:11:42.448  2912  2912 E lowmemorykiller: Error writing /proc/11650/oom_score_adj; errno=22
11-19 12:11:42.450 11685 11806 I HwSystemManager: ProtectAppControl:handleMessage:6
11-19 12:11:42.452 11685 11806 I HwSystemManager: ProtectAppControl:begin install app inner:com.google.android.apps.paidtasks
11-19 12:11:42.457 11685 11803 W CfgFilePolicy: No config file found for:xml/hw_permission_parameter.xml
11-19 12:11:42.459 11685 11828 I HwSystemManager: BootStartManager:batchDeleteOperation !
11-19 12:11:42.460 11685 11828 I HwSystemManager: BootStartManager:batchDeleteOperation !
11-19 12:11:42.465 11810 11810 W System  : ClassLoader referenced unknown path: /system/app/HwKaraokeEffect/lib/arm64
11-19 12:11:42.481 11685 11803 I HwSystemManager: PermissionDbHelper: DBHelper Create Database!  : SQLiteDatabase: /data/user/0/com.huawei.systemmanager/databases/permission.db
11-19 12:11:42.485 11685 11803 I HwSystemManager: HsmPackageManager:get all installed packages, flag:0, size:211
11-19 12:11:42.485 11685 11803 E HwSystemManager: PermissionDBAdapter:appcationsList size:211
11-19 12:11:42.489  3455  3845 E WifiConfigStore: updateConfiguration freq=2417 BSSID=74:da:38:24:aa:b8 RSSI=-50 "panlid-old"WPA_PSK
11-19 12:11:42.492 11685 11806 W HwSystemManager: ProtectAppControl:com.google.android.apps.paidtasks already exist!
11-19 12:11:42.497  3455  3466 E HsmCoreServiceImpl: onTransact in code is: 102
11-19 12:11:42.497  3455  3466 I MediaProcessHandler: processOp opType: 1, uid: 10004, pid: 11650
11-19 12:11:42.497 11810 11810 W CfgFilePolicy: No config file found for:xml/hw_karaokeeffect_app_config.xml
11-19 12:11:42.497  3455  3466 W MediaProcessHandler: remove target not exist, maybe the UI process: uid: 10004, pid: 11650
11-19 12:11:42.506 11290 11628 I Icing   : updateResources: need to parse rtx{com.google.android.gms}
11-19 12:11:42.527  3966  3966 I NetworkSpeedManagerEx: mIsStop = false
11-19 12:11:42.529  3966  3966 I NetworkSpeedManagerEx:  value = 53513.332
11-19 12:11:42.529  3966  3966 I NetworkSpeedManagerEx: speed = 52.3K/s
11-19 12:11:42.530  3966  3966 I NetworkSpeedView: /update(), speed=52.3K/s
11-19 12:11:42.544  3966  3966 W View    : requestLayout() improperly called by com.android.systemui.statusbar.phone.IconMerger{e4cbfb3 V.E...... ......I. 0,0-216,72 #7f1000c3 app:id/notificationIcons} during layout: running second layout pass
11-19 12:11:42.615 11164 11164 I SendBroadcastPermission: action:com.android.launcher.action.ACTION_PACKAGE_DOWNLOADING, mPermissionType:0
11-19 12:11:42.645 19916 11845 I SendBroadcastPermission: action:slidejoy.NOTIFICATION_CHANGED, mPermissionType:0
11-19 12:11:42.661  2914 11248 I [Gralloc]: alloc w[16] h[16] format[1] usage[256]
11-19 12:11:42.661  2914 11248 I [Gralloc]: alloc succ handle[0x559984ebf0] stride[32]
11-19 12:11:42.665 11832 11846 E linker  : readlink('/proc/self/fd/21') failed: Permission denied [fd=21]
11-19 12:11:42.665 11832 11846 E linker  : warning: unable to get realpath for the library "/system/lib64/hw/gralloc.hi3635.so". Will use given name.
11-19 12:11:42.667 11832 11846 E linker  : readlink('/proc/self/fd/21') failed: Permission denied [fd=21]
11-19 12:11:42.667 11832 11846 E linker  : warning: unable to get realpath for the library "libion.so". Will use given name.
11-19 12:11:42.669 11832 11846 E HAL     : load: id=gralloc != hmi->id=gralloc
11-19 12:11:42.685 11832 11832 W System  : ClassLoader referenced unknown path: /system/app/HwPushService/lib/arm64
11-19 12:11:42.686  3455  3892 E HwCHRWebMonitor: getFileResult throw exceptionjava.io.FileNotFoundException: proc/net/wifi_network_stat: open failed: ENOENT (No such file or directory)
11-19 12:11:42.704 11832 11832 I PushLogAC2613: [main-1]action is android.intent.action.PACKAGE_ADDED(pushagent/null:-1)
11-19 12:11:42.747  4718 18002 I PgedBinderListener: kstate callback type:8 value1=11702 value2=KILLED
11-19 12:11:42.758 11832 11832 I PushLogAC2613: [main-1]run push selfshow(pushagent/null:-1)
11-19 12:11:42.787 11832 11855 I PushLogAC2613: [Thread-51541-51541]framework push exist, use framework push first(pushagent/null:-1)
11-19 12:11:42.822  3966  3966 W View    : requestLayout() improperly called by com.android.systemui.statusbar.phone.IconMerger{e4cbfb3 V.E...... ........ 0,0-216,72 #7f1000c3 app:id/notificationIcons} during second layout pass: posting in next frame
11-19 12:11:42.842 11164 11164 I Finsky  : [1] com.google.android.finsky.utils.dk.onTrimMemory(17): Memory trim requested to level 10
11-19 12:11:42.846  3455  4744 E HsmCoreServiceImpl: onTransact in code is: 102
11-19 12:11:42.846  3455  4744 I MediaProcessHandler: processOp opType: 1, uid: 10007, pid: 11702
11-19 12:11:42.846  3455  4744 W MediaProcessHandler: remove target not exist, maybe the UI process: uid: 10007, pid: 11702
11-19 12:11:42.872  4718 16978 I PgedBinderListener: kstate callback type:8 value1=11810 value2=KILLED
11-19 12:11:42.902  2914  3011 I [Gralloc]: alloc w[16] h[16] format[1] usage[256]
11-19 12:11:42.903  2914  3011 I [Gralloc]: alloc succ handle[0x559984ebf0] stride[32]
11-19 12:11:42.904 11858 11883 E linker  : readlink('/proc/self/fd/21') failed: Permission denied [fd=21]
11-19 12:11:42.904 11858 11883 E linker  : warning: unable to get realpath for the library "/system/lib/hw/gralloc.hi3635.so". Will use given name.
11-19 12:11:42.906 11858 11883 E linker  : readlink('/proc/self/fd/21') failed: Permission denied [fd=21]
11-19 12:11:42.906 11858 11883 E linker  : warning: unable to get realpath for the library "libion.so". Will use given name.
11-19 12:11:42.908 11858 11883 E HAL     : load: id=gralloc != hmi->id=gralloc
11-19 12:11:42.986  2914 11248 I [Gralloc]: alloc w[16] h[16] format[1] usage[256]
11-19 12:11:42.986  2914 11248 I [Gralloc]: alloc succ handle[0x559984ebf0] stride[32]
11-19 12:11:42.988 11871 11897 E linker  : readlink('/proc/self/fd/21') failed: Permission denied [fd=21]
11-19 12:11:42.988 11871 11897 E linker  : warning: unable to get realpath for the library "/system/lib64/hw/gralloc.hi3635.so". Will use given name.
11-19 12:11:42.990 11871 11897 E linker  : readlink('/proc/self/fd/21') failed: Permission denied [fd=21]
11-19 12:11:42.990 11871 11897 E linker  : warning: unable to get realpath for the library "libion.so". Will use given name.
11-19 12:11:42.992 11871 11897 E HAL     : load: id=gralloc != hmi->id=gralloc
11-19 12:11:42.996  3455  3464 I art     : Background partial concurrent mark sweep GC freed 60416(4MB) AllocSpace objects, 8(636KB) LOS objects, 16% free, 62MB/74MB, paused 4.608ms total 375.032ms
11-19 12:11:43.019 11871 11871 W System  : ClassLoader referenced unknown path: /system/priv-app/GoogleServicesFramework/lib/arm64
11-19 12:11:43.029  2914  3013 I [Gralloc]: alloc w[16] h[16] format[1] usage[256]
11-19 12:11:43.029  2914  3013 I [Gralloc]: alloc succ handle[0x559984ebf0] stride[32]
11-19 12:11:43.031 11885 11903 E linker  : readlink('/proc/self/fd/21') failed: Permission denied [fd=21]
11-19 12:11:43.032 11885 11903 E linker  : warning: unable to get realpath for the library "/system/lib64/hw/gralloc.hi3635.so". Will use given name.
11-19 12:11:43.037 11885 11903 E linker  : readlink('/proc/self/fd/21') failed: Permission denied [fd=21]
11-19 12:11:43.038 11885 11903 E linker  : warning: unable to get realpath for the library "libion.so". Will use given name.
11-19 12:11:43.038  3455  4696 E HsmCoreServiceImpl: onTransact in code is: 102
11-19 12:11:43.038  3455  4696 W MediaProcessHandler: processOp uid 1000 is not concerned!
11-19 12:11:43.039 11164 11164 I Finsky  : [1] com.google.android.finsky.utils.dk.onTrimMemory(17): Memory trim requested to level 10
11-19 12:11:43.040 11871 11871 I GservicesProvider: Gservices pushing to system: true; secure/global: true
11-19 12:11:43.040 11885 11903 E HAL     : load: id=gralloc != hmi->id=gralloc
11-19 12:11:43.093  4718 16154 I PgedBinderListener: kstate callback type:8 value1=11832 value2=KILLED
11-19 12:11:43.123 11871 11871 I GoogleHttpClient: GMS http client unavailable, use old client
11-19 12:11:43.129  2915  2918 I teecd   : Connected. UID=1000, PID=3455
11-19 12:11:43.136  3455  3986 I AccountManagerService: getTypesVisibleToCaller: isPermitted? true
11-19 12:11:43.141  4331  4331 I HwSystemManager: HsmStat_event:current is not foreground, did not stat r!
11-19 12:11:43.189  3455  4150 E HsmCoreServiceImpl: onTransact in code is: 102
11-19 12:11:43.189  3455  4150 I MediaProcessHandler: processOp opType: 1, uid: 10049, pid: 11832
11-19 12:11:43.189  3455  4150 W MediaProcessHandler: remove target not exist, maybe the UI process: uid: 10049, pid: 11832
11-19 12:11:43.210 11164 11164 I Finsky  : [1] com.google.android.finsky.utils.dk.onTrimMemory(17): Memory trim requested to level 10
11-19 12:11:43.241 11290 11628 I Icing   : Internal init done: storage state 0
11-19 12:11:43.256 11290 11628 I Icing   : Post-init done
11-19 12:11:43.307  2915  2918 E tee_get_app_cert: cannot find package:system_server
11-19 12:11:43.307  2915  2918 E tee_get_app_cert: get certs for app failed
11-19 12:11:43.341  2915  2918 I teecd   : Got certificate buffer len 107!
11-19 12:11:43.341  2915  2918 I teecd   : Waiting for a connection...
11-19 12:11:43.490  3455  3845 E WifiConfigStore: updateConfiguration freq=2417 BSSID=74:da:38:24:aa:b8 RSSI=-50 "panlid-old"WPA_PSK
11-19 12:11:43.504  2915  2918 I teecd   : Connected. UID=1000, PID=3455
11-19 12:11:43.681  2915  2918 E tee_get_app_cert: cannot find package:system_server
11-19 12:11:43.681  2915  2918 E tee_get_app_cert: get certs for app failed
11-19 12:11:43.714  2915  2918 I teecd   : Got certificate buffer len 107!
11-19 12:11:43.715  2915  2918 I teecd   : Waiting for a connection...
11-19 12:11:43.719  4718 18003 I PgedBinderListener: kstate callback type:8 value1=11858 value2=KILLED
11-19 12:11:43.730  3455  3845 E WifiConfigStore: updateConfiguration freq=2417 BSSID=74:da:38:24:aa:b8 RSSI=-50 "panlid-old"WPA_PSK
11-19 12:11:43.809 11685 11803 W ResourceType: ResTable_typeSpec entry count inconsistent: given 1, previously 1266
11-19 12:11:43.815  3455  3455 I TrafficMonitor: update:rxPkts:787,txPkts:446,rxBytes:475909,txBytes:26603
11-19 12:11:43.815  3455  3455 I TrafficMonitor: no expired. level:5
11-19 12:11:43.815  3455  3455 I TrafficMonitor: gettimer:interval=2000
11-19 12:11:43.815  3455  3455 I TrafficMonitor: during_ms:2001,period_ms:2000
11-19 12:11:43.816  3455  3455 I TrafficMonitor: count:311,rx_sum:787,tx_sum:446,rxBytes:475909,during_ms:2001,rx_speed:237835.58220889556,tx_speed:13294.852573713144,rto:1.7645739910313902
11-19 12:11:43.857  3455  4347 E HsmCoreServiceImpl: onTransact in code is: 102
11-19 12:11:43.857  3455  4347 I MediaProcessHandler: processOp opType: 1, uid: 10020, pid: 11858
11-19 12:11:43.857  3455  4347 W MediaProcessHandler: remove target not exist, maybe the UI process: uid: 10020, pid: 11858
11-19 12:11:43.882 11685 11685 I HwSystemManager: HsmStat_info:service connect
11-19 12:11:44.328 11885 11885 I PushLogSC2609: [main-1]action is android.intent.action.PACKAGE_ADDED(remotecontrol/null:-1)
11-19 12:11:44.348 11885 11885 I PushLogSC2609: [main-1]run push selfshow(remotecontrol/null:-1)
11-19 12:11:44.364 11885 11916 I PushLogSC2609: [Thread-51550-51550]framework push exist, use framework push first(remotecontrol/null:-1)
11-19 12:11:44.409  4718 18002 I PgedBinderListener: kstate callback type:8 value1=11871 value2=KILLED
11-19 12:11:44.492  3455  3845 E WifiConfigStore: updateConfiguration freq=2417 BSSID=74:da:38:24:aa:b8 RSSI=-50 "panlid-old"WPA_PSK
11-19 12:11:44.498  2914 11248 I [Gralloc]: alloc w[16] h[16] format[1] usage[256]
11-19 12:11:44.498  2914 11248 I [Gralloc]: alloc succ handle[0x559984ebf0] stride[32]
11-19 12:11:44.500 11918 11931 E linker  : readlink('/proc/self/fd/21') failed: Permission denied [fd=21]
11-19 12:11:44.500 11918 11931 E linker  : warning: unable to get realpath for the library "/system/lib/hw/gralloc.hi3635.so". Will use given name.
11-19 12:11:44.502 11918 11931 E linker  : readlink('/proc/self/fd/22') failed: Permission denied [fd=22]
11-19 12:11:44.502 11918 11931 E linker  : warning: unable to get realpath for the library "libion.so". Will use given name.
11-19 12:11:44.503 11918 11931 E HAL     : load: id=gralloc != hmi->id=gralloc
11-19 12:11:44.514 11685 11803 I HwSystemManager: HsmPackageManager:get all installed packages, flag:0, size:211
11-19 12:11:44.514 11685 11803 E HwSystemManager: PermissionDBAdapter:appcationsList size:211
11-19 12:11:44.548 11918 11918 I LibV1.0.1-AccountMgr: begin check so
11-19 12:11:44.557  3455  3465 E HsmCoreServiceImpl: onTransact in code is: 102
11-19 12:11:44.557  3455  3465 I MediaProcessHandler: processOp opType: 1, uid: 10007, pid: 11871
11-19 12:11:44.558  3455  3465 W MediaProcessHandler: remove target not exist, maybe the UI process: uid: 10007, pid: 11871
11-19 12:11:44.585 11164 11164 I SendBroadcastPermission: action:com.android.launcher.action.ACTION_PACKAGE_DOWNLOADING, mPermissionType:0
11-19 12:11:44.604 19916 11940 I SendBroadcastPermission: action:slidejoy.NOTIFICATION_CHANGED, mPermissionType:0
11-19 12:11:44.605 11685 11803 I SendBroadcastPermission: action:PACKAGE_ADDED_OR_REMOVED, mPermissionType:0
11-19 12:11:44.823 11918 11918 I LibV1.0.1-AccountMgr: end check so ok
11-19 12:11:44.881 11918 11918 I PushLogSC2609: [main-1]action is android.intent.action.PACKAGE_ADDED(skytone/null:-1)
11-19 12:11:44.883 11918 11918 I PushLogSC2609: [main-1]run push selfshow(skytone/null:-1)
11-19 12:11:44.905 11918 11944 I PushLogSC2609: [Thread-22219-22219]framework push exist, use framework push first(skytone/null:-1)
11-19 12:11:44.958  2914  5968 I [Gralloc]: alloc w[16] h[16] format[1] usage[256]
11-19 12:11:44.958  2914  5968 I [Gralloc]: alloc succ handle[0x559984ebf0] stride[32]
11-19 12:11:44.961 11946 11961 E linker  : readlink('/proc/self/fd/21') failed: Permission denied [fd=21]
11-19 12:11:44.961 11946 11961 E linker  : warning: unable to get realpath for the library "/system/lib64/hw/gralloc.hi3635.so". Will use given name.
11-19 12:11:44.963 11946 11961 E linker  : readlink('/proc/self/fd/21') failed: Permission denied [fd=21]
11-19 12:11:44.963 11946 11961 E linker  : warning: unable to get realpath for the library "libion.so". Will use given name.
11-19 12:11:44.965 11946 11961 E HAL     : load: id=gralloc != hmi->id=gralloc
11-19 12:11:45.019 11946 11946 I PushLogSC2609: [main-1]action is android.intent.action.PACKAGE_ADDED(ds/null:-1)
11-19 12:11:45.022 11946 11946 I PushLogSC2609: [main-1]run push selfshow(ds/null:-1)
11-19 12:11:45.052 11946 11979 I PushLogSC2609: [Thread-51562-51562]framework push exist, use framework push first(ds/null:-1)
11-19 12:11:45.122  2914 11248 I [Gralloc]: alloc w[16] h[16] format[1] usage[256]
11-19 12:11:45.122  2914 11248 I [Gralloc]: alloc succ handle[0x559984ebf0] stride[32]
11-19 12:11:45.124 11980 11996 E linker  : readlink('/proc/self/fd/21') failed: Permission denied [fd=21]
11-19 12:11:45.124 11980 11996 E linker  : warning: unable to get realpath for the library "/system/lib/hw/gralloc.hi3635.so". Will use given name.
11-19 12:11:45.126 11980 11996 E linker  : readlink('/proc/self/fd/21') failed: Permission denied [fd=21]
11-19 12:11:45.126 11980 11996 E linker  : warning: unable to get realpath for the library "libion.so". Will use given name.
11-19 12:11:45.128 11980 11996 E HAL     : load: id=gralloc != hmi->id=gralloc
11-19 12:11:45.187 11980 11980 I LogAdaptor: createAppLog, file:/storage/emulated/0/Android/data/com.huawei.hwid/files/Log/HMSCore.log, module:HMSCore
11-19 12:11:45.251 11980 11980 I LogAdaptor: createAppLog, file:/storage/emulated/0/Android/data/com.huawei.hwid/files/Log/HMSCore.log, module:PushLog
11-19 12:11:45.269 11980 11980 E HwID_MainEntry: log has not init finished
11-19 12:11:45.275 11980 11980 E hwid    : log has not init finished
11-19 12:11:45.276 11980 11980 I LogAdaptor: createAppLog, file:/storage/emulated/0/Android/data/com.huawei.hwid/files/Log/HMSCore.log, module:HwID
11-19 12:11:45.280 11980 11980 I mainEntry: init sns hms.
11-19 12:11:45.283 11980 12003 E HwID.VersionUpdateHelper: [Thread-22233{22233}] old version is 1, current version is 1 (LogX.java:88)
11-19 12:11:45.288  3455  3984 I AccountManagerService: getTypesVisibleToCaller: isPermitted? true
11-19 12:11:45.289  3455  4347 I AccountManagerService: getTypesVisibleToCaller: isPermitted? true
11-19 12:11:45.309 11980 11980 I LogAdaptor: createAppLog, file:/storage/emulated/0/Android/data/com.huawei.hwid/files/Log/HMSCore.log, module:Pay
11-19 12:11:45.317 11980 11980 I PushLogSC2816_hwid: [main-1]action is android.intent.action.PACKAGE_ADDED(hwid/null:-1)
11-19 12:11:45.318  3455  4766 I AccountManagerService: getTypesVisibleToCaller: isPermitted? true
11-19 12:11:45.320 11980 11980 I PushLogSC2816_hwid: [main-1]run push selfshow(hwid/null:-1)
11-19 12:11:45.320  3455  4784 I AccountManagerService: getTypesVisibleToCaller: isPermitted? true
11-19 12:11:45.331 11980 12021 I PushLogSC2816_hwid: [Thread-22237-22237]votedPackage from file:android(hwid/null:-1)
11-19 12:11:45.335 11980 12021 I PushLogSC2816_hwid: [Thread-22237-22237]framework push exist, use framework push first(hwid/null:-1)
11-19 12:11:45.343 11980 12021 I PushLogSC2816_hwid: [Thread-22237-22237]not box version!(hwid/null:-1)
11-19 12:11:45.406  2914 11248 I [Gralloc]: alloc w[16] h[16] format[1] usage[256]
11-19 12:11:45.406  2914 11248 I [Gralloc]: alloc succ handle[0x559984ebf0] stride[32]
11-19 12:11:45.407 12022 12036 E linker  : readlink('/proc/self/fd/21') failed: Permission denied [fd=21]
11-19 12:11:45.407 12022 12036 E linker  : warning: unable to get realpath for the library "/system/lib64/hw/gralloc.hi3635.so". Will use given name.
11-19 12:11:45.409 12022 12036 E linker  : readlink('/proc/self/fd/21') failed: Permission denied [fd=21]
11-19 12:11:45.409 12022 12036 E linker  : warning: unable to get realpath for the library "libion.so". Will use given name.
11-19 12:11:45.410 12022 12036 E HAL     : load: id=gralloc != hmi->id=gralloc
11-19 12:11:45.452 12022 12022 I PushLogSC2705: [main-1]action is android.intent.action.PACKAGE_ADDED(appmarket/null:-1)
11-19 12:11:45.454 12022 12022 I PushLogSC2705: [main-1]run push selfshow(appmarket/null:-1)
11-19 12:11:45.470 12022 12062 I PushLogSC2705: [Thread-51574-51574]framework push exist, use framework push first(appmarket/null:-1)
11-19 12:11:45.494  3455  3845 E WifiConfigStore: updateConfiguration freq=2417 BSSID=74:da:38:24:aa:b8 RSSI=-50 "panlid-old"WPA_PSK
11-19 12:11:45.496 11290 11547 I SendBroadcastPermission: action:com.google.android.gms.actions.HANDLE_PACKAGE_INSTALLED, mPermissionType:0
11-19 12:11:45.528  4718  4731 I PgedBinderListener: kstate callback type:8 value1=11685 value2=KILLED
11-19 12:11:45.532  4718 16978 I PgedBinderListener: kstate callback type:8 value1=11885 value2=KILLED
11-19 12:11:45.532  3966  3966 I NetworkSpeedManagerEx: mIsStop = false
11-19 12:11:45.535  3966  3966 I NetworkSpeedManagerEx:  value = 264618.66
11-19 12:11:45.536  3966  3966 I NetworkSpeedManagerEx: speed = 258.4K/s
11-19 12:11:45.536  3966  3966 I NetworkSpeedView: /update(), speed=258.4K/s
11-19 12:11:45.554  3966  3966 W View    : requestLayout() improperly called by com.android.systemui.statusbar.phone.IconMerger{e4cbfb3 V.E...... ......I. 0,0-216,72 #7f1000c3 app:id/notificationIcons} during layout: running second layout pass
11-19 12:11:45.564  3455  4150 E HsmCoreServiceImpl: onTransact in code is: 102
11-19 12:11:45.564  3455  4150 I MediaProcessHandler: processOp opType: 1, uid: 10089, pid: 11885
11-19 12:11:45.564  3455  4150 W MediaProcessHandler: remove target not exist, maybe the UI process: uid: 10089, pid: 11885
11-19 12:11:45.596  3455  4622 E HsmCoreServiceImpl: onTransact in code is: 102
11-19 12:11:45.596  3455  4622 W MediaProcessHandler: processOp uid 1000 is not concerned!
11-19 12:11:45.598  2914  3013 I [Gralloc]: alloc w[16] h[16] format[1] usage[256]
11-19 12:11:45.599  2914  3013 I [Gralloc]: alloc succ handle[0x559984ebf0] stride[32]
11-19 12:11:45.600 12071 12084 E linker  : readlink('/proc/self/fd/21') failed: Permission denied [fd=21]
11-19 12:11:45.600 12071 12084 E linker  : warning: unable to get realpath for the library "/system/lib64/hw/gralloc.hi3635.so". Will use given name.
11-19 12:11:45.602 12071 12084 E linker  : readlink('/proc/self/fd/21') failed: Permission denied [fd=21]
11-19 12:11:45.602 12071 12084 E linker  : warning: unable to get realpath for the library "libion.so". Will use given name.
11-19 12:11:45.605 12071 12084 E HAL     : load: id=gralloc != hmi->id=gralloc
11-19 12:11:45.619 12071 12071 W System  : ClassLoader referenced unknown path: /system/priv-app/GoogleServicesFramework/lib/arm64
11-19 12:11:45.637 12071 12071 I GservicesProvider: Gservices pushing to system: true; secure/global: true
11-19 12:11:45.689 15313 12091 I UpdateIcingCorporaServi: Updating corpora: APPS=com.google.android.apps.paidtasks, CONTACTS=MAYBE
11-19 12:11:45.700 12071 12071 I GoogleHttpClient: GMS http client unavailable, use old client
11-19 12:11:45.709  3455  4746 I AccountManagerService: getTypesVisibleToCaller: isPermitted? true
11-19 12:11:45.817  3455  3455 I TrafficMonitor: update:rxPkts:771,txPkts:399,rxBytes:474936,txBytes:20836
11-19 12:11:45.817  3455  3455 I TrafficMonitor: start expired. level:5
11-19 12:11:45.817  3455  3455 I TrafficMonitor: gettimer:interval=2000
11-19 12:11:45.835  3455  3466 I AccountManagerService: getTypesVisibleToCaller: isPermitted? true
11-19 12:11:45.838 11164 11164 I Finsky  : [1] com.google.android.finsky.utils.PermissionPolicies$PermissionPolicyService.onStartCommand(115): post-install permissions check for com.google.android.apps.paidtasks
11-19 12:11:45.844 11290 12090 I GoogleURLConnFactory: Using platform SSLCertificateSocketFactory
11-19 12:11:45.846  3455  3986 I AccountManagerService: getTypesVisibleToCaller: isPermitted? true
11-19 12:11:45.856 11290 12090 E BaseAppContext: Tried to stop global GMSCore RequestQueue. This is likely unintended, so ignoring.
11-19 12:11:45.894  7604  7604 I WearableService: Wear is not allowed to run on this device. Not starting Wear service.
11-19 12:11:45.909 11164 11164 E Finsky  : [1] com.google.android.finsky.wear.bp.a(843): onConnectionFailed: ConnectionResult{statusCode=API_UNAVAILABLE, resolution=null, message=null}
11-19 12:11:45.910 11164 11164 I Finsky  : [1] com.google.android.finsky.wear.an.run(2399): Dropping command=send_installed_apps due to Gms not connected
11-19 12:11:45.916 11164 11164 I Finsky  : [1] com.google.android.finsky.utils.dk.onTrimMemory(17): Memory trim requested to level 80
11-19 12:11:45.924  4718  4741 I PgedBinderListener: kstate callback type:8 value1=11164 value2=KILLED
11-19 12:11:45.924  4718  5512 I ash     : removeProcessDependency pid:11164
11-19 12:11:45.929  4718 16154 I PgedBinderListener: kstate callback type:8 value1=11980 value2=KILLED
11-19 12:11:45.934  4718 16153 I PgedBinderListener: kstate callback type:8 value1=11946 value2=KILLED
11-19 12:11:45.963  2912  2912 E lowmemorykiller: Error writing /proc/11164/oom_score_adj; errno=22
11-19 12:11:45.964  2912  2912 E lowmemorykiller: Error writing /proc/11980/oom_score_adj; errno=22
11-19 12:11:45.976  2912  2912 E lowmemorykiller: Error writing /proc/11164/oom_score_adj; errno=22
11-19 12:11:45.976  2912  2912 E lowmemorykiller: Error writing /proc/11980/oom_score_adj; errno=22
11-19 12:11:46.026  2914  3013 I [Gralloc]: alloc w[16] h[16] format[1] usage[256]
11-19 12:11:46.027  2914  3013 I [Gralloc]: alloc succ handle[0x559984ebf0] stride[32]
11-19 12:11:46.028 12107 12122 E linker  : readlink('/proc/self/fd/21') failed: Permission denied [fd=21]
11-19 12:11:46.028 12107 12122 E linker  : warning: unable to get realpath for the library "/system/lib/hw/gralloc.hi3635.so". Will use given name.
11-19 12:11:46.032 12107 12122 E linker  : readlink('/proc/self/fd/22') failed: Permission denied [fd=22]
11-19 12:11:46.032 12107 12122 E linker  : warning: unable to get realpath for the library "libion.so". Will use given name.
11-19 12:11:46.036 12107 12122 E HAL     : load: id=gralloc != hmi->id=gralloc
11-19 12:11:46.043  2912  2912 E lowmemorykiller: Error writing /proc/11164/oom_score_adj; errno=22
11-19 12:11:46.043  2912  2912 E lowmemorykiller: Error writing /proc/11980/oom_score_adj; errno=22
11-19 12:11:46.044  3455  4744 E JavaBinder: !!! FAILED BINDER TRANSACTION !!!  (parcel size = 76)
11-19 12:11:46.046  3455  4744 E JavaBinder: !!! FAILED BINDER TRANSACTION !!!  (parcel size = 76)
11-19 12:11:46.064  3455  3839 E HsmCoreServiceImpl: onTransact in code is: 102
11-19 12:11:46.064  3455  3839 I MediaProcessHandler: processOp opType: 1, uid: 10110, pid: 11164
11-19 12:11:46.064  3455  3839 W MediaProcessHandler: remove target not exist, maybe the UI process: uid: 10110, pid: 11164
11-19 12:11:46.079  2912  2912 E lowmemorykiller: Error opening /proc/11980/oom_score_adj; errno=2
11-19 12:11:46.082 12107 12107 I MultiDex: VM with version 2.1.0 has multidex support
11-19 12:11:46.083 12107 12107 I MultiDex: install
11-19 12:11:46.083 12107 12107 I MultiDex: VM has multidex support, MultiDex support library is disabled.
11-19 12:11:46.099  3455  3841 I SendBroadcastPermission: action:com.android.server.action.NETWORK_STATS_UPDATED, mPermissionType:0
11-19 12:11:46.122  3455  4150 E HsmCoreServiceImpl: onTransact in code is: 102
11-19 12:11:46.122  3455  4150 W MediaProcessHandler: processOp uid 1001 is not concerned!
11-19 12:11:46.123  3455  4766 E HsmCoreServiceImpl: onTransact in code is: 102
11-19 12:11:46.123  3455  4766 I MediaProcessHandler: processOp opType: 1, uid: 10044, pid: 11980
11-19 12:11:46.123  3455  4766 W MediaProcessHandler: remove target not exist, maybe the UI process: uid: 10044, pid: 11980
11-19 12:11:46.139  4331  4998 E HwSystemManager: SimCardMethod:/getSimCardInfo: imsi is null
11-19 12:11:46.141 11290 11628 I Icing   : Usage reports 0 indexed 0 rejected 0 imm upload true
11-19 12:11:46.151 11290 11628 I Icing   : Usage reports 0 indexed 0 rejected 0 imm upload false
11-19 12:11:46.157 11290 12120 W IcingInternalCorpora: getNumBytesRead when not calculated.
11-19 12:11:46.159 12107 12107 I Crashlytics: Initializing Crashlytics 1.1.13.29
11-19 12:11:46.164 11290 11628 I Icing   : Usage reports 0 indexed 0 rejected 0 imm upload false
11-19 12:11:46.170 15313 12091 I UpdateIcingCorporaServi: UpdateCorporaTask done [took 481 ms] updated apps [took 481 ms] 
11-19 12:11:46.177  4331  4998 I HwSystemManager: NormalTrafficAnalysis:alert byte = 0 last alert byte = 0
11-19 12:11:46.177  4331  4998 E HwSystemManager: NormalTrafficAnalysis:alert byte = 0, so return
11-19 12:11:46.184 15313 15313 I MemoryTrimmer: Trimming objects from memory, since app is in the background.
11-19 12:11:46.200  4331  4998 I HwSystemManager: TafficState:default sub id = 0slotIndex = 0 subscriptionId = 0
11-19 12:11:46.211  4331  4998 E HwSystemManager: LeisureTrafficSetting:result is empty
11-19 12:11:46.218  4331  4998 I HwSystemManager: NatTrafficNotifyService:delta byte = 0 no traffic delta = 0Traffic state is 301
11-19 12:11:46.229  4331  4998 I HwSystemManager: ExtraTrafficSetting:result is empty
11-19 12:11:46.248 11290 12120 I SendBroadcastPermission: action:com.google.android.gms.icing.action.CONTACT_CHANGED, mPermissionType:0
11-19 12:11:46.256  4331  4998 I HwSystemManager: NormalTraffic:updateBytes total limit = 1610612735 warn = 1288490188 used = 1055584604
11-19 12:11:46.258  4331  4998 I HwSystemManager: ITrafficInfo:ITrafficInfo create 301updateBytes = 1055584604
11-19 12:11:46.349 12107 12158 I System  : core_booster, getBoosterConfig = false
11-19 12:11:46.395 12107 12107 I MediaRouter: Found default route: MediaRouter.RouteInfo{ uniqueId=android/.support.v7.media.SystemMediaRouteProvider:DEFAULT_ROUTE, name=Phone, description=null, enabled=true, connecting=false, playbackType=0, playbackStream=3, volumeHandling=1, volume=6, volumeMax=15, presentationDisplayId=-1, extras=null, providerPackageName=android }
11-19 12:11:46.484 11290 11628 I Icing   : Usage reports 0 indexed 0 rejected 0 imm upload false
11-19 12:11:46.495  3455  3845 E WifiConfigStore: updateConfiguration freq=2417 BSSID=74:da:38:24:aa:b8 RSSI=-50 "panlid-old"WPA_PSK
11-19 12:11:46.510 12107 12107 I HwCust  : Constructor found for class android.app.HwCustAlarmManagerImpl
11-19 12:11:46.582 12107 12107 I Appboy v1.9.2 .com.appboy.Appboy: Google Cloud Messaging found.  Setting up Google Cloud Messaging
11-19 12:11:46.585 12107 12107 W Appboy v1.9.2 .bo.app.cc: The device is already registered with the GCM server and is eligible to receive GCM messages.
11-19 12:11:46.587 12107 12107 I Appboy v1.9.2 .bo.app.bt: com.amazon.device.messaging.ADM not found
11-19 12:11:46.599 12107 12107 I Appboy v1.9.2 .bo.app.ca: Appboy Wearable service is not available. Declare <service android:name="com.appboy.services.AppboyWearableListenerService"/> in your appboy.xml to enable Appboy wearable service. See the Droidboy manifest for an example
11-19 12:11:46.647  4718  4718 I PGUtils : im apps = [com.google.android.talk, com.tencent.mm, com.facebook.katana, com.alibaba.mobileim, com.taobao.qianniu, com.jd.im.seller, jd.dd.seller, com.facebook.orca, com.immomo.momo, com.eg.android.AlipayGphone, com.tencent.mm, com.tencent.mobileqq]
11-19 12:11:46.651 12107 12107 I Appboy v1.9.2 .bo.app.bv: Location collection disabled via appboy.xml configuration.
11-19 12:11:46.652 12107 12107 I Appboy v1.9.2 .bo.app.bv: Background location collection disabled via appboy.xml configuration.
11-19 12:11:46.655 12107 12107 I Appboy v1.9.2 .bo.app.bv: Appboy location service is not available. Declare <service android:name="com.appboy.services.AppboyLocationService"/> in your Appboy.xml to enable Appboy location service.
11-19 12:11:46.656 12107 12107 I Appboy v1.9.2 .bo.app.bv: Time interval override set to default for background location collection: 3600s.
11-19 12:11:46.659 12107 12107 I Appboy v1.9.2 .bo.app.bv: Distance threshold override set to default for background location collection: 50.0m.
11-19 12:11:46.659 12107 12107 I Appboy v1.9.2 .bo.app.bv: Returning null location provider. Location collection is disabled.
11-19 12:11:46.665 12107 12107 I Appboy v1.9.2 .bo.app.bv: Did not request background location updates. Location collection is disabled.
11-19 12:11:46.676  3966  3966 W View    : requestLayout() improperly called by com.android.systemui.statusbar.phone.IconMerger{e4cbfb3 V.E...... ........ 0,0-216,72 #7f1000c3 app:id/notificationIcons} during second layout pass: posting in next frame
11-19 12:11:46.691 12107 12175 I Appboy v1.9.2 .bo.app.el: Found 1 sealed session rows.
11-19 12:11:46.692  4718  4718 I ash     : AppStaticDB change !
11-19 12:11:46.729 19916 12171 I SendBroadcastPermission: action:slidejoy.NOTIFICATION_CHANGED, mPermissionType:0
11-19 12:11:46.764  3455  3455 I MQoS    : onSignal: mSubId=0,currDataSubID=0
11-19 12:11:46.764  3455  3455 I MQoS    : received cell-signal:4
11-19 12:11:46.766  3455  4784 I SendBroadcastPermission: action:android.intent.action.SIG_STR, mPermissionType:0
