11-19 12:12:27.954 13500 13544 I IIccPhoneBookAdapter: Simrecords 1= 3400
11-19 12:12:27.954 13500 13544 I IIccPhoneBookAdapter: Simrecords 2= 100
11-19 12:12:27.957 13500 13533 W ResourceType: For resource 0x7f021875, entry index(6261) is beyond type entryCount(475)
11-19 12:12:27.957 13500 13533 W ResourceType: Failure getting entry for 0x7f021875 (t=1 e=6261) (error -75)
11-19 12:12:27.958 13500 13533 W ResourceType: For resource 0x7f021875, entry index(6261) is beyond type entryCount(475)
11-19 12:12:27.958 13500 13533 W ResourceType: Failure getting entry for 0x7f021875 (t=1 e=6261) (error -75)
11-19 12:12:27.958 13500 13533 W ResourceType: For resource 0x7f021876, entry index(6262) is beyond type entryCount(475)
11-19 12:12:27.958 13500 13533 W ResourceType: Failure getting entry for 0x7f021876 (t=1 e=6262) (error -75)
11-19 12:12:27.958 13500 13533 W ResourceType: For resource 0x7f021877, entry index(6263) is beyond type entryCount(475)
11-19 12:12:27.958 13500 13533 W ResourceType: Failure getting entry for 0x7f021877 (t=1 e=6263) (error -75)
11-19 12:12:27.959  3455  3986 I AccountManagerService: getTypesVisibleToCaller: isPermitted? true
11-19 12:12:27.966  3455  4622 I AccountManagerService: getTypesVisibleToCaller: isPermitted? true
11-19 12:12:27.973  2912  2912 E lowmemorykiller: Error writing /proc/12955/oom_score_adj; errno=22
11-19 12:12:27.974  3455  4150 E JavaBinder: !!! FAILED BINDER TRANSACTION !!!  (parcel size = 2336)
11-19 12:12:27.974 12867 13546 I HwSystemManager: SpaceCleanReceiver:receive intent:android.intent.action.PACKAGE_ADDED
11-19 12:12:27.982 12867 13542 I HwSystemManager: ProtectAppControl:handleMessage:6
11-19 12:12:27.983 12867 13542 I HwSystemManager: ProtectAppControl:begin install app inner:com.google.android.inputmethod.pinyin
11-19 12:12:27.988 12867 13547 I HwSystemManager: BootStartManager:batchDeleteOperation !
11-19 12:12:27.988 12867 13547 I HwSystemManager: BootStartManager:batchDeleteOperation !
11-19 12:12:27.990 12867 13536 W CfgFilePolicy: No config file found for:xml/hsm/permission/hsm_permission_white_apps.xml
11-19 12:12:27.998  3455  3984 E HsmCoreServiceImpl: onTransact in code is: 102
11-19 12:12:27.998  3455  3984 W MediaProcessHandler: processOp uid 1000 is not concerned!
11-19 12:12:28.013  4331  4331 E HwSystemManager: AppCleanUpService:msg is 0
11-19 12:12:28.014  4331 13555 I HwSystemManager: AppCleanUpService:begin to insertAppWithPkgName, pkg:com.google.android.inputmethod.pinyin
11-19 12:12:28.022 13500 13533 W ResourceType: For resource 0x7f021875, entry index(6261) is beyond type entryCount(475)
11-19 12:12:28.022 13500 13533 W ResourceType: Failure getting entry for 0x7f021875 (t=1 e=6261) (error -75)
11-19 12:12:28.022 13500 13533 W ResourceType: For resource 0x7f021875, entry index(6261) is beyond type entryCount(475)
11-19 12:12:28.022 13500 13533 W ResourceType: Failure getting entry for 0x7f021875 (t=1 e=6261) (error -75)
11-19 12:12:28.022 13500 13533 W ResourceType: For resource 0x7f021876, entry index(6262) is beyond type entryCount(475)
11-19 12:12:28.022 13500 13533 W ResourceType: Failure getting entry for 0x7f021876 (t=1 e=6262) (error -75)
11-19 12:12:28.022 13500 13533 W ResourceType: For resource 0x7f021877, entry index(6263) is beyond type entryCount(475)
11-19 12:12:28.022 13500 13533 W ResourceType: Failure getting entry for 0x7f021877 (t=1 e=6263) (error -75)
11-19 12:12:28.023  3455  4578 I AccountManagerService: getTypesVisibleToCaller: isPermitted? true
11-19 12:12:28.060  4331 13541 I HwSystemManager: AntiVirusService:found virusscan pkg, send broadcast. pkg:com.google.android.inputmethod.pinyin
11-19 12:12:28.060  4331 13541 I SendBroadcastPermission: action:com.huawei.systemmanager.action.found_virusscan_app, mPermissionType:0
11-19 12:12:28.067  3455  4150 I AccountManagerService: getTypesVisibleToCaller: isPermitted? true
11-19 12:12:28.084 13500 13533 W ResourceType: For resource 0x7f021875, entry index(6261) is beyond type entryCount(475)
11-19 12:12:28.084 13500 13533 W ResourceType: Failure getting entry for 0x7f021875 (t=1 e=6261) (error -75)
11-19 12:12:28.084 13500 13533 W ResourceType: For resource 0x7f021875, entry index(6261) is beyond type entryCount(475)
11-19 12:12:28.084 13500 13533 W ResourceType: Failure getting entry for 0x7f021875 (t=1 e=6261) (error -75)
11-19 12:12:28.084 13500 13533 W ResourceType: For resource 0x7f021876, entry index(6262) is beyond type entryCount(475)
11-19 12:12:28.084 13500 13533 W ResourceType: Failure getting entry for 0x7f021876 (t=1 e=6262) (error -75)
11-19 12:12:28.084 13500 13533 W ResourceType: For resource 0x7f021877, entry index(6263) is beyond type entryCount(475)
11-19 12:12:28.084 13500 13533 W ResourceType: Failure getting entry for 0x7f021877 (t=1 e=6263) (error -75)
11-19 12:12:28.085  3455  4578 I AccountManagerService: getTypesVisibleToCaller: isPermitted? true
11-19 12:12:28.099  2914  3875 I [Gralloc]: alloc w[16] h[16] format[1] usage[256]
11-19 12:12:28.099  2914  3875 I [Gralloc]: alloc succ handle[0x559984ebf0] stride[32]
11-19 12:12:28.100 13550 13566 E linker  : readlink('/proc/self/fd/21') failed: Permission denied [fd=21]
11-19 12:12:28.100 13550 13566 E linker  : warning: unable to get realpath for the library "/system/lib64/hw/gralloc.hi3635.so". Will use given name.
11-19 12:12:28.103 13550 13566 E linker  : readlink('/proc/self/fd/21') failed: Permission denied [fd=21]
11-19 12:12:28.103 13550 13566 E linker  : warning: unable to get realpath for the library "libion.so". Will use given name.
11-19 12:12:28.105 13550 13566 E HAL     : load: id=gralloc != hmi->id=gralloc
11-19 12:12:28.106 12867 13546 I HwSystemManager: SpaceCleanReceiver:package added: com.google.android.inputmethod.pinyin
11-19 12:12:28.106 12867 13536 W CfgFilePolicy: No config file found for:xml/hsm/permission/hsm_permission_black_apps.xml
11-19 12:12:28.108 12867 13536 W CfgFilePolicy: No config file found for:xml/hsm/bootstart/hsm_bootstart_white_apps.xml
11-19 12:12:28.110 12867 13536 W CfgFilePolicy: No config file found for:xml/hsm/bootstart/hsm_bootstart_black_apps.xml
11-19 12:12:28.113 13173 13406 I Icing   : Internal init done: storage state 0
11-19 12:12:28.113 12867 13546 E HwSystemManager: SpaceCleanReceiver:doPkgAdd pi is not valid permission
11-19 12:12:28.114 12867 13536 W CfgFilePolicy: No config file found for:xml/hsm/notification/hsm_notification_white_apps.xml
11-19 12:12:28.115 13550 13550 W System  : ClassLoader referenced unknown path: /system/app/HwKaraokeEffect/lib/arm64
11-19 12:12:28.117 12867 13536 W CfgFilePolicy: No config file found for:xml/hsm/notification/hsm_notification_black_apps.xml
11-19 12:12:28.118 12867 13536 W CfgFilePolicy: No config file found for:xml/hsm/dropzone/hsm_dropzone_white_apps.xml
11-19 12:12:28.123 12867 13536 W CfgFilePolicy: No config file found for:xml/hsm/dropzone/hsm_dropzone_black_apps.xml
11-19 12:12:28.124 12867 13536 W CfgFilePolicy: No config file found for:xml/hsm/netaccess/hsm_netaccess_white_apps.xml
11-19 12:12:28.125 12867 13536 W CfgFilePolicy: No config file found for:xml/hsm/netaccess/hsm_netaccess_black_apps.xml
11-19 12:12:28.127 13173 13406 I Icing   : Post-init done
11-19 12:12:28.134 12867 13536 W CfgFilePolicy: No config file found for:xml/hsm/applock/hsm_applock_white_apps.xml
11-19 12:12:28.137 12867 13536 W CfgFilePolicy: No config file found for:xml/default_black_package_name.xml
11-19 12:12:28.139 13550 13550 W CfgFilePolicy: No config file found for:xml/hw_karaokeeffect_app_config.xml
11-19 12:12:28.140 12867 13542 W HwSystemManager: ProtectAppControl:com.google.android.inputmethod.pinyin already exist!
11-19 12:12:28.155 12971 12971 I PushLogAC2613: [main-1]action is android.intent.action.PACKAGE_ADDED(pushagent/null:-1)
11-19 12:12:28.157 12971 12971 I PushLogAC2613: [main-1]run push selfshow(pushagent/null:-1)
11-19 12:12:28.163 12971 12991 I PushLogAC2613: [Thread-51600-51600]framework push exist, use framework push first(pushagent/null:-1)
11-19 12:12:28.238 12867 13536 W CfgFilePolicy: No config file found for:xml/hw_permission_parameter.xml
11-19 12:12:28.247  2914  3013 I [Gralloc]: alloc w[16] h[16] format[1] usage[256]
11-19 12:12:28.247  2914  3013 I [Gralloc]: alloc succ handle[0x559984ebf0] stride[32]
11-19 12:12:28.248 13572 13586 E linker  : readlink('/proc/self/fd/21') failed: Permission denied [fd=21]
11-19 12:12:28.248 13572 13586 E linker  : warning: unable to get realpath for the library "/system/lib/hw/gralloc.hi3635.so". Will use given name.
11-19 12:12:28.249 13572 13586 E linker  : readlink('/proc/self/fd/21') failed: Permission denied [fd=21]
11-19 12:12:28.249 13572 13586 E linker  : warning: unable to get realpath for the library "libion.so". Will use given name.
11-19 12:12:28.251 13572 13586 E HAL     : load: id=gralloc != hmi->id=gralloc
11-19 12:12:28.254 12867 13536 I HwSystemManager: PermissionDbHelper: DBHelper Create Database!  : SQLiteDatabase: /data/user/0/com.huawei.systemmanager/databases/permission.db
11-19 12:12:28.257 12867 13536 I HwSystemManager: HsmPackageManager:get all installed packages, flag:0, size:211
11-19 12:12:28.257 12867 13536 E HwSystemManager: PermissionDBAdapter:appcationsList size:211
11-19 12:12:28.272 13009 13009 I PushLogSC2609: [main-1]action is android.intent.action.PACKAGE_ADDED(remotecontrol/null:-1)
11-19 12:12:28.274 13009 13009 I PushLogSC2609: [main-1]run push selfshow(remotecontrol/null:-1)
11-19 12:12:28.293  4718 16153 I PgedBinderListener: kstate callback type:8 value1=12993 value2=KILLED
11-19 12:12:28.294 13009 13034 I PushLogSC2609: [Thread-51608-51608]framework push exist, use framework push first(remotecontrol/null:-1)
11-19 12:12:28.296 13035 13035 I PushLogSC2609: [main-1]action is android.intent.action.PACKAGE_ADDED(skytone/null:-1)
11-19 12:12:28.298 13035 13035 I PushLogSC2609: [main-1]run push selfshow(skytone/null:-1)
11-19 12:12:28.307 13451 13534 I System  : core_booster, getBoosterConfig = false
11-19 12:12:28.319 13035 13058 I PushLogSC2609: [Thread-22245-22245]framework push exist, use framework push first(skytone/null:-1)
11-19 12:12:28.320 13060 13060 I PushLogSC2609: [main-1]action is android.intent.action.PACKAGE_ADDED(ds/null:-1)
11-19 12:12:28.323 13060 13060 I PushLogSC2609: [main-1]run push selfshow(ds/null:-1)
11-19 12:12:28.345 13060 13090 I PushLogSC2609: [Thread-51620-51620]framework push exist, use framework push first(ds/null:-1)
11-19 12:12:28.350 13094 13094 I PushLogSC2816_hwid: [main-1]action is android.intent.action.PACKAGE_ADDED(hwid/null:-1)
11-19 12:12:28.351 13451 13535 I System  : core_booster, getBoosterConfig = false
11-19 12:12:28.355 13094 13094 I PushLogSC2816_hwid: [main-1]run push selfshow(hwid/null:-1)
11-19 12:12:28.366  3455  3986 E HsmCoreServiceImpl: onTransact in code is: 102
11-19 12:12:28.366  3455  3986 W MediaProcessHandler: processOp uid 1000 is not concerned!
11-19 12:12:28.368 13094 13130 I PushLogSC2816_hwid: [Thread-22263-22263]votedPackage from file:android(hwid/null:-1)
11-19 12:12:28.373 13131 13131 I PushLogSC2705: [main-1]action is android.intent.action.PACKAGE_ADDED(appmarket/null:-1)
11-19 12:12:28.375 13131 13131 I PushLogSC2705: [main-1]run push selfshow(appmarket/null:-1)
11-19 12:12:28.406 13173 13388 I SendBroadcastPermission: action:com.google.android.gms.actions.HANDLE_PACKAGE_INSTALLED, mPermissionType:0
11-19 12:12:28.452  4718 18003 I PgedBinderListener: kstate callback type:8 value1=13451 value2=KILLED
11-19 12:12:28.517 15313 13602 I UpdateIcingCorporaServi: Updating corpora: APPS=com.google.android.inputmethod.pinyin, CONTACTS=MAYBE
11-19 12:12:28.552  3455  3845 E WifiConfigStore: updateConfiguration freq=2417 BSSID=74:da:38:24:aa:b8 RSSI=-47 "panlid-old"WPA_PSK
11-19 12:12:28.579  3455  4696 E HsmCoreServiceImpl: onTransact in code is: 102
11-19 12:12:28.579  3455  4696 I MediaProcessHandler: processOp opType: 1, uid: 10014, pid: 13451
11-19 12:12:28.579  3455  4696 W MediaProcessHandler: remove target not exist, maybe the UI process: uid: 10014, pid: 13451
11-19 12:12:28.608  3455  4766 I AccountManagerService: getTypesVisibleToCaller: isPermitted? true
11-19 12:12:28.612 13393 13393 I Finsky  : [1] com.google.android.finsky.utils.PermissionPolicies$PermissionPolicyService.onStartCommand(115): post-install permissions check for com.google.android.inputmethod.pinyin
11-19 12:12:28.651  3455  4088 I AccountManagerService: getTypesVisibleToCaller: isPermitted? true
11-19 12:12:28.656  4718 18002 I PgedBinderListener: kstate callback type:8 value1=13500 value2=KILLED
11-19 12:12:28.658 13173 13605 I GoogleURLConnFactory: Using platform SSLCertificateSocketFactory
11-19 12:12:28.667 13393 13393 E Finsky  : [1] com.google.android.finsky.wear.bp.a(843): onConnectionFailed: ConnectionResult{statusCode=API_UNAVAILABLE, resolution=null, message=null}
11-19 12:12:28.668 13393 13393 I Finsky  : [1] com.google.android.finsky.wear.an.run(2399): Dropping command=send_installed_apps due to Gms not connected
11-19 12:12:28.668 13173 13605 E BaseAppContext: Tried to stop global GMSCore RequestQueue. This is likely unintended, so ignoring.
11-19 12:12:28.711  2914  3013 I [Gralloc]: alloc w[16] h[16] format[1] usage[256]
11-19 12:12:28.711  2914  3013 I [Gralloc]: alloc succ handle[0x559984ebf0] stride[32]
11-19 12:12:28.712 13609 13628 E linker  : readlink('/proc/self/fd/21') failed: Permission denied [fd=21]
11-19 12:12:28.712 13609 13628 E linker  : warning: unable to get realpath for the library "/system/lib/hw/gralloc.hi3635.so". Will use given name.
11-19 12:12:28.713 13609 13628 E linker  : readlink('/proc/self/fd/21') failed: Permission denied [fd=21]
11-19 12:12:28.713 13609 13628 E linker  : warning: unable to get realpath for the library "libion.so". Will use given name.
11-19 12:12:28.715 13609 13628 E HAL     : load: id=gralloc != hmi->id=gralloc
11-19 12:12:28.739 13173 13445 I Icing   : Usage reports 0 indexed 0 rejected 0 imm upload false
11-19 12:12:28.748  3455  3465 E HsmCoreServiceImpl: onTransact in code is: 102
11-19 12:12:28.748  3455  3465 I MediaProcessHandler: processOp opType: 1, uid: 10004, pid: 13500
11-19 12:12:28.748  3455  3465 W MediaProcessHandler: remove target not exist, maybe the UI process: uid: 10004, pid: 13500
11-19 12:12:28.754 13173 13445 I Icing   : Usage reports 0 indexed 0 rejected 0 imm upload false
11-19 12:12:28.766 13173 13445 I Icing   : Usage reports 0 indexed 0 rejected 0 imm upload true
11-19 12:12:28.777 13173 13625 W IcingInternalCorpora: getNumBytesRead when not calculated.
11-19 12:12:28.782 13609 13609 I MultiDex: VM with version 2.1.0 has multidex support
11-19 12:12:28.782 13609 13609 I MultiDex: install
11-19 12:12:28.782 13609 13609 I MultiDex: VM has multidex support, MultiDex support library is disabled.
11-19 12:12:28.789 15313 13602 I UpdateIcingCorporaServi: UpdateCorporaTask done [took 271 ms] updated apps [took 271 ms] 
11-19 12:12:28.805  4718  4731 I PgedBinderListener: kstate callback type:8 value1=13550 value2=KILLED
11-19 12:12:28.821  4718 16978 I PgedBinderListener: kstate callback type:8 value1=12971 value2=KILLED
11-19 12:12:28.839 13173 13625 I SendBroadcastPermission: action:com.google.android.gms.icing.action.CONTACT_CHANGED, mPermissionType:0
11-19 12:12:28.863 13609 13609 I Crashlytics: Initializing Crashlytics 1.1.13.29
11-19 12:12:28.876  3455  4784 E HsmCoreServiceImpl: onTransact in code is: 102
11-19 12:12:28.876  3455  4784 W MediaProcessHandler: processOp uid 1000 is not concerned!
11-19 12:12:28.923  3455  3845 E WifiConfigStore: updateConfiguration freq=2417 BSSID=74:da:38:24:aa:b8 RSSI=-47 "panlid-old"WPA_PSK
11-19 12:12:28.925  3455  3839 E HsmCoreServiceImpl: onTransact in code is: 102
11-19 12:12:28.925  3455  3839 I MediaProcessHandler: processOp opType: 1, uid: 10049, pid: 12971
11-19 12:12:28.925  3455  3839 W MediaProcessHandler: remove target not exist, maybe the UI process: uid: 10049, pid: 12971
11-19 12:12:29.129 13609 13663 I System  : core_booster, getBoosterConfig = false
11-19 12:12:29.136 13609 13609 I MediaRouter: Found default route: MediaRouter.RouteInfo{ uniqueId=android/.support.v7.media.SystemMediaRouteProvider:DEFAULT_ROUTE, name=Phone, description=null, enabled=true, connecting=false, playbackType=0, playbackStream=3, volumeHandling=1, volume=6, volumeMax=15, presentationDisplayId=-1, extras=null, providerPackageName=android }
11-19 12:12:29.243 13173 13445 I Icing   : Usage reports 0 indexed 0 rejected 0 imm upload false
11-19 12:12:29.269 13609 13609 I HwCust  : Constructor found for class android.app.HwCustAlarmManagerImpl
11-19 12:12:29.355 13609 13609 I Appboy v1.9.2 .com.appboy.Appboy: Google Cloud Messaging found.  Setting up Google Cloud Messaging
11-19 12:12:29.358 13609 13609 W Appboy v1.9.2 .bo.app.cc: The device is already registered with the GCM server and is eligible to receive GCM messages.
11-19 12:12:29.359 13609 13609 I Appboy v1.9.2 .bo.app.bt: com.amazon.device.messaging.ADM not found
11-19 12:12:29.378 13609 13663 I System  : core_booster, getBoosterConfig = false
11-19 12:12:29.379  3455  3464 I art     : Background partial concurrent mark sweep GC freed 34660(2MB) AllocSpace objects, 0(0B) LOS objects, 16% free, 62MB/74MB, paused 2.874ms total 240.596ms
11-19 12:12:29.380 13609 13609 I Appboy v1.9.2 .bo.app.ca: Appboy Wearable service is not available. Declare <service android:name="com.appboy.services.AppboyWearableListenerService"/> in your appboy.xml to enable Appboy wearable service. See the Droidboy manifest for an example
11-19 12:12:29.407 13609 13609 I Appboy v1.9.2 .bo.app.bv: Location collection disabled via appboy.xml configuration.
11-19 12:12:29.408 13609 13609 I Appboy v1.9.2 .bo.app.bv: Background location collection disabled via appboy.xml configuration.
11-19 12:12:29.409 13609 13609 I Appboy v1.9.2 .bo.app.bv: Appboy location service is not available. Declare <service android:name="com.appboy.services.AppboyLocationService"/> in your Appboy.xml to enable Appboy location service.
11-19 12:12:29.410 13609 13609 I Appboy v1.9.2 .bo.app.bv: Time interval override set to default for background location collection: 3600s.
11-19 12:12:29.411 13609 13609 I Appboy v1.9.2 .bo.app.bv: Distance threshold override set to default for background location collection: 50.0m.
11-19 12:12:29.411 13609 13609 I Appboy v1.9.2 .bo.app.bv: Returning null location provider. Location collection is disabled.
11-19 12:12:29.414 13609 13609 I Appboy v1.9.2 .bo.app.bv: Did not request background location updates. Location collection is disabled.
11-19 12:12:29.425 13609 13679 I Appboy v1.9.2 .bo.app.el: Found 1 sealed session rows.
11-19 12:12:29.550  3455  3845 E WifiConfigStore: updateConfiguration freq=2417 BSSID=74:da:38:24:aa:b8 RSSI=-47 "panlid-old"WPA_PSK
11-19 12:12:29.555 12867 13536 W ResourceType: ResTable_typeSpec entry count inconsistent: given 1, previously 1266
11-19 12:12:29.557 14130 14212 I System.out: [sh]
11-19 12:12:29.557 14130 14212 I System.out: null
11-19 12:12:29.557 14130 14212 I System.out: null
11-19 12:12:29.557 14130 14212 I System.out: Calling by::className:com.upalytics.sdk.ShUtility  MethodName:
11-19 12:12:29.725 14130 14212 I System.out: [cat, /proc/4767/oom_score_adj]
11-19 12:12:29.725 14130 14212 I System.out: null
11-19 12:12:29.725 14130 14212 I System.out: null
11-19 12:12:29.725 14130 14212 I System.out: Calling by::className:com.upalytics.sdk.Con  MethodName:
11-19 12:12:29.781 13173 13445 I Icing   : Indexing 44D22F48FF12BCA890EE196A60FAB4A09CFB00D7 from com.google.android.gms
11-19 12:12:29.847  3455  4647 E HwGpsLogServices: Network pos is already runing!
11-19 12:12:29.859  3455  3455 I TrafficMonitor: update:rxPkts:32,txPkts:31,rxBytes:15562,txBytes:1924
11-19 12:12:29.859  3455  3455 I TrafficMonitor: start expired. level:-1
11-19 12:12:29.859  3455  3455 I TrafficMonitor: gettimer:interval=2000
11-19 12:12:29.883 13173 13445 I Icing   : Indexing 6F66F80A45475809F476AE3E694388821769F186 from com.google.android.googlequicksearchbox
11-19 12:12:29.899  3455  4744 I SendBroadcastPermission: action:android.location.LOCATION_REQUEST_CHANGE_ACTION, mPermissionType:0
11-19 12:12:29.907  3455  4615 I SendBroadcastPermission: action:action_inject_location, mPermissionType:0
11-19 12:12:29.920 13173 13445 I Icing   : Indexing done 44D22F48FF12BCA890EE196A60FAB4A09CFB00D7
11-19 12:12:29.942 13173 13445 I Icing   : Indexing done 6F66F80A45475809F476AE3E694388821769F186
11-19 12:12:29.961  3455  4696 I LocationManagerService: remove 5160624
11-19 12:12:29.961  3455  4696 I SendBroadcastPermission: action:android.location.LOCATION_REQUEST_CHANGE_ACTION, mPermissionType:0
11-19 12:12:30.000  3455  3477 I Bluetooth_framework: BluetoothManagerService:Message: 20
11-19 12:12:30.000  3455  3477 I Bluetooth_framework: BluetoothManagerService:Added callback: android.bluetooth.IBluetoothManagerCallback$Stub$Proxy@45e4342:true pid = 13609
11-19 12:12:30.017 12867 13536 I HwSystemManager: HsmPackageManager:get all installed packages, flag:0, size:211
11-19 12:12:30.017 12867 13536 E HwSystemManager: PermissionDBAdapter:appcationsList size:211
11-19 12:12:30.039  3455  3892 E HwCHRWebMonitor: getFileResult throw exceptionjava.io.FileNotFoundException: proc/net/wifi_network_stat: open failed: ENOENT (No such file or directory)
11-19 12:12:30.091 12867 13536 I SendBroadcastPermission: action:PACKAGE_ADDED_OR_REMOVED, mPermissionType:0
11-19 12:12:30.103 13609 13609 W Settings: Setting airplane_mode_on has moved from android.provider.Settings.System to android.provider.Settings.Global, returning read-only value.
11-19 12:12:30.171  4718  4741 I PgedBinderListener: kstate callback type:8 value1=12867 value2=KILLED
11-19 12:12:30.186  3110  3441 I AudioFlinger: acquireWakeLock_l() AudioOut_6 mType: 0 status 0
11-19 12:12:30.186  3110  3441 I AudioFlinger: updateWakeLockUids_l() AudioOut_6 mType: 0 status 0
11-19 12:12:30.202  3455  3984 W System.err: java.lang.SecurityException: WifiService: Neither user 10156 nor current process has android.permission.CHANGE_WIFI_STATE.
11-19 12:12:30.202  3455  3984 W System.err: 	at android.app.ContextImpl.enforce(ContextImpl.java:1595)
11-19 12:12:30.202  3455  3984 W System.err: 	at android.app.ContextImpl.enforceCallingOrSelfPermission(ContextImpl.java:1627)
11-19 12:12:30.202  3455  3984 W System.err: 	at com.android.server.wifi.WifiServiceImpl.enforceChangePermission(WifiServiceImpl.java:671)
11-19 12:12:30.202  3455  3984 W System.err: 	at com.android.server.wifi.WifiServiceImpl.getWifiServiceMessenger(WifiServiceImpl.java:1838)
11-19 12:12:30.202  3455  3984 W System.err: 	at android.net.wifi.IWifiManager$Stub.onTransact(IWifiManager.java:558)
11-19 12:12:30.202  3455  3984 W System.err: 	at com.android.server.wifi.HwWifiService.onTransact(HwWifiService.java:267)
11-19 12:12:30.202  3455  3984 W System.err: 	at android.os.Binder.execTransact(Binder.java:453)
11-19 12:12:30.204 13609 13609 E WifiManager: WifiServiceMessenger == null
11-19 12:12:30.224  2914  3875 I [Gralloc]: alloc w[16] h[16] format[1] usage[256]
11-19 12:12:30.224  2914  3875 I [Gralloc]: alloc succ handle[0x559984ebf0] stride[32]
11-19 12:12:30.225 13713 13725 E linker  : readlink('/proc/self/fd/21') failed: Permission denied [fd=21]
11-19 12:12:30.225 13713 13725 E linker  : warning: unable to get realpath for the library "/system/lib64/hw/gralloc.hi3635.so". Will use given name.
11-19 12:12:30.226 13713 13725 E linker  : readlink('/proc/self/fd/21') failed: Permission denied [fd=21]
11-19 12:12:30.226 13713 13725 E linker  : warning: unable to get realpath for the library "libion.so". Will use given name.
11-19 12:12:30.227 13713 13725 E HAL     : load: id=gralloc != hmi->id=gralloc
11-19 12:12:30.236 13609 13609 I WebViewFactory: Loading com.google.android.webview version 54.0.2840.85 (code 284008550)
11-19 12:12:30.251 13173 13445 I Icing   : Indexing 4FEB4C95EEC6CA4F3A20BCE1969757C3475E9419 from com.google.android.gms
11-19 12:12:30.276  3455  4676 E HsmCoreServiceImpl: onTransact in code is: 102
11-19 12:12:30.276  3455  4676 W MediaProcessHandler: processOp uid 1000 is not concerned!
11-19 12:12:30.298 13173 13445 I Icing   : Indexing done 4FEB4C95EEC6CA4F3A20BCE1969757C3475E9419
11-19 12:12:30.300 13173 13445 I SendBroadcastPermission: action:com.google.android.gms.icing.IME_NOTIFICATION, mPermissionType:0
11-19 12:12:30.301 13173 13445 I SendBroadcastPermission: action:com.google.android.gms.icing.IME_NOTIFICATION, mPermissionType:0
11-19 12:12:30.303 13173 13445 I SendBroadcastPermission: action:com.google.android.gms.icing.IME_NOTIFICATION, mPermissionType:0
11-19 12:12:30.304 13173 13445 I SendBroadcastPermission: action:com.google.android.gms.icing.IME_NOTIFICATION, mPermissionType:0
11-19 12:12:30.305 13173 13445 I SendBroadcastPermission: action:com.google.android.gms.icing.IME_NOTIFICATION, mPermissionType:0
11-19 12:12:30.305 13173 13445 I SendBroadcastPermission: action:com.google.android.gms.icing.IME_NOTIFICATION, mPermissionType:0
11-19 12:12:30.306 13173 13445 I SendBroadcastPermission: action:com.google.android.gms.icing.IME_NOTIFICATION, mPermissionType:0
11-19 12:12:30.307 13173 13445 I SendBroadcastPermission: action:com.google.android.gms.icing.IME_NOTIFICATION, mPermissionType:0
11-19 12:12:30.308 13173 13445 I SendBroadcastPermission: action:com.google.android.gms.icing.IME_NOTIFICATION, mPermissionType:0
11-19 12:12:30.309 13173 13445 I SendBroadcastPermission: action:com.google.android.gms.icing.IME_NOTIFICATION, mPermissionType:0
11-19 12:12:30.309 13173 13445 I SendBroadcastPermission: action:com.google.android.gms.icing.IME_NOTIFICATION, mPermissionType:0
11-19 12:12:30.310 13609 13609 I art     : Rejecting re-init on previously-failed class java.lang.Class<com.android.webview.chromium.TokenBindingManagerAdapter>
11-19 12:12:30.310 13609 13609 I art     : Rejecting re-init on previously-failed class java.lang.Class<com.android.webview.chromium.TokenBindingManagerAdapter>
11-19 12:12:30.310 13173 13445 I SendBroadcastPermission: action:com.google.android.gms.icing.IME_NOTIFICATION, mPermissionType:0
11-19 12:12:30.311 13173 13445 I SendBroadcastPermission: action:com.google.android.gms.icing.IME_NOTIFICATION, mPermissionType:0
11-19 12:12:30.312 13173 13445 I SendBroadcastPermission: action:com.google.android.gms.icing.IME_NOTIFICATION, mPermissionType:0
11-19 12:12:30.313 13173 13445 I SendBroadcastPermission: action:com.google.android.gms.icing.IME_NOTIFICATION, mPermissionType:0
11-19 12:12:30.313 13173 13445 I SendBroadcastPermission: action:com.google.android.gms.icing.IME_NOTIFICATION, mPermissionType:0
11-19 12:12:30.314 13173 13445 I SendBroadcastPermission: action:com.google.android.gms.icing.IME_NOTIFICATION, mPermissionType:0
11-19 12:12:30.315 13173 13445 I SendBroadcastPermission: action:com.google.android.gms.icing.IME_NOTIFICATION, mPermissionType:0
11-19 12:12:30.316 13173 13445 I SendBroadcastPermission: action:com.google.android.gms.icing.IME_NOTIFICATION, mPermissionType:0
11-19 12:12:30.317 13173 13445 I SendBroadcastPermission: action:com.google.android.gms.icing.IME_NOTIFICATION, mPermissionType:0
11-19 12:12:30.317 13609 13609 I art     : Rejecting re-init on previously-failed class java.lang.Class<com.android.webview.chromium.ServiceWorkerControllerAdapter>
11-19 12:12:30.318 13609 13609 I art     : Rejecting re-init on previously-failed class java.lang.Class<com.android.webview.chromium.ServiceWorkerControllerAdapter>
11-19 12:12:30.318 13173 13445 I SendBroadcastPermission: action:com.google.android.gms.icing.IME_NOTIFICATION, mPermissionType:0
11-19 12:12:30.318 13173 13445 I SendBroadcastPermission: action:com.google.android.gms.icing.IME_NOTIFICATION, mPermissionType:0
11-19 12:12:30.319 13173 13445 I SendBroadcastPermission: action:com.google.android.gms.icing.IME_NOTIFICATION, mPermissionType:0
11-19 12:12:30.320 13173 13445 I SendBroadcastPermission: action:com.google.android.gms.icing.IME_NOTIFICATION, mPermissionType:0
11-19 12:12:30.320 13173 13445 I SendBroadcastPermission: action:com.google.android.gms.icing.IME_NOTIFICATION, mPermissionType:0
11-19 12:12:30.321 13173 13445 I SendBroadcastPermission: action:com.google.android.gms.icing.IME_NOTIFICATION, mPermissionType:0
11-19 12:12:30.322 13173 13445 I SendBroadcastPermission: action:com.google.android.gms.icing.IME_NOTIFICATION, mPermissionType:0
11-19 12:12:30.324 13609 13609 I cr_LibraryLoader: Time to load native libraries: 1 ms (timestamps 628-629)
11-19 12:12:30.324 13609 13609 I cr_LibraryLoader: Expected native library version number "54.0.2840.85", actual native library version number "54.0.2840.85"
11-19 12:12:30.359 13609 13609 I cr_LibraryLoader: Expected native library version number "54.0.2840.85", actual native library version number "54.0.2840.85"
11-19 12:12:30.359 13609 13609 I chromium: [INFO:library_loader_hooks.cc(151)] Chromium logging enabled: level = 0, default verbosity = 0
11-19 12:12:30.361 13609 13665 I System  : core_booster, getBoosterConfig = false
11-19 12:12:30.385 13609 13609 I cr_BrowserStartup: Initializing chromium process, singleProcess=true
11-19 12:12:30.445  6997  7103 I System.out: [sh]
11-19 12:12:30.445  6997  7103 I System.out: null
11-19 12:12:30.445  6997  7103 I System.out: null
11-19 12:12:30.462  6997  7103 I System.out: Calling by::className:net.beyondapp.basicsdk.a.b  MethodName:a
11-19 12:12:30.476 13609 13609 E HAL     : load: id=gralloc != hmi->id=gralloc
11-19 12:12:30.505  2914  3875 I [Gralloc]: alloc w[16] h[16] format[1] usage[256]
11-19 12:12:30.505  2914  3875 I [Gralloc]: alloc succ handle[0x559984ebf0] stride[32]
11-19 12:12:30.506 13755 13785 E linker  : readlink('/proc/self/fd/21') failed: Permission denied [fd=21]
11-19 12:12:30.506 13755 13785 E linker  : warning: unable to get realpath for the library "/system/lib64/hw/gralloc.hi3635.so". Will use given name.
11-19 12:12:30.508 13755 13785 E linker  : readlink('/proc/self/fd/21') failed: Permission denied [fd=21]
11-19 12:12:30.508 13755 13785 E linker  : warning: unable to get realpath for the library "libion.so". Will use given name.
11-19 12:12:30.509 13713 13713 I SendBroadcastPermission: action:com.huawei.appmarket.service.downloadservice.Receiver, mPermissionType:0
11-19 12:12:30.510 13755 13785 E HAL     : load: id=gralloc != hmi->id=gralloc
11-19 12:12:30.512  9071  9071 I HwLauncher: LauncherDownloadModel onReceive intent=Intent { act=com.huawei.appmarket.service.downloadservice.Receiver flg=0x10 }
11-19 12:12:30.512  9071  9071 W HwLauncher: get getBundleExtra with downloadtask all return null!
11-19 12:12:30.551  3455  3845 E WifiConfigStore: updateConfiguration freq=2417 BSSID=74:da:38:24:aa:b8 RSSI=-48 "panlid-old"WPA_PSK
11-19 12:12:30.624 13609 13697 I System  : core_booster, getBoosterConfig = false
11-19 12:12:30.626 13609 13697 W System.err: java.net.ConnectException: failed to connect to 189170.engine.mobileapptracking.com/127.0.0.1 (port 443) after 60000ms: isConnected failed: ECONNREFUSED (Connection refused)
11-19 12:12:30.626 13755 13755 I HwCust  : Constructor found for class com.android.contacts.HwCustContactApplicationHelperImpl
11-19 12:12:30.633 13609 13665 I System  : core_booster, getBoosterConfig = false
11-19 12:12:30.634 13609 13697 W System.err: 	at libcore.io.IoBridge.isConnected(IoBridge.java:234)
11-19 12:12:30.634 13609 13697 W System.err: 	at libcore.io.IoBridge.connectErrno(IoBridge.java:171)
11-19 12:12:30.634 13609 13697 W System.err: 	at libcore.io.IoBridge.connect(IoBridge.java:122)
11-19 12:12:30.634 13609 13697 W System.err: 	at java.net.PlainSocketImpl.connect(PlainSocketImpl.java:183)
11-19 12:12:30.634 13609 13697 W System.err: 	at java.net.PlainSocketImpl.connect(PlainSocketImpl.java:452)
11-19 12:12:30.634 13609 13697 W System.err: 	at java.net.Socket.connect(Socket.java:938)
11-19 12:12:30.634 13609 13697 W System.err: 	at com.android.okhttp.internal.Platform.connectSocket(Platform.java:117)
11-19 12:12:30.634 13609 13697 W System.err: 	at com.android.okhttp.internal.http.SocketConnector.connectRawSocket(SocketConnector.java:160)
11-19 12:12:30.634 13609 13697 W System.err: 	at com.android.okhttp.internal.http.SocketConnector.connectTls(SocketConnector.java:79)
11-19 12:12:30.634 13609 13697 W System.err: 	at com.android.okhttp.Connection.connect(Connection.java:143)
11-19 12:12:30.634 13609 13697 W System.err: 	at com.android.okhttp.Connection.connectAndSetOwner(Connection.java:185)
11-19 12:12:30.634 13609 13697 W System.err: 	at com.android.okhttp.OkHttpClient$1.connectAndSetOwner(OkHttpClient.java:128)
11-19 12:12:30.635 13609 13697 W System.err: 	at com.android.okhttp.internal.http.HttpEngine.nextConnection(HttpEngine.java:341)
11-19 12:12:30.635 13609 13697 W System.err: 	at com.android.okhttp.internal.http.HttpEngine.connect(HttpEngine.java:330)
11-19 12:12:30.635 13609 13697 W System.err: 	at com.android.okhttp.internal.http.HttpEngine.sendRequest(HttpEngine.java:248)
11-19 12:12:30.635 13609 13697 W System.err: 	at com.android.okhttp.internal.huc.HttpURLConnectionImpl.execute(HttpURLConnectionImpl.java:433)
11-19 12:12:30.635 13609 13697 W System.err: 	at com.android.okhttp.internal.huc.HttpURLConnectionImpl.connect(HttpURLConnectionImpl.java:114)
11-19 12:12:30.635 13609 13697 W System.err: 	at com.android.okhttp.internal.huc.HttpURLConnectionImpl.getOutputStream(HttpURLConnectionImpl.java:245)
11-19 12:12:30.635 13609 13697 W System.err: 	at com.android.okhttp.internal.huc.DelegatingHttpsURLConnection.getOutputStream(DelegatingHttpsURLConnection.java:218)
11-19 12:12:30.635 13609 13697 W System.err: 	at com.android.okhttp.internal.huc.HttpsURLConnectionImpl.getOutputStream(HttpsURLConnectionImpl.java:25)
11-19 12:12:30.636 13609 13697 W System.err: 	at com.mobileapptracker.MATUrlRequester.requestUrl(MATUrlRequester.java:105)
11-19 12:12:30.636 13609 13697 W System.err: 	at com.mobileapptracker.MobileAppTracker.makeRequest(MobileAppTracker.java:319)
11-19 12:12:30.636 13609 13697 W System.err: 	at com.mobileapptracker.MATEventQueue$Dump.run(MATEventQueue.java:172)
11-19 12:12:30.636 13609 13697 W System.err: 	at java.util.concurrent.ThreadPoolExecutor.runWorker(ThreadPoolExecutor.java:1113)
11-19 12:12:30.636 13609 13697 W System.err: 	at java.util.concurrent.ThreadPoolExecutor$Worker.run(ThreadPoolExecutor.java:588)
11-19 12:12:30.636 13609 13697 W System.err: 	at java.lang.Thread.run(Thread.java:833)
11-19 12:12:30.636 13609 13697 W System.err: Caused by: android.system.ErrnoException: isConnected failed: ECONNREFUSED (Connection refused)
11-19 12:12:30.637 13609 13697 W System.err: 	at libcore.io.IoBridge.isConnected(IoBridge.java:223)
11-19 12:12:30.637 13609 13697 W System.err: 	... 25 more
11-19 12:12:30.640 13755 13755 I HwCust  : Constructor found for class android.app.HwCustHwWallpaperManagerImpl
11-19 12:12:30.650 13755 13755 W CfgFilePolicy: No config file found for:xml/rcs_defaults.xml
11-19 12:12:30.652 13755 13809 I HwCust  : Constructor found for class com.android.contacts.preference.HwCustContactsPreferencesImpl
11-19 12:12:30.655 13609 13609 I SendBroadcastPermission: action:player_service_created_action, mPermissionType:0
11-19 12:12:30.659 13755 13809 I HwCust  : Constructor found for class com.android.contacts.model.account.HwCustFallbackAccountTypeImpl
11-19 12:12:30.718  4755  4755 W PowerMonitor.PeriodCheckItem: powergenie_mode, put to hashmap: key = 1479521550717, value = 2, length = 1
11-19 12:12:30.719  3455  4784 I AccountManagerService: getTypesVisibleToCaller: isPermitted? true
11-19 12:12:30.721 13609 13609 W cr_ScreenOrientation: Removing an inexistent observer!
11-19 12:12:30.722  4755  4755 W PowerMonitor.PeriodCheckItem: backlight, put to hashmap: key = 1479521550717, value = 30, length = 2
11-19 12:12:30.723  4755  4755 W PowerMonitor.PeriodCheckItem: discharging, put to hashmap: key = 1479521550717, value = -370, length = 4
11-19 12:12:30.727 13755 13820 I HwCust  : Constructor found for class com.android.contacts.model.account.HwCustAccountModelCustomizationImpl
11-19 12:12:30.754  4718 16154 I PgedBinderListener: kstate callback type:8 value1=13009 value2=KILLED
11-19 12:12:30.760  4718 16153 I PgedBinderListener: kstate callback type:8 value1=13572 value2=KILLED
11-19 12:12:30.769  2914  3011 I [Gralloc]: alloc w[16] h[16] format[1] usage[256]
11-19 12:12:30.770  2914  3011 I [Gralloc]: alloc succ handle[0x559984ebf0] stride[32]
11-19 12:12:30.771  3966  3966 I NetworkSpeedManagerEx: mIsStop = false
11-19 12:12:30.771 13821 13833 E linker  : readlink('/proc/self/fd/21') failed: Permission denied [fd=21]
11-19 12:12:30.771 13821 13833 E linker  : warning: unable to get realpath for the library "/system/lib/hw/gralloc.hi3635.so". Will use given name.
11-19 12:12:30.775 13821 13833 E linker  : readlink('/proc/self/fd/21') failed: Permission denied [fd=21]
11-19 12:12:30.775 13821 13833 E linker  : warning: unable to get realpath for the library "libion.so". Will use given name.
11-19 12:12:30.776  3966  3966 I NetworkSpeedManagerEx:  value = 8507.333
11-19 12:12:30.776  3966  3966 I NetworkSpeedManagerEx: speed = 8.3K/s
11-19 12:12:30.776  3966  3966 I NetworkSpeedView: /update(), speed=8.3K/s
11-19 12:12:30.777 13755 13835 I IIccPhoneBookAdapter: Simrecords 0= 0
11-19 12:12:30.777 13755 13835 I IIccPhoneBookAdapter: Simrecords 1= 88
11-19 12:12:30.777 13755 13835 I IIccPhoneBookAdapter: Simrecords 2= 100
11-19 12:12:30.777 13755 13835 I IIccPhoneBookAdapter: Simrecords 3= 1
11-19 12:12:30.777 13755 13835 I IIccPhoneBookAdapter: Simrecords 4= 100
11-19 12:12:30.777 13755 13835 I IIccPhoneBookAdapter: Simrecords 5= 100
11-19 12:12:30.777 13755 13835 I IIccPhoneBookAdapter: Simrecords 6= 2
11-19 12:12:30.777 13755 13835 I IIccPhoneBookAdapter: Simrecords 7= 100
11-19 12:12:30.777 13755 13835 I IIccPhoneBookAdapter: Simrecords 8= 100
11-19 12:12:30.778 13821 13833 E HAL     : load: id=gralloc != hmi->id=gralloc
11-19 12:12:30.787 13755 13820 I HwCust  : Constructor found for class com.android.contacts.model.account.HwCustExchangeAccountTypeImpl
11-19 12:12:30.797 13755 13838 I IIccPhoneBookAdapter: Simrecords 0= 34
11-19 12:12:30.798 13755 13838 I IIccPhoneBookAdapter: Simrecords 1= 3400
11-19 12:12:30.798 13755 13838 I IIccPhoneBookAdapter: Simrecords 2= 100
11-19 12:12:30.811 13755 13820 W ResourceType: For resource 0x7f021875, entry index(6261) is beyond type entryCount(475)
11-19 12:12:30.811 13755 13820 W ResourceType: Failure getting entry for 0x7f021875 (t=1 e=6261) (error -75)
11-19 12:12:30.811 13755 13820 W ResourceType: For resource 0x7f021875, entry index(6261) is beyond type entryCount(475)
11-19 12:12:30.811 13755 13820 W ResourceType: Failure getting entry for 0x7f021875 (t=1 e=6261) (error -75)
11-19 12:12:30.811 13755 13820 W ResourceType: For resource 0x7f021876, entry index(6262) is beyond type entryCount(475)
11-19 12:12:30.811 13755 13820 W ResourceType: Failure getting entry for 0x7f021876 (t=1 e=6262) (error -75)
11-19 12:12:30.811 13755 13820 W ResourceType: For resource 0x7f021877, entry index(6263) is beyond type entryCount(475)
11-19 12:12:30.811 13755 13820 W ResourceType: Failure getting entry for 0x7f021877 (t=1 e=6263) (error -75)
11-19 12:12:30.813  3455  3465 I AccountManagerService: getTypesVisibleToCaller: isPermitted? true
11-19 12:12:30.816  3455  4696 E HsmCoreServiceImpl: onTransact in code is: 102
11-19 12:12:30.816  3455  4696 I MediaProcessHandler: processOp opType: 1, uid: 10089, pid: 13009
11-19 12:12:30.816  3455  4696 W MediaProcessHandler: remove target not exist, maybe the UI process: uid: 10089, pid: 13009
11-19 12:12:30.832  3455  4744 I AccountManagerService: getTypesVisibleToCaller: isPermitted? true
11-19 12:12:30.839 13821 13821 I HwSystemManager: SystemManagerApplication:onCreate
11-19 12:12:30.844 13755 13820 W ResourceType: For resource 0x7f021875, entry index(6261) is beyond type entryCount(475)
11-19 12:12:30.844 13755 13820 W ResourceType: Failure getting entry for 0x7f021875 (t=1 e=6261) (error -75)
11-19 12:12:30.844 13755 13820 W ResourceType: For resource 0x7f021875, entry index(6261) is beyond type entryCount(475)
11-19 12:12:30.844 13755 13820 W ResourceType: Failure getting entry for 0x7f021875 (t=1 e=6261) (error -75)
11-19 12:12:30.844 13755 13820 W ResourceType: For resource 0x7f021876, entry index(6262) is beyond type entryCount(475)
11-19 12:12:30.844 13755 13820 W ResourceType: Failure getting entry for 0x7f021876 (t=1 e=6262) (error -75)
11-19 12:12:30.844 13755 13820 W ResourceType: For resource 0x7f021877, entry index(6263) is beyond type entryCount(475)
11-19 12:12:30.844 13755 13820 W ResourceType: Failure getting entry for 0x7f021877 (t=1 e=6263) (error -75)
11-19 12:12:30.846  3455  4578 I AccountManagerService: getTypesVisibleToCaller: isPermitted? true
11-19 12:12:30.846  3455  4622 E HsmCoreServiceImpl: onTransact in code is: 102
11-19 12:12:30.846  3455  4622 I MediaProcessHandler: processOp opType: 1, uid: 10020, pid: 13572
11-19 12:12:30.846  3455  4622 W MediaProcessHandler: remove target not exist, maybe the UI process: uid: 10020, pid: 13572
11-19 12:12:30.855 13821 13855 I System.out: [ls, -l, /system/priv-app/HwSystemManager/HwSystemManager.apk]
11-19 12:12:30.855 13821 13855 I System.out: null
11-19 12:12:30.855 13821 13855 I System.out: null
11-19 12:12:30.857 13821 13855 I System.out: Calling by::className:com.huawei.systemmanager.util.HwLogTagHelper  MethodName:checkHsmIsPushed
11-19 12:12:30.857  3455  3455 I TrafficMonitor: expired arrive. level:-1
11-19 12:12:30.857  3455  3455 I TrafficMonitor: during_ms:2001,period_ms:2000
11-19 12:12:30.858  3455  3455 I TrafficMonitor: count:334,rx_sum:32,tx_sum:31,rxBytes:15562,during_ms:2001,rx_speed:7777.111444277862,tx_speed:961.5192403798102,rto:1.032258064516129
11-19 12:12:30.863  3455  4088 I AccountManagerService: getTypesVisibleToCaller: isPermitted? true
11-19 12:12:30.871 13821 13821 I HwSystemManager: ProcPolicy:this proc is:com.huawei.systemmanager
11-19 12:12:30.872 13755 13820 W ResourceType: For resource 0x7f021875, entry index(6261) is beyond type entryCount(475)
11-19 12:12:30.872 13755 13820 W ResourceType: Failure getting entry for 0x7f021875 (t=1 e=6261) (error -75)
11-19 12:12:30.872 13755 13820 W ResourceType: For resource 0x7f021875, entry index(6261) is beyond type entryCount(475)
11-19 12:12:30.872 13755 13820 W ResourceType: Failure getting entry for 0x7f021875 (t=1 e=6261) (error -75)
11-19 12:12:30.872 13755 13820 W ResourceType: For resource 0x7f021876, entry index(6262) is beyond type entryCount(475)
11-19 12:12:30.872 13755 13820 W ResourceType: Failure getting entry for 0x7f021876 (t=1 e=6262) (error -75)
11-19 12:12:30.872 13755 13820 W ResourceType: For resource 0x7f021877, entry index(6263) is beyond type entryCount(475)
11-19 12:12:30.872 13755 13820 W ResourceType: Failure getting entry for 0x7f021877 (t=1 e=6263) (error -75)
11-19 12:12:30.873  3455  3984 I AccountManagerService: getTypesVisibleToCaller: isPermitted? true
11-19 12:12:30.885  4331  4331 I HwSystemManager: LocalService:Received start id 683: Intent { cmp=com.huawei.systemmanager/com.huawei.permission.HoldService }
11-19 12:12:30.890  4331  4331 I HwSystemManager: BgPowerManagerService:onStartCommand
11-19 12:12:30.894 13821 13855 I HwSystemManager: check push opration, match idx:-1
11-19 12:12:30.911 13821 13821 W CfgFilePolicy: No config file found for:xml/hsm_config.xml
11-19 12:12:30.916 13821 13821 I HwSystemManager: HsmStat_info:feature enable:true
11-19 12:12:30.922 13821 13821 I HwSystemManager: CustomizeWrapper:permissionStatus is 0
11-19 12:12:30.930 13821 13821 I HwSystemManager: TMSEngineFeature: TMS support enable for netassistant.
11-19 12:12:30.930 13821 13875 W CfgFilePolicy: No config file found for:xml/hsm/protect/hsm_protect_default_value.xml
11-19 12:12:30.948 13821 13875 I HwSystemManager: BootStartManager:batchDeleteOperation !
11-19 12:12:30.949 13821 13875 I HwSystemManager: BootStartManager:batchDeleteOperation !
11-19 12:12:30.975  4718 18003 I PgedBinderListener: kstate callback type:8 value1=13035 value2=KILLED
11-19 12:12:31.023  2949  2949 E Thermal-daemon: [ap] temp_new :44  temp_old :43
11-19 12:12:31.023  2949  2949 E Thermal-daemon: Report temperature: [ap] temp :44  report_threshold:1
11-19 12:12:31.024  4718  5511 I ThermalStateManager: triggerLevel = 1, triggerAction :{bcurrent=512, cpu_a15=1612800, gpu=360000000, ucurrent=800, cpu=1401600, lcd=0}
11-19 12:12:31.024  4718  5511 I ThermalStateManager: sensor name: cpu temperature: 44 , thermal action: bcurrent policy:512
11-19 12:12:31.024  4718  5511 I ThermalStateManager: sensor name: cpu temperature: 44 , thermal action: cpu_a15 policy:1612800
11-19 12:12:31.024  4718  5511 I ThermalStateManager: sensor name: cpu temperature: 44 , thermal action: gpu policy:360000000
11-19 12:12:31.024  4718  5511 I ThermalStateManager: sensor name: cpu temperature: 44 , thermal action: cpu policy:1401600
11-19 12:12:31.076  3455  3984 E HsmCoreServiceImpl: onTransact in code is: 102
11-19 12:12:31.076  3455  3984 W MediaProcessHandler: processOp uid 1001 is not concerned!
11-19 12:12:31.087 13609 13895 I System  : core_booster, getBoosterConfig = false
11-19 12:12:31.099 15313 15313 I MemoryTrimmer: Trimming objects from memory, since app is in the background.
11-19 12:12:31.099 13393 13393 I Finsky  : [1] com.google.android.finsky.utils.dk.onTrimMemory(17): Memory trim requested to level 40
11-19 12:12:31.125  4718  5512 W SwitchManager: NoSuchMethod: IPowerManager setChargeHotLimit [int,int]
11-19 12:12:31.125  4718  5512 I powergenie_jni: set charge limit 2: 512
11-19 12:12:31.171 13821 13821 I HwSystemManager: SuperAppPermisionChecker:read xml finished
11-19 12:12:31.172  4331 13905 W HwSystemManager: TencentAntiVirusEngine:initQScanner: Already initialized ,skip
11-19 12:12:31.212  4331 13905 I HwSystemManager: AntiVirusService:found virusscan pkg, send broadcast. pkg:com.google.android.inputmethod.pinyin
11-19 12:12:31.212  4331 13905 I SendBroadcastPermission: action:com.huawei.systemmanager.action.found_virusscan_app, mPermissionType:0
11-19 12:12:31.243  2914  3013 I [Gralloc]: alloc w[16] h[16] format[1] usage[256]
11-19 12:12:31.243  2914  3013 I [Gralloc]: alloc succ handle[0x559984ebf0] stride[32]
11-19 12:12:31.245 13907 13919 E linker  : readlink('/proc/self/fd/21') failed: Permission denied [fd=21]
11-19 12:12:31.245 13907 13919 E linker  : warning: unable to get realpath for the library "/system/lib64/hw/gralloc.hi3635.so". Will use given name.
11-19 12:12:31.246 13907 13919 E linker  : readlink('/proc/self/fd/21') failed: Permission denied [fd=21]
11-19 12:12:31.246 13907 13919 E linker  : warning: unable to get realpath for the library "libion.so". Will use given name.
11-19 12:12:31.247 13907 13919 E HAL     : load: id=gralloc != hmi->id=gralloc
11-19 12:12:31.262 13907 13907 W System  : ClassLoader referenced unknown path: /system/app/HwKaraokeEffect/lib/arm64
11-19 12:12:31.274 13173 13173 I CastSocket: 23 >= 18. Adding new CastClientAuthKeyManager.
11-19 12:12:31.281 13907 13907 W CfgFilePolicy: No config file found for:xml/hw_karaokeeffect_app_config.xml
11-19 12:12:31.323  7604  7846 E NetworkScheduler.SR: Invalid parameter app
11-19 12:12:31.324  7604  7846 E NetworkScheduler.SR: Invalid package name : Perhaps you didn't include a PendingIntent in the extras?
11-19 12:12:31.326 13173 13173 I CastMediaRouteProvider: in onDiscoveryRequestChanged: request=DiscoveryRequest{ selector=MediaRouteSelector{ controlCategories=[com.google.android.gms.cast.CATEGORY_CAST/C54DBC0F] }, activeScan=true, isValid=true }
11-19 12:12:31.326 13173 13173 I CastMediaRouteProvider: Logging initial network connection state.
11-19 12:12:31.425 13173 13173 I CastMediaRouteProvider: Network connectivity changed
11-19 12:12:31.436  3455  4746 I AccountManagerService: getTypesVisibleToCaller: isPermitted? true
11-19 12:12:31.467  3455  4150 I AccountManagerService: getTypesVisibleToCaller: isPermitted? true
11-19 12:12:31.468 13173 13392 I Icing   : Usage reports 0 indexed 0 rejected 0 imm upload false
11-19 12:12:31.476 13173 13392 I Icing   : Usage reports 0 indexed 0 rejected 0 imm upload false
11-19 12:12:31.476  3455  3984 I AccountManagerService: getTypesVisibleToCaller: isPermitted? true
11-19 12:12:31.478  3455  4578 I AccountManagerService: getTypesVisibleToCaller: isPermitted? true
11-19 12:12:31.491 13173 13445 W MdnsClient_Cast: #acquireLock. Multicast lock not held. Acquiring. Subtypes:"C54DBC0F"
11-19 12:12:31.492  3455  4347 I AccountManagerService: getTypesVisibleToCaller: isPermitted? true
11-19 12:12:31.495  3455  4578 I AccountManagerService: getTypesVisibleToCaller: isPermitted? true
11-19 12:12:31.513 13173 13388 I PeopleDatabaseHelper: cleanUpNonGplusAccounts done.
11-19 12:12:31.551  3455  3845 E WifiConfigStore: updateConfiguration freq=2417 BSSID=74:da:38:24:aa:b8 RSSI=-48 "panlid-old"WPA_PSK
11-19 12:12:31.561 13609 13895 I System  : core_booster, getBoosterConfig = false
11-19 12:12:31.578 14130 14130 I SendBroadcastPermission: action:com.zdworks.android.zdclock.ACTION_SCHEDULE_FINISH, mPermissionType:0
11-19 12:12:31.581 14130 14130 I ZDClock : ScheduleReceiver finish...
11-19 12:12:31.582  3455  4676 I AccountManagerService: getTypesVisibleToCaller: isPermitted? true
11-19 12:12:31.640  4718  4731 I PgedBinderListener: kstate callback type:8 value1=13094 value2=KILLED
