11-18 16:55:13.601  3455  3845 E WifiConfigStore: updateConfiguration freq=2432 BSSID=fc:3f:7c:18:dd:8a RSSI=-50 "panlid"WPA_PSK
11-18 16:55:13.798 31714 31714 I LibV1.0.1-AccountMgr: end check so ok
11-18 16:55:13.815 10213 10213 I SendBroadcastPermission: action:null, mPermissionType:0
11-18 16:55:13.848 31714 31714 I V2.5.1.310-SkyToneNotify-NotifyEngine: registerCtrlReceiver success
11-18 16:55:13.852 31714 31714 I LibV1.0.1-SQLiteAssetHelper: corodb f:false
11-18 16:55:13.856 31714 31714 I LibV1.0.1-SQLiteAssetHelper: openadb ok
11-18 16:55:13.863 31714 31714 I WIFIV1.0.1-TraSTsk: d e 1.0
11-18 16:55:13.893 31714 31714 W VSimApiWrapper: getCellLocation, no such method.
11-18 16:55:13.893 31714 31714 W VSimApiWrapper: getVsimAvailableNetworks, no such method.
11-18 16:55:13.893 31714 31714 W VSimApiWrapper: getUserReservedSubId, no such method.
11-18 16:55:13.894 31714 31714 W VSimApiWrapper: getUserReservedSubId, no such method.
11-18 16:55:13.894 31714 31714 W VSimApiWrapper: isPlatformSupportVsim, no such method.
11-18 16:55:13.894 31714 31714 W VSimApiWrapper: getVSimSubId, no such method.
11-18 16:55:13.895 31714 31714 W VSimApiWrapper: enableVSim, no such method.
11-18 16:55:13.895 31714 31714 W VSimApiWrapper: disableVSim, no such method.
11-18 16:55:13.895 31714 31714 W VSimApiWrapper: setApn, no such method.
11-18 16:55:13.895 31714 31714 W VSimApiWrapper: getSimMode, no such method.
11-18 16:55:13.896 31714 31714 W VSimApiWrapper: getRegPlmn, no such method.
11-18 16:55:13.896 31714 31714 W VSimApiWrapper: getTrafficData, no such method.
11-18 16:55:13.896 31714 31714 W VSimApiWrapper: clearTrafficData, no such method.
11-18 16:55:13.896 31714 31714 W VSimApiWrapper: getSimStateViaSysinfoEx, no such method.
11-18 16:55:13.896 31714 31714 W VSimApiWrapper: getCpserr, no such method.
11-18 16:55:13.896 31714 31714 W VSimApiWrapper: getDevSubMode, no such method.
11-18 16:55:13.896 31714 31714 W VSimApiWrapper: getPreferredNetworkTypeForVSim, no such method.
11-18 16:55:13.896 31714 31714 W VSimApiWrapper: setUserReservedSubId, no such method.
11-18 16:55:13.896 31714 31714 W VSimApiWrapper: hasIccCardForVSim, no such method.
11-18 16:55:13.896 31714 31714 W VSimApiWrapper: hasHardIccCardForVSim, no such method.
11-18 16:55:13.897 31714 31714 W VSimApiWrapper: getNetworkCountryIso, no such method.
11-18 16:55:13.897 31714 31714 W VSimApiWrapper: dsFlowCfg, no such method.
11-18 16:55:13.897 31714 31714 W VSimApiWrapper: getDeviceNetworkCountryIso, no such method.
11-18 16:55:13.897 31714 31714 W VSimApiWrapper: getNetworkOperator, no such method.
11-18 16:55:13.897 31714 31714 W VSimApiWrapper: getNetworkOperatorName, no such method.
11-18 16:55:13.897 31714 31714 W VSimApiWrapper: getNetworkType, no such method.
11-18 16:55:13.898 31714 31714 W VSimApiWrapper: scanVsimAvailableNetworks, no such method.
11-18 16:55:13.898 31714 31714 W VSimApiWrapper: getSubscriberId, no such method.
11-18 16:55:13.898 31714 31714 W VSimApiWrapper: getNetworkCountryIso, no such method.
11-18 16:55:13.898 31714 31714 W VSimApiWrapper: isNetworkRoaming, no such method.
11-18 16:55:13.898 31714 31714 W VSimApiWrapper: getOperatorWithDeviceCustomed, no such method.
11-18 16:55:13.898 31714 31714 W VSimApiWrapper: isTrustedEMUI(), no such method.
11-18 16:55:13.898 31714 31714 W VSimApiWrapper: isMultiSimEnabled, no such method.
11-18 16:55:13.898 31714 31714 W VSimApiWrapper: getVSimSubId, no such method.
11-18 16:55:13.898 31714 31714 W VSimApiWrapper: enableVSim, no such method.
11-18 16:55:13.898 31714 31714 W VSimApiWrapper: disableVSim, no such method.
11-18 16:55:13.898 31714 31714 W VSimApiWrapper: setApn, no such method.
11-18 16:55:13.898 31714 31714 W VSimApiWrapper: getSimMode, no such method.
11-18 16:55:13.898 31714 31714 W VSimApiWrapper: getRegPlmn, no such method.
11-18 16:55:13.898 31714 31714 W VSimApiWrapper: getTrafficData, no such method.
11-18 16:55:13.899 31714 31714 W VSimApiWrapper: clearTrafficData, no such method.
11-18 16:55:13.899 31714 31714 W VSimApiWrapper: getSimStateViaSysinfoEx, no such method.
11-18 16:55:13.899 31714 31714 W VSimApiWrapper: getCpserr, no such method.
11-18 16:55:13.899 31714 31714 W VSimApiWrapper: getDevSubMode, no such method.
11-18 16:55:13.899 31714 31714 W VSimApiWrapper: getPreferredNetworkTypeForVSim, no such method.
11-18 16:55:13.899 31714 31714 W VSimApiWrapper: setUserReservedSubId, no such method.
11-18 16:55:13.899 31714 31714 W VSimApiWrapper: hasIccCardForVSim, no such method.
11-18 16:55:13.899 31714 31714 W VSimApiWrapper: dsFlowCfg, no such method.
11-18 16:55:13.899 31714 31714 W VSimApiWrapper: getDeviceNetworkCountryIso, no such method.
11-18 16:55:13.909 31714 31714 W Settings: Setting airplane_mode_on has moved from android.provider.Settings.System to android.provider.Settings.Global, returning read-only value.
11-18 16:55:13.912 31714 31714 I V2.5.1.310-VsimV1.0.0-MachineInitState: enter() machine transitionState , vsimstatus:UNKNOWN
11-18 16:55:13.921 31714 31714 I V2.5.1.310-VsimV1.0.0-VsimStateMachine: sendMsgToUi mUiHandlers size:0|state code:10000|desc:Goto unkown state
11-18 16:55:13.923 31714 31714 I V2.5.1.310-SkyToneNotify-NotifySendMgr: sendNotifyMsg isCurNoOrderMsg:false|isCurOrderLimite:false
11-18 16:55:13.924 31714 31714 I V2.5.1.310-VsimV1.0.0-VsimStateMachine: sendMsgToUi mUiHandlers is null,error
11-18 16:55:13.929 31714 31714 I WIFIV1.0.1-SCCR: OR b
11-18 16:55:13.929 31714 31714 I WIFIV1.0.1-SCCR: OR a:android.net.conn.CONNECTIVITY_CHANGE
11-18 16:55:13.929 31714 31714 I WIFIV1.0.1-SCCR: OR cc b
11-18 16:55:13.931 31714 31714 I WIFIV1.0.1-WSM: c
11-18 16:55:13.931 31714 31714 I WIFIV1.0.1-SCCR: OR cc e
11-18 16:55:13.932 31714 31714 I WIFIV1.0.1-SCCR: OR e
11-18 16:55:13.936 31714 31740 E WSM     : The start method not called, ignore msg: { when=0 what=7 target=com.huawei.cloudwifi.d.b.f }
11-18 16:55:13.940 31714 31714 I V2.5.1.310-SkyToneNotify-NotifyCtrlReceiver: startNotifyService failed,because  Switch is turnoff or account is no inited.
11-18 16:55:13.943 31714 31714 I V2.5.1.310-SkyToneNotify-NotifyCtrlReceiver: startNotifyService failed,because  Switch is turnoff or account is no inited.
11-18 16:55:13.944 31714 31714 I 100001010203005230226-VSimBroadcastReceiver: receive broadcast:android.net.conn.CONNECTIVITY_CHANGE
11-18 16:55:13.944 31714 31714 E 100001010203005230226-VSimBroadcastReceiver: VSim is not initial.
11-18 16:55:14.010  2914  3013 I [Gralloc]: alloc w[16] h[16] format[1] usage[256]
11-18 16:55:14.010  2914  3013 I [Gralloc]: alloc succ handle[0x5599686290] stride[32]
11-18 16:55:14.011 31745 31757 E linker  : readlink('/proc/self/fd/21') failed: Permission denied [fd=21]
11-18 16:55:14.012 31745 31757 E linker  : warning: unable to get realpath for the library "/system/lib64/hw/gralloc.hi3635.so". Will use given name.
11-18 16:55:14.013 31745 31757 E linker  : readlink('/proc/self/fd/21') failed: Permission denied [fd=21]
11-18 16:55:14.013 31745 31757 E linker  : warning: unable to get realpath for the library "libion.so". Will use given name.
11-18 16:55:14.015 31745 31757 E HAL     : load: id=gralloc != hmi->id=gralloc
11-18 16:55:14.118 30932 30954 W PlaceRecognitionService: reached max time for work,just do work done!
11-18 16:55:14.118 30932 30954 I PlaceRecognitionService: work done startId : 1
11-18 16:55:14.145 10213 10213 I SendBroadcastPermission: action:null, mPermissionType:0
11-18 16:55:14.170 30932 30954 W PlaceRecognitionService: reached max time for work,just do work done!
11-18 16:55:14.171 30932 30954 I PlaceRecognitionService: work done startId : 6
11-18 16:55:14.214  2914  3011 I [Gralloc]: alloc w[16] h[16] format[1] usage[256]
11-18 16:55:14.214  2914  3011 I [Gralloc]: alloc succ handle[0x5599686290] stride[32]
11-18 16:55:14.215 31844 31868 E linker  : readlink('/proc/self/fd/21') failed: Permission denied [fd=21]
11-18 16:55:14.215 31844 31868 E linker  : warning: unable to get realpath for the library "/system/lib64/hw/gralloc.hi3635.so". Will use given name.
11-18 16:55:14.216 31844 31868 E linker  : readlink('/proc/self/fd/21') failed: Permission denied [fd=21]
11-18 16:55:14.216 31844 31868 E linker  : warning: unable to get realpath for the library "libion.so". Will use given name.
11-18 16:55:14.217 31844 31868 E HAL     : load: id=gralloc != hmi->id=gralloc
11-18 16:55:14.225  4718 18003 I PgedBinderListener: kstate callback type:8 value1=31471 value2=KILLED
11-18 16:55:14.299  3455  3839 E HsmCoreServiceImpl: onTransact in code is: 102
11-18 16:55:14.299  3455  3839 I MediaProcessHandler: processOp opType: 1, uid: 10017, pid: 31471
11-18 16:55:14.299  3455  3839 W MediaProcessHandler: remove target not exist, maybe the UI process: uid: 10017, pid: 31471
11-18 16:55:14.321 31844 31844 W System  : ClassLoader referenced unknown path: /system/priv-app/GoogleServicesFramework/lib/arm64
11-18 16:55:14.333 31844 31844 I GservicesProvider: Gservices pushing to system: true; secure/global: true
11-18 16:55:14.378 31844 31844 I GoogleHttpClient: GMS http client unavailable, use old client
11-18 16:55:14.383  3455  4578 I AccountManagerService: getTypesVisibleToCaller: isPermitted? true
11-18 16:55:14.417 31745 31745 W linker  : /data/app/com.google.android.gms-2/lib/arm64/libgmscore.so: unused DT entry: type 0x7ffffffd arg 0x885
11-18 16:55:14.431 31745 31745 W linker  : /data/app/com.google.android.gms-2/lib/arm64/libconscrypt_gmscore_jni.so: unused DT entry: type 0x1d arg 0x80
11-18 16:55:14.431 31745 31745 W linker  : /data/app/com.google.android.gms-2/lib/arm64/libconscrypt_gmscore_jni.so: unused DT entry: type 0x7ffffffd arg 0x169
11-18 16:55:14.456 31745 31745 I art     : Rejecting re-init on previously-failed class java.lang.Class<com.google.android.gms.org.conscrypt.OpenSSLExtendedSessionImpl>
11-18 16:55:14.456 31745 31745 I art     : Rejecting re-init on previously-failed class java.lang.Class<com.google.android.gms.org.conscrypt.OpenSSLExtendedSessionImpl>
11-18 16:55:14.478 31745 31745 I ProviderInstaller: Installed default security provider GmsCore_OpenSSL
11-18 16:55:14.493  4718 16153 I PgedBinderListener: kstate callback type:8 value1=31698 value2=KILLED
11-18 16:55:14.579  3455  4088 E HsmCoreServiceImpl: onTransact in code is: 102
11-18 16:55:14.579  3455  4088 W MediaProcessHandler: processOp uid 1000 is not concerned!
11-18 16:55:14.592  3455  3455 I TrafficMonitor: expired arrive. level:-1
11-18 16:55:14.593  3455  3455 I TrafficMonitor: during_ms:2001,period_ms:2000
11-18 16:55:14.593  3455  3455 I TrafficMonitor: count:3,rx_sum:21,tx_sum:25,rxBytes:2606,during_ms:2001,rx_speed:1302.3488255872064,tx_speed:1878.0609695152425,rto:0.84
11-18 16:55:14.602  3455  3845 E WifiConfigStore: updateConfiguration freq=2432 BSSID=fc:3f:7c:18:dd:8a RSSI=-50 "panlid"WPA_PSK
11-18 16:55:14.604  3455  3900 I HuaweiWifiWatchdogStateMachine: spd good count:0, add sc:0.0, rate:1.0
11-18 16:55:14.604  3455  3900 I HuaweiWifiWatchdogStateMachine: current mHighDataFlowRate = 1.0
11-18 16:55:14.605  3455  3900 I HuaweiWifiWatchdogStateMachine: POta txb txg rxg:18, 432, 0. Lr =4% Totpkt=450
11-18 16:55:14.605  3455  3455 I WifiProJNI: ######### CMD_QUERY_PKTS ########
11-18 16:55:14.605  3455  3899 I QosMonitor: postEventFromNative: msg=100,arg1=0,arg2=9
11-18 16:55:14.605  3455  3899 W WifiProJNI: poll before: g_monitor_fd =157
11-18 16:55:14.605  3455  3455 I MQoS    : rtt=720,tcp_tx_pkts=4392289,tcp_rx_pkts=6689868
11-18 16:55:14.607  3455  3900 I HuaweiWifiWatchdogStateMachine: PTcp RTT:720, rtt pkt=41, tcp_rx=0, tcp_tx=0, tcp_reTran=0, rtRate=0
11-18 16:55:14.607  3455  3900 I HuaweiWifiWatchdogStateMachine: rt ota tcp rl bad: false, false, false, false; rsth:-75
11-18 16:55:14.607  3455  3900 I HuaweiWifiWatchdogStateMachine:  pkt chk not bad, ### mPktChkBadCnt and sc is 0.
11-18 16:55:14.608  3455  3455 I MQoS    : QOS_level:4(4),wifi-link;use signalLvl:4;RAT:3G-UMTS
11-18 16:55:14.635 31745 31955 I iu.SyncManager: SYNC; picasa accounts
11-18 16:55:14.653 31745 31745 I iu.Environment: update connectivity state; isNetworkMetered? false, isRoaming? false, isBackgroundDataAllowed? true*
11-18 16:55:14.679 31745 31955 I iu.UploadsManager: num queued entries: 0
11-18 16:55:14.687 31745 31955 I iu.UploadsManager: num updated entries: 0
11-18 16:55:14.695 31745 31955 I iu.SyncManager: NEXT; no task
11-18 16:55:14.705  3455  3892 E HwCHRWebMonitor: getFileResult throw exceptionjava.io.FileNotFoundException: proc/net/wifi_network_stat: open failed: ENOENT (No such file or directory)
11-18 16:55:14.728  4718  4731 I PgedBinderListener: kstate callback type:8 value1=31420 value2=KILLED
11-18 16:55:14.739 27481 27481 I HwEmailTag: EmailProvider->handleNetworkChanged->network is good, start new EmailConnectivityTask
11-18 16:55:14.739 27481 27481 I HwEmailTag: EmailProvider->handleSyncFailCounter->calendar-map size:0
11-18 16:55:14.739 27481 27481 I HwEmailTag: EmailProvider->triggerAllPeriodSync
11-18 16:55:14.739 27481 27809 I HwEmailTag: EmailConnectivityTask->syncOutbox
11-18 16:55:14.739 27481 27809 I HwEmailTag: EmailProvider->query->1479452114739;start;uri:content://com.android.email.provider/mailbox
11-18 16:55:14.741 27481 27809 I HwEmailTag: EmailProvider->query->1479452114739;end;;consuming:2ms;
11-18 16:55:14.763 27481 31968 I HwEmailTag: EmailProvider->triggerAllPeriodSync thread run
11-18 16:55:14.763 27481 31968 I HwEmailTag: EmailProvider->triggerPeroidSync->accountId:-1
11-18 16:55:14.763 27481 31968 I HwEmailTag: EmailProvider->triggerPeroidSync->start, accountId:1
11-18 16:55:14.763 27481 31968 I HwEmailTag: EmailProvider->updateAccountSyncInterval->accountId:1
11-18 16:55:14.765 27481 31968 I HwEmailTag: EmailProvider->restoreAccountWithId. success.account:[Account mId:1: mDisplayName:w*@y7mail.com;mEmailAddress:w*@y7mail.com]
11-18 16:55:14.766 27481 31968 I HwEmailTag: EmailProvider->restoreAccountWithId. success.account:[Account mId:1: mDisplayName:w*@y7mail.com;mEmailAddress:w*@y7mail.com]
11-18 16:55:14.766 27481 31968 I HwEmailTag: EmailProvider->updateAccountSyncInterval->accountId:1; AccountHelper.updateAccountSyncInterval start,-prefixspot-
11-18 16:55:14.766 27481 31968 I HwEmailTag: AccountHelper->addPeriodicSyncIfNeeded->account:Account {name=w*@y7mail.com, type=com.android.email}; authority:com.android.email.provider; syncInterval:15
11-18 16:55:14.767 27481 31968 I HwEmailTag: AccountHelper->addPeriodicSyncIfNeeded->hasSamePeriodSync.pollFrequency=900
11-18 16:55:14.768 27481 31968 I HwEmailTag: EmailProvider->isSecurityHold->:isHold:false
11-18 16:55:14.769 27481 31968 I HwEmailTag: EmailProvider->restoreAccountWithId. success.account:[Account mId:1: mDisplayName:w*@y7mail.com;mEmailAddress:w*@y7mail.com]
11-18 16:55:14.769 27481 31968 I HwEmailTag: EmailProvider->triggerPeroidSync->start, accountId:2
11-18 16:55:14.769 27481 31968 I HwEmailTag: EmailProvider->updateAccountSyncInterval->accountId:2
11-18 16:55:14.770 27481 31968 I HwEmailTag: EmailProvider->restoreAccountWithId. success.account:[Account mId:2: mDisplayName:w*@lunwing.com;mEmailAddress:w*@lunwing.com]
11-18 16:55:14.770 27481 31968 I HwEmailTag: EmailProvider->restoreAccountWithId. success.account:[Account mId:2: mDisplayName:w*@lunwing.com;mEmailAddress:w*@lunwing.com]
11-18 16:55:14.771 27481 31968 I HwEmailTag: EmailProvider->updateAccountSyncInterval->accountId:2; AccountHelper.updateAccountSyncInterval start,-prefixspot-
11-18 16:55:14.771 27481 31968 I HwEmailTag: AccountHelper->addPeriodicSyncIfNeeded->account:Account {name=w*@lunwing.com, type=com.android.email}; authority:com.android.email.provider; syncInterval:5
11-18 16:55:14.772 27481 31968 I HwEmailTag: AccountHelper->addPeriodicSyncIfNeeded->hasSamePeriodSync.pollFrequency=300
11-18 16:55:14.773 27481 31968 I HwEmailTag: EmailProvider->isSecurityHold->:isHold:false
11-18 16:55:14.773 27481 31968 I HwEmailTag: EmailProvider->restoreAccountWithId. success.account:[Account mId:2: mDisplayName:w*@lunwing.com;mEmailAddress:w*@lunwing.com]
11-18 16:55:14.773 27481 31968 I HwEmailTag: EmailProvider->triggerPeroidSync->start, accountId:3
11-18 16:55:14.773 27481 31968 I HwEmailTag: EmailProvider->updateAccountSyncInterval->accountId:3
11-18 16:55:14.774 27481 31968 I HwEmailTag: EmailProvider->restoreAccountWithId. success.account:[Account mId:3: mDisplayName:d*@yahoo.com.au;mEmailAddress:d*@yahoo.com.au]
11-18 16:55:14.775 27481 31968 I HwEmailTag: EmailProvider->restoreAccountWithId. success.account:[Account mId:3: mDisplayName:d*@yahoo.com.au;mEmailAddress:d*@yahoo.com.au]
11-18 16:55:14.775 27481 31968 I HwEmailTag: EmailProvider->updateAccountSyncInterval->accountId:3; AccountHelper.updateAccountSyncInterval start,-prefixspot-
11-18 16:55:14.775 27481 31968 I HwEmailTag: AccountHelper->addPeriodicSyncIfNeeded->account:Account {name=d*@yahoo.com.au, type=com.android.email}; authority:com.android.email.provider; syncInterval:15
11-18 16:55:14.776 27481 31968 I HwEmailTag: AccountHelper->addPeriodicSyncIfNeeded->hasSamePeriodSync.pollFrequency=900
11-18 16:55:14.776  2914  3013 I [Gralloc]: alloc w[16] h[16] format[1] usage[256]
11-18 16:55:14.777  2914  3013 I [Gralloc]: alloc succ handle[0x55996b7400] stride[32]
11-18 16:55:14.778 31956 31969 E linker  : readlink('/proc/self/fd/21') failed: Permission denied [fd=21]
11-18 16:55:14.778 31956 31969 E linker  : warning: unable to get realpath for the library "/system/lib/hw/gralloc.hi3635.so". Will use given name.
11-18 16:55:14.778 27481 31968 I HwEmailTag: EmailProvider->isSecurityHold->:isHold:false
11-18 16:55:14.779 27481 31968 I HwEmailTag: EmailProvider->restoreAccountWithId. success.account:[Account mId:3: mDisplayName:d*@yahoo.com.au;mEmailAddress:d*@yahoo.com.au]
11-18 16:55:14.779 27481 31968 I HwEmailTag: EmailProvider->triggerPeroidSync->start, accountId:4
11-18 16:55:14.779 27481 31968 I HwEmailTag: EmailProvider->updateAccountSyncInterval->accountId:4
11-18 16:55:14.780 27481 31968 I HwEmailTag: EmailProvider->restoreAccountWithId. success.account:[Account mId:4: mDisplayName:c*@gmail.com;mEmailAddress:c*@gmail.com]
11-18 16:55:14.781 27481 31968 I HwEmailTag: EmailProvider->restoreAccountWithId. success.account:[Account mId:4: mDisplayName:c*@gmail.com;mEmailAddress:c*@gmail.com]
11-18 16:55:14.781 27481 31968 I HwEmailTag: EmailProvider->updateAccountSyncInterval->accountId:4; AccountHelper.updateAccountSyncInterval start,-prefixspot-
11-18 16:55:14.781 27481 31968 I HwEmailTag: AccountHelper->addPeriodicSyncIfNeeded->account:Account {name=c*@gmail.com, type=com.android.email}; authority:com.android.email.provider; syncInterval:15
11-18 16:55:14.782 27481 31968 I HwEmailTag: AccountHelper->addPeriodicSyncIfNeeded->hasSamePeriodSync.pollFrequency=900
11-18 16:55:14.782 31956 31969 E linker  : readlink('/proc/self/fd/21') failed: Permission denied [fd=21]
11-18 16:55:14.782 31956 31969 E linker  : warning: unable to get realpath for the library "libion.so". Will use given name.
11-18 16:55:14.783 27481 31968 I HwEmailTag: EmailProvider->isSecurityHold->:isHold:false
11-18 16:55:14.783 31956 31969 E HAL     : load: id=gralloc != hmi->id=gralloc
11-18 16:55:14.784 27481 31968 I HwEmailTag: EmailProvider->restoreAccountWithId. success.account:[Account mId:4: mDisplayName:c*@gmail.com;mEmailAddress:c*@gmail.com]
11-18 16:55:14.802 31956 31956 I MultiDex: VM with version 2.1.0 has multidex support
11-18 16:55:14.802 31956 31956 I MultiDex: install
11-18 16:55:14.802 31956 31956 I MultiDex: VM has multidex support, MultiDex support library is disabled.
11-18 16:55:14.808 31956 31956 I UpgradeManager: Upgrade: oldversion=197
11-18 16:55:14.809  3455  4746 E HsmCoreServiceImpl: onTransact in code is: 102
11-18 16:55:14.809  3455  4746 I MediaProcessHandler: processOp opType: 1, uid: 10017, pid: 31420
11-18 16:55:14.809  3455  4746 W MediaProcessHandler: remove target not exist, maybe the UI process: uid: 10017, pid: 31420
11-18 16:55:14.834  3455  3477 I Bluetooth_framework: BluetoothManagerService:Message: 20
11-18 16:55:14.835  3455  3477 I Bluetooth_framework: BluetoothManagerService:Added callback: android.bluetooth.IBluetoothManagerCallback$Stub$Proxy@8f27362:true pid = 31956
11-18 16:55:14.942  3455  3845 E WifiConfigStore: updateConfiguration freq=2432 BSSID=fc:3f:7c:18:dd:8a RSSI=-50 "panlid"WPA_PSK
11-18 16:55:14.958 31678 31696 I RomSurvey: [Thread-46533-46533]getQuestionnaireID is 0(/RomsurveyXmlManager.java:152)
11-18 16:55:14.975 31678 31696 I RomSurvey: [Thread-46533-46533]getEmuiVersionNum is EMUI 4.0.1(/RomsurveyXmlManager.java:108)
11-18 16:55:14.975 31678 31696 I RomSurvey: [Thread-46533-46533]QUESTION_ID0(/RomsurveyHttpsPostTools.java:224)
11-18 16:55:14.977 31956 31956 I HwCust  : Constructor found for class android.app.HwCustAlarmManagerImpl
11-18 16:55:15.005 31956 31956 I SendBroadcastPermission: action:com.zdworks.android.zdcalendar.action.DATE_CHANGED, mPermissionType:0
11-18 16:55:15.064 19916 31996 I SendBroadcastPermission: action:slidejoy.NOTIFICATION_CHANGED, mPermissionType:0
11-18 16:55:15.111  3966  3966 I NetworkSpeedManagerEx: mIsStop = false
11-18 16:55:15.111 31997 31997 I dex2oat : /system/bin/dex2oat --dex-file=/data/user/0/com.zdworks.android.zdcalendar/cache/.늊ᄬ䓂 --oat-file=/data/user/0/com.zdworks.android.zdcalendar/cache/.ଇ㦬쒴
11-18 16:55:15.112  3966  3966 I NetworkSpeedManagerEx:  value = 6491.3335
11-18 16:55:15.113  3966  3966 I NetworkSpeedManagerEx: speed = 6.3K/s
11-18 16:55:15.113  3966  3966 I NetworkSpeedView: /update(), speed=6.3K/s
11-18 16:55:15.141  4718 16978 I PgedBinderListener: kstate callback type:8 value1=31745 value2=KILLED
11-18 16:55:15.162 31997 32001 I dex2oat : Skipping compilation of java.lang.String com.upalytics.sdk.ˎ$ᐧ.ᐠ(short, short, int): it contains a non natural loop
11-18 16:55:15.170 31997 31997 I dex2oat : dex2oat took 59.424ms (threads: 4) 
11-18 16:55:15.174  3966  3966 W View    : requestLayout() improperly called by com.android.systemui.statusbar.phone.IconMerger{e4cbfb3 V.E...... ......I. 0,0-162,72 #7f1000c3 app:id/notificationIcons} during layout: running second layout pass
11-18 16:55:15.220  3455  3466 E HsmCoreServiceImpl: onTransact in code is: 102
11-18 16:55:15.220  3455  3466 I MediaProcessHandler: processOp opType: 1, uid: 10007, pid: 31745
11-18 16:55:15.220  3455  3466 W MediaProcessHandler: remove target not exist, maybe the UI process: uid: 10007, pid: 31745
11-18 16:55:15.235 32003 32003 I dex2oat : /system/bin/dex2oat --dex-file=/data/user/0/com.zdworks.android.zdcalendar/cache/.늊ᄬ䓂 --oat-file=/data/user/0/com.zdworks.android.zdcalendar/cache/.ଇ㦬쒴
11-18 16:55:15.259 32003 32007 I dex2oat : Skipping compilation of java.lang.String com.upalytics.sdk.coN.ˊ(short, int, short): it contains a non natural loop
11-18 16:55:15.260 32003 32005 I dex2oat : Skipping compilation of java.lang.String com.upalytics.sdk.Con.ˊ(int, int, int): it contains a non natural loop
11-18 16:55:15.261 32003 32003 I dex2oat : Skipping compilation of java.lang.String com.upalytics.sdk.ʾ.ˊ(short, byte, int): it contains a non natural loop
11-18 16:55:15.268 32003 32006 I dex2oat : Skipping compilation of java.lang.String com.upalytics.sdk.ʽ.ˊ(byte, int, short): it contains a non natural loop
11-18 16:55:15.275 32003 32003 I dex2oat : Skipping compilation of java.lang.String com.upalytics.sdk.ˎ.ˊ(short, byte, short): it contains a non natural loop
11-18 16:55:15.283 32003 32007 I dex2oat : Skipping compilation of java.lang.String com.upalytics.sdk.ˍ.ˊ(int, int, byte): it contains a non natural loop
11-18 16:55:15.300 32003 32003 I dex2oat : dex2oat took 65.774ms (threads: 4) 
11-18 16:55:15.374 31678 31696 I RomSurvey: [Thread-46533-46533]UsersurveyHttpsPostTools requestServer Response is 200(/RomsurveyHttpsPostTools.java:114)
11-18 16:55:15.375 31678 31696 I RomSurvey: [Thread-46533-46533]UsersurveyHttpsPostTools parseResponse response{"res":0}(/RomsurveyHttpsPostTools.java:167)
11-18 16:55:15.375 31678 31696 I RomSurvey: [Thread-46533-46533]UsersurveyAutoCheckThread newVersionInfo size(/RomsurveyAutoCheckThread.java:36)
11-18 16:55:15.376 31678 31696 I RomSurvey: [Thread-46533-46533]UsersurveyAutoCheckThread STATUS_NO_NEW_VERSION(/RomsurveyAutoCheckThread.java:42)
11-18 16:55:15.376 31678 31678 I RomSurvey: [main-1]UsersurveyAutoCheckService AUTO_CHECK_VERSION_NORESULT, wait for next network change(/RomsurveyAutoCheckService.java:71)
11-18 16:55:15.387 31678 31678 E RomSurvey: [main-1]UsersurveyAutoCheckService --stop self autocheck service--(/RomsurveyAutoCheckService.java:104)
11-18 16:55:15.404  2949  2949 E Thermal-daemon: [ap] temp_new :38  temp_old :36
11-18 16:55:15.404  2949  2949 E Thermal-daemon: Report temperature: [ap] temp :38  report_threshold:1
11-18 16:55:15.413 31956 31956 W FlurryAgent: 'init' method is deprecated.
11-18 16:55:15.413 31956 31956 I SupportLife: is Support true
11-18 16:55:15.416 31956 32013 E GooglePlayServicesUtil: The Google Play services resources were not found. Check your project configuration to ensure that the resources are included.
11-18 16:55:15.425 31956 32013 E GooglePlayServicesUtil: The Google Play services resources were not found. Check your project configuration to ensure that the resources are included.
11-18 16:55:15.431 31956 32013 E FlurryAgent: GOOGLE PLAY SERVICES ERROR: null
11-18 16:55:15.431 31956 32013 E FlurryAgent: There is a problem with the Google Play Services library, which is required for Android Advertising ID support. The Google Play Services library should be integrated in any app shipping in the Play Store that uses analytics or advertising.
11-18 16:55:15.480 10426 10426 I PushLog2615: [main-1]action is com.huawei.action.CONNECT_PUSHSRV(android/null:-1)
11-18 16:55:15.493 10426 10470 I PushLog2615: [ReceiverDispatcher-498]lastnetWorkType:1 curNetWorkType:1(android/null:-1)
11-18 16:55:15.506 10426 10426 I PushLog2615: [main-1]action is com.huawei.intent.action.PUSH(android/null:-1)
11-18 16:55:15.507  3455  3470 I SendBroadcastPermission: action:android.os.action.POWER_SAVE_TEMP_WHITELIST_CHANGED, mPermissionType:0
11-18 16:55:15.515 10426 10470 I PushLog2615: [ReceiverDispatcher-498]init push bastet failed!(android/null:-1)
11-18 16:55:15.526 10426 10470 I PushLog2615: [ReceiverDispatcher-498]read to Send:DA(android/null:-1)
11-18 16:55:15.526 10426 10470 I PushLog2615: [ReceiverDispatcher-498]send msg to remote srv success(android/null:-1)
11-18 16:55:15.595  3455  3455 I TrafficMonitor: update:rxPkts:32,txPkts:28,rxBytes:12192,txBytes:5365
11-18 16:55:15.596  3455  3455 I TrafficMonitor: start expired. level:-1
11-18 16:55:15.596  3455  3455 I TrafficMonitor: gettimer:interval=2000
11-18 16:55:15.604  3455  3845 E WifiConfigStore: updateConfiguration freq=2432 BSSID=fc:3f:7c:18:dd:8a RSSI=-50 "panlid"WPA_PSK
11-18 16:55:15.946  3455  3822 W AlarmManager: WAKEUP alarm trigger action = AnalyticsService_wakeup elapsed = -1478589466997
11-18 16:55:16.615  3455  3845 E WifiConfigStore: updateConfiguration freq=2432 BSSID=fc:3f:7c:18:dd:8a RSSI=-50 "panlid"WPA_PSK
11-18 16:55:17.599  3455  3455 I TrafficMonitor: update:rxPkts:5,txPkts:5,rxBytes:831,txBytes:846
11-18 16:55:17.600  3455  3455 I TrafficMonitor: start expired. level:-1
11-18 16:55:17.600  3455  3455 I TrafficMonitor: gettimer:interval=2000
11-18 16:55:17.617  3455  3845 E WifiConfigStore: updateConfiguration freq=2432 BSSID=fc:3f:7c:18:dd:8a RSSI=-50 "panlid"WPA_PSK
11-18 16:55:17.633 30932 30954 W PlaceRecognitionService: reached max time for work,just do work done!
11-18 16:55:17.634 30932 30954 I PlaceRecognitionService: work done startId : 7
11-18 16:55:17.639 30932 30932 I PlaceRecognitionService: onDestroy
11-18 16:55:17.643 30932 30954 I CalendarSync: deInit mIsReceiverRegistered : true
11-18 16:55:17.955  3455  3845 E WifiConfigStore: updateConfiguration freq=2432 BSSID=fc:3f:7c:18:dd:8a RSSI=-50 "panlid"WPA_PSK
11-18 16:55:17.973 20679 20800 I System  : core_booster, getBoosterConfig = false
11-18 16:55:18.021 28476 28510 I System  : core_booster, getBoosterConfig = false
11-18 16:55:18.040  3455  3474 I SendBroadcastPermission: action:android.net.conn.DATA_ACTIVITY_CHANGE, mPermissionType:0
11-18 16:55:18.117  3966  3966 I NetworkSpeedManagerEx: mIsStop = false
11-18 16:55:18.119  3966  3966 I NetworkSpeedManagerEx:  value = 5612.6665
11-18 16:55:18.121  3966  3966 I NetworkSpeedManagerEx: speed = 5.5K/s
11-18 16:55:18.121  3966  3966 I NetworkSpeedView: /update(), speed=5.5K/s
11-18 16:55:18.145  3966  3966 W View    : requestLayout() improperly called by com.android.systemui.statusbar.phone.IconMerger{e4cbfb3 V.E...... ........ 0,0-162,72 #7f1000c3 app:id/notificationIcons} during second layout pass: posting in next frame
11-18 16:55:18.306  3455  3822 W AlarmManager: WAKEUP alarm trigger action = ALARM_ACTION(10213) elapsed = 841032299
11-18 16:55:18.309  3455  3822 W AlarmManager: WAKEUP alarm trigger action = com.google.android.location.ALARM_WAKEUP_SENSOR_COLLECTOR elapsed = 841051308
11-18 16:55:18.585  3455  3455 I MQoS    : onSignal: mSubId=0,currDataSubID=0
11-18 16:55:18.585  3455  3455 I MQoS    : received cell-signal:4
11-18 16:55:18.586  3455  3986 I SendBroadcastPermission: action:android.intent.action.SIG_STR, mPermissionType:0
11-18 16:55:18.593  3966  4038 I HwCustMobileSignalControllerImpl: subId:0 phoneType:1 networktype:3 targetClass:2 masterLevel:3 slaveLevel:-1
11-18 16:55:18.608  3455  3845 E WifiConfigStore: updateConfiguration freq=2432 BSSID=fc:3f:7c:18:dd:8a RSSI=-50 "panlid"WPA_PSK
11-18 16:55:18.623  4862  5455 I SendBroadcastPermission: action:com.facebook.common.hardware.p.NETWORKING_ACTIVE, mPermissionType:0
11-18 16:55:19.184  3455  3455 I MQoS    : onSignal: mSubId=0,currDataSubID=0
11-18 16:55:19.184  3455  3455 I MQoS    : received cell-signal:4
11-18 16:55:19.188  3455  4578 I SendBroadcastPermission: action:android.intent.action.SIG_STR, mPermissionType:0
11-18 16:55:19.198  3966  4038 I HwCustMobileSignalControllerImpl: subId:0 phoneType:1 networktype:3 targetClass:2 masterLevel:3 slaveLevel:-1
11-18 16:55:19.604  3455  3455 I TrafficMonitor: update:rxPkts:21,txPkts:23,rxBytes:1349,txBytes:19830
11-18 16:55:19.604  3455  3455 I TrafficMonitor: start expired. level:-1
11-18 16:55:19.604  3455  3455 I TrafficMonitor: gettimer:interval=2000
11-18 16:55:19.622  3455  3845 E WifiConfigStore: updateConfiguration freq=2432 BSSID=fc:3f:7c:18:dd:8a RSSI=-50 "panlid"WPA_PSK
11-18 16:55:19.743  3455  3892 E HwCHRWebMonitor: getFileResult throw exceptionjava.io.FileNotFoundException: proc/net/wifi_network_stat: open failed: ENOENT (No such file or directory)
11-18 16:55:20.407  2949  2949 E Thermal-daemon: [charger_ic] temp_new :35  temp_old :34
11-18 16:55:20.407  2949  2949 E Thermal-daemon: Report temperature: [charger_ic] temp :35  report_threshold:1
11-18 16:55:20.408  2949  2949 E Thermal-daemon: [ap] temp_new :37  temp_old :38
11-18 16:55:20.408  2949  2949 E Thermal-daemon: Report temperature: [ap] temp :37  report_threshold:1
11-18 16:55:20.540  6670  6670 I Mms_TXM_SVC: onStartCommand send EVENT_NEW_INTENT. service-id 1
11-18 16:55:20.540  6670  6670 W Mms_TXM_SVC: ConnectivityBroadcastReceiver.onReceive() action: android.net.conn.CONNECTIVITY_CHANGE
11-18 16:55:20.596  3455  3455 I TrafficMonitor: expired arrive. level:-1
11-18 16:55:20.596  3455  3455 I TrafficMonitor: during_ms:2005,period_ms:2000
11-18 16:55:20.596  3455  3455 I TrafficMonitor: count:6,rx_sum:21,tx_sum:23,rxBytes:1349,during_ms:2005,rx_speed:672.8179551122195,tx_speed:9890.274314214465,rto:0.9130434782608695
11-18 16:55:20.613  3455  3845 E WifiConfigStore: updateConfiguration freq=2432 BSSID=fc:3f:7c:18:dd:8a RSSI=-51 "panlid"WPA_PSK
11-18 16:55:20.645  4862  5455 I SendBroadcastPermission: action:com.facebook.common.hardware.p.NETWORKING_INACTIVE, mPermissionType:0
11-18 16:55:20.652  3736  4074 I System.out: [sh]
11-18 16:55:20.652  3736  4074 I System.out: null
11-18 16:55:20.652  3736  4074 I System.out: null
11-18 16:55:20.652  3736  4074 I System.out: Calling by::className:com.upalytics.sdk.ShUtility  MethodName:ˊ
11-18 16:55:20.846  3736  4074 I System.out: [cat, /proc/4767/oom_score_adj]
11-18 16:55:20.846  3736  4074 I System.out: null
11-18 16:55:20.846  3736  4074 I System.out: null
11-18 16:55:20.847  3736  4074 I System.out: Calling by::className:com.upalytics.sdk.Con  MethodName:ˊ
11-18 16:55:20.964  3455  3845 E WifiConfigStore: updateConfiguration freq=2432 BSSID=fc:3f:7c:18:dd:8a RSSI=-51 "panlid"WPA_PSK
11-18 16:55:21.123  3966  3966 I NetworkSpeedManagerEx: mIsStop = false
11-18 16:55:21.126  3966  3966 I NetworkSpeedManagerEx:  value = 2647.0
11-18 16:55:21.128  3966  3966 I NetworkSpeedManagerEx: speed = 2.6K/s
11-18 16:55:21.128  3966  3966 I NetworkSpeedView: /update(), speed=2.6K/s
11-18 16:55:21.498 10213 10213 I SendBroadcastPermission: action:com.tencent.mm.plugin.report.service.KVCommCrossProcessReceiver, mPermissionType:0
11-18 16:55:21.571  4718  5511 W PhoneStateManager: Maybe it's incorrect, actionID:[null, null, null]
11-18 16:55:21.606  3455  3455 I TrafficMonitor: update:rxPkts:0,txPkts:0,rxBytes:0,txBytes:0
11-18 16:55:21.606  3455  3455 I TrafficMonitor: start expired. level:-1
11-18 16:55:21.606  3455  3455 I TrafficMonitor: gettimer:interval=2000
11-18 16:55:21.615  3455  3845 E WifiConfigStore: updateConfiguration freq=2432 BSSID=fc:3f:7c:18:dd:8a RSSI=-52 "panlid"WPA_PSK
11-18 16:55:21.740  4718  5511 W PhoneStateManager: Maybe it's incorrect, actionID:[null, null, null]
11-18 16:55:21.742 31580 31580 I PackageInstaller: resultcode: 0
11-18 16:55:21.751  2914 11248 I [Gralloc]: alloc w[360] h[642] format[1] usage[819]
11-18 16:55:21.754  2914 11248 I [Gralloc]: alloc succ handle[0x55996834d0] stride[416]
11-18 16:55:21.768 31580 31580 E HandleAdbInstallFlow: can't find valid activity
11-18 16:55:21.773  4738 26424 W System.err: java.lang.SecurityException: getDeviceId: Neither user 10066 nor current process has android.permission.READ_PHONE_STATE.
11-18 16:55:21.773  4738 26424 W System.err: 	at android.app.ContextImpl.enforce(ContextImpl.java:1595)
11-18 16:55:21.773  4738 26424 W System.err: 	at android.app.ContextImpl.enforceCallingOrSelfPermission(ContextImpl.java:1627)
11-18 16:55:21.773  4738 26424 W System.err: 	at android.content.ContextWrapper.enforceCallingOrSelfPermission(ContextWrapper.java:675)
11-18 16:55:21.773  4738 26424 W System.err: 	at android.content.ContextWrapper.enforceCallingOrSelfPermission(ContextWrapper.java:675)
11-18 16:55:21.773  4738 26424 W System.err: 	at com.android.internal.telephony.HwPhoneService.canReadPhoneState(HwPhoneService.java:969)
11-18 16:55:21.773  4738 26424 W System.err: 	at com.android.internal.telephony.HwPhoneService.getUniqueDeviceId(HwPhoneService.java:984)
11-18 16:55:21.773  4738 26424 W System.err: 	at com.android.internal.telephony.IHwTelephony$Stub.onTransact(IHwTelephony.java:364)
11-18 16:55:21.773  4738 26424 W System.err: 	at android.os.Binder.execTransact(Binder.java:453)
11-18 16:55:21.774 31580 31638 W System.err: java.lang.SecurityException: getDeviceId: Neither user 10066 nor current process has android.permission.READ_PHONE_STATE.
11-18 16:55:21.774 31580 31638 W System.err: 	at android.os.Parcel.readException(Parcel.java:1602)
11-18 16:55:21.774 31580 31638 W System.err: 	at android.os.Parcel.readException(Parcel.java:1555)
11-18 16:55:21.774 31580 31638 W System.err: 	at com.android.internal.telephony.IHwTelephony$Stub$Proxy.getUniqueDeviceId(IHwTelephony.java:1297)
11-18 16:55:21.774 31580 31638 W System.err: 	at android.telephony.HwTelephonyManagerInner.getUniqueDeviceId(HwTelephonyManagerInner.java:845)
11-18 16:55:21.774 31580 31638 W System.err: 	at android.telephony.HwInnerTelephonyManagerImpl.getUniqueDeviceId(HwInnerTelephonyManagerImpl.java:340)
11-18 16:55:21.774 31580 31638 W System.err: 	at android.telephony.TelephonyManager.getDeviceId(TelephonyManager.java:723)
11-18 16:55:21.774 31580 31638 W System.err: 	at com.hianalytics.android.v1.e.a(Unknown Source)
11-18 16:55:21.774 31580 31638 W System.err: 	at com.hianalytics.android.v1.e.run(Unknown Source)
11-18 16:55:21.774 31580 31638 W System.err: 	at android.os.Handler.handleCallback(Handler.java:743)
11-18 16:55:21.774 31580 31638 W System.err: 	at android.os.Handler.dispatchMessage(Handler.java:95)
11-18 16:55:21.774 31580 31638 W System.err: 	at android.os.Looper.loop(Looper.java:150)
11-18 16:55:21.774 31580 31638 W System.err: 	at android.os.HandlerThread.run(HandlerThread.java:61)
11-18 16:55:21.776  3455  4784 W System.err: java.lang.NullPointerException: Attempt to invoke virtual method 'int com.huawei.lcagent.client.LogCollectManager.getUserType()' on a null object reference
11-18 16:55:21.786  3455  4784 W System.err: 	at com.android.server.util.ReportTools.getUserType(ReportTools.java:86)
11-18 16:55:21.786  3455  4784 W System.err: 	at com.android.server.util.ReportTools.isBetaUser(ReportTools.java:73)
11-18 16:55:21.786  3455  4784 W System.err: 	at com.android.server.util.ReportTools.report(ReportTools.java:58)
11-18 16:55:21.786  3455  4784 W System.err: 	at com.android.server.util.HwUserBehaviourRecord.appExitRecord(HwUserBehaviourRecord.java:65)
11-18 16:55:21.786  3455  4784 W System.err: 	at com.android.server.am.ActivityStack.completePauseLocked(ActivityStack.java:1261)
11-18 16:55:21.786  3455  4784 W System.err: 	at com.android.server.am.ActivityStack.activityPausedLocked(ActivityStack.java:1160)
11-18 16:55:21.786  3455  4784 W System.err: 	at com.android.server.am.ActivityManagerService.activityPaused(ActivityManagerService.java:6932)
11-18 16:55:21.786  3455  4784 W System.err: 	at android.app.ActivityManagerNative.onTransact(ActivityManagerNative.java:539)
11-18 16:55:21.786  3455  4784 W System.err: 	at com.android.server.am.ActivityManagerService.onTransact(ActivityManagerService.java:2685)
11-18 16:55:21.786  3455  4784 W System.err: 	at com.android.server.am.HwActivityManagerService.onTransact(HwActivityManagerService.java:359)
11-18 16:55:21.786  3455  4784 W System.err: 	at android.os.Binder.execTransact(Binder.java:453)
11-18 16:55:21.786  3455  4784 E ReportTools: This is not beta user build
11-18 16:55:21.790  4718  5541 W PGApi_client: recv actoionId = 10010, action = com.huawei.pgmng.PGAction@b06cde8 actionId =10010 pkg =com.teslacoilsw.launcher extend1 =70938 extend2 = flag =3 type =1
11-18 16:55:21.790  4718  5541 W PGMiddleWare: in handleAction method, action = 10010
11-18 16:55:21.790  4718  5541 W PGMiddleWare: in handleAction, invoke client = com.huawei.pgmng.middleware.AudioEffectLowPowerImpl@5258714, action = com.huawei.pgmng.PGAction@b06cde8 actionId =10010 pkg =com.teslacoilsw.launcher extend1 =70938 extend2 = flag =3 type =1
11-18 16:55:21.800  4331  4987 I HwSystemManager: NotificationGuideService:handle MSG_ACTIVIY_FOREGROUND, uid:10151
11-18 16:55:21.828  3455  3466 I SendBroadcastPermission: action:com.huawei.android.action.GET_INSTALLER_PACKAGE_INFO, mPermissionType:0
11-18 16:55:21.837  4331  4331 I HwSystemManager: HandleInstalledPackageInfoService:onReceive  action is com.huawei.android.action.GET_INSTALLER_PACKAGE_INFO
11-18 16:55:21.837  4331  4331 I HwSystemManager: HandleInstalledPackageInfoService:get count = 2
11-18 16:55:21.850   991  1042 E HAL     : load: id=gralloc != hmi->id=gralloc
11-18 16:55:21.851   991  1042 I OpenGLRenderer: Initialized EGL, version 1.4
11-18 16:55:21.856  2914  3875 I [Gralloc]: alloc w[1080] h[1920] format[1] usage[2816]
11-18 16:55:21.861  2914  3875 I [Gralloc]: alloc succ handle[0x5599686290] stride[1120]
11-18 16:55:21.861  2914  3875 I [Gralloc]: alloc w[1080] h[1920] format[1] usage[2816]
11-18 16:55:21.866  2914  3875 I [Gralloc]: alloc succ handle[0x55996b7400] stride[1120]
11-18 16:55:21.866  2914  3875 I [Gralloc]: alloc w[1080] h[1920] format[1] usage[2816]
11-18 16:55:21.871  2914  3875 I [Gralloc]: alloc succ handle[0x55997840d0] stride[1120]
11-18 16:55:21.897  4718  4741 I PgedBinderListener: kstate callback type:8 value1=30932 value2=KILLED
11-18 16:55:21.953  2912  2912 E lowmemorykiller: Error writing /proc/30932/oom_score_adj; errno=22
11-18 16:55:21.965  2914  3011 I [Gralloc]: alloc w[16] h[16] format[1] usage[256]
11-18 16:55:21.965  2914  3011 I [Gralloc]: alloc succ handle[0x55996fceb0] stride[32]
11-18 16:55:21.966 32036 32048 E linker  : readlink('/proc/self/fd/21') failed: Permission denied [fd=21]
11-18 16:55:21.966 32036 32048 E linker  : warning: unable to get realpath for the library "/system/lib64/hw/gralloc.hi3635.so". Will use given name.
11-18 16:55:21.969 32036 32048 E linker  : readlink('/proc/self/fd/21') failed: Permission denied [fd=21]
11-18 16:55:21.970 32036 32048 E linker  : warning: unable to get realpath for the library "libion.so". Will use given name.
11-18 16:55:21.973 32036 32048 E HAL     : load: id=gralloc != hmi->id=gralloc
11-18 16:55:21.989  3455  4578 E HsmCoreServiceImpl: onTransact in code is: 102
11-18 16:55:21.989  3455  4578 I MediaProcessHandler: processOp opType: 1, uid: 10082, pid: 30932
11-18 16:55:21.989  3455  4578 W MediaProcessHandler: remove target not exist, maybe the UI process: uid: 10082, pid: 30932
11-18 16:55:22.014 32036 32047 I HwCust  : Constructor found for class com.android.internal.content.HwCustPackageHelperImpl
11-18 16:55:22.123  3455  3487 I HwPackageManagerService: start loadForceNotDexApps file. mHaveLoadedNeverDexoptApkList true
11-18 16:55:22.123  3455  3487 I HwPackageManagerService: needed dexopt deferred pkg :com.lunwing.radio
11-18 16:55:22.123  3455  3487 I HwPackageManagerService: start loadAppsList file. mHaveLoadedDexoptInBootUpApkList true
11-18 16:55:22.123  3455  3487 I HwPackageManagerService: needed dexopt deferred pkg :com.lunwing.radio
11-18 16:55:22.125  3455  3487 I HwPackageManagerService: forceNotDex: isOdexCase true, mSystemReady true, mDexOptTotalTime 953818, isFirstBoot false, hasOtaUpdate false
11-18 16:55:22.125  3455  3487 I HwPackageManagerService: forceNotDex = false: isOdexCase true, mSystemReady true
11-18 16:55:22.128  3455  3487 I PackageManager.DexOptimizer: Running dexopt (dex2oat) on: /data/app/vmdl1137113447.tmp/base.apk pkg=com.lunwing.radio isa=arm64 vmSafeMode=false debuggable=true oatDir = /data/app/vmdl1137113447.tmp/oat
11-18 16:55:22.169 32051 32051 I dex2oat : /system/bin/dex2oat --debuggable
11-18 16:55:22.352 32051 32051 I dex2oat : dex2oat took 183.659ms (threads: 4) 
11-18 16:55:22.393   991  1042 W OpenGLRenderer: Incorrectly called buildLayer on View: fh, destroying layer...
11-18 16:55:22.613  4718 16154 I PgedBinderListener: kstate callback type:8 value1=31030 value2=KILLED
11-18 16:55:22.619  3455  3845 E WifiConfigStore: updateConfiguration freq=2432 BSSID=fc:3f:7c:18:dd:8a RSSI=-52 "panlid"WPA_PSK
11-18 16:55:22.622  3455  3900 I HuaweiWifiWatchdogStateMachine: spd good count:0, add sc:0.0, rate:1.0
11-18 16:55:22.622  3455  3900 I HuaweiWifiWatchdogStateMachine: current mHighDataFlowRate = 1.0
11-18 16:55:22.622  3455  3900 I HuaweiWifiWatchdogStateMachine: POta txb txg rxg:0, 52, 0. Lr =0% Totpkt=52
11-18 16:55:22.622  3455  3455 I WifiProJNI: ######### CMD_QUERY_PKTS ########
11-18 16:55:22.623  3455  3899 I QosMonitor: postEventFromNative: msg=100,arg1=0,arg2=9
11-18 16:55:22.623  3455  3899 W WifiProJNI: poll before: g_monitor_fd =157
11-18 16:55:22.623  3455  3455 I MQoS    : rtt=500,tcp_tx_pkts=4392324,tcp_rx_pkts=6689904
11-18 16:55:22.625  3455  3900 I HuaweiWifiWatchdogStateMachine: PTcp RTT:500, rtt pkt=46, tcp_rx=36, tcp_tx=35, tcp_reTran=11, rtRate=0.31
11-18 16:55:22.625  3455  3900 I HuaweiWifiWatchdogStateMachine: rt ota tcp rl bad: false, false, false, false; rsth:-75
11-18 16:55:22.625  3455  3900 I HuaweiWifiWatchdogStateMachine:  pkt chk not bad, ### mPktChkBadCnt and sc is 0.
11-18 16:55:22.626  3455  3455 I MQoS    : QOS_level:4(4),wifi-link;use signalLvl:4;RAT:3G-UMTS
11-18 16:55:22.640  4718 18003 I PgedBinderListener: kstate callback type:8 value1=31678 value2=KILLED
11-18 16:55:22.710  3455  4696 E HsmCoreServiceImpl: onTransact in code is: 102
11-18 16:55:22.710  3455  4696 I MediaProcessHandler: processOp opType: 1, uid: 10055, pid: 31030
11-18 16:55:22.710  3455  4696 W MediaProcessHandler: remove target not exist, maybe the UI process: uid: 10055, pid: 31030
11-18 16:55:22.737  3455  4784 E HsmCoreServiceImpl: onTransact in code is: 102
11-18 16:55:22.737  3455  4784 I MediaProcessHandler: processOp opType: 1, uid: 10046, pid: 31678
11-18 16:55:22.737  3455  4784 W MediaProcessHandler: remove target not exist, maybe the UI process: uid: 10046, pid: 31678
11-18 16:55:22.920  3455  3487 W Settings: Setting install_non_market_apps has moved from android.provider.Settings.Global to android.provider.Settings.Secure, returning read-only value.
11-18 16:55:22.926  3455  3487 I SendBroadcastPermission: action:com.huawei.android.action.GET_PACKAGE_INSTALLATION_INFO, mPermissionType:0
11-18 16:55:22.926  3455  3487 I art     : Starting a blocking GC Explicit
11-18 16:55:22.927  4331  4331 I HwSystemManager: HandleInstalledPackageInfoService:onReceive  action is com.huawei.android.action.GET_PACKAGE_INSTALLATION_INFO
11-18 16:55:22.939  4331  4331 I HwSystemManager: HsmStat_event:"p_ipd","n=com.lunwing.radio,vc=10000,vn=1.0.0,s=adb install,u=1,r=1,rsn=0,si=true,im=2"
11-18 16:55:22.939  4331  4331 I HwSystemManager: HsmStat_event:current is not foreground, did not stat r!
11-18 16:55:22.951 20679 20821 W System.err: org.apache.http.conn.ConnectTimeoutException: Connect to /42.62.68.44:80 timed out
11-18 16:55:22.951 20679 20821 W System.err: 	at com.kugou.common.network.a$m.connectSocket(SourceFile:879)
11-18 16:55:22.951 20679 20821 W System.err: 	at org.apache.http.impl.conn.DefaultClientConnectionOperator.openConnection(DefaultClientConnectionOperator.java:149)
11-18 16:55:22.951 20679 20821 W System.err: 	at org.apache.http.impl.conn.AbstractPoolEntry.open(AbstractPoolEntry.java:169)
11-18 16:55:22.951 20679 20821 W System.err: 	at org.apache.http.impl.conn.AbstractPooledConnAdapter.open(AbstractPooledConnAdapter.java:124)
11-18 16:55:22.951 20679 20821 W System.err: 	at org.apache.http.impl.client.DefaultRequestDirector.execute(DefaultRequestDirector.java:366)
11-18 16:55:22.951 20679 20821 W System.err: 	at org.apache.http.impl.client.AbstractHttpClient.execute(AbstractHttpClient.java:596)
11-18 16:55:22.951 20679 20821 W System.err: 	at org.apache.http.impl.client.AbstractHttpClient.execute(AbstractHttpClient.java:517)
11-18 16:55:22.951 20679 20821 W System.err: 	at org.apache.http.impl.client.AbstractHttpClient.execute(AbstractHttpClient.java:495)
11-18 16:55:22.951 20679 20821 W System.err: 	at com.kugou.common.network.a.a(SourceFile:645)
11-18 16:55:22.951 20679 20821 W System.err: 	at com.kugou.common.network.a.a(SourceFile:481)
11-18 16:55:22.951 20679 20821 W System.err: 	at com.kugou.common.network.a.a(SourceFile:318)
11-18 16:55:22.951 20679 20821 W System.err: 	at com.kugou.common.network.a.a(SourceFile:271)
11-18 16:55:22.951 20679 20821 W System.err: 	at com.kugou.common.network.f.a(SourceFile:60)
11-18 16:55:22.951 20679 20821 W System.err: 	at com.kugou.common.network.netgate.g.a(SourceFile:145)
11-18 16:55:22.951 20679 20821 W System.err: 	at com.kugou.common.network.netgate.f.a(SourceFile:601)
11-18 16:55:22.951 20679 20821 W System.err: 	at com.kugou.common.network.netgate.f.a(SourceFile:50)
11-18 16:55:22.951 20679 20821 W System.err: 	at com.kugou.common.network.netgate.f$c.handleMessage(SourceFile:288)
11-18 16:55:22.951 20679 20821 W System.err: 	at android.os.Handler.dispatchMessage(Handler.java:102)
11-18 16:55:22.951 20679 20821 W System.err: 	at android.os.Looper.loop(Looper.java:150)
11-18 16:55:22.951 20679 20821 W System.err: 	at android.os.HandlerThread.run(HandlerThread.java:61)
11-18 16:55:22.957 20679 28139 I System  : core_booster, getBoosterConfig = false
11-18 16:55:23.053 20679 20821 I System  : core_booster, getBoosterConfig = false
11-18 16:55:23.163  3455  3487 I art     : Explicit concurrent mark sweep GC freed 171483(9MB) AllocSpace objects, 25(1444KB) LOS objects, 15% free, 63MB/75MB, paused 2.644ms total 236.691ms
11-18 16:55:23.176 31385 31385 I art     : System.exit called, status: 0
11-18 16:55:23.176 31385 31385 I AndroidRuntime: VM exiting with result code 0.
11-18 16:55:23.180  3455  3487 I HwPFWLogger: AppAutoStartupPolicy:prevent start receiver of package com.huawei.hnreader for action android.intent.action.PACKAGE_REMOVED
11-18 16:55:23.180  3455  3487 I HwPFWLogger: AppAutoStartupPolicy:prevent start receiver of package com.huawei.lives for action android.intent.action.PACKAGE_REMOVED
11-18 16:55:23.184  3455  3487 I HwPFWLogger: AppAutoStartupPolicy:prevent start receiver of package com.huawei.hnreader for action android.intent.action.PACKAGE_ADDED
11-18 16:55:23.184  3455  3487 I HwPFWLogger: AppAutoStartupPolicy:prevent start receiver of package com.huawei.lives for action android.intent.action.PACKAGE_ADDED
11-18 16:55:23.184  3455  3487 I HwPFWLogger: AppAutoStartupPolicy:prevent start receiver of package com.huawei.lives for action android.intent.action.PACKAGE_ADDED
11-18 16:55:23.188  4331  4331 I HwSystemManager: HsmPackageManager:Receive intent:Intent { act=android.intent.action.PACKAGE_REMOVED dat=package:com.lunwing.radio flg=0x4000010 (has extras) }
11-18 16:55:23.189  4331  4331 I HwSystemManager: HsmPackageManager:replacing:true
11-18 16:55:23.190  4718  5512 I ash     : com.lunwing.radiopkg removed, remove record from SHDA.
