11-18 16:55:08.064  4718 16978 I PgedBinderListener: kstate callback type:8 value1=30495 value2=KILLED
11-18 16:55:08.064 30753 30753 I LogCollectManager: start to bind to Log Collect service
11-18 16:55:08.073 30753 30753 E GuideUserUseReceiver: action =android.net.conn.CONNECTIVITY_CHANGE
11-18 16:55:08.078 30753 30753 I LogCollectManager: service is connected
11-18 16:55:08.129  2914  3011 I [Gralloc]: alloc w[16] h[16] format[1] usage[256]
11-18 16:55:08.129  2914  3011 I [Gralloc]: alloc succ handle[0x559974b540] stride[32]
11-18 16:55:08.130 30801 30820 E linker  : readlink('/proc/self/fd/21') failed: Permission denied [fd=21]
11-18 16:55:08.130 30801 30820 E linker  : warning: unable to get realpath for the library "/system/lib/hw/gralloc.hi3635.so". Will use given name.
11-18 16:55:08.132 30801 30820 E linker  : readlink('/proc/self/fd/21') failed: Permission denied [fd=21]
11-18 16:55:08.132 30801 30820 E linker  : warning: unable to get realpath for the library "libion.so". Will use given name.
11-18 16:55:08.133 30801 30820 E HAL     : load: id=gralloc != hmi->id=gralloc
11-18 16:55:08.166 30801 30801 E CommonUtils: getBoolean [class java.lang.String, class java.lang.String]
11-18 16:55:08.168 30801 30801 E CommonUtils: getBoolean [class java.lang.String, class java.lang.String]
11-18 16:55:08.177 30801 30801 I LogCollectManager: start to bind to Log Collect service
11-18 16:55:08.182  3455 30648 I System  : core_booster, getBoosterConfig = false
11-18 16:55:08.186  2912  2912 E lowmemorykiller: Error writing /proc/30495/oom_score_adj; errno=22
11-18 16:55:08.193 30801 30801 E Utils   : lockCreate
11-18 16:55:08.199 30801 30801 I LogCollectManager: service is connected
11-18 16:55:08.223 30753 30753 E NetWorkMonitorService: NetWorkMonitorService onDestroy
11-18 16:55:08.224 30801 30841 I SendBroadcastPermission: action:com.example.logupload.progress, mPermissionType:0
11-18 16:55:08.229  2912  2912 E lowmemorykiller: Error writing /proc/30495/oom_score_adj; errno=22
11-18 16:55:08.239  3455  4150 E HsmCoreServiceImpl: onTransact in code is: 102
11-18 16:55:08.239  3455  4150 I MediaProcessHandler: processOp opType: 1, uid: 10066, pid: 30495
11-18 16:55:08.239  3455  4150 W MediaProcessHandler: remove target not exist, maybe the UI process: uid: 10066, pid: 30495
11-18 16:55:08.240  3993  3993 I MagazineUtils: is magazine unlock on, lockStyle = amazing
11-18 16:55:08.280  6670  6670 I Mms_TXM_SVC: onStartCommand send EVENT_NEW_INTENT. service-id 1
11-18 16:55:08.280  6670  6670 W Mms_TXM_SVC: ConnectivityBroadcastReceiver.onReceive() action: android.net.conn.CONNECTIVITY_CHANGE
11-18 16:55:08.320  2914  5968 I [Gralloc]: alloc w[16] h[16] format[1] usage[256]
11-18 16:55:08.320  2914  5968 I [Gralloc]: alloc succ handle[0x5599696520] stride[32]
11-18 16:55:08.321 30854 30866 E linker  : readlink('/proc/self/fd/21') failed: Permission denied [fd=21]
11-18 16:55:08.321 30854 30866 E linker  : warning: unable to get realpath for the library "/system/lib/hw/gralloc.hi3635.so". Will use given name.
11-18 16:55:08.322 30854 30866 E linker  : readlink('/proc/self/fd/21') failed: Permission denied [fd=21]
11-18 16:55:08.322 30854 30866 E linker  : warning: unable to get realpath for the library "libion.so". Will use given name.
11-18 16:55:08.323 30854 30866 E HAL     : load: id=gralloc != hmi->id=gralloc
11-18 16:55:08.363  4718  4741 I PgedBinderListener: kstate callback type:8 value1=30440 value2=KILLED
11-18 16:55:08.376 30854 30854 I HwSystemManager: SystemManagerApplication:onCreate
11-18 16:55:08.392 30854 30872 I System.out: [ls, -l, /system/priv-app/HwSystemManager/HwSystemManager.apk]
11-18 16:55:08.392 30854 30872 I System.out: null
11-18 16:55:08.392 30854 30872 I System.out: null
11-18 16:55:08.392 30854 30872 I System.out: Calling by::className:com.huawei.systemmanager.util.HwLogTagHelper  MethodName:checkHsmIsPushed
11-18 16:55:08.408 30854 30854 I HwSystemManager: ProcPolicy:this proc is:com.huawei.systemmanager
11-18 16:55:08.417  3455  3822 W AlarmManager: WAKEUP alarm trigger action = com.google.android.intent.action.GCM_RECONNECT elapsed = 841041201
11-18 16:55:08.418  4331  4331 I HwSystemManager: LocalService:Received start id 593: Intent { cmp=com.huawei.systemmanager/com.huawei.permission.HoldService }
11-18 16:55:08.425  4331  4331 I HwSystemManager: BgPowerManagerService:onStartCommand
11-18 16:55:08.429 30854 30872 I HwSystemManager: check push opration, match idx:-1
11-18 16:55:08.440 30854 30854 W CfgFilePolicy: No config file found for:xml/hsm_config.xml
11-18 16:55:08.442 30854 30854 I HwSystemManager: HsmStat_info:feature enable:true
11-18 16:55:08.447 30854 30854 I HwSystemManager: CustomizeWrapper:permissionStatus is 0
11-18 16:55:08.453 30854 30854 I HwSystemManager: TMSEngineFeature: TMS support enable for netassistant.
11-18 16:55:08.457 30854 30893 W CfgFilePolicy: No config file found for:xml/hsm/protect/hsm_protect_default_value.xml
11-18 16:55:08.459  3455  3839 E HsmCoreServiceImpl: onTransact in code is: 102
11-18 16:55:08.460  3455  3839 I MediaProcessHandler: processOp opType: 1, uid: 10068, pid: 30440
11-18 16:55:08.460  3455  3839 W MediaProcessHandler: remove target not exist, maybe the UI process: uid: 10068, pid: 30440
11-18 16:55:08.480 27481 27481 I HwEmailTag: EmailApplication->onTrimMemory->end:level:80
11-18 16:55:08.480 27481 27481 I HwEmailTag: HwUtils->setTrimMemoryComplete->level:80
11-18 16:55:08.480 27481 27481 I HwEmailTag: HwUtils->setTrimMemoryComplete->level is TRIM_MEMORY_COMPLETE, set isTrimMemoryComplete to true;
11-18 16:55:08.480 27481 27481 I HwEmailTag: HwUtils->setIsTrimMemoryComplete->old value:true; new value:true
11-18 16:55:08.495 30854 30893 I HwSystemManager: BootStartManager:batchDeleteOperation !
11-18 16:55:08.496 30854 30893 I HwSystemManager: BootStartManager:batchDeleteOperation !
11-18 16:55:08.506  4718 18003 I PgedBinderListener: kstate callback type:8 value1=30231 value2=KILLED
11-18 16:55:08.513  4718 16153 I PgedBinderListener: kstate callback type:8 value1=30300 value2=KILLED
11-18 16:55:08.538  4718  4731 I PgedBinderListener: kstate callback type:8 value1=30558 value2=KILLED
11-18 16:55:08.579  3455  4622 E HsmCoreServiceImpl: onTransact in code is: 102
11-18 16:55:08.580  3455  4622 I MediaProcessHandler: processOp opType: 1, uid: 10007, pid: 30300
11-18 16:55:08.580  3455  4622 W MediaProcessHandler: remove target not exist, maybe the UI process: uid: 10007, pid: 30300
11-18 16:55:08.595  3455  3845 E WifiConfigStore: updateConfiguration freq=2432 BSSID=fc:3f:7c:18:dd:8a RSSI=-50 "panlid"WPA_PSK
11-18 16:55:08.596  3455  3839 E JavaBinder: !!! FAILED BINDER TRANSACTION !!!  (parcel size = 76)
11-18 16:55:08.611  3455  4766 E HsmCoreServiceImpl: onTransact in code is: 102
11-18 16:55:08.611  3455  4766 W MediaProcessHandler: processOp uid 1000 is not concerned!
11-18 16:55:08.611  3455  4622 E HsmCoreServiceImpl: onTransact in code is: 102
11-18 16:55:08.611  3455  4622 I MediaProcessHandler: processOp opType: 1, uid: 10007, pid: 30231
11-18 16:55:08.611  3455  4622 W MediaProcessHandler: remove target not exist, maybe the UI process: uid: 10007, pid: 30231
11-18 16:55:08.630 30854 30854 I HwSystemManager: SuperAppPermisionChecker:read xml finished
11-18 16:55:08.640 30854 30931 E HwSystemManager: NetWorkHelper:allowAccessNetwork is not allowed!
11-18 16:55:08.640 30854 30931 E HwSystemManager: UpdateAllDataServHandle:onHandleIntent check access network is denied!
11-18 16:55:08.693  2914 11248 I [Gralloc]: alloc w[16] h[16] format[1] usage[256]
11-18 16:55:08.693  2914 11248 I [Gralloc]: alloc succ handle[0x5599696520] stride[32]
11-18 16:55:08.694 30932 30944 E linker  : readlink('/proc/self/fd/21') failed: Permission denied [fd=21]
11-18 16:55:08.694 30932 30944 E linker  : warning: unable to get realpath for the library "/system/lib64/hw/gralloc.hi3635.so". Will use given name.
11-18 16:55:08.696 30932 30944 E linker  : readlink('/proc/self/fd/21') failed: Permission denied [fd=21]
11-18 16:55:08.696 30932 30944 E linker  : warning: unable to get realpath for the library "libion.so". Will use given name.
11-18 16:55:08.699 30932 30944 E HAL     : load: id=gralloc != hmi->id=gralloc
11-18 16:55:08.753 30932 30932 I HwIntelligent3_ActivityUtil: HwIntelligent versionName: 4.0.0.100, versionCode: 25
11-18 16:55:08.766 30932 30932 I HwCust  : Constructor found for class android.app.HwCustAlarmManagerImpl
11-18 16:55:08.873 30932 30932 E HwIntelligent3_CAServiceManager: got card should hide
11-18 16:55:08.876 30932 30952 E HwIntelligent3_CAServiceManager: no need to reset return
11-18 16:55:08.890 30932 30932 I AlarmReceiver: action : android.net.conn.CONNECTIVITY_CHANGE
11-18 16:55:08.892 30932 30932 I AlarmReceiver: network change info : [type: WIFI[], state: CONNECTED/CONNECTED, reason: (unspecified), extra: "panlid", roaming: false, failover: false, isAvailable: true]
11-18 16:55:08.894 30932 30932 I PlaceRecognitionService: onCreate
11-18 16:55:08.898 30932 30954 I CalendarSync: init mIsReceiverRegistered : false
11-18 16:55:08.923  3455  3845 E WifiConfigStore: updateConfiguration freq=2432 BSSID=fc:3f:7c:18:dd:8a RSSI=-50 "panlid"WPA_PSK
11-18 16:55:08.964  2914  3013 I [Gralloc]: alloc w[16] h[16] format[1] usage[256]
11-18 16:55:08.964  2914  3013 I [Gralloc]: alloc succ handle[0x5599696520] stride[32]
11-18 16:55:08.965 30955 30979 E linker  : readlink('/proc/self/fd/21') failed: Permission denied [fd=21]
11-18 16:55:08.966 30955 30979 E linker  : warning: unable to get realpath for the library "/system/lib64/hw/gralloc.hi3635.so". Will use given name.
11-18 16:55:08.967 30955 30979 E linker  : readlink('/proc/self/fd/21') failed: Permission denied [fd=21]
11-18 16:55:08.967 30955 30979 E linker  : warning: unable to get realpath for the library "libion.so". Will use given name.
11-18 16:55:08.969 30955 30979 E HAL     : load: id=gralloc != hmi->id=gralloc
11-18 16:55:08.975  2914  5968 I [Gralloc]: alloc w[16] h[16] format[1] usage[256]
11-18 16:55:08.975  2914  5968 I [Gralloc]: alloc succ handle[0x5599696520] stride[32]
11-18 16:55:08.976 30967 30981 E linker  : readlink('/proc/self/fd/21') failed: Permission denied [fd=21]
11-18 16:55:08.976 30967 30981 E linker  : warning: unable to get realpath for the library "/system/lib64/hw/gralloc.hi3635.so". Will use given name.
11-18 16:55:08.978 30967 30981 E linker  : readlink('/proc/self/fd/21') failed: Permission denied [fd=21]
11-18 16:55:08.978 30967 30981 E linker  : warning: unable to get realpath for the library "libion.so". Will use given name.
11-18 16:55:08.978 30955 30955 W System  : ClassLoader referenced unknown path: /system/app/HwOUC/lib/arm64
11-18 16:55:08.979 30967 30981 E HAL     : load: id=gralloc != hmi->id=gralloc
11-18 16:55:08.998 30955 30955 I HwOUC   : [main-1]HwOucApplication--onCreate, start(/HwOucApplication.java:55)
11-18 16:55:08.999 30955 30955 I HwOUC   : [main-1]HwOucApplication--getProcessName, pid is 30955(/HwOucApplication.java:103)
11-18 16:55:08.999 30955 30955 I HwOUC   : [main-1]HwOucApplication--onCreate, processName is com.huawei.android.hwouc(/HwOucApplication.java:57)
11-18 16:55:08.999 30955 30955 I HwOUC   : [main-1]HwOucApplication--onCreate, isDefaultProcess true, init(/HwOucApplication.java:61)
11-18 16:55:08.999 30955 30955 I HwOUC   : [main-1]----load default presets...(/HwOucConfig.java:1868)
11-18 16:55:09.007 30955 30955 I HwOUC   : [main-1]----loadOucConfig by HwCfgFilePolicy.getCfgFileList filepath is /cust_spec/xml/hwouc_presets.xml ; AbsolutePath is /cust_spec/xml/hwouc_presets.xml(/HwOucConfig.java:1883)
11-18 16:55:09.009 30955 30955 I HwOUC   : [main-1]loadOucConfig by HwCfgFilePolicy.getCfgFileList no exception(/HwOucConfig.java:1971)
11-18 16:55:09.010 30955 30955 I HwCust  : Constructor found for class android.app.HwCustAlarmManagerImpl
11-18 16:55:09.012 30955 30955 I HwOUC   : [main-1]enter detectStorage!!!(/HwOucUtility.java:372)
11-18 16:55:09.013 30967 30967 W System  : ClassLoader referenced unknown path: /system/priv-app/Calendar/lib/arm64
11-18 16:55:09.018 30955 30955 I HwOUC   : [main-1]enter detectStorage path is /storage/9016-4EF8(/HwOucUtility.java:387)
11-18 16:55:09.019 30955 30955 I HwOUC   : [main-1]enter detectStorage isEmulated is false;isRemovable is true;isPrimary is false;uUid is 9016-4EF8(/HwOucUtility.java:388)
11-18 16:55:09.021 30955 30955 I HwOUC   : [main-1]enter detectStorage isPrimary && isRemovable isSDcard is true;isUsb is false(/HwOucUtility.java:403)
11-18 16:55:09.021 30955 30955 I HwOUC   : [main-1]enter detectStorage isPrimary && isRemovable set sdcard path: /storage/9016-4EF8(/HwOucUtility.java:406)
11-18 16:55:09.021 30955 30955 I HwOUC   : [main-1]enter detectStorage path is /storage/emulated/0(/HwOucUtility.java:387)
11-18 16:55:09.021 30955 30955 I HwOUC   : [main-1]enter detectStorage isEmulated is true;isRemovable is false;isPrimary is true;uUid is null(/HwOucUtility.java:388)
11-18 16:55:09.022 30955 30955 I HwOUC   : [main-1]enter detectStorage isPrimary or isEmulated true, set internal path: /storage/emulated/0(/HwOucUtility.java:390)
11-18 16:55:09.025 30955 30955 E HwOUC   : [main-1]method invoke failed(/HwOucUtility.java:552)
11-18 16:55:09.026 30955 30955 I HwOUC   : [main-1]isTablet() = false(/HwOucUtility.java:555)
11-18 16:55:09.026 30955 30955 I HwOUC   : [main-1]getAutoDownloadValueOfStartupGuide(/HwOucUtility.java:3883)
11-18 16:55:09.030 30955 30955 I HwOUC   : [main-1]getAutoDownloadValueOfStartupGuide autoDownloadValue is 1(/HwOucUtility.java:3891)
11-18 16:55:09.045 30955 30955 I HwOUC   : [main-1]baseVersionOfNewVersion is PLK-TL01HC01B220;isInstallingStatus is false(/HwOucUtility.java:2564)
11-18 16:55:09.046 30955 30955 I HwOUC   : [main-1]initNewVersionRecord isLastUpdateAvailableForCurVersion false(/HwOucUtility.java:2526)
11-18 16:55:09.048 30967 30967 I HwCust  : Constructor found for class com.android.calendar.HwCustUtilImpl
11-18 16:55:09.049 30955 30955 I HwOUC   : [main-1]isDataExistInFirmwareTable cursor is null,return false(/HwOucUtility.java:2650)
11-18 16:55:09.050 30955 30955 I HwOUC   : [main-1]initNewVersionRecord isDataExistInFirmwareTable false do not delete database record(/HwOucUtility.java:2540)
11-18 16:55:09.051 30955 30955 I HwOUC   : [main-1]initNewVersionRecord systemTableValue is 0, do not process(/HwOucUtility.java:2548)
11-18 16:55:09.052 30955 30955 I HwOUC   : [main-1]HwOucApplication--onCreate, isVerifyFailedLastTime = false(hwouc/HwOucApplication.java:67)
11-18 16:55:09.052 30955 30955 I HwOUC   : [main-1]VerifyScriptFile-- clearVerifyFailedInfo(hwouc/VerifyScriptFile.java:169)
11-18 16:55:09.052 30955 30955 I HwOUC   : [main-1]HwOucApplication--onCreate, cacheCpuInfo is 8_2.2GHz(hwouc/HwOucApplication.java:74)
11-18 16:55:09.053 30955 30955 I HwOUC   : [main-1]HwOucApplication--onCreate, end(hwouc/HwOucApplication.java:87)
11-18 16:55:09.055 30955 30955 I HwOUC   : [main-1]isSupportsMultipleUsers is false(hwouc/HwOucUtility.java:4022)
11-18 16:55:09.055 30955 30955 I HwOUC   : [main-1]isMainUser not SupportsMultipleUsers return true(hwouc/HwOucUtility.java:4029)
11-18 16:55:09.055 30955 30955 I HwOUC   : [main-1]Network changed(hwouc/DownloadReceiver.java:160)
11-18 16:55:09.058 30955 30955 I HwOUC   : [main-1]Network not available(hwouc/DownloadReceiver.java:217)
11-18 16:55:09.069  3966  3966 I NetworkSpeedManagerEx: mIsStop = false
11-18 16:55:09.074 10426 10470 I SendBroadcastPermission: action:com.huawei.android.push.intent.SOCKET_INFO, mPermissionType:0
11-18 16:55:09.075  4738  4738 W CfgFilePolicy: No config file found for:xml/VirtualNet_cust.xml
11-18 16:55:09.085  3455  3455 I MQoS    : mSubId=0,voiceState:0,dataState:0
11-18 16:55:09.086  4702  4702 E CHR_CHRLog: getChipsetType: hi3635
11-18 16:55:09.089  3966  3966 I NetworkSpeedManagerEx:  value = 11498.0
11-18 16:55:09.089  3455  3455 I WifiProJNI: ######### NOTIFY_MCC:505 ########
11-18 16:55:09.090  3966  3966 I NetworkSpeedManagerEx: speed = 11.2K/s
11-18 16:55:09.090  3966  3966 I NetworkSpeedView: /update(), speed=11.2K/s
11-18 16:55:09.091  3455  3466 I SendBroadcastPermission: action:android.intent.action.SERVICE_STATE, mPermissionType:0
11-18 16:55:09.098 30932 30954 I CalendarSync: recessInfoKey : null
11-18 16:55:09.098  3966  4038 I HwCustMobileSignalControllerImpl: subId:0 phoneType:1 networktype:3 targetClass:2 masterLevel:3 slaveLevel:-1
11-18 16:55:09.103  3966  3966 W View    : requestLayout() improperly called by com.android.systemui.statusbar.phone.IconMerger{e4cbfb3 V.E...... ......I. 0,0-162,72 #7f1000c3 app:id/notificationIcons} during layout: running second layout pass
11-18 16:55:09.108  3455  3455 E hwintelligencewifi: onCellLocationChanged
11-18 16:55:09.112 10426 10470 I PushLog2615: [ReceiverDispatcher-498]read to Send:DE(android/null:-1)
11-18 16:55:09.113 10426 10470 I PushLog2615: [ReceiverDispatcher-498]send msg to remote srv success(android/null:-1)
11-18 16:55:09.114  4738 26424 W PhoneInterfaceManager: shouldBlockLocation running ...
11-18 16:55:09.114  4738 26424 I PhoneInterfaceManager: shouldBlockLocation  ret:false
11-18 16:55:09.115 30932 30954 I PlaceRecognitionService: work start startId : 1
11-18 16:55:09.115 30932 30954 I PRController: startModules
11-18 16:55:09.116 30932 30954 I PRController: no business on , do not do startModules!
11-18 16:55:09.116 30932 30954 I PlaceRecognitionService: work start startId : 2
11-18 16:55:09.116 30932 30954 I PRController: setCommuteType type : 2
11-18 16:55:09.122  3455  3455 E hwintelligencewifi: processCellIDChange
11-18 16:55:09.125  4738  5920 W PhoneInterfaceManager: shouldBlockLocation running ...
11-18 16:55:09.126  4738  5920 I PhoneInterfaceManager: shouldBlockLocation  ret:false
11-18 16:55:09.128  3455  3898 E hwintelligencewifi: getCurrentCellid type type = PHONE_TYPE_GSM
11-18 16:55:09.128  3455  3898 E hwintelligencewifi: getCurrentCellid type is PHONE_TYPE_GSM
11-18 16:55:09.129  4738  4753 W PhoneInterfaceManager: shouldBlockLocation running ...
11-18 16:55:09.129  4738  2364 W PhoneInterfaceManager: shouldBlockLocation running ...
11-18 16:55:09.130  3455  3898 E hwintelligencewifi: getCurrentCellid PHONE_TYPE_GSM cellidString = 50502206533743
11-18 16:55:09.130  3455  3898 E hwintelligencewifi: updataApInfo cellid =50502206533743
11-18 16:55:09.130  3455  3898 E hwintelligencewifi: addCurrentApInfo cellid =50502206533743
11-18 16:55:09.132 30932 30954 I PlaceRecognitionService: work start startId : 3
11-18 16:55:09.132 30932 30954 I PRController: setModuleOn ENTER_OFFICE_REMINDER on : false
11-18 16:55:09.132  3455  3898 E hwintelligencewifi: addCurrentApInfo info is already there
11-18 16:55:09.132  3455  3898 W hwintelligencewifi: updateBssidTimer time = 1479452109132
11-18 16:55:09.133  4738  4753 I PhoneInterfaceManager: shouldBlockLocation  ret:false
11-18 16:55:09.134  3966  3966 W View    : requestLayout() improperly called by com.android.systemui.statusbar.phone.IconMerger{e4cbfb3 V.E...... ........ 0,0-162,72 #7f1000c3 app:id/notificationIcons} during second layout pass: posting in next frame
11-18 16:55:09.134  2914  3875 I [Gralloc]: alloc w[16] h[16] format[1] usage[256]
11-18 16:55:09.135  2914  3875 I [Gralloc]: alloc succ handle[0x559974b540] stride[32]
11-18 16:55:09.136 30992 31005 E linker  : readlink('/proc/self/fd/22') failed: Permission denied [fd=22]
11-18 16:55:09.136 30992 31005 E linker  : warning: unable to get realpath for the library "/system/lib64/hw/gralloc.hi3635.so". Will use given name.
11-18 16:55:09.139 30992 31005 E linker  : readlink('/proc/self/fd/22') failed: Permission denied [fd=22]
11-18 16:55:09.139 30992 31005 E linker  : warning: unable to get realpath for the library "libion.so". Will use given name.
11-18 16:55:09.139  4738  2364 I PhoneInterfaceManager: shouldBlockLocation  ret:false
11-18 16:55:09.139 30932 30954 I BaseAlarmModule: ENTER_OFFICE_REMINDER cancel
11-18 16:55:09.141 30992 31005 E HAL     : load: id=gralloc != hmi->id=gralloc
11-18 16:55:09.144 30932 30954 I BaseAlarmModule: POSITION_COLLECTOR cancel
11-18 16:55:09.144 30992 30992 W System  : ClassLoader referenced unknown path: /system/app/HwOUC/lib/arm64
11-18 16:55:09.146 30932 30954 I BaseAlarmModule: POSITION_CLUSTER cancel
11-18 16:55:09.148  3455  3898 E hwintelligencewifi: getAllApInfos infos.size()=9
11-18 16:55:09.148 30932 30954 I PlaceRecognitionService: work start startId : 4
11-18 16:55:09.148 30932 30954 I PRController: setModuleOn LEAVE_OFFICE_REMINDER on : false
11-18 16:55:09.149 30932 30954 I BaseAlarmModule: LEAVE_OFFICE_REMINDER cancel
11-18 16:55:09.150 30932 30954 I BaseAlarmModule: POSITION_COLLECTOR cancel
11-18 16:55:09.152 30932 30954 I BaseAlarmModule: POSITION_CLUSTER cancel
11-18 16:55:09.154 30932 30954 I PlaceRecognitionService: work start startId : 5
11-18 16:55:09.154 30932 30954 I PRController: setModuleOn OVERTIME_REMINDER on : false
11-18 16:55:09.154 30932 30954 I BaseAlarmModule: OVERTIME_REMINDER cancel
11-18 16:55:09.157 30932 30954 I BaseAlarmModule: POSITION_COLLECTOR cancel
11-18 16:55:09.161 30992 30992 I HwOUC   : [main-1]HwOucApplication--onCreate, start(/HwOucApplication.java:55)
11-18 16:55:09.168 30932 30954 I BaseAlarmModule: POSITION_CLUSTER cancel
11-18 16:55:09.168 30992 30992 I HwOUC   : [main-1]HwOucApplication--getProcessName, pid is 30992(/HwOucApplication.java:103)
11-18 16:55:09.168  4738  5920 W PhoneInterfaceManager: shouldBlockLocation running ...
11-18 16:55:09.168 30992 30992 I HwOUC   : [main-1]HwOucApplication--onCreate, processName is com.huawei.android.hwouc:hwbd(/HwOucApplication.java:57)
11-18 16:55:09.169 30992 30992 I HwOUC   : [main-1]HwOucApplication--onCreate, isDefaultProcess false, do not init(/HwOucApplication.java:82)
11-18 16:55:09.169 30992 30992 I HwOUC   : [main-1]HwOucApplication--onCreate, end(/HwOucApplication.java:87)
11-18 16:55:09.170 30932 30954 I PlaceRecognitionService: work start startId : 6
11-18 16:55:09.170 30932 30954 I PRController: startModules
11-18 16:55:09.170 30932 30954 I PRController: no business on , do not do startModules!
11-18 16:55:09.170 30932 30954 I PlaceRecognitionService: work done startId : 2
11-18 16:55:09.170 30932 30954 I PlaceRecognitionService: work done startId : 3
11-18 16:55:09.170 30932 30954 I PlaceRecognitionService: work done startId : 4
11-18 16:55:09.170 30932 30954 I PlaceRecognitionService: work done startId : 5
11-18 16:55:09.172 30992 30992 I HiWiServiceBD: Trigger action: android.net.conn.CONNECTIVITY_CHANGE
11-18 16:55:09.172 30992 30992 I HiWiServiceBD: hour = 16
11-18 16:55:09.187  4738  5920 I PhoneInterfaceManager: shouldBlockLocation  ret:false
11-18 16:55:09.195  4718 18002 I PgedBinderListener: kstate callback type:8 value1=30624 value2=KILLED
11-18 16:55:09.198  4718  4741 I PgedBinderListener: kstate callback type:8 value1=30801 value2=KILLED
11-18 16:55:09.227  2912  2912 E lowmemorykiller: Error writing /proc/30801/oom_score_adj; errno=22
11-18 16:55:09.227  2912  2912 E lowmemorykiller: Error writing /proc/30624/oom_score_adj; errno=22
11-18 16:55:09.230  2914  3011 I [Gralloc]: alloc w[16] h[16] format[1] usage[256]
11-18 16:55:09.230  2914  3011 I [Gralloc]: alloc succ handle[0x5599696520] stride[32]
11-18 16:55:09.232 31011 31023 E linker  : readlink('/proc/self/fd/21') failed: Permission denied [fd=21]
11-18 16:55:09.232 31011 31023 E linker  : warning: unable to get realpath for the library "/system/lib64/hw/gralloc.hi3635.so". Will use given name.
11-18 16:55:09.233 31011 31023 E linker  : readlink('/proc/self/fd/21') failed: Permission denied [fd=21]
11-18 16:55:09.233 31011 31023 E linker  : warning: unable to get realpath for the library "libion.so". Will use given name.
11-18 16:55:09.234 31011 31023 E HAL     : load: id=gralloc != hmi->id=gralloc
11-18 16:55:09.242 31011 31011 W System  : ClassLoader referenced unknown path: /system/app/HwOUC/lib/arm64
11-18 16:55:09.255 31011 31011 I HwOUC   : [main-1]HwOucApplication--onCreate, start(/HwOucApplication.java:55)
11-18 16:55:09.256 31011 31011 I HwOUC   : [main-1]HwOucApplication--getProcessName, pid is 31011(/HwOucApplication.java:103)
11-18 16:55:09.256 31011 31011 I HwOUC   : [main-1]HwOucApplication--onCreate, processName is com.huawei.android.hwouc:usersurvey(/HwOucApplication.java:57)
11-18 16:55:09.256 31011 31011 I HwOUC   : [main-1]HwOucApplication--onCreate, isDefaultProcess false, do not init(/HwOucApplication.java:82)
11-18 16:55:09.256 31011 31011 I HwOUC   : [main-1]HwOucApplication--onCreate, end(/HwOucApplication.java:87)
11-18 16:55:09.259 31011 31011 I RomSurvey: [main-1]RomsurveyAutoCheckReceiver onReceive(/RomsurveyAutoCheckReceiver.java:35)
11-18 16:55:09.259 31011 31011 I RomSurvey: [main-1]UsersurveyAutoCheckReceiver onReceive(/RomsurveyAutoCheckReceiver.java:40)
11-18 16:55:09.262 31011 31011 I RomSurvey: [main-1]UsersurveyAutoCheckReceiver inviteTime 1(/RomsurveyAutoCheckReceiver.java:57)
11-18 16:55:09.263 31011 31011 I RomSurvey: [main-1]UsersurveyNetworkUtil network is available(/RomsurveyNetworkUtil.java:23)
11-18 16:55:09.264 31011 31011 I RomSurvey: [main-1]loadArrayAnswer size is 0(/RomsurveySharedPreferencesUtil.java:207)
11-18 16:55:09.265 31011 31011 I RomSurvey: [main-1]UsersurveyAutoCheckReceiver lucky setmLogicalFlagtrue;hasAnswer is false;isSubmitFinished is true(/RomsurveyAutoCheckReceiver.java:70)
11-18 16:55:09.265 31011 31011 I RomSurvey: [main-1]UsersurveyAutoCheckReceiver mSubmitFinised--true(/RomsurveyAutoCheckReceiver.java:84)
11-18 16:55:09.265 31011 31011 I RomSurvey: [main-1]UsersurveyAutoCheckReceiver no answer need to submit(/RomsurveyAutoCheckReceiver.java:85)
11-18 16:55:09.267 31011 31011 I RomSurvey: [main-1]UsersurveyAutoCheckReceiver startTime: 2016年10月07日 23时01分43秒 (/RomsurveyAutoCheckReceiver.java:92)
11-18 16:55:09.267 31011 31011 I RomSurvey: [main-1]UsersurveyAutoCheckReceiver inviteTime 1(/RomsurveyAutoCheckReceiver.java:102)
11-18 16:55:09.268 31011 31011 I RomSurvey: [main-1]UsersurveyAutoCheckReceiver 
11-18 16:55:09.268 31011 31011 I RomSurvey:  inviteTime is: 1 ;startTime: 2016年10月07日 23时01分43秒 
11-18 16:55:09.268 31011 31011 I RomSurvey:  endTime: 2016年10月14日 23时01分43秒 
11-18 16:55:09.268 31011 31011 I RomSurvey:  currtent_time: 2016年11月18日 16时55分09秒 (/RomsurveyAutoCheckReceiver.java:247)
11-18 16:55:09.269 31011 31011 I RomSurvey: [main-1]UsersurveyAutoCheckReceiver first time 7 days time out, check romsurvey question(/RomsurveyAutoCheckReceiver.java:186)
11-18 16:55:09.269 31011 31011 I RomSurvey: [main-1]UsersurveyAutoCheckReceiver 当前没有活动的流程，将启动服务(/RomsurveyAutoCheckReceiver.java:271)
11-18 16:55:09.270  3455  4766 E HsmCoreServiceImpl: onTransact in code is: 102
11-18 16:55:09.270  3455  4766 I MediaProcessHandler: processOp opType: 1, uid: 10017, pid: 30801
11-18 16:55:09.270  3455  4766 W MediaProcessHandler: remove target not exist, maybe the UI process: uid: 10017, pid: 30801
11-18 16:55:09.283  2912  2912 E lowmemorykiller: Error opening /proc/30624/oom_score_adj; errno=2
11-18 16:55:09.289 27481 27481 I HwEmailTag: EmailApplication->onTrimMemory->end:level:80
11-18 16:55:09.289 27481 27481 I HwEmailTag: HwUtils->setTrimMemoryComplete->level:80
11-18 16:55:09.289 27481 27481 I HwEmailTag: HwUtils->setTrimMemoryComplete->level is TRIM_MEMORY_COMPLETE, set isTrimMemoryComplete to true;
11-18 16:55:09.289 27481 27481 I HwEmailTag: HwUtils->setIsTrimMemoryComplete->old value:true; new value:true
11-18 16:55:09.297  3455  3466 E HsmCoreServiceImpl: onTransact in code is: 102
11-18 16:55:09.297  3455  3466 I MediaProcessHandler: processOp opType: 1, uid: 10014, pid: 30624
11-18 16:55:09.297  3455  3466 W MediaProcessHandler: remove target not exist, maybe the UI process: uid: 10014, pid: 30624
11-18 16:55:09.306 31011 31011 I RomSurvey: [main-1]UsersurveyAutoCheckService startCheckService  onCreate(/RomsurveyAutoCheckService.java:121)
11-18 16:55:09.307 31011 31011 I RomSurvey: [main-1]UsersurveyAutoCheckService startCheckService  onStartCommand(/RomsurveyAutoCheckService.java:162)
11-18 16:55:09.307 31011 31011 I RomSurvey: [main-1]UsersurveyAutoCheckService startCheckService  new AutoCheckThread(/RomsurveyAutoCheckService.java:176)
11-18 16:55:09.308 31011 31028 I RomSurvey: [Thread-46501-46501]UsersurveyAutoCheckThread startCheckService  sendEmptyMessage AUTO_CHECK_VERSION_SUCCESS(/RomsurveyAutoCheckThread.java:31)
11-18 16:55:09.310 31011 31028 I RomSurvey: [Thread-46501-46501]UsersurveyHttpsPostTools start requestServer surveyURL is https://iservice.vmall.com:443/osg/surveyAction!getQstnSurvey.htm(/RomsurveyHttpsPostTools.java:41)
11-18 16:55:09.361  2914  3875 I [Gralloc]: alloc w[16] h[16] format[1] usage[256]
11-18 16:55:09.361  2914  3875 I [Gralloc]: alloc succ handle[0x5599696520] stride[32]
11-18 16:55:09.362 31030 31042 E linker  : readlink('/proc/self/fd/21') failed: Permission denied [fd=21]
11-18 16:55:09.362 31030 31042 E linker  : warning: unable to get realpath for the library "/system/lib64/hw/gralloc.hi3635.so". Will use given name.
11-18 16:55:09.364 31030 31042 E linker  : readlink('/proc/self/fd/21') failed: Permission denied [fd=21]
11-18 16:55:09.364 31030 31042 E linker  : warning: unable to get realpath for the library "libion.so". Will use given name.
11-18 16:55:09.365 31030 31042 E HAL     : load: id=gralloc != hmi->id=gralloc
11-18 16:55:09.384 31030 31030 W System  : ClassLoader referenced unknown path: /system/app/HwThemeManager/lib/arm64
11-18 16:55:09.405  3455  3464 I art     : Background partial concurrent mark sweep GC freed 73534(5MB) AllocSpace objects, 2(40KB) LOS objects, 15% free, 63MB/75MB, paused 2.967ms total 247.254ms
11-18 16:55:09.444 31030 31053 I HwCust  : Constructor found for class com.huawei.android.thememanager.common.HwCustThemeHelperImpl
11-18 16:55:09.445 31030 31030 E HwThemeManager: ThemeHelperretry to get Settings
11-18 16:55:09.484  4718 18003 I PgedBinderListener: kstate callback type:8 value1=30753 value2=KILLED
11-18 16:55:09.490  4718 16153 I PgedBinderListener: kstate callback type:8 value1=30687 value2=KILLED
11-18 16:55:09.525  2914  5968 I [Gralloc]: alloc w[16] h[16] format[1] usage[256]
11-18 16:55:09.525  2914  5968 I [Gralloc]: alloc succ handle[0x5599696520] stride[32]
11-18 16:55:09.526 31055 31068 E linker  : readlink('/proc/self/fd/21') failed: Permission denied [fd=21]
11-18 16:55:09.527 31055 31068 E linker  : warning: unable to get realpath for the library "/system/lib64/hw/gralloc.hi3635.so". Will use given name.
11-18 16:55:09.531 31055 31068 E linker  : readlink('/proc/self/fd/21') failed: Permission denied [fd=21]
11-18 16:55:09.531 31055 31068 E linker  : warning: unable to get realpath for the library "libion.so". Will use given name.
11-18 16:55:09.532 31055 31068 E HAL     : load: id=gralloc != hmi->id=gralloc
11-18 16:55:09.537 10426 10470 I PushLog2615: [ReceiverDispatcher-498]PushCommandProcessor device register success(android/null:-1)
11-18 16:55:09.543 31055 31055 W System  : ClassLoader referenced unknown path: /system/app/HwLogUploadService/lib/arm64
11-18 16:55:09.562 31055 31055 E Utils   : lockCreate
11-18 16:55:09.566 10426 10470 I PushLog2615: [ReceiverDispatcher-498]no more client need register and unregister(android/null:-1)
11-18 16:55:09.571 31011 31028 I System  : core_booster, getBoosterConfig = false
11-18 16:55:09.578  4718  4718 I GcmHeartBeatFixer: China market version, just return...
11-18 16:55:09.592  3455  3455 I TrafficMonitor: update:rxPkts:41,txPkts:44,rxBytes:29863,txBytes:2989
11-18 16:55:09.592  3455  3455 I TrafficMonitor: no expired. level:-1
11-18 16:55:09.592  3455  3455 I TrafficMonitor: gettimer:interval=2000
11-18 16:55:09.592  3455  3455 I TrafficMonitor: count:1,rx_sum:0,tx_sum:0,rxBytes:0,during_ms:0,rx_speed:0.0,tx_speed:0.0,rto:0.0
11-18 16:55:09.596  3455  3845 E WifiConfigStore: updateConfiguration freq=2432 BSSID=fc:3f:7c:18:dd:8a RSSI=-50 "panlid"WPA_PSK
11-18 16:55:09.615  3455  4676 E HsmCoreServiceImpl: onTransact in code is: 102
11-18 16:55:09.615  3455  4676 I MediaProcessHandler: processOp opType: 1, uid: 10017, pid: 30687
11-18 16:55:09.615  3455  4676 W MediaProcessHandler: remove target not exist, maybe the UI process: uid: 10017, pid: 30687
11-18 16:55:09.619 31011 31028 I System  : core_booster, getBoosterConfig = false
11-18 16:55:09.631  3455  3465 E HsmCoreServiceImpl: onTransact in code is: 102
11-18 16:55:09.631  3455  3465 I MediaProcessHandler: processOp opType: 1, uid: 10017, pid: 30753
11-18 16:55:09.631  3455  3465 W MediaProcessHandler: remove target not exist, maybe the UI process: uid: 10017, pid: 30753
11-18 16:55:09.686  3455  3892 E HwCHRWebMonitor: getFileResult throw exceptionjava.io.FileNotFoundException: proc/net/wifi_network_stat: open failed: ENOENT (No such file or directory)
11-18 16:55:09.693  4718 16978 I PgedBinderListener: kstate callback type:8 value1=30854 value2=KILLED
11-18 16:55:09.733  2914  3875 I [Gralloc]: alloc w[16] h[16] format[1] usage[256]
11-18 16:55:09.733  2914  3875 I [Gralloc]: alloc succ handle[0x5599696520] stride[32]
11-18 16:55:09.734 31073 31085 E linker  : readlink('/proc/self/fd/21') failed: Permission denied [fd=21]
11-18 16:55:09.735 31073 31085 E linker  : warning: unable to get realpath for the library "/system/lib/hw/gralloc.hi3635.so". Will use given name.
11-18 16:55:09.738 31073 31085 E linker  : readlink('/proc/self/fd/21') failed: Permission denied [fd=21]
11-18 16:55:09.738 31073 31085 E linker  : warning: unable to get realpath for the library "libion.so". Will use given name.
11-18 16:55:09.740 31073 31085 E HAL     : load: id=gralloc != hmi->id=gralloc
11-18 16:55:09.770  3455  4744 E HsmCoreServiceImpl: onTransact in code is: 102
11-18 16:55:09.770  3455  4744 W MediaProcessHandler: processOp uid 1000 is not concerned!
11-18 16:55:09.783 31073 31073 I LibV1.0.1-WContentP: onC
11-18 16:55:09.794 31073 31073 I LibV1.0.1-AccountMgr: begin check so
11-18 16:55:09.995 31073 31073 I LibV1.0.1-AccountMgr: end check so ok
11-18 16:55:10.040 31073 31073 I V2.5.1.310-SkyToneNotify-NotifyEngine: registerCtrlReceiver success
11-18 16:55:10.044 31073 31073 I LibV1.0.1-SQLiteAssetHelper: corodb f:false
11-18 16:55:10.048 31073 31073 I LibV1.0.1-SQLiteAssetHelper: openadb ok
11-18 16:55:10.054 31073 31073 I WIFIV1.0.1-TraSTsk: d e 1.0
11-18 16:55:10.081 31073 31073 W VSimApiWrapper: getCellLocation, no such method.
11-18 16:55:10.081 31073 31073 W VSimApiWrapper: getVsimAvailableNetworks, no such method.
11-18 16:55:10.082 31073 31073 W VSimApiWrapper: getUserReservedSubId, no such method.
11-18 16:55:10.082 31073 31073 W VSimApiWrapper: getUserReservedSubId, no such method.
11-18 16:55:10.083 31073 31073 W VSimApiWrapper: isPlatformSupportVsim, no such method.
11-18 16:55:10.083 31073 31073 W VSimApiWrapper: getVSimSubId, no such method.
11-18 16:55:10.083 31073 31073 W VSimApiWrapper: enableVSim, no such method.
11-18 16:55:10.083 31073 31073 W VSimApiWrapper: disableVSim, no such method.
11-18 16:55:10.083 31073 31073 W VSimApiWrapper: setApn, no such method.
11-18 16:55:10.083 31073 31073 W VSimApiWrapper: getSimMode, no such method.
11-18 16:55:10.084 31073 31073 W VSimApiWrapper: getRegPlmn, no such method.
11-18 16:55:10.084 31073 31073 W VSimApiWrapper: getTrafficData, no such method.
11-18 16:55:10.084 31073 31073 W VSimApiWrapper: clearTrafficData, no such method.
11-18 16:55:10.084 31073 31073 W VSimApiWrapper: getSimStateViaSysinfoEx, no such method.
11-18 16:55:10.085 31073 31073 W VSimApiWrapper: getCpserr, no such method.
11-18 16:55:10.085 31073 31073 W VSimApiWrapper: getDevSubMode, no such method.
11-18 16:55:10.085 31073 31073 W VSimApiWrapper: getPreferredNetworkTypeForVSim, no such method.
11-18 16:55:10.085 31073 31073 W VSimApiWrapper: setUserReservedSubId, no such method.
11-18 16:55:10.085 31073 31073 W VSimApiWrapper: hasIccCardForVSim, no such method.
11-18 16:55:10.085 31073 31073 W VSimApiWrapper: hasHardIccCardForVSim, no such method.
11-18 16:55:10.085 31073 31073 W VSimApiWrapper: getNetworkCountryIso, no such method.
11-18 16:55:10.086 31073 31073 W VSimApiWrapper: dsFlowCfg, no such method.
11-18 16:55:10.086 31073 31073 W VSimApiWrapper: getDeviceNetworkCountryIso, no such method.
11-18 16:55:10.086 31073 31073 W VSimApiWrapper: getNetworkOperator, no such method.
11-18 16:55:10.086 31073 31073 W VSimApiWrapper: getNetworkOperatorName, no such method.
11-18 16:55:10.086 31073 31073 W VSimApiWrapper: getNetworkType, no such method.
11-18 16:55:10.086 31073 31073 W VSimApiWrapper: scanVsimAvailableNetworks, no such method.
11-18 16:55:10.086 31073 31073 W VSimApiWrapper: getSubscriberId, no such method.
11-18 16:55:10.087 31073 31073 W VSimApiWrapper: getNetworkCountryIso, no such method.
11-18 16:55:10.087 31073 31073 W VSimApiWrapper: isNetworkRoaming, no such method.
11-18 16:55:10.087 31073 31073 W VSimApiWrapper: getOperatorWithDeviceCustomed, no such method.
11-18 16:55:10.087 31073 31073 W VSimApiWrapper: isTrustedEMUI(), no such method.
11-18 16:55:10.087 31073 31073 W VSimApiWrapper: isMultiSimEnabled, no such method.
11-18 16:55:10.087 31073 31073 W VSimApiWrapper: getVSimSubId, no such method.
11-18 16:55:10.087 31073 31073 W VSimApiWrapper: enableVSim, no such method.
11-18 16:55:10.088 31073 31073 W VSimApiWrapper: disableVSim, no such method.
11-18 16:55:10.088 31073 31073 W VSimApiWrapper: setApn, no such method.
11-18 16:55:10.088 31073 31073 W VSimApiWrapper: getSimMode, no such method.
11-18 16:55:10.088 31073 31073 W VSimApiWrapper: getRegPlmn, no such method.
11-18 16:55:10.088 31073 31073 W VSimApiWrapper: getTrafficData, no such method.
11-18 16:55:10.088 31073 31073 W VSimApiWrapper: clearTrafficData, no such method.
11-18 16:55:10.088 31073 31073 W VSimApiWrapper: getSimStateViaSysinfoEx, no such method.
11-18 16:55:10.088 31073 31073 W VSimApiWrapper: getCpserr, no such method.
11-18 16:55:10.088 31073 31073 W VSimApiWrapper: getDevSubMode, no such method.
11-18 16:55:10.088 31073 31073 W VSimApiWrapper: getPreferredNetworkTypeForVSim, no such method.
11-18 16:55:10.088 31073 31073 W VSimApiWrapper: setUserReservedSubId, no such method.
11-18 16:55:10.088 31073 31073 W VSimApiWrapper: hasIccCardForVSim, no such method.
11-18 16:55:10.089 31073 31073 W VSimApiWrapper: dsFlowCfg, no such method.
11-18 16:55:10.089 31073 31073 W VSimApiWrapper: getDeviceNetworkCountryIso, no such method.
11-18 16:55:10.102 31073 31073 W Settings: Setting airplane_mode_on has moved from android.provider.Settings.System to android.provider.Settings.Global, returning read-only value.
11-18 16:55:10.105 31073 31073 I V2.5.1.310-VsimV1.0.0-MachineInitState: enter() machine transitionState , vsimstatus:UNKNOWN
11-18 16:55:10.116 31073 31073 I V2.5.1.310-VsimV1.0.0-VsimStateMachine: sendMsgToUi mUiHandlers size:0|state code:10000|desc:Goto unkown state
11-18 16:55:10.119 31073 31073 I V2.5.1.310-SkyToneNotify-NotifySendMgr: sendNotifyMsg isCurNoOrderMsg:false|isCurOrderLimite:false
11-18 16:55:10.119 31073 31073 I V2.5.1.310-VsimV1.0.0-VsimStateMachine: sendMsgToUi mUiHandlers is null,error
11-18 16:55:10.124 31073 31073 I WIFIV1.0.1-SCCR: OR b
11-18 16:55:10.124 31073 31073 I WIFIV1.0.1-SCCR: OR a:android.net.conn.CONNECTIVITY_CHANGE
11-18 16:55:10.125 31073 31073 I WIFIV1.0.1-SCCR: OR cc b
11-18 16:55:10.127 31073 31073 I WIFIV1.0.1-WSM: c
11-18 16:55:10.128 31073 31073 I WIFIV1.0.1-SCCR: OR cc e
11-18 16:55:10.128 31073 31073 I WIFIV1.0.1-SCCR: OR e
11-18 16:55:10.129 31073 31098 E WSM     : The start method not called, ignore msg: { when=0 what=7 target=com.huawei.cloudwifi.d.b.f }
11-18 16:55:10.133 31073 31073 I V2.5.1.310-SkyToneNotify-NotifyCtrlReceiver: startNotifyService failed,because  Switch is turnoff or account is no inited.
11-18 16:55:10.136 31073 31073 I V2.5.1.310-SkyToneNotify-NotifyCtrlReceiver: startNotifyService failed,because  Switch is turnoff or account is no inited.
11-18 16:55:10.137 31073 31073 I 100001010203005230226-VSimBroadcastReceiver: receive broadcast:android.net.conn.CONNECTIVITY_CHANGE
11-18 16:55:10.137 31073 31073 E 100001010203005230226-VSimBroadcastReceiver: VSim is not initial.
11-18 16:55:10.152 23735 31103 I System  : core_booster, getBoosterConfig = false
11-18 16:55:10.221  2914  3011 I [Gralloc]: alloc w[16] h[16] format[1] usage[256]
11-18 16:55:10.221  2914  3011 I [Gralloc]: alloc succ handle[0x5599696520] stride[32]
11-18 16:55:10.222 31105 31117 E linker  : readlink('/proc/self/fd/21') failed: Permission denied [fd=21]
11-18 16:55:10.222 31105 31117 E linker  : warning: unable to get realpath for the library "/system/lib64/hw/gralloc.hi3635.so". Will use given name.
11-18 16:55:10.224 31105 31117 E linker  : readlink('/proc/self/fd/21') failed: Permission denied [fd=21]
11-18 16:55:10.224 31105 31117 E linker  : warning: unable to get realpath for the library "libion.so". Will use given name.
11-18 16:55:10.230 31105 31117 E HAL     : load: id=gralloc != hmi->id=gralloc
11-18 16:55:10.356  4718 18002 I PgedBinderListener: kstate callback type:8 value1=30955 value2=KILLED
11-18 16:55:10.399  2949  2949 E Thermal-daemon: [battery] temp_new :30  temp_old :29
11-18 16:55:10.399  2949  2949 E Thermal-daemon: Report temperature: [battery] temp :30  report_threshold:1
11-18 16:55:10.401  2949  2949 E Thermal-daemon: [ap] temp_new :36  temp_old :35
11-18 16:55:10.401  2949  2949 E Thermal-daemon: Report temperature: [ap] temp :36  report_threshold:1
11-18 16:55:10.413  2914 11248 I [Gralloc]: alloc w[16] h[16] format[1] usage[256]
11-18 16:55:10.413  2914 11248 I [Gralloc]: alloc succ handle[0x559974b540] stride[32]
11-18 16:55:10.414 31122 31159 E linker  : readlink('/proc/self/fd/21') failed: Permission denied [fd=21]
11-18 16:55:10.414 31122 31159 E linker  : warning: unable to get realpath for the library "/system/lib64/hw/gralloc.hi3635.so". Will use given name.
11-18 16:55:10.416 31122 31159 E linker  : readlink('/proc/self/fd/21') failed: Permission denied [fd=21]
11-18 16:55:10.416 31122 31159 E linker  : warning: unable to get realpath for the library "libion.so". Will use given name.
11-18 16:55:10.417 31122 31159 E HAL     : load: id=gralloc != hmi->id=gralloc
11-18 16:55:10.448 31122 31122 W System  : ClassLoader referenced unknown path: /system/priv-app/GoogleServicesFramework/lib/arm64
11-18 16:55:10.461 31122 31122 I GservicesProvider: Gservices pushing to system: true; secure/global: true
11-18 16:55:10.479  3455  4744 E HsmCoreServiceImpl: onTransact in code is: 102
11-18 16:55:10.479  3455  4744 I MediaProcessHandler: processOp opType: 1, uid: 10046, pid: 30955
11-18 16:55:10.479  3455  4744 W MediaProcessHandler: remove target not exist, maybe the UI process: uid: 10046, pid: 30955
11-18 16:55:10.485 27481 27481 I HwEmailTag: EmailProvider->handleNetworkChanged->network is good, start new EmailConnectivityTask
11-18 16:55:10.485 27481 27481 I HwEmailTag: EmailProvider->handleSyncFailCounter->calendar-map size:0
11-18 16:55:10.485 27481 27818 I HwEmailTag: EmailConnectivityTask->syncOutbox
11-18 16:55:10.485 27481 27481 I HwEmailTag: EmailProvider->triggerAllPeriodSync
11-18 16:55:10.487 27481 27818 I HwEmailTag: EmailProvider->query->1479452110486;start;uri:content://com.android.email.provider/mailbox
11-18 16:55:10.487 27481 31203 I HwEmailTag: EmailProvider->triggerAllPeriodSync thread run
11-18 16:55:10.487 27481 31203 I HwEmailTag: EmailProvider->triggerPeroidSync->accountId:-1
11-18 16:55:10.487 27481 31203 I HwEmailTag: EmailProvider->triggerPeroidSync->start, accountId:1
11-18 16:55:10.487 27481 31203 I HwEmailTag: EmailProvider->updateAccountSyncInterval->accountId:1
11-18 16:55:10.489 27481 27818 I HwEmailTag: EmailProvider->query->1479452110486;end;;consuming:3ms;
11-18 16:55:10.495 27481 31203 I HwEmailTag: EmailProvider->restoreAccountWithId. success.account:[Account mId:1: mDisplayName:w*@y7mail.com;mEmailAddress:w*@y7mail.com]
11-18 16:55:10.496 27481 31203 I HwEmailTag: EmailProvider->restoreAccountWithId. success.account:[Account mId:1: mDisplayName:w*@y7mail.com;mEmailAddress:w*@y7mail.com]
11-18 16:55:10.496 27481 31203 I HwEmailTag: EmailProvider->updateAccountSyncInterval->accountId:1; AccountHelper.updateAccountSyncInterval start,-prefixspot-
11-18 16:55:10.496 27481 31203 I HwEmailTag: AccountHelper->addPeriodicSyncIfNeeded->account:Account {name=w*@y7mail.com, type=com.android.email}; authority:com.android.email.provider; syncInterval:15
11-18 16:55:10.497 27481 31203 I HwEmailTag: AccountHelper->addPeriodicSyncIfNeeded->hasSamePeriodSync.pollFrequency=900
11-18 16:55:10.498 27481 31203 I HwEmailTag: EmailProvider->isSecurityHold->:isHold:false
11-18 16:55:10.499 27481 31203 I HwEmailTag: EmailProvider->restoreAccountWithId. success.account:[Account mId:1: mDisplayName:w*@y7mail.com;mEmailAddress:w*@y7mail.com]
11-18 16:55:10.500 27481 31203 I HwEmailTag: EmailProvider->triggerPeroidSync->start, accountId:2
11-18 16:55:10.500 27481 31203 I HwEmailTag: EmailProvider->updateAccountSyncInterval->accountId:2
11-18 16:55:10.501 27481 31203 I HwEmailTag: EmailProvider->restoreAccountWithId. success.account:[Account mId:2: mDisplayName:w*@lunwing.com;mEmailAddress:w*@lunwing.com]
11-18 16:55:10.502 27481 31203 I HwEmailTag: EmailProvider->restoreAccountWithId. success.account:[Account mId:2: mDisplayName:w*@lunwing.com;mEmailAddress:w*@lunwing.com]
11-18 16:55:10.502 27481 31203 I HwEmailTag: EmailProvider->updateAccountSyncInterval->accountId:2; AccountHelper.updateAccountSyncInterval start,-prefixspot-
11-18 16:55:10.502 27481 31203 I HwEmailTag: AccountHelper->addPeriodicSyncIfNeeded->account:Account {name=w*@lunwing.com, type=com.android.email}; authority:com.android.email.provider; syncInterval:5
11-18 16:55:10.503 27481 31203 I HwEmailTag: AccountHelper->addPeriodicSyncIfNeeded->hasSamePeriodSync.pollFrequency=300
11-18 16:55:10.504 27481 31203 I HwEmailTag: EmailProvider->isSecurityHold->:isHold:false
11-18 16:55:10.505 27481 31203 I HwEmailTag: EmailProvider->restoreAccountWithId. success.account:[Account mId:2: mDisplayName:w*@lunwing.com;mEmailAddress:w*@lunwing.com]
11-18 16:55:10.505 27481 31203 I HwEmailTag: EmailProvider->triggerPeroidSync->start, accountId:3
11-18 16:55:10.505 27481 31203 I HwEmailTag: EmailProvider->updateAccountSyncInterval->accountId:3
11-18 16:55:10.506 27481 31203 I HwEmailTag: EmailProvider->restoreAccountWithId. success.account:[Account mId:3: mDisplayName:d*@yahoo.com.au;mEmailAddress:d*@yahoo.com.au]
11-18 16:55:10.507 27481 31203 I HwEmailTag: EmailProvider->restoreAccountWithId. success.account:[Account mId:3: mDisplayName:d*@yahoo.com.au;mEmailAddress:d*@yahoo.com.au]
11-18 16:55:10.508 27481 31203 I HwEmailTag: EmailProvider->updateAccountSyncInterval->accountId:3; AccountHelper.updateAccountSyncInterval start,-prefixspot-
11-18 16:55:10.508 27481 31203 I HwEmailTag: AccountHelper->addPeriodicSyncIfNeeded->account:Account {name=d*@yahoo.com.au, type=com.android.email}; authority:com.android.email.provider; syncInterval:15
11-18 16:55:10.508 31122 31122 I GoogleHttpClient: GMS http client unavailable, use old client
11-18 16:55:10.509 27481 31203 I HwEmailTag: AccountHelper->addPeriodicSyncIfNeeded->hasSamePeriodSync.pollFrequency=900
11-18 16:55:10.509 27481 31203 I HwEmailTag: EmailProvider->isSecurityHold->:isHold:false
11-18 16:55:10.510 27481 31203 I HwEmailTag: EmailProvider->restoreAccountWithId. success.account:[Account mId:3: mDisplayName:d*@yahoo.com.au;mEmailAddress:d*@yahoo.com.au]
11-18 16:55:10.511 27481 31203 I HwEmailTag: EmailProvider->triggerPeroidSync->start, accountId:4
11-18 16:55:10.511 27481 31203 I HwEmailTag: EmailProvider->updateAccountSyncInterval->accountId:4
11-18 16:55:10.512 27481 31203 I HwEmailTag: EmailProvider->restoreAccountWithId. success.account:[Account mId:4: mDisplayName:c*@gmail.com;mEmailAddress:c*@gmail.com]
11-18 16:55:10.513 27481 31203 I HwEmailTag: EmailProvider->restoreAccountWithId. success.account:[Account mId:4: mDisplayName:c*@gmail.com;mEmailAddress:c*@gmail.com]
11-18 16:55:10.513 27481 31203 I HwEmailTag: EmailProvider->updateAccountSyncInterval->accountId:4; AccountHelper.updateAccountSyncInterval start,-prefixspot-
11-18 16:55:10.513 27481 31203 I HwEmailTag: AccountHelper->addPeriodicSyncIfNeeded->account:Account {name=c*@gmail.com, type=com.android.email}; authority:com.android.email.provider; syncInterval:15
11-18 16:55:10.514 27481 31203 I HwEmailTag: AccountHelper->addPeriodicSyncIfNeeded->hasSamePeriodSync.pollFrequency=900
11-18 16:55:10.515  3455  3839 I AccountManagerService: getTypesVisibleToCaller: isPermitted? true
11-18 16:55:10.515 27481 31203 I HwEmailTag: EmailProvider->isSecurityHold->:isHold:false
11-18 16:55:10.516 27481 31203 I HwEmailTag: EmailProvider->restoreAccountWithId. success.account:[Account mId:4: mDisplayName:c*@gmail.com;mEmailAddress:c*@gmail.com]
11-18 16:55:10.565 31105 31105 W linker  : /data/app/com.google.android.gms-2/lib/arm64/libgmscore.so: unused DT entry: type 0x7ffffffd arg 0x885
11-18 16:55:10.585 31105 31105 W linker  : /data/app/com.google.android.gms-2/lib/arm64/libconscrypt_gmscore_jni.so: unused DT entry: type 0x1d arg 0x80
11-18 16:55:10.585 31105 31105 W linker  : /data/app/com.google.android.gms-2/lib/arm64/libconscrypt_gmscore_jni.so: unused DT entry: type 0x7ffffffd arg 0x169
11-18 16:55:10.597  3455  3845 E WifiConfigStore: updateConfiguration freq=2432 BSSID=fc:3f:7c:18:dd:8a RSSI=-50 "panlid"WPA_PSK
