11-18 16:55:23.191 10426 10426 I PushLog2615: [main-1]action is android.intent.action.PACKAGE_REMOVED(android/null:-1)
11-18 16:55:23.192  3966  3966 I IntelligentScene: mPackageReceiver, action= android.intent.action.PACKAGE_REMOVED
11-18 16:55:23.192  3966  3966 I IntelligentScene: packageName = com.lunwing.radio
11-18 16:55:23.201  3966  3966 I IntelligentScene: mPackageReceiver, action= android.intent.action.PACKAGE_ADDED
11-18 16:55:23.201  3966  3966 I IntelligentScene: packageName = com.lunwing.radio
11-18 16:55:23.203  4331  4331 I HwSystemManager: HsmPackageManager:Receive intent:Intent { act=android.intent.action.PACKAGE_ADDED dat=package:com.lunwing.radio flg=0x4000010 (has extras) }
11-18 16:55:23.203  4331  4331 I HwSystemManager: HsmPackageManager:replacing:true
11-18 16:55:23.203  4331  4331 I HwSystemManager: HsmPackageManager:pkgName:com.lunwing.radio
11-18 16:55:23.205  4331  4331 I HwSystemManager: HsmPackageManager:doAppInstalled, installed: com.lunwing.radio, prePkgExist:true, replacing:true
11-18 16:55:23.216  7429  7429 I Bluetooth: BluetoothMapAppObserver:onReceive
11-18 16:55:23.216  7429  7429 I Bluetooth: BluetoothMapAppObserver:The removed package is: com.lunwing.radio
11-18 16:55:23.216  7429  7429 I Bluetooth: BluetoothMapAppObserver:getApp(): Looking for com.lunwing.radio
11-18 16:55:23.216  7429  7429 I Bluetooth: BluetoothMapAppObserver:  NOT FOUND!
11-18 16:55:23.216  7429  7429 I Bluetooth: BluetoothMapAppObserver:onReceive
11-18 16:55:23.216  7429  7429 I Bluetooth: BluetoothMapAppObserver:The installed package is: com.lunwing.radio
11-18 16:55:23.226  3455  3455 E HwBastetService: name: com.lunwing.radio
11-18 16:55:23.226  3455  3455 E HwBastetService: len: 0, name: com.lunwing.radio, uid: 10150
11-18 16:55:23.243  7429  7429 I Bluetooth: BluetoothMapAppObserver:Found 0 application(s) with intent android.bluetooth.action.BLUETOOTH_MAP_PROVIDER
11-18 16:55:23.244  3455  3832 I InputReader: Reconfiguring input devices.  changes=0x00000010
11-18 16:55:23.244  7429  7429 I Bluetooth: BluetoothMapAppObserver:Found 0 application(s) with intent android.bluetooth.action.BLUETOOTH_MAP_IM_PROVIDER
11-18 16:55:23.250  3455  3832 I InputReader: Reconfiguring input devices.  changes=0x00000010
11-18 16:55:23.262  3966  3966 I IntelligentScene: mPackageReceiver, action= android.intent.action.PACKAGE_REPLACED
11-18 16:55:23.262  3966  3966 I IntelligentScene: packageName = com.lunwing.radio
11-18 16:55:23.263  4331  4331 I HwSystemManager: HsmPackageManager:Receive intent:Intent { act=android.intent.action.PACKAGE_REPLACED dat=package:com.lunwing.radio flg=0x4000010 (has extras) }
11-18 16:55:23.263  4331  4331 I HwSystemManager: HsmPackageManager:replacing:true
11-18 16:55:23.263  4331  4331 I HwSystemManager: HsmPackageManager:pkgName:com.lunwing.radio
11-18 16:55:23.263  3455  3832 I InputReader: Reconfiguring input devices.  changes=0x00000010
11-18 16:55:23.264  4331  4331 I HwSystemManager: HsmPackageManager:doAppChanged, put com.lunwing.radio, path:/data/app/com.lunwing.radio-1
11-18 16:55:23.269 10426 10426 I PushLog2615: [main-1]action is android.intent.action.PACKAGE_ADDED(android/null:-1)
11-18 16:55:23.270 26418 26418 I HwLauncher: SimpleLauncherModeaction= android.intent.action.PACKAGE_REMOVEDpackageName = com.lunwing.radio
11-18 16:55:23.281 26418 26418 I HwLauncher: LauncherDownloadModel onReceive intent=Intent { act=android.intent.action.PACKAGE_REMOVED dat=package:com.lunwing.radio flg=0x4000010 (has extras) }
11-18 16:55:23.281 26418 26418 I HwLauncher: SimpleLauncherModeaction= android.intent.action.PACKAGE_ADDEDpackageName = com.lunwing.radio
11-18 16:55:23.282  2914 11248 I [Gralloc]: alloc w[16] h[16] format[1] usage[256]
11-18 16:55:23.283  2914 11248 I [Gralloc]: alloc succ handle[0x55996e8030] stride[32]
11-18 16:55:23.284 32061 32076 E linker  : readlink('/proc/self/fd/21') failed: Permission denied [fd=21]
11-18 16:55:23.284 32061 32076 E linker  : warning: unable to get realpath for the library "/system/lib64/hw/gralloc.hi3635.so". Will use given name.
11-18 16:55:23.286 32061 32076 E linker  : readlink('/proc/self/fd/21') failed: Permission denied [fd=21]
11-18 16:55:23.286 32061 32076 E linker  : warning: unable to get realpath for the library "libion.so". Will use given name.
11-18 16:55:23.287 32061 32076 E HAL     : load: id=gralloc != hmi->id=gralloc
11-18 16:55:23.325  4718 18002 I PgedBinderListener: kstate callback type:8 value1=31641 value2=KILLED
11-18 16:55:23.404 26418 26418 I HwLauncher: LauncherDownloadModel onReceive intent=Intent { act=android.intent.action.PACKAGE_ADDED dat=package:com.lunwing.radio flg=0x4000010 (has extras) }
11-18 16:55:23.411 26418 26442 I HwLauncher: SimpleLauncherModemAllAppsList.updatePackage com.lunwing.radio
11-18 16:55:23.423 26418 26442 I HwLauncher: SimpleAllAppsList  updatePackage : package[com.lunwing.radio] matched activity's size is 1 and data List size is 0
11-18 16:55:23.430  3455  3986 E HsmCoreServiceImpl: onTransact in code is: 102
11-18 16:55:23.430  3455  3986 I MediaProcessHandler: processOp opType: 1, uid: 10046, pid: 31641
11-18 16:55:23.430  3455  3986 W MediaProcessHandler: remove target not exist, maybe the UI process: uid: 10046, pid: 31641
11-18 16:55:23.620  3455  3845 E WifiConfigStore: updateConfiguration freq=2432 BSSID=fc:3f:7c:18:dd:8a RSSI=-51 "panlid"WPA_PSK
11-18 16:55:23.663 26418 26442 I HwLauncher: Launcher.LauncherProvider  queried count: 0
11-18 16:55:23.670 26418 26442 I HwLauncher: SimpleAllAppsList  findAndUpdateInfoInDB : found 0 shortcutInfo for package[com.lunwing.radio] in db
11-18 16:55:23.674 26418 26442 I HwLauncher: SimpleAllAppsList  updatePackage do not add new SimpleApplicationInfo,It's in normal now. package = com.lunwing.radio
11-18 16:55:23.679 26418 26442 W HwLauncher: SimpleLauncherModeNobody to tell about the new app.  Launcher is probably loading.
11-18 16:55:23.918  4331  4964 W HwSystemManager: StartupConfData:getStartupAllowCfgCloud for com.lunwing.radio, isRec true return default
11-18 16:55:23.957  4331  4964 W HwSystemManager: StartupConsistencyChecker:loadAndUpdateExistPackageData not valid startupInfo of com.lunwing.radio
11-18 16:55:23.971 32061 32061 I SendBroadcastPermission: action:com.huawei.appmarket.service.downloadservice.Receiver, mPermissionType:0
11-18 16:55:23.974  3455  3845 E WifiConfigStore: updateConfiguration freq=2432 BSSID=fc:3f:7c:18:dd:8a RSSI=-50 "panlid"WPA_PSK
11-18 16:55:23.991 26418 26418 I HwLauncher: LauncherDownloadModel onReceive intent=Intent { act=com.huawei.appmarket.service.downloadservice.Receiver flg=0x10 }
11-18 16:55:23.991 26418 26418 W HwLauncher: get getBundleExtra with downloadtask all return null!
11-18 16:55:24.041  2914  3013 I [Gralloc]: alloc w[16] h[16] format[1] usage[256]
11-18 16:55:24.041  2914  3013 I [Gralloc]: alloc succ handle[0x55996e8030] stride[32]
11-18 16:55:24.042 32116 32128 E linker  : readlink('/proc/self/fd/21') failed: Permission denied [fd=21]
11-18 16:55:24.043 32116 32128 E linker  : warning: unable to get realpath for the library "/system/lib64/hw/gralloc.hi3635.so". Will use given name.
11-18 16:55:24.044 32116 32128 E linker  : readlink('/proc/self/fd/21') failed: Permission denied [fd=21]
11-18 16:55:24.044 32116 32128 E linker  : warning: unable to get realpath for the library "libion.so". Will use given name.
11-18 16:55:24.045 32116 32128 E HAL     : load: id=gralloc != hmi->id=gralloc
11-18 16:55:24.129  3966  3966 I NetworkSpeedManagerEx: mIsStop = false
11-18 16:55:24.130  3966  3966 I NetworkSpeedManagerEx:  value = 69.333336
11-18 16:55:24.131  3966  3966 I NetworkSpeedManagerEx: speed = 69B/s
11-18 16:55:24.131  3966  3966 I NetworkSpeedView: /update(), speed=69B/s
11-18 16:55:24.144  3966  3966 W View    : requestLayout() improperly called by com.android.systemui.statusbar.phone.IconMerger{e4cbfb3 V.E...... ......I. 0,0-162,72 #7f1000c3 app:id/notificationIcons} during layout: running second layout pass
11-18 16:55:24.224  3455  3455 I TrafficMonitor: update:rxPkts:2,txPkts:2,rxBytes:104,txBytes:104
11-18 16:55:24.224  3455  3455 I TrafficMonitor: start expired. level:-1
11-18 16:55:24.224  3455  3455 I TrafficMonitor: gettimer:interval=2000
11-18 16:55:24.231  3966  3966 W View    : requestLayout() improperly called by com.android.systemui.statusbar.phone.IconMerger{e4cbfb3 V.E...... ........ 0,0-162,72 #7f1000c3 app:id/notificationIcons} during second layout pass: posting in next frame
11-18 16:55:24.317 32116 32116 I HwCust  : Constructor found for class com.android.contacts.HwCustContactApplicationHelperImpl
11-18 16:55:24.341 32116 32116 I HwCust  : Constructor found for class android.app.HwCustHwWallpaperManagerImpl
11-18 16:55:24.354 32090 32090 I appproc : CLASSPATH=/system/framework/input.jar
11-18 16:55:24.354 32090 32090 I appproc : Command=app_process /system/bin com.android.commands.input.Input keyevent 82 
11-18 16:55:24.356 32116 32137 I HwCust  : Constructor found for class com.android.contacts.preference.HwCustContactsPreferencesImpl
11-18 16:55:24.360 32116 32116 W CfgFilePolicy: No config file found for:xml/rcs_defaults.xml
11-18 16:55:24.367 32090 32090 I AndroidRuntime: readDownloadBoosterConfig: 'false'
11-18 16:55:24.439  4331  4331 I HwSystemManager: NotificationManagerReceiver:onReceive action = android.intent.action.PACKAGE_REMOVED
11-18 16:55:24.448 32116 32137 I HwCust  : Constructor found for class com.android.contacts.model.account.HwCustFallbackAccountTypeImpl
11-18 16:55:24.489  3455  3469 I SendBroadcastPermission: action:android.search.action.SEARCHABLES_CHANGED, mPermissionType:0
11-18 16:55:24.494  3455  4696 I AccountManagerService: getTypesVisibleToCaller: isPermitted? true
11-18 16:55:24.498 32090 32090 I HWSERVICES: hwnative_get_component_register:libdrmbitmap,JNI
11-18 16:55:24.506  3455  3469 I SendBroadcastPermission: action:android.search.action.SEARCHABLES_CHANGED, mPermissionType:0
11-18 16:55:24.507 32116 32149 I HwCust  : Constructor found for class com.android.contacts.model.account.HwCustAccountModelCustomizationImpl
11-18 16:55:24.511 32090 32090 E HAL     : load: id=memtrack != hmi->id=memtrack
11-18 16:55:24.513  2914 11248 I [Gralloc]: alloc w[16] h[16] format[1] usage[256]
11-18 16:55:24.513  2914 11248 I [Gralloc]: alloc succ handle[0x55996e8030] stride[32]
11-18 16:55:24.514 32144 32162 E linker  : readlink('/proc/self/fd/21') failed: Permission denied [fd=21]
11-18 16:55:24.514 32090 32090 I         : power log dlsym ok
11-18 16:55:24.515 32144 32162 E linker  : warning: unable to get realpath for the library "/system/lib/hw/gralloc.hi3635.so". Will use given name.
11-18 16:55:24.517 32090 32090 I Radio-JNI: register_android_hardware_Radio DONE
11-18 16:55:24.517 32144 32162 E linker  : readlink('/proc/self/fd/21') failed: Permission denied [fd=21]
11-18 16:55:24.517 32144 32162 E linker  : warning: unable to get realpath for the library "libion.so". Will use given name.
11-18 16:55:24.519 32144 32162 E HAL     : load: id=gralloc != hmi->id=gralloc
11-18 16:55:24.533 26418 26418 I HwLauncher: Model onPackageChanged packageName = com.lunwing.radio user = UserHandle{0}
11-18 16:55:24.538 26418 26418 I HwLauncher: Model  enqueuePackageUpdated post task
11-18 16:55:24.539 26418 26440 I HwLauncher: Model  PackageUpdatedTask Op : 2
11-18 16:55:24.539 26418 26440 I HwLauncher: Model mAllAppsList.updatePackage com.lunwing.radio
11-18 16:55:24.540 32090 32090 I android_hardware_fm.cpp: register_android_hardware_fm_fmradio
11-18 16:55:24.540 32090 32090 I android_hardware_fm.cpp: ========64bit long size = 8
11-18 16:55:24.540 32090 32090 I android_hardware_fm.cpp: FM: get chip type = bcm43xx
11-18 16:55:24.545 26418 26440 I HwLauncher: PiflowNews  customScreenName =com.inveno.hwread:pi_flow_new
11-18 16:55:24.548 26418 26440 I HwLauncher: AllIdleAppsList  updatePackage : package[com.lunwing.radio] matched activity's size is 1 and data List size is 0
11-18 16:55:24.550 32090 32090 E HAL     : load: id=fm != hmi->id=fm
11-18 16:55:24.550 32090 32090 E fm_if.c : find the id:fm and begins to open the devices
11-18 16:55:24.551 32090 32090 I android_hardware_fm.cpp: register_android_hardware_fm_fmradio, ret is 0
11-18 16:55:24.552 32144 32144 I HwSystemManager: SystemManagerApplication:onCreate
11-18 16:55:24.553 26418 26440 I HwLauncher: Launcher.LauncherProvider  queried count: 1
11-18 16:55:24.565 26418 26440 I HwLauncher: AllIdleAppsList  findAndUpdateInfoInDB : found 1 shortcutInfo for package[com.lunwing.radio] in db
11-18 16:55:24.567 32144 32144 I HwSystemManager: ProcPolicy:this proc is:com.huawei.systemmanager
11-18 16:55:24.567 32144 32166 I System.out: [ls, -l, /system/priv-app/HwSystemManager/HwSystemManager.apk]
11-18 16:55:24.567 32144 32166 I System.out: null
11-18 16:55:24.567 32144 32166 I System.out: null
11-18 16:55:24.567 32144 32166 I System.out: Calling by::className:com.huawei.systemmanager.util.HwLogTagHelper  MethodName:checkHsmIsPushed
11-18 16:55:24.577 32090 32090 I Input   : injectKeyEvent: KeyEvent { action=ACTION_DOWN, keyCode=KEYCODE_MENU, scanCode=0, metaState=0, flags=0x0, hwFlags=0x0, repeatCount=0, eventTime=658925118, downTime=658925118, deviceId=-1, source=0x101 }
11-18 16:55:24.582 26418 26440 I HwLauncher: Launcher.IconCache, cacheLocked begin Utilities.createIconBitmap entry.title = Rotary Radio Beta
11-18 16:55:24.588  4331  4331 I HwSystemManager: LocalService:Received start id 595: Intent { cmp=com.huawei.systemmanager/com.huawei.permission.HoldService }
11-18 16:55:24.592 32116 32149 I HwCust  : Constructor found for class com.android.contacts.model.account.HwCustExchangeAccountTypeImpl
11-18 16:55:24.595  4331  4331 I HwSystemManager: BgPowerManagerService:onStartCommand
11-18 16:55:24.618  3455  3845 E WifiConfigStore: updateConfiguration freq=2432 BSSID=fc:3f:7c:18:dd:8a RSSI=-50 "panlid"WPA_PSK
11-18 16:55:24.629 32144 32144 W CfgFilePolicy: No config file found for:xml/hsm_config.xml
11-18 16:55:24.630 32144 32166 I HwSystemManager: check push opration, match idx:-1
11-18 16:55:24.632 32144 32144 I HwSystemManager: HsmStat_info:feature enable:true
11-18 16:55:24.638 32144 32144 I HwSystemManager: CustomizeWrapper:permissionStatus is 0
11-18 16:55:24.659 32144 32144 I HwSystemManager: TMSEngineFeature: TMS support enable for netassistant.
11-18 16:55:24.661 32144 32186 W CfgFilePolicy: No config file found for:xml/hsm/protect/hsm_protect_default_value.xml
11-18 16:55:24.671 32090 32090 I Input   : injectKeyEvent: KeyEvent { action=ACTION_UP, keyCode=KEYCODE_MENU, scanCode=0, metaState=0, flags=0x0, hwFlags=0x0, repeatCount=0, eventTime=658925118, downTime=658925118, deviceId=-1, source=0x101 }
11-18 16:55:24.679 32116 32149 W ResourceType: For resource 0x7f021875, entry index(6261) is beyond type entryCount(475)
11-18 16:55:24.679 32116 32149 W ResourceType: Failure getting entry for 0x7f021875 (t=1 e=6261) (error -75)
11-18 16:55:24.679 32116 32149 W ResourceType: For resource 0x7f021875, entry index(6261) is beyond type entryCount(475)
11-18 16:55:24.679 32116 32149 W ResourceType: Failure getting entry for 0x7f021875 (t=1 e=6261) (error -75)
11-18 16:55:24.679 32116 32149 W ResourceType: For resource 0x7f021876, entry index(6262) is beyond type entryCount(475)
11-18 16:55:24.679 32116 32149 W ResourceType: Failure getting entry for 0x7f021876 (t=1 e=6262) (error -75)
11-18 16:55:24.679 32116 32149 W ResourceType: For resource 0x7f021877, entry index(6263) is beyond type entryCount(475)
11-18 16:55:24.679 32116 32149 W ResourceType: Failure getting entry for 0x7f021877 (t=1 e=6263) (error -75)
11-18 16:55:24.684  3455  4347 I AccountManagerService: getTypesVisibleToCaller: isPermitted? true
11-18 16:55:24.692  3455  4696 I AccountManagerService: getTypesVisibleToCaller: isPermitted? true
11-18 16:55:24.693 32144 32186 I HwSystemManager: BootStartManager:batchDeleteOperation !
11-18 16:55:24.727  4718 16154 I PgedBinderListener: kstate callback type:8 value1=31844 value2=KILLED
11-18 16:55:24.728 32116 32149 W ResourceType: For resource 0x7f021875, entry index(6261) is beyond type entryCount(475)
11-18 16:55:24.728 32116 32149 W ResourceType: Failure getting entry for 0x7f021875 (t=1 e=6261) (error -75)
11-18 16:55:24.728 32116 32149 W ResourceType: For resource 0x7f021875, entry index(6261) is beyond type entryCount(475)
11-18 16:55:24.729 32116 32149 W ResourceType: Failure getting entry for 0x7f021875 (t=1 e=6261) (error -75)
11-18 16:55:24.729 32116 32149 W ResourceType: For resource 0x7f021876, entry index(6262) is beyond type entryCount(475)
11-18 16:55:24.729 32116 32149 W ResourceType: Failure getting entry for 0x7f021876 (t=1 e=6262) (error -75)
11-18 16:55:24.729 32116 32149 W ResourceType: For resource 0x7f021877, entry index(6263) is beyond type entryCount(475)
11-18 16:55:24.729 32116 32149 W ResourceType: Failure getting entry for 0x7f021877 (t=1 e=6263) (error -75)
11-18 16:55:24.729  3455  3984 I AccountManagerService: getTypesVisibleToCaller: isPermitted? true
11-18 16:55:24.739  3455  4746 E HsmCoreServiceImpl: onTransact in code is: 102
11-18 16:55:24.739  3455  4746 I MediaProcessHandler: processOp opType: 1, uid: 10007, pid: 31844
11-18 16:55:24.739  3455  4746 W MediaProcessHandler: remove target not exist, maybe the UI process: uid: 10007, pid: 31844
11-18 16:55:24.754 32116 32180 I IIccPhoneBookAdapter: Simrecords 0= 0
11-18 16:55:24.754 32116 32180 I IIccPhoneBookAdapter: Simrecords 1= 88
11-18 16:55:24.754 32116 32180 I IIccPhoneBookAdapter: Simrecords 2= 100
11-18 16:55:24.754 32116 32180 I IIccPhoneBookAdapter: Simrecords 3= 1
11-18 16:55:24.754 32116 32180 I IIccPhoneBookAdapter: Simrecords 4= 100
11-18 16:55:24.754 32116 32180 I IIccPhoneBookAdapter: Simrecords 5= 100
11-18 16:55:24.755 32116 32180 I IIccPhoneBookAdapter: Simrecords 6= 2
11-18 16:55:24.755 32116 32180 I IIccPhoneBookAdapter: Simrecords 7= 100
11-18 16:55:24.755 32116 32180 I IIccPhoneBookAdapter: Simrecords 8= 100
11-18 16:55:24.765 26418 26440 I HwLauncher: Launcher.Utilities createIconBitmap classname = null, sourceWidth = 175, sourceHeight = 175
11-18 16:55:24.767 32144 32186 I HwSystemManager: BootStartManager:batchDeleteOperation !
11-18 16:55:24.785  2914  5968 I [Gralloc]: alloc w[990] h[801] format[1] usage[2816]
11-18 16:55:24.790  2914  5968 I [Gralloc]: alloc succ handle[0x55996e8030] stride[992]
11-18 16:55:24.791  2914  5968 I [Gralloc]: alloc w[990] h[801] format[1] usage[2816]
11-18 16:55:24.795  2914  5968 I [Gralloc]: alloc succ handle[0x559974bc20] stride[992]
11-18 16:55:24.795  2914  5968 I [Gralloc]: alloc w[990] h[801] format[1] usage[2816]
11-18 16:55:24.796 26418 26440 I HwCust  : Constructor found for class com.huawei.android.launcher.HwCustIconCacheImpl
11-18 16:55:24.796 26418 26440 I HwLauncher: Launcher.IconCache, cacheLocked end Utilities.createIconBitmap entry.title = Rotary Radio Beta
11-18 16:55:24.797 26418 26440 W HwLauncher: Model Nobody to tell about the new app.  Launcher is probably loading.
11-18 16:55:24.799  2914  5968 I [Gralloc]: alloc succ handle[0x5599655e80] stride[992]
11-18 16:55:24.811  3455  4622 I AccountManagerService: getTypesVisibleToCaller: isPermitted? true
11-18 16:55:24.846 32116 32149 W ResourceType: For resource 0x7f021875, entry index(6261) is beyond type entryCount(475)
11-18 16:55:24.846 32116 32149 W ResourceType: Failure getting entry for 0x7f021875 (t=1 e=6261) (error -75)
11-18 16:55:24.846 32116 32149 W ResourceType: For resource 0x7f021875, entry index(6261) is beyond type entryCount(475)
11-18 16:55:24.846 32116 32149 W ResourceType: Failure getting entry for 0x7f021875 (t=1 e=6261) (error -75)
11-18 16:55:24.846 32116 32149 W ResourceType: For resource 0x7f021876, entry index(6262) is beyond type entryCount(475)
11-18 16:55:24.846 32116 32149 W ResourceType: Failure getting entry for 0x7f021876 (t=1 e=6262) (error -75)
11-18 16:55:24.846 32116 32149 W ResourceType: For resource 0x7f021877, entry index(6263) is beyond type entryCount(475)
11-18 16:55:24.846 32116 32149 W ResourceType: Failure getting entry for 0x7f021877 (t=1 e=6263) (error -75)
11-18 16:55:24.850  3455  4676 I AccountManagerService: getTypesVisibleToCaller: isPermitted? true
11-18 16:55:24.858 32116 32201 I IIccPhoneBookAdapter: Simrecords 0= 34
11-18 16:55:24.858 32116 32201 I IIccPhoneBookAdapter: Simrecords 1= 3400
11-18 16:55:24.858 32116 32201 I IIccPhoneBookAdapter: Simrecords 2= 100
11-18 16:55:24.870  3455  4088 I AccountManagerService: getTypesVisibleToCaller: isPermitted? true
11-18 16:55:24.882  4718 18003 I PgedBinderListener: kstate callback type:8 value1=31714 value2=KILLED
11-18 16:55:24.890 32116 32149 W ResourceType: For resource 0x7f021875, entry index(6261) is beyond type entryCount(475)
11-18 16:55:24.890 32116 32149 W ResourceType: Failure getting entry for 0x7f021875 (t=1 e=6261) (error -75)
11-18 16:55:24.890 32116 32149 W ResourceType: For resource 0x7f021875, entry index(6261) is beyond type entryCount(475)
11-18 16:55:24.890 32116 32149 W ResourceType: Failure getting entry for 0x7f021875 (t=1 e=6261) (error -75)
11-18 16:55:24.890 32116 32149 W ResourceType: For resource 0x7f021876, entry index(6262) is beyond type entryCount(475)
11-18 16:55:24.890 32116 32149 W ResourceType: Failure getting entry for 0x7f021876 (t=1 e=6262) (error -75)
11-18 16:55:24.890 32116 32149 W ResourceType: For resource 0x7f021877, entry index(6263) is beyond type entryCount(475)
11-18 16:55:24.890 32116 32149 W ResourceType: Failure getting entry for 0x7f021877 (t=1 e=6263) (error -75)
11-18 16:55:24.892  3455  4088 I AccountManagerService: getTypesVisibleToCaller: isPermitted? true
11-18 16:55:24.946  3455  4696 E HsmCoreServiceImpl: onTransact in code is: 102
11-18 16:55:24.946  3455  4696 W MediaProcessHandler: processOp uid 1001 is not concerned!
11-18 16:55:24.998 32144 32144 I HwSystemManager: AppInstallationReceiver:AppInstallationReceiver onReceive action = android.intent.action.PACKAGE_REMOVED
11-18 16:55:25.006 32144 32144 I HwSystemManager: SuperAppPermisionChecker:read xml finished
11-18 16:55:25.080  4718 16153 I PgedBinderListener: kstate callback type:8 value1=31580 value2=KILLED
11-18 16:55:25.095 32144 32235 I HwSystemManager: OptimizeReceiver:OptimizeReceiver received action:android.intent.action.PACKAGE_REMOVED
11-18 16:55:25.096 32144 32144 I HwSystemManager: ComBroadcastReceiver:ComBroadcastReceiver action = android.intent.action.PACKAGE_REMOVED
11-18 16:55:25.114 32144 32144 I HwSystemManager: BootBroadcastReceiver:BootBroadcastReceiver action =android.intent.action.PACKAGE_REMOVED
11-18 16:55:25.181  3455  3984 I SendBroadcastPermission: action:android.intent.action.SIG_STR, mPermissionType:0
11-18 16:55:25.181  3455  3455 I MQoS    : onSignal: mSubId=0,currDataSubID=0
11-18 16:55:25.181  3455  3455 I MQoS    : received cell-signal:4
11-18 16:55:25.184  3966  4038 I HwCustMobileSignalControllerImpl: subId:0 phoneType:1 networktype:3 targetClass:2 masterLevel:3 slaveLevel:-1
11-18 16:55:25.280  3455  4696 I AccountManagerService: getTypesVisibleToCaller: isPermitted? true
11-18 16:55:25.295 32144 32144 I HwSystemManager: HsmPackageManager:init locale:en_AU
11-18 16:55:25.332 32116 32140 E linker  : readlink('/proc/self/fd/38') failed: Permission denied [fd=38]
11-18 16:55:25.333 32116 32140 E linker  : warning: unable to get realpath for the library "/system/framework/oat/arm64/com.android.contacts.separated.odex". Will use given name.
11-18 16:55:25.349 32144 32240 I HwSystemManager: SpaceCleanReceiver:receive intent:android.intent.action.PACKAGE_REMOVED
11-18 16:55:25.404 32144 32240 I HwSystemManager: SpaceCleanReceiver:package removed: com.lunwing.radio
11-18 16:55:25.404  3455  4746 E HsmCoreServiceImpl: onTransact in code is: 102
11-18 16:55:25.404  3455  4746 I MediaProcessHandler: processOp opType: 1, uid: 10066, pid: 31580
11-18 16:55:25.404  3455  4746 W MediaProcessHandler: remove target not exist, maybe the UI process: uid: 10066, pid: 31580
11-18 16:55:25.410  2949  2949 E Thermal-daemon: [charger_ic] temp_new :34  temp_old :35
11-18 16:55:25.410  2949  2949 E Thermal-daemon: Report temperature: [charger_ic] temp :34  report_threshold:1
11-18 16:55:25.411  4331  4331 E HwSystemManager: AppCleanUpService:msg is 1
11-18 16:55:25.420  2914  3011 I [Gralloc]: alloc w[16] h[16] format[1] usage[256]
11-18 16:55:25.420  2914  3011 I [Gralloc]: alloc succ handle[0x55996d6e50] stride[32]
11-18 16:55:25.421 32241 32254 E linker  : readlink('/proc/self/fd/21') failed: Permission denied [fd=21]
11-18 16:55:25.421 32241 32254 E linker  : warning: unable to get realpath for the library "/system/lib64/hw/gralloc.hi3635.so". Will use given name.
11-18 16:55:25.454 32241 32254 E linker  : readlink('/proc/self/fd/21') failed: Permission denied [fd=21]
11-18 16:55:25.454 32241 32254 E linker  : warning: unable to get realpath for the library "libion.so". Will use given name.
11-18 16:55:25.461 32241 32254 E HAL     : load: id=gralloc != hmi->id=gralloc
11-18 16:55:25.512  3455  3469 I SendBroadcastPermission: action:android.os.action.POWER_SAVE_TEMP_WHITELIST_CHANGED, mPermissionType:0
11-18 16:55:25.521 32241 32241 W System  : ClassLoader referenced unknown path: /system/app/HwKaraokeEffect/lib/arm64
11-18 16:55:25.541 32231 32231 I appproc : CLASSPATH=/system/framework/am.jar
11-18 16:55:25.541 32231 32231 I appproc : Command=app_process /system/bin com.android.commands.am.Am start -W -a android.intent.action.MAIN -ncom.lunwing.radio/.MainActivity 
11-18 16:55:25.546 32231 32231 I AndroidRuntime: readDownloadBoosterConfig: 'false'
11-18 16:55:25.558 32116 32136 W ResourceType: No package identifier when getting value for resource number 0x00000000
11-18 16:55:25.565 32241 32241 W CfgFilePolicy: No config file found for:xml/hw_karaokeeffect_app_config.xml
11-18 16:55:25.620  3455  3845 E WifiConfigStore: updateConfiguration freq=2432 BSSID=fc:3f:7c:18:dd:8a RSSI=-50 "panlid"WPA_PSK
11-18 16:55:25.638 32231 32231 I HWSERVICES: hwnative_get_component_register:libdrmbitmap,JNI
11-18 16:55:25.644   991   991 E AppsCustomizePagedView: Widget ComponentInfo{com.android.calendar/com.android.calendar.mycalendar.CalendarAppWidgetProvider} cannot fit on this device (3072, 534 spans 13.0x3.0 13.0x3.0)
11-18 16:55:25.644   991   991 E AppsCustomizePagedView: Widget ComponentInfo{com.android.deskclock/com.android.alarmclock.DigitalClockAppWidgetProvider} cannot fit on this device (1500, 120 spans 7.0x1.0 7.0x1.0)
11-18 16:55:25.644   991   991 E AppsCustomizePagedView: Widget ComponentInfo{com.example.android.notepad/com.example.android.notepad.widget.NotesWidgetProvider} cannot fit on this device (1200, 330 spans 6.0x2.0 6.0x2.0)
11-18 16:55:25.644   991   991 E AppsCustomizePagedView: Widget ComponentInfo{com.huawei.android.totemweather/com.huawei.android.totemweather.widget.mulan.MulanWidgetWeatherProvider} cannot fit on this device (1530, 330 spans 7.0x2.0 7.0x2.0)
11-18 16:55:25.644   991   991 E AppsCustomizePagedView: Widget ComponentInfo{com.huawei.android.totemweather/com.huawei.android.totemweather.widget.doublecity.DualWidgetWeatherProvider} cannot fit on this device (1560, 120 spans 7.0x1.0 7.0x1.0)
11-18 16:55:25.646 32231 32231 E HAL     : load: id=memtrack != hmi->id=memtrack
11-18 16:55:25.648 32231 32231 I         : power log dlsym ok
11-18 16:55:25.651 32231 32231 I Radio-JNI: register_android_hardware_Radio DONE
11-18 16:55:25.657  2914  3011 I [Gralloc]: alloc w[16] h[16] format[1] usage[256]
11-18 16:55:25.658  2914  3011 I [Gralloc]: alloc succ handle[0x5599702460] stride[32]
11-18 16:55:25.659 32262 32279 E linker  : readlink('/proc/self/fd/21') failed: Permission denied [fd=21]
11-18 16:55:25.659 32262 32279 E linker  : warning: unable to get realpath for the library "/system/lib64/hw/gralloc.hi3635.so". Will use given name.
11-18 16:55:25.660 32262 32279 E linker  : readlink('/proc/self/fd/21') failed: Permission denied [fd=21]
11-18 16:55:25.660 32262 32279 E linker  : warning: unable to get realpath for the library "libion.so". Will use given name.
11-18 16:55:25.661 32262 32279 E HAL     : load: id=gralloc != hmi->id=gralloc
11-18 16:55:25.665 32231 32231 I android_hardware_fm.cpp: register_android_hardware_fm_fmradio
11-18 16:55:25.665 32231 32231 I android_hardware_fm.cpp: ========64bit long size = 8
11-18 16:55:25.665 32231 32231 I android_hardware_fm.cpp: FM: get chip type = bcm43xx
11-18 16:55:25.666 32231 32231 E HAL     : load: id=fm != hmi->id=fm
11-18 16:55:25.666 32231 32231 E fm_if.c : find the id:fm and begins to open the devices
11-18 16:55:25.667 32231 32231 I android_hardware_fm.cpp: register_android_hardware_fm_fmradio, ret is 0
11-18 16:55:25.675 32262 32262 W System  : ClassLoader referenced unknown path: /system/app/HwPushService/lib/arm64
11-18 16:55:25.694 32262 32262 I PushLogAC2613: [main-1]action is android.intent.action.PACKAGE_REMOVED(pushagent/null:-1)
11-18 16:55:25.710  4718  4718 I K3V3CpuGovernorPolicy: set scene Hmp policy : 300 , 150
11-18 16:55:25.719 32262 32289 I PushLogAC2613: [Thread-46568-46568]framework push exist, use framework push first(pushagent/null:-1)
11-18 16:55:25.740  3954  3954 I AppUninstallReceiver: replaced = true dataRemoved = false
11-18 16:55:25.752 32293 32293 I art     : Late-enabling -Xcheck:jni
11-18 16:55:25.770  2914 11248 I [Gralloc]: alloc w[1080] h[1920] format[1] usage[2355]
11-18 16:55:25.770  2914  3065 I [Gralloc]: alloc w[1080] h[1920] format[1] usage[3]
11-18 16:55:25.770  2914 11248 I [Gralloc]: alloc succ handle[0x559974c1e0] stride[1120]
11-18 16:55:25.777  2914  3065 I [Gralloc]: alloc succ handle[0x55996fcfd0] stride[1120]
11-18 16:55:25.801  4718 16978 I PgedBinderListener: kstate callback type:8 value1=32061 value2=KILLED
11-18 16:55:25.826  2914  3013 I [Gralloc]: alloc w[16] h[16] format[1] usage[256]
11-18 16:55:25.826  2914  3013 I [Gralloc]: alloc succ handle[0x559976a7c0] stride[32]
11-18 16:55:25.827 32302 32320 E linker  : readlink('/proc/self/fd/21') failed: Permission denied [fd=21]
11-18 16:55:25.828 32302 32320 E linker  : warning: unable to get realpath for the library "/system/lib64/hw/gralloc.hi3635.so". Will use given name.
11-18 16:55:25.828 32302 32320 E linker  : readlink('/proc/self/fd/21') failed: Permission denied [fd=21]
11-18 16:55:25.828 32302 32320 E linker  : warning: unable to get realpath for the library "libion.so". Will use given name.
11-18 16:55:25.829 32302 32320 E HAL     : load: id=gralloc != hmi->id=gralloc
11-18 16:55:25.829  4718  5541 W PGApi_client: recv actoionId = 10000, action = com.huawei.pgmng.PGAction@e128c01 actionId =10000 pkg =com.lunwing.radio extend1 =70938 extend2 = flag =3 type =1
11-18 16:55:25.830  4718  5541 W PGMiddleWare: in handleAction method, action = 10000
11-18 16:55:25.830  4718  5541 W PGMiddleWare: in handleAction, invoke client = com.huawei.pgmng.middleware.AudioEffectLowPowerImpl@5258714, action = com.huawei.pgmng.PGAction@e128c01 actionId =10000 pkg =com.lunwing.radio extend1 =70938 extend2 = flag =3 type =1
11-18 16:55:25.843  4331  4987 I HwSystemManager: NotificationGuideService:handle MSG_ACTIVIY_FOREGROUND, uid:10150
11-18 16:55:25.844  2914  3013 I [Gralloc]: alloc w[16] h[16] format[1] usage[256]
11-18 16:55:25.845  2914  3013 I [Gralloc]: alloc succ handle[0x559976a7c0] stride[32]
11-18 16:55:25.847 32293 32322 E HAL     : load: id=gralloc != hmi->id=gralloc
11-18 16:55:25.860 32302 32302 W System  : ClassLoader referenced unknown path: /system/app/KeyChain/lib/arm64
11-18 16:55:25.864 32293 32293 W System  : ClassLoader referenced unknown path: /data/app/com.lunwing.radio-1/lib/arm64
11-18 16:55:25.870  3455  4744 E HsmCoreServiceImpl: onTransact in code is: 102
11-18 16:55:25.871  3455  4744 I MediaProcessHandler: processOp opType: 1, uid: 10014, pid: 32061
11-18 16:55:25.871  3455  4744 W MediaProcessHandler: remove target not exist, maybe the UI process: uid: 10014, pid: 32061
11-18 16:55:25.902 32293 32293 I HwCust  : Constructor found for class android.app.HwCustHwWallpaperManagerImpl
11-18 16:55:25.913 32293 32293 I CordovaLog: Changing log level to DEBUG(3)
11-18 16:55:25.913 32293 32293 I CordovaActivity: Apache Cordova native platform version 6.0.0 is starting
11-18 16:55:25.925 32293 32293 I WebViewFactory: Loading com.google.android.webview version 54.0.2840.85 (code 284008550)
11-18 16:55:25.950  2914  3013 I [Gralloc]: alloc w[16] h[16] format[1] usage[256]
11-18 16:55:25.950  2914  3013 I [Gralloc]: alloc succ handle[0x55996b7400] stride[32]
11-18 16:55:25.952 32327 32341 E linker  : readlink('/proc/self/fd/21') failed: Permission denied [fd=21]
11-18 16:55:25.952 32327 32341 E linker  : warning: unable to get realpath for the library "/system/lib64/hw/gralloc.hi3635.so". Will use given name.
11-18 16:55:25.953 32327 32341 E linker  : readlink('/proc/self/fd/21') failed: Permission denied [fd=21]
11-18 16:55:25.953 32327 32341 E linker  : warning: unable to get realpath for the library "libion.so". Will use given name.
11-18 16:55:25.954 32327 32341 E HAL     : load: id=gralloc != hmi->id=gralloc
11-18 16:55:25.970 25880 25986 I System.out: [sh]
11-18 16:55:25.970 25880 25986 I System.out: null
11-18 16:55:25.970 25880 25986 I System.out: null
11-18 16:55:25.970 25880 25986 I System.out: Calling by::className:net.beyondapp.basicsdk.a.b  MethodName:a
11-18 16:55:26.092  2915  2918 I teecd   : Connected. UID=1000, PID=3455
11-18 16:55:26.105 32293 32293 I art     : Rejecting re-init on previously-failed class java.lang.Class<com.android.webview.chromium.TokenBindingManagerAdapter>
11-18 16:55:26.105 32293 32293 I art     : Rejecting re-init on previously-failed class java.lang.Class<com.android.webview.chromium.TokenBindingManagerAdapter>
11-18 16:55:26.113 32293 32293 I art     : Rejecting re-init on previously-failed class java.lang.Class<com.android.webview.chromium.ServiceWorkerControllerAdapter>
11-18 16:55:26.113 32293 32293 I art     : Rejecting re-init on previously-failed class java.lang.Class<com.android.webview.chromium.ServiceWorkerControllerAdapter>
11-18 16:55:26.202 32293 32293 I cr_LibraryLoader: Time to load native libraries: 10 ms (timestamps 6735-6745)
11-18 16:55:26.204 32293 32293 I cr_LibraryLoader: Expected native library version number "54.0.2840.85", actual native library version number "54.0.2840.85"
11-18 16:55:26.225  3455  3455 I TrafficMonitor: update:rxPkts:2,txPkts:3,rxBytes:104,txBytes:174
11-18 16:55:26.226  3455  3455 I TrafficMonitor: start expired. level:-1
11-18 16:55:26.226  3455  3455 I TrafficMonitor: gettimer:interval=2000
11-18 16:55:26.231 32293 32293 I cr_LibraryLoader: Expected native library version number "54.0.2840.85", actual native library version number "54.0.2840.85"
11-18 16:55:26.231  2915  2918 E tee_get_app_cert: cannot find package:system_server
11-18 16:55:26.231  2915  2918 E tee_get_app_cert: get certs for app failed
11-18 16:55:26.243 32293 32293 I chromium: [INFO:library_loader_hooks.cc(151)] Chromium logging enabled: level = 0, default verbosity = 0
11-18 16:55:26.256 32293 32293 I cr_BrowserStartup: Initializing chromium process, singleProcess=true
11-18 16:55:26.256  2915  2918 I teecd   : Got certificate buffer len 107!
11-18 16:55:26.256  2915  2918 I teecd   : Waiting for a connection...
11-18 16:55:26.390  2915  2918 I teecd   : Connected. UID=1000, PID=3455
11-18 16:55:26.516  2915  2918 E tee_get_app_cert: cannot find package:system_server
11-18 16:55:26.516  2915  2918 E tee_get_app_cert: get certs for app failed
11-18 16:55:26.535  4718  4718 I K3V3CpuGovernorPolicy: close previously scene Hmp policy : 300 , 150
11-18 16:55:26.541  2915  2918 I teecd   : Got certificate buffer len 107!
11-18 16:55:26.541  2915  2918 I teecd   : Waiting for a connection...
11-18 16:55:26.606  3455  3455 I TrafficMonitor: expired arrive. level:-1
11-18 16:55:26.606  3455  3455 I TrafficMonitor: during_ms:2001,period_ms:2000
11-18 16:55:26.606  3455  3455 I TrafficMonitor: count:9,rx_sum:2,tx_sum:3,rxBytes:104,during_ms:2001,rx_speed:51.97401299350325,tx_speed:86.95652173913044,rto:0.6666666666666666
11-18 16:55:26.622  3455  3845 E WifiConfigStore: updateConfiguration freq=2432 BSSID=fc:3f:7c:18:dd:8a RSSI=-50 "panlid"WPA_PSK
11-18 16:55:26.634 32144 32144 I HwSystemManager: HsmStat_info:service connect
11-18 16:55:26.894  4718  4741 I PgedBinderListener: kstate callback type:8 value1=32116 value2=KILLED
11-18 16:55:26.942  3736 32255 I System  : core_booster, getBoosterConfig = false
11-18 16:55:26.977  3455  3845 E WifiConfigStore: updateConfiguration freq=2432 BSSID=fc:3f:7c:18:dd:8a RSSI=-49 "panlid"WPA_PSK
11-18 16:55:26.979  3455  4766 E HsmCoreServiceImpl: onTransact in code is: 102
11-18 16:55:26.979  3455  4766 I MediaProcessHandler: processOp opType: 1, uid: 10004, pid: 32116
11-18 16:55:26.980  3455  4766 W MediaProcessHandler: remove target not exist, maybe the UI process: uid: 10004, pid: 32116
11-18 16:55:27.036  4718 16154 I PgedBinderListener: kstate callback type:8 value1=31956 value2=KILLED
11-18 16:55:27.076 32327 32327 I PushLogSC2609: [main-1]action is android.intent.action.PACKAGE_REMOVED(remotecontrol/null:-1)
11-18 16:55:27.134  3966  3966 I NetworkSpeedManagerEx: mIsStop = false
11-18 16:55:27.135  3966  3966 I NetworkSpeedManagerEx:  value = 1867.0
11-18 16:55:27.136  3966  3966 I NetworkSpeedManagerEx: speed = 1.8K/s
11-18 16:55:27.136  3966  3966 I NetworkSpeedView: /update(), speed=1.8K/s
11-18 16:55:27.138  3966  3966 W View    : requestLayout() improperly called by com.android.systemui.statusbar.phone.IconMerger{e4cbfb3 V.E...... ......I. 0,0-162,72 #7f1000c3 app:id/notificationIcons} during layout: running second layout pass
11-18 16:55:27.230  3455  3455 E JavaBinder: !!! FAILED BINDER TRANSACTION !!!  (parcel size = 112)
11-18 16:55:27.245  3966  3966 W View    : requestLayout() improperly called by com.android.systemui.statusbar.phone.IconMerger{e4cbfb3 V.E...... ........ 0,0-162,72 #7f1000c3 app:id/notificationIcons} during second layout pass: posting in next frame
11-18 16:55:27.292 32293 32293 E HAL     : load: id=gralloc != hmi->id=gralloc
11-18 16:55:27.297 32327 32364 I PushLogSC2609: [Thread-46580-46580]framework push exist, use framework push first(remotecontrol/null:-1)
11-18 16:55:27.330  3455  4347 E HsmCoreServiceImpl: onTransact in code is: 102
11-18 16:55:27.330  3455  4347 I MediaProcessHandler: processOp opType: 1, uid: 10102, pid: 31956
11-18 16:55:27.330  3455  4347 W MediaProcessHandler: remove target not exist, maybe the UI process: uid: 10102, pid: 31956
11-18 16:55:27.352  2914  3875 I [Gralloc]: alloc w[16] h[16] format[1] usage[256]
11-18 16:55:27.352  2914  3875 I [Gralloc]: alloc succ handle[0x5599781020] stride[32]
11-18 16:55:27.354 32376 32397 E linker  : readlink('/proc/self/fd/21') failed: Permission denied [fd=21]
11-18 16:55:27.354 32376 32397 E linker  : warning: unable to get realpath for the library "/system/lib/hw/gralloc.hi3635.so". Will use given name.
11-18 16:55:27.357 32376 32397 E linker  : readlink('/proc/self/fd/22') failed: Permission denied [fd=22]
11-18 16:55:27.358 32376 32397 E linker  : warning: unable to get realpath for the library "libion.so". Will use given name.
11-18 16:55:27.367 32376 32397 E HAL     : load: id=gralloc != hmi->id=gralloc
11-18 16:55:27.472 32376 32376 I LibV1.0.1-AccountMgr: begin check so
11-18 16:55:27.569 32293 32293 W StatusBar: Method window.setStatusBarColor not found for SDK level 23
11-18 16:55:27.596  2913  2913 E SELinux : avc:  denied  { find } for service=batteryproperties scontext=u:r:untrusted_app:s0:c512,c768 tcontext=u:object_r:healthd_service:s0 tclass=service_manager
11-18 16:55:27.606 32293 32400 W cr_media: Requires BLUETOOTH permission
11-18 16:55:27.609 32293 32293 I cr_Ime  : ImeThread is enabled.
11-18 16:55:27.622  3455  3845 E WifiConfigStore: updateConfiguration freq=2432 BSSID=fc:3f:7c:18:dd:8a RSSI=-49 "panlid"WPA_PSK
11-18 16:55:27.679 32376 32376 I LibV1.0.1-AccountMgr: end check so ok
11-18 16:55:27.725 32293 32417 I OpenGLRenderer: Initialized EGL, version 1.4
11-18 16:55:27.745  2914  3011 I [Gralloc]: alloc w[1080] h[1920] format[1] usage[2816]
11-18 16:55:27.750  2914  3011 I [Gralloc]: alloc succ handle[0x5599781020] stride[1120]
11-18 16:55:27.750  2914  3011 I [Gralloc]: alloc w[1080] h[1920] format[1] usage[2816]
11-18 16:55:27.755  2914  3011 I [Gralloc]: alloc succ handle[0x5599686290] stride[1120]
11-18 16:55:27.755  2914  3011 I [Gralloc]: alloc w[1080] h[1920] format[1] usage[2816]
11-18 16:55:27.760  2914  3011 I [Gralloc]: alloc succ handle[0x55996b7400] stride[1120]
11-18 16:55:27.788 32376 32376 I PushLogSC2609: [main-1]action is android.intent.action.PACKAGE_REMOVED(skytone/null:-1)
11-18 16:55:27.810  4718 16153 I PgedBinderListener: kstate callback type:8 value1=32241 value2=KILLED
11-18 16:55:27.812  4718  4731 I PgedBinderListener: kstate callback type:8 value1=32144 value2=KILLED
11-18 16:55:27.818 32376 32425 I PushLogSC2609: [Thread-20413-20413]framework push exist, use framework push first(skytone/null:-1)
11-18 16:55:27.835  3455  3478 I ActivityManager: Displayed com.lunwing.radio/.MainActivity: +2s98ms
11-18 16:55:27.838  3455  4784 E HsmCoreServiceImpl: onTransact in code is: 102
11-18 16:55:27.838  3455  4784 W MediaProcessHandler: processOp uid 1000 is not concerned!
11-18 16:55:27.892  2914  3875 I [Gralloc]: alloc w[16] h[16] format[1] usage[256]
11-18 16:55:27.892  2914  3875 I [Gralloc]: alloc succ handle[0x55996e8030] stride[32]
11-18 16:55:27.893 32428 32442 E linker  : readlink('/proc/self/fd/21') failed: Permission denied [fd=21]
11-18 16:55:27.893 32428 32442 E linker  : warning: unable to get realpath for the library "/system/lib64/hw/gralloc.hi3635.so". Will use given name.
11-18 16:55:27.894 32428 32442 E linker  : readlink('/proc/self/fd/21') failed: Permission denied [fd=21]
11-18 16:55:27.895 32428 32442 E linker  : warning: unable to get realpath for the library "libion.so". Will use given name.
11-18 16:55:27.896 32428 32442 E HAL     : load: id=gralloc != hmi->id=gralloc
11-18 16:55:27.899  3455  4784 E HsmCoreServiceImpl: onTransact in code is: 102
11-18 16:55:27.900  3455  4784 W MediaProcessHandler: processOp uid 1000 is not concerned!
11-18 16:55:27.966  4718 16978 I PgedBinderListener: kstate callback type:8 value1=32327 value2=KILLED
11-18 16:55:27.974  4718 18002 I PgedBinderListener: kstate callback type:8 value1=32302 value2=KILLED
11-18 16:55:27.988 20679 20800 I System  : core_booster, getBoosterConfig = false
11-18 16:55:27.995 32293 32452 E libEGL  : validate_display:255 error 3008 (EGL_BAD_DISPLAY)
11-18 16:55:28.029  3455  4578 E HsmCoreServiceImpl: onTransact in code is: 102
11-18 16:55:28.029  3455  4578 I MediaProcessHandler: processOp opType: 1, uid: 10089, pid: 32327
11-18 16:55:28.029  3455  4578 W MediaProcessHandler: remove target not exist, maybe the UI process: uid: 10089, pid: 32327
11-18 16:55:28.045 32428 32428 I PushLogSC2609: [main-1]action is android.intent.action.PACKAGE_REMOVED(ds/null:-1)
11-18 16:55:28.059 32428 32464 I PushLogSC2609: [Thread-46592-46592]framework push exist, use framework push first(ds/null:-1)
11-18 16:55:28.060 32293 32452 W VideoCapabilities: Unsupported profile 64 for video/avc
11-18 16:55:28.060 32293 32452 W VideoCapabilities: Unsupported profile 64 for video/avc
11-18 16:55:28.060 32293 32452 W VideoCapabilities: Unsupported profile 64 for video/avc
11-18 16:55:28.060 32293 32452 W VideoCapabilities: Unsupported profile 64 for video/avc
11-18 16:55:28.060 32293 32452 W VideoCapabilities: Unsupported profile 64 for video/avc
11-18 16:55:28.060 32293 32452 W VideoCapabilities: Unsupported profile 64 for video/avc
11-18 16:55:28.060 32293 32452 W VideoCapabilities: Unrecognized level 0 for video/avc
11-18 16:55:28.060 32293 32452 W VideoCapabilities: Unrecognized profile 0 for video/avc
11-18 16:55:28.060 32293 32452 W VideoCapabilities: Unrecognized level 0 for video/avc
11-18 16:55:28.060 32293 32452 W VideoCapabilities: Unrecognized profile 0 for video/avc
11-18 16:55:28.060 32293 32452 W VideoCapabilities: Unrecognized level 0 for video/avc
11-18 16:55:28.060 32293 32452 W VideoCapabilities: Unrecognized profile 0 for video/avc
11-18 16:55:28.060 32293 32452 W VideoCapabilities: Unrecognized level 0 for video/avc
11-18 16:55:28.060 32293 32452 W VideoCapabilities: Unrecognized profile 0 for video/avc
11-18 16:55:28.063 32293 32452 I VideoCapabilities: Unsupported profile 16384 for video/mp4v-es
11-18 16:55:28.063 32293 32452 I VideoCapabilities: Unsupported profile 16384 for video/mp4v-es
11-18 16:55:28.069 32293 32452 W VideoCapabilities: Unsupported mime video/x-pn-realvideo
11-18 16:55:28.071 32293 32452 W VideoCapabilities: Unsupported mime video/mpeg
11-18 16:55:28.072 32293 32452 W VideoCapabilities: Unrecognized profile/level 0/0 for video/mpeg2
11-18 16:55:28.072 32293 32452 W VideoCapabilities: Unrecognized profile/level 0/2 for video/mpeg2
11-18 16:55:28.072 32293 32452 W VideoCapabilities: Unrecognized profile/level 0/3 for video/mpeg2
11-18 16:55:28.075 32293 32452 W VideoCapabilities: Unrecognized profile/level 32768/2 for video/mp4v-es
11-18 16:55:28.082  3455  4622 E HsmCoreServiceImpl: onTransact in code is: 102
11-18 16:55:28.082  3455  4622 W MediaProcessHandler: processOp uid 1000 is not concerned!
11-18 16:55:28.083 32293 32452 W VideoCapabilities: Unsupported mime video/vc1
11-18 16:55:28.089 32293 32452 W VideoCapabilities: Unsupported mime video/x-flv
11-18 16:55:28.091 32293 32452 W VideoCapabilities: Unrecognized profile/level 0/0 for video/mpeg2
11-18 16:55:28.091 32293 32452 W VideoCapabilities: Unrecognized profile/level 0/2 for video/mpeg2
11-18 16:55:28.091 32293 32452 W VideoCapabilities: Unrecognized profile/level 0/3 for video/mpeg2
11-18 16:55:28.109 32293 32452 I VideoCapabilities: Unsupported profile 4 for video/mp4v-es
11-18 16:55:28.120  2914 11248 I [Gralloc]: alloc w[16] h[16] format[1] usage[256]
11-18 16:55:28.120  2914 11248 I [Gralloc]: alloc succ handle[0x55997474e0] stride[32]
11-18 16:55:28.122 32465 32480 E linker  : readlink('/proc/self/fd/21') failed: Permission denied [fd=21]
11-18 16:55:28.122 32465 32480 E linker  : warning: unable to get realpath for the library "/system/lib/hw/gralloc.hi3635.so". Will use given name.
11-18 16:55:28.123 32465 32480 E linker  : readlink('/proc/self/fd/21') failed: Permission denied [fd=21]
11-18 16:55:28.124 32465 32480 E linker  : warning: unable to get realpath for the library "libion.so". Will use given name.
11-18 16:55:28.125 32465 32480 E HAL     : load: id=gralloc != hmi->id=gralloc
11-18 16:55:28.157 32293 32293 W cr_BindingManager: Cannot call determinedVisibility() - never saw a connection for the pid: 32293
11-18 16:55:28.227  3455  3455 I TrafficMonitor: update:rxPkts:17,txPkts:2,rxBytes:6488,txBytes:166
11-18 16:55:28.227  3455  3455 I TrafficMonitor: start expired. level:-1
11-18 16:55:28.227  3455  3455 I TrafficMonitor: gettimer:interval=2000
11-18 16:55:28.237 32293 32293 E chromium: [ERROR:interface_registry.cc(99)] Failed to locate a binder for interface: autofill::mojom::AutofillDriver
11-18 16:55:28.286 32465 32465 I LogAdaptor: createAppLog, file:/storage/emulated/0/Android/data/com.huawei.hwid/files/Log/HMSCore.log, module:HMSCore
11-18 16:55:28.374 32465 32465 I LogAdaptor: createAppLog, file:/storage/emulated/0/Android/data/com.huawei.hwid/files/Log/HMSCore.log, module:PushLog
11-18 16:55:28.389 32465 32465 E HwID_MainEntry: log has not init finished
11-18 16:55:28.400 32465 32465 E hwid    : log has not init finished
11-18 16:55:28.400 32465 32465 I LogAdaptor: createAppLog, file:/storage/emulated/0/Android/data/com.huawei.hwid/files/Log/HMSCore.log, module:HwID
11-18 16:55:28.405 32465 32465 I mainEntry: init sns hms.
11-18 16:55:28.424 32465 32501 E HwID.VersionUpdateHelper: [Thread-20430{20430}] old version is 1, current version is 1 (LogX.java:88)
11-18 16:55:28.452  3455  4696 I AccountManagerService: getTypesVisibleToCaller: isPermitted? true
11-18 16:55:28.452  3455  4744 I AccountManagerService: getTypesVisibleToCaller: isPermitted? true
11-18 16:55:28.459 32465 32465 I LogAdaptor: createAppLog, file:/storage/emulated/0/Android/data/com.huawei.hwid/files/Log/HMSCore.log, module:Pay
11-18 16:55:28.477  3455  3465 I AccountManagerService: getTypesVisibleToCaller: isPermitted? true
11-18 16:55:28.477 32465 32465 I PushLogSC2816_hwid: [main-1]action is android.intent.action.PACKAGE_REMOVED(hwid/null:-1)
11-18 16:55:28.478  3455  3839 I AccountManagerService: getTypesVisibleToCaller: isPermitted? true
11-18 16:55:28.485 32465 32506 I PushLogSC2816_hwid: [Thread-20431-20431]votedPackage from file:android(hwid/null:-1)
11-18 16:55:28.491 32465 32506 I PushLogSC2816_hwid: [Thread-20431-20431]framework push exist, use framework push first(hwid/null:-1)
11-18 16:55:28.499 32465 32506 I PushLogSC2816_hwid: [Thread-20431-20431]not box version!(hwid/null:-1)
11-18 16:55:28.553  2914  3013 I [Gralloc]: alloc w[16] h[16] format[1] usage[256]
11-18 16:55:28.553  2914  3013 I [Gralloc]: alloc succ handle[0x5599709e00] stride[32]
11-18 16:55:28.554 32507 32521 E linker  : readlink('/proc/self/fd/21') failed: Permission denied [fd=21]
11-18 16:55:28.554 32507 32521 E linker  : warning: unable to get realpath for the library "/system/lib64/hw/gralloc.hi3635.so". Will use given name.
11-18 16:55:28.555 32507 32521 E linker  : readlink('/proc/self/fd/21') failed: Permission denied [fd=21]
