11-18 16:55:28.555 32507 32521 E linker  : warning: unable to get realpath for the library "libion.so". Will use given name.
11-18 16:55:28.555 32507 32521 E HAL     : load: id=gralloc != hmi->id=gralloc
11-18 16:55:28.623  3455  3845 E WifiConfigStore: updateConfiguration freq=2432 BSSID=fc:3f:7c:18:dd:8a RSSI=-49 "panlid"WPA_PSK
11-18 16:55:28.638 32507 32507 I PushLogSC2705: [main-1]action is android.intent.action.PACKAGE_REMOVED(appmarket/null:-1)
11-18 16:55:28.679 32507 32541 I PushLogSC2705: [Thread-46601-46601]framework push exist, use framework push first(appmarket/null:-1)
11-18 16:55:28.701  4718 16154 I PgedBinderListener: kstate callback type:8 value1=32262 value2=KILLED
11-18 16:55:28.749 23735 23946 E NetworkScheduler.SR: Invalid parameter app
11-18 16:55:28.749 23735 23946 E NetworkScheduler.SR: Invalid package name : Perhaps you didn't include a PendingIntent in the extras?
11-18 16:55:28.767  2914  5968 I [Gralloc]: alloc w[16] h[16] format[1] usage[256]
11-18 16:55:28.767  2914  5968 I [Gralloc]: alloc succ handle[0x5599709e00] stride[32]
11-18 16:55:28.768 32548 32564 E linker  : readlink('/proc/self/fd/21') failed: Permission denied [fd=21]
11-18 16:55:28.768 32548 32564 E linker  : warning: unable to get realpath for the library "/system/lib64/hw/gralloc.hi3635.so". Will use given name.
11-18 16:55:28.771 32548 32564 E linker  : readlink('/proc/self/fd/21') failed: Permission denied [fd=21]
11-18 16:55:28.771 32548 32564 E linker  : warning: unable to get realpath for the library "libion.so". Will use given name.
11-18 16:55:28.778 32548 32564 E HAL     : load: id=gralloc != hmi->id=gralloc
11-18 16:55:28.839  3455  4784 E HsmCoreServiceImpl: onTransact in code is: 102
11-18 16:55:28.839  3455  4784 I MediaProcessHandler: processOp opType: 1, uid: 10049, pid: 32262
11-18 16:55:28.839  3455  4784 W MediaProcessHandler: remove target not exist, maybe the UI process: uid: 10049, pid: 32262
11-18 16:55:28.865  4718 18003 I PgedBinderListener: kstate callback type:8 value1=32465 value2=KILLED
11-18 16:55:28.929  3455  4088 E HsmCoreServiceImpl: onTransact in code is: 102
11-18 16:55:28.929  3455  4088 I MediaProcessHandler: processOp opType: 1, uid: 10044, pid: 32465
11-18 16:55:28.929  3455  4088 W MediaProcessHandler: remove target not exist, maybe the UI process: uid: 10044, pid: 32465
11-18 16:55:29.072  4718 16153 I PgedBinderListener: kstate callback type:8 value1=32428 value2=KILLED
11-18 16:55:29.075  4718  4731 I PgedBinderListener: kstate callback type:8 value1=32376 value2=KILLED
11-18 16:55:29.119  2914  3875 I [Gralloc]: alloc w[16] h[16] format[1] usage[256]
11-18 16:55:29.119  2914  3875 I [Gralloc]: alloc succ handle[0x5599709e00] stride[32]
11-18 16:55:29.120 32685 32728 E linker  : readlink('/proc/self/fd/21') failed: Permission denied [fd=21]
11-18 16:55:29.120 32685 32728 E linker  : warning: unable to get realpath for the library "/system/lib64/hw/gralloc.hi3635.so". Will use given name.
11-18 16:55:29.121 32685 32728 E linker  : readlink('/proc/self/fd/21') failed: Permission denied [fd=21]
11-18 16:55:29.122 32685 32728 E linker  : warning: unable to get realpath for the library "libion.so". Will use given name.
11-18 16:55:29.123 32685 32728 E HAL     : load: id=gralloc != hmi->id=gralloc
11-18 16:55:29.142 32685 32685 W System  : ClassLoader referenced unknown path: /system/priv-app/GoogleServicesFramework/lib/arm64
11-18 16:55:29.159  3455  4676 E HsmCoreServiceImpl: onTransact in code is: 102
11-18 16:55:29.159  3455  4676 W MediaProcessHandler: processOp uid 1001 is not concerned!
11-18 16:55:29.169 32685 32685 I GservicesProvider: Gservices pushing to system: true; secure/global: true
11-18 16:55:29.214  3455  4347 E HsmCoreServiceImpl: onTransact in code is: 102
11-18 16:55:29.214  3455  4347 W MediaProcessHandler: processOp uid 1001 is not concerned!
11-18 16:55:29.220 32685 32685 I GoogleHttpClient: GMS http client unavailable, use old client
11-18 16:55:29.235  3455  4578 I AccountManagerService: getTypesVisibleToCaller: isPermitted? true
11-18 16:55:29.254  3455  3464 I art     : Background partial concurrent mark sweep GC freed 81987(6MB) AllocSpace objects, 10(1104KB) LOS objects, 16% free, 62MB/74MB, paused 3.897ms total 280.673ms
11-18 16:55:29.298 32548 32548 W linker  : /data/app/com.google.android.gms-2/lib/arm64/libgmscore.so: unused DT entry: type 0x7ffffffd arg 0x885
11-18 16:55:29.312 32548 32548 W linker  : /data/app/com.google.android.gms-2/lib/arm64/libconscrypt_gmscore_jni.so: unused DT entry: type 0x1d arg 0x80
11-18 16:55:29.312 32548 32548 W linker  : /data/app/com.google.android.gms-2/lib/arm64/libconscrypt_gmscore_jni.so: unused DT entry: type 0x7ffffffd arg 0x169
11-18 16:55:29.349 32548 32548 I art     : Rejecting re-init on previously-failed class java.lang.Class<com.google.android.gms.org.conscrypt.OpenSSLExtendedSessionImpl>
11-18 16:55:29.350 32548 32548 I art     : Rejecting re-init on previously-failed class java.lang.Class<com.google.android.gms.org.conscrypt.OpenSSLExtendedSessionImpl>
11-18 16:55:29.381 32548 32548 I ProviderInstaller: Installed default security provider GmsCore_OpenSSL
11-18 16:55:29.624  3455  3845 E WifiConfigStore: updateConfiguration freq=2432 BSSID=fc:3f:7c:18:dd:8a RSSI=-50 "panlid"WPA_PSK
11-18 16:55:29.751 32548 32765 E Drive.UninstallOperation: Package still installed com.lunwing.radio
11-18 16:55:29.840  2914  3875 I [Gralloc]: alloc w[16] h[16] format[1] usage[256]
11-18 16:55:29.840  2914  3875 I [Gralloc]: alloc succ handle[0x5599899be0] stride[32]
11-18 16:55:29.841 32766   314 E linker  : readlink('/proc/self/fd/21') failed: Permission denied [fd=21]
11-18 16:55:29.841 32766   314 E linker  : warning: unable to get realpath for the library "/system/lib64/hw/gralloc.hi3635.so". Will use given name.
11-18 16:55:29.842 32766   314 E linker  : readlink('/proc/self/fd/21') failed: Permission denied [fd=21]
11-18 16:55:29.843 32766   314 E linker  : warning: unable to get realpath for the library "libion.so". Will use given name.
11-18 16:55:29.844 32766   314 E HAL     : load: id=gralloc != hmi->id=gralloc
11-18 16:55:29.852 32548   312 I HwCust  : Constructor found for class android.app.HwCustAlarmManagerImpl
11-18 16:55:29.880 32766 32766 W System  : ClassLoader referenced unknown path: /data/app/com.android.vending-1/lib/arm64
11-18 16:55:29.889  4718  4741 I PgedBinderListener: kstate callback type:8 value1=32507 value2=KILLED
11-18 16:55:29.900  2912  2912 E lowmemorykiller: Error writing /proc/32507/oom_score_adj; errno=22
11-18 16:55:29.901  3455  3465 E JavaBinder: !!! FAILED BINDER TRANSACTION !!!  (parcel size = 76)
11-18 16:55:29.910  2912  2912 E lowmemorykiller: Error writing /proc/32507/oom_score_adj; errno=22
11-18 16:55:29.914  2912  2912 E lowmemorykiller: Error writing /proc/32507/oom_score_adj; errno=22
11-18 16:55:29.915  3455  3839 E JavaBinder: !!! FAILED BINDER TRANSACTION !!!  (parcel size = 76)
11-18 16:55:29.920  2912  2912 E lowmemorykiller: Error writing /proc/32507/oom_score_adj; errno=22
11-18 16:55:29.929 32548   323 I Icing   : Storage manager: low false usage 37.76MB avail 11.69GB capacity 24.70GB
11-18 16:55:29.979  3455  3984 E HsmCoreServiceImpl: onTransact in code is: 102
11-18 16:55:29.979  3455  3984 I MediaProcessHandler: processOp opType: 1, uid: 10014, pid: 32507
11-18 16:55:29.979  3455  3984 W MediaProcessHandler: remove target not exist, maybe the UI process: uid: 10014, pid: 32507
11-18 16:55:29.986  3455  3845 E WifiConfigStore: updateConfiguration freq=2432 BSSID=fc:3f:7c:18:dd:8a RSSI=-52 "panlid"WPA_PSK
11-18 16:55:30.076  3455  4746 I AccountManagerService: getTypesVisibleToCaller: isPermitted? true
11-18 16:55:30.137  3966  3966 I NetworkSpeedManagerEx: mIsStop = false
11-18 16:55:30.138  3966  3966 I NetworkSpeedManagerEx:  value = 443.66666
11-18 16:55:30.139  3966  3966 I NetworkSpeedManagerEx: speed = 444B/s
11-18 16:55:30.139  3966  3966 I NetworkSpeedView: /update(), speed=444B/s
11-18 16:55:30.149  3966  3966 W View    : requestLayout() improperly called by com.android.systemui.statusbar.phone.IconMerger{e4cbfb3 V.E...... ......I. 0,0-162,72 #7f1000c3 app:id/notificationIcons} during layout: running second layout pass
11-18 16:55:30.228  3455  3455 I TrafficMonitor: update:rxPkts:0,txPkts:0,rxBytes:0,txBytes:0
11-18 16:55:30.228  3455  3455 I TrafficMonitor: start expired. level:-1
11-18 16:55:30.228  3455  3455 I TrafficMonitor: gettimer:interval=2000
11-18 16:55:30.412  2949  2949 E Thermal-daemon: [charger_ic] temp_new :35  temp_old :34
11-18 16:55:30.413  2949  2949 E Thermal-daemon: Report temperature: [charger_ic] temp :35  report_threshold:1
11-18 16:55:30.414  2949  2949 E Thermal-daemon: [ap] temp_new :38  temp_old :37
11-18 16:55:30.414  2949  2949 E Thermal-daemon: Report temperature: [ap] temp :38  report_threshold:1
11-18 16:55:30.424  3455  4088 W System.err: java.lang.SecurityException: WifiService: Neither user 10110 nor current process has android.permission.CHANGE_WIFI_STATE.
11-18 16:55:30.439  3455  4088 W System.err: 	at android.app.ContextImpl.enforce(ContextImpl.java:1595)
11-18 16:55:30.439  3455  4088 W System.err: 	at android.app.ContextImpl.enforceCallingOrSelfPermission(ContextImpl.java:1627)
11-18 16:55:30.439  3455  4088 W System.err: 	at com.android.server.wifi.WifiServiceImpl.enforceChangePermission(WifiServiceImpl.java:671)
11-18 16:55:30.439  3455  4088 W System.err: 	at com.android.server.wifi.WifiServiceImpl.getWifiServiceMessenger(WifiServiceImpl.java:1838)
11-18 16:55:30.439  3455  4088 W System.err: 	at android.net.wifi.IWifiManager$Stub.onTransact(IWifiManager.java:558)
11-18 16:55:30.439  3455  4088 W System.err: 	at com.android.server.wifi.HwWifiService.onTransact(HwWifiService.java:267)
11-18 16:55:30.439  3455  4088 W System.err: 	at android.os.Binder.execTransact(Binder.java:453)
11-18 16:55:30.445 32766 32766 E WifiManager: WifiServiceMessenger == null
11-18 16:55:30.586 32766 32766 I Finsky  : [1] com.google.android.finsky.services.DailyHygiene.a(232): No recent hygiene success, needs more hygiene.
11-18 16:55:30.588 32766 32766 I HwCust  : Constructor found for class android.app.HwCustAlarmManagerImpl
11-18 16:55:30.611 32548   323 I Icing   : MaintenanceDriver: Registering all GCM Tasks.
11-18 16:55:30.614  3455  4347 I AccountManagerService: getTypesVisibleToCaller: isPermitted? true
11-18 16:55:30.625  3455  3845 E WifiConfigStore: updateConfiguration freq=2432 BSSID=fc:3f:7c:18:dd:8a RSSI=-53 "panlid"WPA_PSK
11-18 16:55:30.627  3455  3900 I HuaweiWifiWatchdogStateMachine: spd good count:0, add sc:0.0, rate:1.0
11-18 16:55:30.627  3455  3900 I HuaweiWifiWatchdogStateMachine: current mHighDataFlowRate = 1.0
11-18 16:55:30.627  3455  3900 I HuaweiWifiWatchdogStateMachine: POta txb txg rxg:0, 19, 0. Lr =0% Totpkt=19
11-18 16:55:30.627  3455  3455 I WifiProJNI: ######### CMD_QUERY_PKTS ########
11-18 16:55:30.628  3455  3899 I QosMonitor: postEventFromNative: msg=100,arg1=0,arg2=9
11-18 16:55:30.628  3455  3899 W WifiProJNI: poll before: g_monitor_fd =157
11-18 16:55:30.628  3455  3455 I MQoS    : rtt=440,tcp_tx_pkts=4392330,tcp_rx_pkts=6689908
11-18 16:55:30.629  3455  3900 I HuaweiWifiWatchdogStateMachine: PTcp RTT:0, rtt pkt=0, tcp_rx=4, tcp_tx=6, tcp_reTran=19, rtRate=3.17
11-18 16:55:30.630  3455  3900 I HuaweiWifiWatchdogStateMachine: rt ota tcp rl bad: false, false, false, false; rsth:-75
11-18 16:55:30.630  3455  3900 I HuaweiWifiWatchdogStateMachine: after backoff rssi th: -75, next TH:-75
11-18 16:55:30.630  3455  3900 I HuaweiWifiWatchdogStateMachine:  pkt chk not bad, ### mPktChkBadCnt and sc is 0.
11-18 16:55:30.631  3455  3455 I MQoS    : QOS_level:4(4),wifi-link;use signalLvl:4;RAT:3G-UMTS
11-18 16:55:30.632 32766 32766 W Settings: Setting download_manager_max_bytes_over_mobile has moved from android.provider.Settings.Secure to android.provider.Settings.Global.
11-18 16:55:30.634 32766 32766 W Settings: Setting download_manager_recommended_max_bytes_over_mobile has moved from android.provider.Settings.Secure to android.provider.Settings.Global.
11-18 16:55:30.644 32548   323 W InstanceID/Rpc: Found 10007
11-18 16:55:30.649 32548   323 I SendBroadcastPermission: action:com.google.android.gms.gcm.ACTION_SCHEDULE, mPermissionType:0
11-18 16:55:30.652  3736  4074 I System.out: [sh]
11-18 16:55:30.653  3736  4074 I System.out: null
11-18 16:55:30.653  3736  4074 I System.out: null
11-18 16:55:30.653  3736  4074 I System.out: Calling by::className:com.upalytics.sdk.ShUtility  MethodName:ˊ
11-18 16:55:30.670 32548   323 I DynamiteModule: Considering local module com.google.android.gms.googlecertificates:2 and remote module com.google.android.gms.googlecertificates:2
11-18 16:55:30.670 32548   323 I DynamiteModule: Selected remote version of com.google.android.gms.googlecertificates, version >= 2
11-18 16:55:30.682 32766 32766 I Finsky  : [1] com.google.android.finsky.utils.bm.a(175): Enabling bucket experiment: factor=2.000, zeroDelta=0ms, forceNetwork=false
11-18 16:55:30.683  3455  4746 I AccountManagerService: getTypesVisibleToCaller: isPermitted? true
11-18 16:55:30.685  3455  4150 I AccountManagerService: getTypesVisibleToCaller: isPermitted? true
11-18 16:55:30.726 32766 32766 I Finsky  : [1] com.google.android.finsky.utils.dk.onTrimMemory(17): Memory trim requested to level 10
11-18 16:55:30.834 32766 32766 I Finsky  : [1] com.google.android.finsky.installer.z.a(1287): Installer kick - no action, not running yet
11-18 16:55:30.838  3455  3466 I AccountManagerService: getTypesVisibleToCaller: isPermitted? true
11-18 16:55:30.865  2914  3013 I [Gralloc]: alloc w[16] h[16] format[1] usage[256]
11-18 16:55:30.865  2914  3013 I [Gralloc]: alloc succ handle[0x5599709e00] stride[32]
11-18 16:55:30.866   359   372 E linker  : readlink('/proc/self/fd/21') failed: Permission denied [fd=21]
11-18 16:55:30.867   359   372 E linker  : warning: unable to get realpath for the library "/system/lib64/hw/gralloc.hi3635.so". Will use given name.
11-18 16:55:30.868   359   372 E linker  : readlink('/proc/self/fd/21') failed: Permission denied [fd=21]
11-18 16:55:30.868   359   372 E linker  : warning: unable to get realpath for the library "libion.so". Will use given name.
11-18 16:55:30.869   359   372 E HAL     : load: id=gralloc != hmi->id=gralloc
11-18 16:55:30.875 32766 32766 I Finsky  : [1] com.google.android.finsky.l.j.run(206): Loaded library for account: [coLrx59RjdQGIZMiSF7XY44dGlo]
11-18 16:55:30.875 32766 32766 I Finsky  : [1] com.google.android.finsky.l.j.run(212): Finished loading 1 libraries.
11-18 16:55:30.879 32766 32766 I Finsky  : [1] com.google.android.finsky.utils.dk.onTrimMemory(17): Memory trim requested to level 80
11-18 16:55:30.894 23735 23735 I WearableService: Wear is not allowed to run on this device. Not starting Wear service.
11-18 16:55:30.906 32766 32766 I Finsky  : [1] com.google.android.finsky.c.l.a(250): result=false type=4
11-18 16:55:30.914  3455  4784 I AccountManagerService: getTypesVisibleToCaller: isPermitted? true
11-18 16:55:30.917  3736  4074 I System.out: [cat, /proc/4767/oom_score_adj]
11-18 16:55:30.917  3736  4074 I System.out: null
11-18 16:55:30.917  3736  4074 I System.out: null
11-18 16:55:30.917  3736  4074 I System.out: Calling by::className:com.upalytics.sdk.Con  MethodName:ˊ
11-18 16:55:30.918  3455  3466 I AccountManagerService: getTypesVisibleToCaller: isPermitted? true
11-18 16:55:30.936  3455  4784 I AccountManagerService: getTypesVisibleToCaller: isPermitted? true
11-18 16:55:30.958 32766 32766 I Finsky  : [1] com.google.android.finsky.services.bd.a(1069): Restore complete with 0 success and 0 failed.
11-18 16:55:30.962 32766 32766 E Finsky  : [1] com.google.android.finsky.wear.bp.a(843): onConnectionFailed: ConnectionResult{statusCode=API_UNAVAILABLE, resolution=null, message=null}
11-18 16:55:30.962 32766 32766 I Finsky  : [1] com.google.android.finsky.wear.an.run(2399): Dropping command=send_installed_apps due to Gms not connected
11-18 16:55:31.001 32548   323 I Icing   : updateResources: need to parse rtx{com.google.android.gms}
11-18 16:55:31.296  2914 11248 I [Gralloc]: alloc w[16] h[16] format[1] usage[256]
11-18 16:55:31.296  2914 11248 I [Gralloc]: alloc succ handle[0x5599709e00] stride[32]
11-18 16:55:31.297   410   424 E linker  : readlink('/proc/self/fd/21') failed: Permission denied [fd=21]
11-18 16:55:31.298   410   424 E linker  : warning: unable to get realpath for the library "/system/lib64/hw/gralloc.hi3635.so". Will use given name.
11-18 16:55:31.299   410   424 E linker  : readlink('/proc/self/fd/21') failed: Permission denied [fd=21]
11-18 16:55:31.299   410   424 E linker  : warning: unable to get realpath for the library "libion.so". Will use given name.
11-18 16:55:31.300   410   424 E HAL     : load: id=gralloc != hmi->id=gralloc
11-18 16:55:31.315   359   359 I SendBroadcastPermission: action:com.huawei.appmarket.service.downloadservice.Receiver, mPermissionType:0
11-18 16:55:31.318 26418 26418 I HwLauncher: LauncherDownloadModel onReceive intent=Intent { act=com.huawei.appmarket.service.downloadservice.Receiver flg=0x10 }
11-18 16:55:31.318 26418 26418 W HwLauncher: get getBundleExtra with downloadtask all return null!
11-18 16:55:31.329 32548   323 I Icing   : Internal init done: storage state 0
11-18 16:55:31.332   359   359 I SendBroadcastPermission: action:com.huawei.appmarket.service.downloadservice.Receiver, mPermissionType:0
11-18 16:55:31.336 26418 26418 I HwLauncher: LauncherDownloadModel onReceive intent=Intent { act=com.huawei.appmarket.service.downloadservice.Receiver flg=0x10 }
11-18 16:55:31.336 26418 26418 W HwLauncher: get getBundleExtra with downloadtask all return null!
11-18 16:55:31.343 32548   323 I Icing   : Post-init done
11-18 16:55:31.426  4718 16154 I PgedBinderListener: kstate callback type:8 value1=32685 value2=KILLED
11-18 16:55:31.428  3455  4744 I AccountManagerService: getTypesVisibleToCaller: isPermitted? true
11-18 16:55:31.435   359   359 I APKCloudAccountImpl: Account has Login: true
11-18 16:55:31.466   359   403 W HiApp.mutiCardFactory: pool-3-thread-1{46636} <<< WARN >>> FeatureOption.MTK_GEMINI_SUPPORTjava.lang.ClassNotFoundException: com.mediatek.common.featureoption.FeatureOption
11-18 16:55:31.472   359   403 W HiApp.mutiCardFactory: Thread-46637{46637} <<< WARN >>> FeatureOption.MTK_GEMINI_SUPPORTjava.lang.ClassNotFoundException: com.mediatek.common.featureoption.FeatureOption
11-18 16:55:31.510  3455  4578 E HsmCoreServiceImpl: onTransact in code is: 102
11-18 16:55:31.510  3455  4578 I MediaProcessHandler: processOp opType: 1, uid: 10007, pid: 32685
11-18 16:55:31.510  3455  4578 W MediaProcessHandler: remove target not exist, maybe the UI process: uid: 10007, pid: 32685
11-18 16:55:31.546   410   410 I HwCust  : Constructor found for class com.android.contacts.HwCustContactApplicationHelperImpl
11-18 16:55:31.566   410   439 I HwCust  : Constructor found for class com.android.contacts.preference.HwCustContactsPreferencesImpl
11-18 16:55:31.578   410   410 I HwCust  : Constructor found for class android.app.HwCustHwWallpaperManagerImpl
11-18 16:55:31.593   410   410 W CfgFilePolicy: No config file found for:xml/rcs_defaults.xml
11-18 16:55:31.601   410   439 I HwCust  : Constructor found for class com.android.contacts.model.account.HwCustFallbackAccountTypeImpl
11-18 16:55:31.621  3455  3845 E WifiConfigStore: updateConfiguration freq=2432 BSSID=fc:3f:7c:18:dd:8a RSSI=-51 "panlid"WPA_PSK
11-18 16:55:31.643  3455  4696 I AccountManagerService: getTypesVisibleToCaller: isPermitted? true
11-18 16:55:31.650   410   447 I HwCust  : Constructor found for class com.android.contacts.model.account.HwCustAccountModelCustomizationImpl
11-18 16:55:31.658  4331  4331 I HwSystemManager: NotificationManagerReceiver:onReceive action = android.intent.action.PACKAGE_ADDED
11-18 16:55:31.676  4718 18003 I PgedBinderListener: kstate callback type:8 value1=359 value2=KILLED
11-18 16:55:31.749   410   447 I HwCust  : Constructor found for class com.android.contacts.model.account.HwCustExchangeAccountTypeImpl
11-18 16:55:31.755   410   456 I IIccPhoneBookAdapter: Simrecords 0= 0
11-18 16:55:31.755   410   456 I IIccPhoneBookAdapter: Simrecords 1= 88
11-18 16:55:31.755   410   456 I IIccPhoneBookAdapter: Simrecords 2= 100
11-18 16:55:31.755   410   456 I IIccPhoneBookAdapter: Simrecords 3= 1
11-18 16:55:31.755   410   456 I IIccPhoneBookAdapter: Simrecords 4= 100
11-18 16:55:31.755   410   456 I IIccPhoneBookAdapter: Simrecords 5= 100
11-18 16:55:31.755   410   456 I IIccPhoneBookAdapter: Simrecords 6= 2
11-18 16:55:31.755   410   456 I IIccPhoneBookAdapter: Simrecords 7= 100
11-18 16:55:31.755   410   456 I IIccPhoneBookAdapter: Simrecords 8= 100
11-18 16:55:31.779   410   464 I IIccPhoneBookAdapter: Simrecords 0= 34
11-18 16:55:31.779   410   464 I IIccPhoneBookAdapter: Simrecords 1= 3400
11-18 16:55:31.779   410   464 I IIccPhoneBookAdapter: Simrecords 2= 100
11-18 16:55:31.779  2914  5968 I [Gralloc]: alloc w[16] h[16] format[1] usage[256]
11-18 16:55:31.780  2914  5968 I [Gralloc]: alloc succ handle[0x5599709e00] stride[32]
11-18 16:55:31.783   449   465 E linker  : readlink('/proc/self/fd/22') failed: Permission denied [fd=22]
11-18 16:55:31.783   449   465 E linker  : warning: unable to get realpath for the library "/system/lib/hw/gralloc.hi3635.so". Will use given name.
11-18 16:55:31.785   449   465 E linker  : readlink('/proc/self/fd/22') failed: Permission denied [fd=22]
11-18 16:55:31.786   449   465 E linker  : warning: unable to get realpath for the library "libion.so". Will use given name.
11-18 16:55:31.788   449   465 E HAL     : load: id=gralloc != hmi->id=gralloc
11-18 16:55:31.794   410   447 W ResourceType: For resource 0x7f021875, entry index(6261) is beyond type entryCount(475)
11-18 16:55:31.794   410   447 W ResourceType: Failure getting entry for 0x7f021875 (t=1 e=6261) (error -75)
11-18 16:55:31.795   410   447 W ResourceType: For resource 0x7f021875, entry index(6261) is beyond type entryCount(475)
11-18 16:55:31.795   410   447 W ResourceType: Failure getting entry for 0x7f021875 (t=1 e=6261) (error -75)
11-18 16:55:31.795   410   447 W ResourceType: For resource 0x7f021876, entry index(6262) is beyond type entryCount(475)
11-18 16:55:31.795   410   447 W ResourceType: Failure getting entry for 0x7f021876 (t=1 e=6262) (error -75)
11-18 16:55:31.795   410   447 W ResourceType: For resource 0x7f021877, entry index(6263) is beyond type entryCount(475)
11-18 16:55:31.795   410   447 W ResourceType: Failure getting entry for 0x7f021877 (t=1 e=6263) (error -75)
11-18 16:55:31.798  3455  4696 I AccountManagerService: getTypesVisibleToCaller: isPermitted? true
11-18 16:55:31.799  3455  4150 E HsmCoreServiceImpl: onTransact in code is: 102
11-18 16:55:31.799  3455  4150 I MediaProcessHandler: processOp opType: 1, uid: 10014, pid: 359
11-18 16:55:31.799  3455  4150 W MediaProcessHandler: remove target not exist, maybe the UI process: uid: 10014, pid: 359
11-18 16:55:31.815  3455  4784 I AccountManagerService: getTypesVisibleToCaller: isPermitted? true
11-18 16:55:31.824   410   447 W ResourceType: For resource 0x7f021875, entry index(6261) is beyond type entryCount(475)
11-18 16:55:31.824   410   447 W ResourceType: Failure getting entry for 0x7f021875 (t=1 e=6261) (error -75)
11-18 16:55:31.824   410   447 W ResourceType: For resource 0x7f021875, entry index(6261) is beyond type entryCount(475)
11-18 16:55:31.824   410   447 W ResourceType: Failure getting entry for 0x7f021875 (t=1 e=6261) (error -75)
11-18 16:55:31.824   410   447 W ResourceType: For resource 0x7f021876, entry index(6262) is beyond type entryCount(475)
11-18 16:55:31.824   410   447 W ResourceType: Failure getting entry for 0x7f021876 (t=1 e=6262) (error -75)
11-18 16:55:31.824   410   447 W ResourceType: For resource 0x7f021877, entry index(6263) is beyond type entryCount(475)
11-18 16:55:31.824   410   447 W ResourceType: Failure getting entry for 0x7f021877 (t=1 e=6263) (error -75)
11-18 16:55:31.826  3455  3465 I AccountManagerService: getTypesVisibleToCaller: isPermitted? true
11-18 16:55:31.831  3455  4784 I AccountManagerService: getTypesVisibleToCaller: isPermitted? true
11-18 16:55:31.836   449   449 I HwSystemManager: SystemManagerApplication:onCreate
11-18 16:55:31.846   410   447 W ResourceType: For resource 0x7f021875, entry index(6261) is beyond type entryCount(475)
11-18 16:55:31.846   410   447 W ResourceType: Failure getting entry for 0x7f021875 (t=1 e=6261) (error -75)
11-18 16:55:31.846   410   447 W ResourceType: For resource 0x7f021875, entry index(6261) is beyond type entryCount(475)
11-18 16:55:31.846   410   447 W ResourceType: Failure getting entry for 0x7f021875 (t=1 e=6261) (error -75)
11-18 16:55:31.846   410   447 W ResourceType: For resource 0x7f021876, entry index(6262) is beyond type entryCount(475)
11-18 16:55:31.846   410   447 W ResourceType: Failure getting entry for 0x7f021876 (t=1 e=6262) (error -75)
11-18 16:55:31.847   410   447 W ResourceType: For resource 0x7f021877, entry index(6263) is beyond type entryCount(475)
11-18 16:55:31.847   410   447 W ResourceType: Failure getting entry for 0x7f021877 (t=1 e=6263) (error -75)
11-18 16:55:31.848  3455  3466 I AccountManagerService: getTypesVisibleToCaller: isPermitted? true
11-18 16:55:31.849   449   480 I System.out: [ls, -l, /system/priv-app/HwSystemManager/HwSystemManager.apk]
11-18 16:55:31.849   449   480 I System.out: null
11-18 16:55:31.849   449   480 I System.out: null
11-18 16:55:31.849   449   480 I System.out: Calling by::className:com.huawei.systemmanager.util.HwLogTagHelper  MethodName:checkHsmIsPushed
11-18 16:55:31.894   449   449 I HwSystemManager: ProcPolicy:this proc is:com.huawei.systemmanager
11-18 16:55:31.895   449   480 I HwSystemManager: check push opration, match idx:-1
11-18 16:55:31.906  4331  4331 I HwSystemManager: LocalService:Received start id 596: Intent { cmp=com.huawei.systemmanager/com.huawei.permission.HoldService }
11-18 16:55:31.910  4331  4331 I HwSystemManager: BgPowerManagerService:onStartCommand
11-18 16:55:31.928   449   449 W CfgFilePolicy: No config file found for:xml/hsm_config.xml
11-18 16:55:31.932   449   449 I HwSystemManager: HsmStat_info:feature enable:true
11-18 16:55:31.938   449   449 I HwSystemManager: CustomizeWrapper:permissionStatus is 0
11-18 16:55:31.944   449   516 W CfgFilePolicy: No config file found for:xml/hsm/protect/hsm_protect_default_value.xml
11-18 16:55:31.944   449   449 I HwSystemManager: TMSEngineFeature: TMS support enable for netassistant.
11-18 16:55:31.952   449   516 I HwSystemManager: BootStartManager:batchDeleteOperation !
11-18 16:55:31.953   449   516 I HwSystemManager: BootStartManager:batchDeleteOperation !
11-18 16:55:32.091   449   449 I HwSystemManager: AppInstallationReceiver:AppInstallationReceiver onReceive action = android.intent.action.PACKAGE_ADDED
11-18 16:55:32.098   449   449 I HwSystemManager: SuperAppPermisionChecker:read xml finished
11-18 16:55:32.125  4718 16153 I PgedBinderListener: kstate callback type:8 value1=410 value2=KILLED
11-18 16:55:32.142   449   527 I HwSystemManager: OptimizeReceiver:OptimizeReceiver received action:android.intent.action.PACKAGE_ADDED
11-18 16:55:32.143   449   527 I HwCust  : Constructor found for class com.huawei.systemmanager.optimize.process.HwCustProtectAppControlImpl
11-18 16:55:32.162   449   449 I HwSystemManager: BootBroadcastReceiver:BootBroadcastReceiver action =android.intent.action.PACKAGE_ADDED
11-18 16:55:32.165   449   530 I HwSystemManager: HandlePackageAdd:HandlePackageAdd replacing=true
11-18 16:55:32.176   449   526 W CfgFilePolicy: No config file found for:xml/hsm/permission/hsm_permission_white_apps.xml
11-18 16:55:32.178   449   526 W CfgFilePolicy: No config file found for:xml/hsm/permission/hsm_permission_black_apps.xml
11-18 16:55:32.182   449   526 W CfgFilePolicy: No config file found for:xml/hsm/bootstart/hsm_bootstart_white_apps.xml
11-18 16:55:32.184   449   526 W CfgFilePolicy: No config file found for:xml/hsm/bootstart/hsm_bootstart_black_apps.xml
11-18 16:55:32.187   449   526 W CfgFilePolicy: No config file found for:xml/hsm/notification/hsm_notification_white_apps.xml
11-18 16:55:32.188   449   526 W CfgFilePolicy: No config file found for:xml/hsm/notification/hsm_notification_black_apps.xml
11-18 16:55:32.189   449   526 W CfgFilePolicy: No config file found for:xml/hsm/dropzone/hsm_dropzone_white_apps.xml
11-18 16:55:32.191   449   526 W CfgFilePolicy: No config file found for:xml/hsm/dropzone/hsm_dropzone_black_apps.xml
11-18 16:55:32.192   449   526 W CfgFilePolicy: No config file found for:xml/hsm/netaccess/hsm_netaccess_white_apps.xml
11-18 16:55:32.193   449   526 W CfgFilePolicy: No config file found for:xml/hsm/netaccess/hsm_netaccess_black_apps.xml
11-18 16:55:32.194   449   526 W CfgFilePolicy: No config file found for:xml/hsm/applock/hsm_applock_white_apps.xml
11-18 16:55:32.197   449   526 W CfgFilePolicy: No config file found for:xml/default_black_package_name.xml
11-18 16:55:32.224  4331   531 W HwSystemManager: TencentAntiVirusEngine:initQScanner: Already initialized ,skip
11-18 16:55:32.226  3455  4744 E HsmCoreServiceImpl: onTransact in code is: 102
11-18 16:55:32.226  3455  4744 I MediaProcessHandler: processOp opType: 1, uid: 10004, pid: 410
11-18 16:55:32.226  3455  4744 W MediaProcessHandler: remove target not exist, maybe the UI process: uid: 10004, pid: 410
11-18 16:55:32.230  3455  3455 I TrafficMonitor: update:rxPkts:2,txPkts:2,rxBytes:168,txBytes:136
11-18 16:55:32.231  3455  3455 I TrafficMonitor: start expired. level:-1
11-18 16:55:32.231  3455  3455 I TrafficMonitor: gettimer:interval=2000
11-18 16:55:32.262  3966  3966 W View    : requestLayout() improperly called by com.android.systemui.statusbar.phone.IconMerger{e4cbfb3 V.E...... ........ 0,0-162,72 #7f1000c3 app:id/notificationIcons} during second layout pass: posting in next frame
11-18 16:55:32.264  4331   531 I HwSystemManager: AntiVirusService:found virusscan pkg, send broadcast. pkg:com.lunwing.radio
11-18 16:55:32.265  4331   531 I SendBroadcastPermission: action:com.huawei.systemmanager.action.found_virusscan_app, mPermissionType:0
11-18 16:55:32.328   449   535 I HwSystemManager: SpaceCleanReceiver:receive intent:android.intent.action.PACKAGE_ADDED
11-18 16:55:32.376   449   535 I HwSystemManager: SpaceCleanReceiver:package added: com.lunwing.radio
11-18 16:55:32.376   449   527 I HwSystemManager: HsmPackageManager:init locale:en_AU
11-18 16:55:32.377  4331  4331 E HwSystemManager: AppCleanUpService:msg is 0
11-18 16:55:32.378   449   535 E HwSystemManager: SpaceCleanReceiver:doPkgAdd pi is not valid permission
11-18 16:55:32.380  4331   548 I HwSystemManager: AppCleanUpService:begin to insertAppWithPkgName, pkg:com.lunwing.radio
11-18 16:55:32.385   449   526 W CfgFilePolicy: No config file found for:xml/hw_permission_parameter.xml
11-18 16:55:32.387   449   529 I HwSystemManager: ProtectAppControl:handleMessage:6
11-18 16:55:32.391   449   529 I HwSystemManager: ProtectAppControl:begin install app inner:com.lunwing.radio
11-18 16:55:32.394   449   549 I HwSystemManager: BootStartManager:batchDeleteOperation !
11-18 16:55:32.394   449   549 I HwSystemManager: BootStartManager:batchDeleteOperation !
11-18 16:55:32.396   449   551 W art     : No such thread id for suspend: 24
11-18 16:55:32.403   449   526 I HwSystemManager: PermissionDbHelper: DBHelper Create Database!  : SQLiteDatabase: /data/user/0/com.huawei.systemmanager/databases/permission.db
11-18 16:55:32.408   449   526 I HwSystemManager: HsmPackageManager:get all installed packages, flag:0, size:211
11-18 16:55:32.408   449   526 E HwSystemManager: PermissionDBAdapter:appcationsList size:211
11-18 16:55:32.410  2914  3011 I [Gralloc]: alloc w[16] h[16] format[1] usage[256]
11-18 16:55:32.410  2914  3011 I [Gralloc]: alloc succ handle[0x55996d63a0] stride[32]
11-18 16:55:32.411   536   553 E linker  : readlink('/proc/self/fd/21') failed: Permission denied [fd=21]
11-18 16:55:32.411   536   553 E linker  : warning: unable to get realpath for the library "/system/lib64/hw/gralloc.hi3635.so". Will use given name.
11-18 16:55:32.413   536   553 E linker  : readlink('/proc/self/fd/21') failed: Permission denied [fd=21]
11-18 16:55:32.414   536   553 E linker  : warning: unable to get realpath for the library "libion.so". Will use given name.
11-18 16:55:32.416   536   553 E HAL     : load: id=gralloc != hmi->id=gralloc
11-18 16:55:32.427   449   529 W HwSystemManager: ProtectAppControl:com.lunwing.radio already exist!
11-18 16:55:32.433   536   536 W System  : ClassLoader referenced unknown path: /system/app/HwKaraokeEffect/lib/arm64
11-18 16:55:32.470   536   536 W CfgFilePolicy: No config file found for:xml/hw_karaokeeffect_app_config.xml
11-18 16:55:32.552  2914  3013 I [Gralloc]: alloc w[16] h[16] format[1] usage[256]
11-18 16:55:32.553  2914  3013 I [Gralloc]: alloc succ handle[0x55996f4410] stride[32]
11-18 16:55:32.554   556   568 E linker  : readlink('/proc/self/fd/21') failed: Permission denied [fd=21]
11-18 16:55:32.554   556   568 E linker  : warning: unable to get realpath for the library "/system/lib64/hw/gralloc.hi3635.so". Will use given name.
11-18 16:55:32.555   556   568 E linker  : readlink('/proc/self/fd/21') failed: Permission denied [fd=21]
11-18 16:55:32.555   556   568 E linker  : warning: unable to get realpath for the library "libion.so". Will use given name.
11-18 16:55:32.555   556   568 E HAL     : load: id=gralloc != hmi->id=gralloc
11-18 16:55:32.575   556   556 W System  : ClassLoader referenced unknown path: /system/app/HwPushService/lib/arm64
11-18 16:55:32.586  4718 16978 I PgedBinderListener: kstate callback type:8 value1=32036 value2=KILLED
11-18 16:55:32.602   556   556 I PushLogAC2613: [main-1]action is android.intent.action.PACKAGE_ADDED(pushagent/null:-1)
11-18 16:55:32.604   556   556 I PushLogAC2613: [main-1]run push selfshow(pushagent/null:-1)
11-18 16:55:32.626   556   578 I PushLogAC2613: [Thread-46618-46618]framework push exist, use framework push first(pushagent/null:-1)
11-18 16:55:32.627  3455  3845 E WifiConfigStore: updateConfiguration freq=2432 BSSID=fc:3f:7c:18:dd:8a RSSI=-49 "panlid"WPA_PSK
11-18 16:55:32.677 32766 32766 I Finsky  : [1] com.google.android.finsky.utils.dk.onTrimMemory(17): Memory trim requested to level 10
11-18 16:55:32.679  3455  3465 E HsmCoreServiceImpl: onTransact in code is: 102
11-18 16:55:32.679  3455  3465 I MediaProcessHandler: processOp opType: 1, uid: 10000, pid: 32036
11-18 16:55:32.679  3455  3465 W MediaProcessHandler: remove target not exist, maybe the UI process: uid: 10000, pid: 32036
11-18 16:55:32.690  4718  4741 I PgedBinderListener: kstate callback type:8 value1=536 value2=KILLED
11-18 16:55:32.722  2914  3011 I [Gralloc]: alloc w[16] h[16] format[1] usage[256]
11-18 16:55:32.722  2914  3011 I [Gralloc]: alloc succ handle[0x5599889a20] stride[32]
11-18 16:55:32.724   580   593 E linker  : readlink('/proc/self/fd/21') failed: Permission denied [fd=21]
11-18 16:55:32.724   580   593 E linker  : warning: unable to get realpath for the library "/system/lib/hw/gralloc.hi3635.so". Will use given name.
11-18 16:55:32.726   580   593 E linker  : readlink('/proc/self/fd/21') failed: Permission denied [fd=21]
11-18 16:55:32.726   580   593 E linker  : warning: unable to get realpath for the library "libion.so". Will use given name.
11-18 16:55:32.727   580   593 E HAL     : load: id=gralloc != hmi->id=gralloc
11-18 16:55:32.763  4718 16154 I PgedBinderListener: kstate callback type:8 value1=556 value2=KILLED
11-18 16:55:32.803  4718 18003 I PgedBinderListener: kstate callback type:8 value1=536 value2=KILLED
11-18 16:55:32.804  3455  3986 E HsmCoreServiceImpl: onTransact in code is: 102
11-18 16:55:32.804  3455  3986 W MediaProcessHandler: processOp uid 1000 is not concerned!
11-18 16:55:32.808 32766 32766 I Finsky  : [1] com.google.android.finsky.utils.dk.onTrimMemory(17): Memory trim requested to level 10
11-18 16:55:32.818  2914  3011 I [Gralloc]: alloc w[16] h[16] format[1] usage[256]
11-18 16:55:32.819  2914  3011 I [Gralloc]: alloc succ handle[0x5599709e00] stride[32]
11-18 16:55:32.820   595   612 E linker  : readlink('/proc/self/fd/21') failed: Permission denied [fd=21]
11-18 16:55:32.820   595   612 E linker  : warning: unable to get realpath for the library "/system/lib64/hw/gralloc.hi3635.so". Will use given name.
11-18 16:55:32.822   595   612 E linker  : readlink('/proc/self/fd/21') failed: Permission denied [fd=21]
11-18 16:55:32.822   595   612 E linker  : warning: unable to get realpath for the library "libion.so". Will use given name.
11-18 16:55:32.823   595   612 E HAL     : load: id=gralloc != hmi->id=gralloc
11-18 16:55:32.829  4718  4731 I PgedBinderListener: kstate callback type:8 value1=556 value2=KILLED
11-18 16:55:32.829  3455  4746 E HsmCoreServiceImpl: onTransact in code is: 102
11-18 16:55:32.829  3455  4746 I MediaProcessHandler: processOp opType: 1, uid: 10049, pid: 556
11-18 16:55:32.829  3455  4746 W MediaProcessHandler: remove target not exist, maybe the UI process: uid: 10049, pid: 556
11-18 16:55:32.939  2915  2918 I teecd   : Connected. UID=1000, PID=3455
11-18 16:55:32.994  3455  3845 E WifiConfigStore: updateConfiguration freq=2432 BSSID=fc:3f:7c:18:dd:8a RSSI=-50 "panlid"WPA_PSK
11-18 16:55:33.062  2915  2918 E tee_get_app_cert: cannot find package:system_server
11-18 16:55:33.062  2915  2918 E tee_get_app_cert: get certs for app failed
11-18 16:55:33.086  2915  2918 I teecd   : Got certificate buffer len 107!
11-18 16:55:33.086  2915  2918 I teecd   : Waiting for a connection...
11-18 16:55:33.140  3966  3966 I NetworkSpeedManagerEx: mIsStop = false
11-18 16:55:33.141  3966  3966 I NetworkSpeedManagerEx:  value = 101.333336
11-18 16:55:33.141 20679 20821 W System.err: org.apache.http.conn.ConnectTimeoutException: Connect to /42.62.68.3:80 timed out
11-18 16:55:33.141  3966  3966 I NetworkSpeedManagerEx: speed = 101B/s
11-18 16:55:33.141  3966  3966 I NetworkSpeedView: /update(), speed=101B/s
11-18 16:55:33.141 20679 20821 W System.err: 	at com.kugou.common.network.a$m.connectSocket(SourceFile:879)
11-18 16:55:33.141 20679 20821 W System.err: 	at org.apache.http.impl.conn.DefaultClientConnectionOperator.openConnection(DefaultClientConnectionOperator.java:149)
11-18 16:55:33.141 20679 20821 W System.err: 	at org.apache.http.impl.conn.AbstractPoolEntry.open(AbstractPoolEntry.java:169)
11-18 16:55:33.141 20679 20821 W System.err: 	at org.apache.http.impl.conn.AbstractPooledConnAdapter.open(AbstractPooledConnAdapter.java:124)
11-18 16:55:33.141 20679 20821 W System.err: 	at org.apache.http.impl.client.DefaultRequestDirector.execute(DefaultRequestDirector.java:366)
11-18 16:55:33.141 20679 20821 W System.err: 	at org.apache.http.impl.client.AbstractHttpClient.execute(AbstractHttpClient.java:596)
11-18 16:55:33.141 20679 20821 W System.err: 	at org.apache.http.impl.client.AbstractHttpClient.execute(AbstractHttpClient.java:517)
11-18 16:55:33.142 20679 20821 W System.err: 	at org.apache.http.impl.client.AbstractHttpClient.execute(AbstractHttpClient.java:495)
11-18 16:55:33.142 20679 20821 W System.err: 	at com.kugou.common.network.a.a(SourceFile:645)
11-18 16:55:33.142 20679 20821 W System.err: 	at com.kugou.common.network.a.a(SourceFile:481)
11-18 16:55:33.142 20679 20821 W System.err: 	at com.kugou.common.network.a.a(SourceFile:318)
11-18 16:55:33.142 20679 20821 W System.err: 	at com.kugou.common.network.a.a(SourceFile:271)
11-18 16:55:33.142 20679 20821 W System.err: 	at com.kugou.common.network.f.a(SourceFile:60)
11-18 16:55:33.142 20679 20821 W System.err: 	at com.kugou.common.network.netgate.g.a(SourceFile:145)
11-18 16:55:33.142 20679 20821 W System.err: 	at com.kugou.common.network.netgate.f.a(SourceFile:601)
11-18 16:55:33.142 20679 20821 W System.err: 	at com.kugou.common.network.netgate.f.a(SourceFile:50)
11-18 16:55:33.142 20679 20821 W System.err: 	at com.kugou.common.network.netgate.f$c.handleMessage(SourceFile:288)
11-18 16:55:33.142 20679 20821 W System.err: 	at android.os.Handler.dispatchMessage(Handler.java:102)
11-18 16:55:33.142 20679 20821 W System.err: 	at android.os.Looper.loop(Looper.java:150)
11-18 16:55:33.142 20679 20821 W System.err: 	at android.os.HandlerThread.run(HandlerThread.java:61)
11-18 16:55:33.215  2915  2918 I teecd   : Connected. UID=1000, PID=3455
11-18 16:55:33.228  3455  3455 I TrafficMonitor: expired arrive. level:-1
11-18 16:55:33.228  3455  3455 I TrafficMonitor: during_ms:2002,period_ms:2000
11-18 16:55:33.228  3455  3455 I TrafficMonitor: count:12,rx_sum:2,tx_sum:2,rxBytes:168,during_ms:2002,rx_speed:83.91608391608392,tx_speed:67.93206793206794,rto:1.0
11-18 16:55:33.246  3455  3455 I MQoS    : onSignal: mSubId=0,currDataSubID=0
11-18 16:55:33.246  3455  3455 I MQoS    : received cell-signal:4
11-18 16:55:33.249  3455  4696 I SendBroadcastPermission: action:android.intent.action.SIG_STR, mPermissionType:0
11-18 16:55:33.252  3966  4038 I HwCustMobileSignalControllerImpl: subId:0 phoneType:1 networktype:3 targetClass:2 masterLevel:3 slaveLevel:-1
11-18 16:55:33.339  2915  2918 E tee_get_app_cert: cannot find package:system_server
11-18 16:55:33.339  2915  2918 E tee_get_app_cert: get certs for app failed
11-18 16:55:33.363  2915  2918 I teecd   : Got certificate buffer len 107!
11-18 16:55:33.364  2915  2918 I teecd   : Waiting for a connection...
11-18 16:55:33.629  3455  3845 E WifiConfigStore: updateConfiguration freq=2432 BSSID=fc:3f:7c:18:dd:8a RSSI=-51 "panlid"WPA_PSK
11-18 16:55:33.713 32293 32293 W cr_BindingManager: Cannot call determinedVisibility() - never saw a connection for the pid: 32293
11-18 16:55:33.840  4718  4718 I PGUtils : im apps = [com.google.android.talk, com.tencent.mm, com.facebook.katana, com.alibaba.mobileim, com.taobao.qianniu, com.jd.im.seller, jd.dd.seller, com.facebook.orca, com.immomo.momo, com.eg.android.AlipayGphone, com.tencent.mm, com.tencent.mobileqq]
11-18 16:55:33.884  4718  4718 I ash     : AppStaticDB change !
11-18 16:55:33.930   449   449 I HwSystemManager: HsmStat_info:service connect
11-18 16:55:33.989   449   526 W ResourceType: ResTable_typeSpec entry count inconsistent: given 1, previously 1266
11-18 16:55:33.991   595   595 I PushLogSC2609: [main-1]action is android.intent.action.PACKAGE_ADDED(remotecontrol/null:-1)
11-18 16:55:33.996   595   595 I PushLogSC2609: [main-1]run push selfshow(remotecontrol/null:-1)
11-18 16:55:34.042   595   625 I PushLogSC2609: [Thread-46622-46622]framework push exist, use framework push first(remotecontrol/null:-1)
11-18 16:55:34.074  4718  4741 I PgedBinderListener: kstate callback type:8 value1=580 value2=KILLED
11-18 16:55:34.086  3455  3839 E HsmCoreServiceImpl: onTransact in code is: 102
11-18 16:55:34.087  3455  3839 I MediaProcessHandler: processOp opType: 1, uid: 10020, pid: 580
11-18 16:55:34.087  3455  3839 W MediaProcessHandler: remove target not exist, maybe the UI process: uid: 10020, pid: 580
11-18 16:55:34.108  2914  3875 I [Gralloc]: alloc w[16] h[16] format[1] usage[256]
11-18 16:55:34.108  2914  3875 I [Gralloc]: alloc succ handle[0x5599709e00] stride[32]
11-18 16:55:34.110   626   640 E linker  : readlink('/proc/self/fd/21') failed: Permission denied [fd=21]
11-18 16:55:34.110   626   640 E linker  : warning: unable to get realpath for the library "/system/lib/hw/gralloc.hi3635.so". Will use given name.
11-18 16:55:34.112   626   640 E linker  : readlink('/proc/self/fd/21') failed: Permission denied [fd=21]
11-18 16:55:34.112   626   640 E linker  : warning: unable to get realpath for the library "libion.so". Will use given name.
11-18 16:55:34.113   626   640 E HAL     : load: id=gralloc != hmi->id=gralloc
11-18 16:55:34.233  3455  3455 I TrafficMonitor: update:rxPkts:0,txPkts:0,rxBytes:0,txBytes:0
11-18 16:55:34.233  3455  3455 I TrafficMonitor: start expired. level:-1
11-18 16:55:34.233  3455  3455 I TrafficMonitor: gettimer:interval=2000
11-18 16:55:34.257   626   626 I LibV1.0.1-AccountMgr: begin check so
11-18 16:55:34.431 32293 32293 I chromium: [INFO:CONSOLE(137)] "About to load streaminfo.js", source: file:///android_asset/www/js/index.js (137)
11-18 16:55:34.432 32293 32293 I chromium: [INFO:CONSOLE(142)] "streaminfo.js script has been appended", source: file:///android_asset/www/js/index.js (142)
11-18 16:55:34.474   626   626 I LibV1.0.1-AccountMgr: end check so ok
11-18 16:55:34.612   626   626 I PushLogSC2609: [main-1]action is android.intent.action.PACKAGE_ADDED(skytone/null:-1)
11-18 16:55:34.616   626   626 I PushLogSC2609: [main-1]run push selfshow(skytone/null:-1)
11-18 16:55:34.624  3455  3845 E WifiConfigStore: updateConfiguration freq=2432 BSSID=fc:3f:7c:18:dd:8a RSSI=-51 "panlid"WPA_PSK
11-18 16:55:34.642   626   657 I PushLogSC2609: [Thread-20431-20431]framework push exist, use framework push first(skytone/null:-1)
11-18 16:55:34.674  4718 16154 I PgedBinderListener: kstate callback type:8 value1=595 value2=KILLED
11-18 16:55:34.675 32293 32293 I chromium: [INFO:CONSOLE(22)] "[object Object]", source: file:///android_asset/www/js/index.js (22)
11-18 16:55:34.677 32293 32293 W StatusBar: Method window.setStatusBarColor not found for SDK level 23
11-18 16:55:34.727  2914 11248 I [Gralloc]: alloc w[16] h[16] format[1] usage[256]
11-18 16:55:34.727  2914 11248 I [Gralloc]: alloc succ handle[0x5599709e00] stride[32]
11-18 16:55:34.728   659   675 E linker  : readlink('/proc/self/fd/21') failed: Permission denied [fd=21]
11-18 16:55:34.728   659   675 E linker  : warning: unable to get realpath for the library "/system/lib64/hw/gralloc.hi3635.so". Will use given name.
11-18 16:55:34.729   659   675 E linker  : readlink('/proc/self/fd/21') failed: Permission denied [fd=21]
11-18 16:55:34.729   659   675 E linker  : warning: unable to get realpath for the library "libion.so". Will use given name.
11-18 16:55:34.731   659   675 E HAL     : load: id=gralloc != hmi->id=gralloc
11-18 16:55:34.779  3455  4622 E HsmCoreServiceImpl: onTransact in code is: 102
11-18 16:55:34.779  3455  4622 I MediaProcessHandler: processOp opType: 1, uid: 10089, pid: 595
11-18 16:55:34.779  3455  4622 W MediaProcessHandler: remove target not exist, maybe the UI process: uid: 10089, pid: 595
11-18 16:55:34.787   449   526 I HwSystemManager: HsmPackageManager:get all installed packages, flag:0, size:211
11-18 16:55:34.787   449   526 E HwSystemManager: PermissionDBAdapter:appcationsList size:211
11-18 16:55:34.863   659   659 I PushLogSC2609: [main-1]action is android.intent.action.PACKAGE_ADDED(ds/null:-1)
11-18 16:55:34.868   449   526 I SendBroadcastPermission: action:PACKAGE_ADDED_OR_REMOVED, mPermissionType:0
11-18 16:55:34.916   659   659 I PushLogSC2609: [main-1]run push selfshow(ds/null:-1)
11-18 16:55:34.931   659   698 I PushLogSC2609: [Thread-46634-46634]framework push exist, use framework push first(ds/null:-1)
11-18 16:55:34.992  2914  3013 I [Gralloc]: alloc w[16] h[16] format[1] usage[256]
11-18 16:55:34.992  2914  3013 I [Gralloc]: alloc succ handle[0x55996d63a0] stride[32]
11-18 16:55:34.993   700   715 E linker  : readlink('/proc/self/fd/21') failed: Permission denied [fd=21]
11-18 16:55:34.994   700   715 E linker  : warning: unable to get realpath for the library "/system/lib/hw/gralloc.hi3635.so". Will use given name.
11-18 16:55:34.997   700   715 E linker  : readlink('/proc/self/fd/22') failed: Permission denied [fd=22]
11-18 16:55:34.997   700   715 E linker  : warning: unable to get realpath for the library "libion.so". Will use given name.
11-18 16:55:35.000   700   715 E HAL     : load: id=gralloc != hmi->id=gralloc
11-18 16:55:35.050  4718 18003 I PgedBinderListener: kstate callback type:8 value1=449 value2=KILLED
11-18 16:55:35.097   700   700 I LogAdaptor: createAppLog, file:/storage/emulated/0/Android/data/com.huawei.hwid/files/Log/HMSCore.log, module:HMSCore
11-18 16:55:35.151  3455  4784 E HsmCoreServiceImpl: onTransact in code is: 102
11-18 16:55:35.151  3455  4784 W MediaProcessHandler: processOp uid 1000 is not concerned!
11-18 16:55:35.158 32766 32766 I Finsky  : [1] com.google.android.finsky.utils.dk.onTrimMemory(17): Memory trim requested to level 10
11-18 16:55:35.167   700   700 I LogAdaptor: createAppLog, file:/storage/emulated/0/Android/data/com.huawei.hwid/files/Log/HMSCore.log, module:PushLog
11-18 16:55:35.176   700   700 E HwID_MainEntry: log has not init finished
11-18 16:55:35.188   700   700 E hwid    : log has not init finished
11-18 16:55:35.189   700   700 I LogAdaptor: createAppLog, file:/storage/emulated/0/Android/data/com.huawei.hwid/files/Log/HMSCore.log, module:HwID
11-18 16:55:35.193   700   700 I mainEntry: init sns hms.
11-18 16:55:35.208   700   734 E HwID.VersionUpdateHelper: [Thread-20446{20446}] old version is 1, current version is 1 (LogX.java:88)
11-18 16:55:35.229  3455  3465 I AccountManagerService: getTypesVisibleToCaller: isPermitted? true
11-18 16:55:35.230  3455  4622 I AccountManagerService: getTypesVisibleToCaller: isPermitted? true
11-18 16:55:35.245   700   700 I LogAdaptor: createAppLog, file:/storage/emulated/0/Android/data/com.huawei.hwid/files/Log/HMSCore.log, module:Pay
11-18 16:55:35.269   700   700 I PushLogSC2816_hwid: [main-1]action is android.intent.action.PACKAGE_ADDED(hwid/null:-1)
11-18 16:55:35.271  3455  3465 I AccountManagerService: getTypesVisibleToCaller: isPermitted? true
