11-19 01:10:56.747 30952 31056 W VideoCapabilities: Unrecognized profile/level 0/3 for video/mpeg2
11-19 01:10:56.780 30952 31056 I VideoCapabilities: Unsupported profile 4 for video/mp4v-es
11-19 01:10:56.782  3455  3478 I ActivityManager: Displayed com.lunwing.radio/.MainActivity: +1s80ms
11-19 01:10:56.806  2914  3013 I [Gralloc]: alloc w[16] h[16] format[1] usage[256]
11-19 01:10:56.806  2914  3013 I [Gralloc]: alloc succ handle[0x55998bb980] stride[32]
11-19 01:10:56.808 31072 31089 E linker  : readlink('/proc/self/fd/21') failed: Permission denied [fd=21]
11-19 01:10:56.808 31072 31089 E linker  : warning: unable to get realpath for the library "/system/lib64/hw/gralloc.hi3635.so". Will use given name.
11-19 01:10:56.809 31072 31089 E linker  : readlink('/proc/self/fd/21') failed: Permission denied [fd=21]
11-19 01:10:56.809 31072 31089 E linker  : warning: unable to get realpath for the library "libion.so". Will use given name.
11-19 01:10:56.810 31072 31089 E HAL     : load: id=gralloc != hmi->id=gralloc
11-19 01:10:56.837 31072 31072 W System  : ClassLoader referenced unknown path: /system/app/KeyChain/lib/arm64
11-19 01:10:56.844 30952 30952 W cr_BindingManager: Cannot call determinedVisibility() - never saw a connection for the pid: 30952
11-19 01:10:56.886 30952 30952 E chromium: [ERROR:interface_registry.cc(99)] Failed to locate a binder for interface: autofill::mojom::AutofillDriver
11-19 01:10:56.910  3455  3839 E HsmCoreServiceImpl: onTransact in code is: 102
11-19 01:10:56.910  3455  3839 I MediaProcessHandler: processOp opType: 1, uid: 10066, pid: 30561
11-19 01:10:56.910  3455  3839 W MediaProcessHandler: remove target not exist, maybe the UI process: uid: 10066, pid: 30561
11-19 01:10:56.916  4718  4731 I PgedBinderListener: kstate callback type:8 value1=30751 value2=KILLED
11-19 01:10:56.964  2914  3875 I [Gralloc]: alloc w[16] h[16] format[1] usage[256]
11-19 01:10:56.964  2914  3875 I [Gralloc]: alloc succ handle[0x559974c1e0] stride[32]
11-19 01:10:56.966 31098 31110 E linker  : readlink('/proc/self/fd/21') failed: Permission denied [fd=21]
11-19 01:10:56.966 31098 31110 E linker  : warning: unable to get realpath for the library "/system/lib64/hw/gralloc.hi3635.so". Will use given name.
11-19 01:10:56.967 31098 31110 E linker  : readlink('/proc/self/fd/21') failed: Permission denied [fd=21]
11-19 01:10:56.968 31098 31110 E linker  : warning: unable to get realpath for the library "libion.so". Will use given name.
11-19 01:10:56.969 31098 31110 E HAL     : load: id=gralloc != hmi->id=gralloc
11-19 01:10:57.017  3455  3845 E WifiConfigStore: updateConfiguration freq=2417 BSSID=74:da:38:24:aa:b8 RSSI=-44 "panlid-old"WPA_PSK
11-19 01:10:57.026  3455  4347 E HsmCoreServiceImpl: onTransact in code is: 102
11-19 01:10:57.026  3455  4347 I MediaProcessHandler: processOp opType: 1, uid: 10014, pid: 30751
11-19 01:10:57.026  3455  4347 W MediaProcessHandler: remove target not exist, maybe the UI process: uid: 10014, pid: 30751
11-19 01:10:57.050  2915  2918 I teecd   : Connected. UID=1000, PID=3455
11-19 01:10:57.074  3455  3455 I TrafficMonitor: update:rxPkts:1,txPkts:1,rxBytes:28,txBytes:52
11-19 01:10:57.074  3455  3455 I TrafficMonitor: start expired. level:-1
11-19 01:10:57.075  3455  3455 I TrafficMonitor: gettimer:interval=2000
11-19 01:10:57.199  2915  2918 E tee_get_app_cert: cannot find package:system_server
11-19 01:10:57.199  2915  2918 E tee_get_app_cert: get certs for app failed
11-19 01:10:57.210  3455  3845 E WifiConfigStore: updateConfiguration freq=2417 BSSID=74:da:38:24:aa:b8 RSSI=-44 "panlid-old"WPA_PSK
11-19 01:10:57.225  2915  2918 I teecd   : Got certificate buffer len 107!
11-19 01:10:57.225  2915  2918 I teecd   : Waiting for a connection...
11-19 01:10:57.302  2949  2949 E Thermal-daemon: [ap] temp_new :34  temp_old :32
11-19 01:10:57.302  2949  2949 E Thermal-daemon: Report temperature: [ap] temp :34  report_threshold:1
11-19 01:10:57.346  2915  2918 I teecd   : Connected. UID=1000, PID=3455
11-19 01:10:57.461  3966  3966 I NetworkSpeedManagerEx: mIsStop = false
11-19 01:10:57.463  3966  3966 I NetworkSpeedManagerEx:  value = 26.666666
11-19 01:10:57.464  3966  3966 I NetworkSpeedManagerEx: speed = 27B/s
11-19 01:10:57.464  3966  3966 I NetworkSpeedView: /update(), speed=27B/s
11-19 01:10:57.473  2915  2918 E tee_get_app_cert: cannot find package:system_server
11-19 01:10:57.473  2915  2918 E tee_get_app_cert: get certs for app failed
11-19 01:10:57.475  3966  3966 W View    : requestLayout() improperly called by com.android.systemui.statusbar.phone.IconMerger{e4cbfb3 V.E...... ......I. 0,0-216,72 #7f1000c3 app:id/notificationIcons} during layout: running second layout pass
11-19 01:10:57.497  2915  2918 I teecd   : Got certificate buffer len 107!
11-19 01:10:57.498  2915  2918 I teecd   : Waiting for a connection...
11-19 01:10:57.566 30868 30868 I HwSystemManager: HsmStat_info:service connect
11-19 01:10:57.782  3966  3966 W View    : requestLayout() improperly called by com.android.systemui.statusbar.phone.IconMerger{e4cbfb3 V.E...... ........ 0,0-216,72 #7f1000c3 app:id/notificationIcons} during second layout pass: posting in next frame
11-19 01:10:57.978  2914 11248 I [Gralloc]: alloc w[16] h[16] format[1] usage[256]
11-19 01:10:57.979  2914 11248 I [Gralloc]: alloc succ handle[0x55997468a0] stride[32]
11-19 01:10:57.981 31129 31142 E linker  : readlink('/proc/self/fd/21') failed: Permission denied [fd=21]
11-19 01:10:57.981 31129 31142 E linker  : warning: unable to get realpath for the library "/system/lib64/hw/gralloc.hi3635.so". Will use given name.
11-19 01:10:57.982 31129 31142 E linker  : readlink('/proc/self/fd/21') failed: Permission denied [fd=21]
11-19 01:10:57.982 31129 31142 E linker  : warning: unable to get realpath for the library "libion.so". Will use given name.
11-19 01:10:57.984 31129 31142 E HAL     : load: id=gralloc != hmi->id=gralloc
11-19 01:10:58.000 31129 31129 W System  : ClassLoader referenced unknown path: /system/app/CalendarProvider/lib/arm64
11-19 01:10:58.019  3455  3845 E WifiConfigStore: updateConfiguration freq=2417 BSSID=74:da:38:24:aa:b8 RSSI=-44 "panlid-old"WPA_PSK
11-19 01:10:58.021  3455  3900 I HuaweiWifiWatchdogStateMachine: spd good count:24.09, add sc:0.0, rate:0.6
11-19 01:10:58.021  3455  3900 I HuaweiWifiWatchdogStateMachine: current mHighDataFlowRate = 0.70000005
11-19 01:10:58.021  3455  3900 I HuaweiWifiWatchdogStateMachine: POta txb txg rxg:0, 18, 0. Lr =0% Totpkt=18
11-19 01:10:58.022  3455  3455 I WifiProJNI: ######### CMD_QUERY_PKTS ########
11-19 01:10:58.022  3455  3899 I QosMonitor: postEventFromNative: msg=100,arg1=0,arg2=9
11-19 01:10:58.022  3455  3899 W WifiProJNI: poll before: g_monitor_fd =157
11-19 01:10:58.022  3455  3455 I MQoS    : rtt=4610,tcp_tx_pkts=4494276,tcp_rx_pkts=6828349
11-19 01:10:58.024  3455  3900 I HuaweiWifiWatchdogStateMachine: PTcp RTT:4610, rtt pkt=16, tcp_rx=39, tcp_tx=29, tcp_reTran=1, rtRate=0.03
11-19 01:10:58.024  3455  3900 I HuaweiWifiWatchdogStateMachine: rt ota tcp rl bad: false, false, false, false; rsth:-75
11-19 01:10:58.025  3455  3900 I HuaweiWifiWatchdogStateMachine:  pkt chk not bad, ### mPktChkBadCnt and sc is 0.
11-19 01:10:58.025  3455  3455 I MQoS    : QOS_level:4(4),wifi-link;use signalLvl:4;RAT:3G-UMTS
11-19 01:10:58.054 31129 31129 I HwCust  : Constructor found for class android.app.HwCustAlarmManagerImpl
11-19 01:10:58.063  3455  4746 I AccountManagerService: getTypesVisibleToCaller: isPermitted? true
11-19 01:10:58.072  3455  3455 I TrafficMonitor: expired arrive. level:-1
11-19 01:10:58.072  3455  3455 I TrafficMonitor: during_ms:2002,period_ms:2000
11-19 01:10:58.072  3455  3455 I TrafficMonitor: count:958,rx_sum:1,tx_sum:1,rxBytes:28,during_ms:2002,rx_speed:13.986013986013987,tx_speed:25.974025974025977,rto:1.0
11-19 01:10:58.137 31098 31098 I PushLogSC2609: [main-1]action is android.intent.action.PACKAGE_REMOVED(remotecontrol/null:-1)
11-19 01:10:58.148 31098 31146 I PushLogSC2609: [Thread-49228-49228]framework push exist, use framework push first(remotecontrol/null:-1)
11-19 01:10:58.180  4718 18002 I PgedBinderListener: kstate callback type:8 value1=30814 value2=KILLED
11-19 01:10:58.230  2914  5968 I [Gralloc]: alloc w[16] h[16] format[1] usage[256]
11-19 01:10:58.231  2914  5968 I [Gralloc]: alloc succ handle[0x55996d6f00] stride[32]
11-19 01:10:58.232 31147 31161 E linker  : readlink('/proc/self/fd/21') failed: Permission denied [fd=21]
11-19 01:10:58.233 31147 31161 E linker  : warning: unable to get realpath for the library "/system/lib/hw/gralloc.hi3635.so". Will use given name.
11-19 01:10:58.236 31147 31161 E linker  : readlink('/proc/self/fd/22') failed: Permission denied [fd=22]
11-19 01:10:58.236 31147 31161 E linker  : warning: unable to get realpath for the library "libion.so". Will use given name.
11-19 01:10:58.238 31147 31161 E HAL     : load: id=gralloc != hmi->id=gralloc
11-19 01:10:58.252  3455  3839 E HsmCoreServiceImpl: onTransact in code is: 102
11-19 01:10:58.252  3455  3839 I MediaProcessHandler: processOp opType: 1, uid: 10004, pid: 30814
11-19 01:10:58.252  3455  3839 W MediaProcessHandler: remove target not exist, maybe the UI process: uid: 10004, pid: 30814
11-19 01:10:58.353 31147 31147 I LibV1.0.1-AccountMgr: begin check so
11-19 01:10:58.422  7429  7467 I Bluetooth: HeadsetStateMachine:Disconnected process message: 10, size: 0
11-19 01:10:58.423  4755  7752 I HwPowerMonitor.PowerExceptionObservable: unhandled onEvent actionID: 3002
11-19 01:10:58.423  4755  7752 W HwPowerMonitor.DayActObserver: mModemLogStatsTimes = 0, ModemLogState = 0
11-19 01:10:58.423  4755  7752 W HwPowerMonitor.DayActObserver: BAT_CHANGED, mIsScrnOffBatStatsEnabled = true, mIsCharging = true, mIsScrnOfBatDropMonitorStart = false
11-19 01:10:58.575 31147 31147 I LibV1.0.1-AccountMgr: end check so ok
11-19 01:10:58.762 31147 31147 I PushLogSC2609: [main-1]action is android.intent.action.PACKAGE_REMOVED(skytone/null:-1)
11-19 01:10:58.776 31147 31172 I PushLogSC2609: [Thread-21469-21469]framework push exist, use framework push first(skytone/null:-1)
11-19 01:10:58.793  2942 31134 I art     : Starting a blocking GC HeapTrim
11-19 01:10:58.847  2914 11248 I [Gralloc]: alloc w[16] h[16] format[1] usage[256]
11-19 01:10:58.847  2914 11248 I [Gralloc]: alloc succ handle[0x55996d6f00] stride[32]
11-19 01:10:58.849 31176 31188 E linker  : readlink('/proc/self/fd/21') failed: Permission denied [fd=21]
11-19 01:10:58.849 31176 31188 E linker  : warning: unable to get realpath for the library "/system/lib64/hw/gralloc.hi3635.so". Will use given name.
11-19 01:10:58.851 31176 31188 E linker  : readlink('/proc/self/fd/21') failed: Permission denied [fd=21]
11-19 01:10:58.851 31176 31188 E linker  : warning: unable to get realpath for the library "libion.so". Will use given name.
11-19 01:10:58.853 31176 31188 E HAL     : load: id=gralloc != hmi->id=gralloc
11-19 01:10:58.946 31176 31176 I PushLogSC2609: [main-1]action is android.intent.action.PACKAGE_REMOVED(ds/null:-1)
11-19 01:10:58.962 31176 31204 I PushLogSC2609: [Thread-49244-49244]framework push exist, use framework push first(ds/null:-1)
11-19 01:10:59.020  3455  3845 E WifiConfigStore: updateConfiguration freq=2417 BSSID=74:da:38:24:aa:b8 RSSI=-44 "panlid-old"WPA_PSK
11-19 01:10:59.029  2914  3013 I [Gralloc]: alloc w[16] h[16] format[1] usage[256]
11-19 01:10:59.029  2914  3013 I [Gralloc]: alloc succ handle[0x55996d6f00] stride[32]
11-19 01:10:59.039 31205 31225 E linker  : readlink('/proc/self/fd/21') failed: Permission denied [fd=21]
11-19 01:10:59.040 31205 31225 E linker  : warning: unable to get realpath for the library "/system/lib/hw/gralloc.hi3635.so". Will use given name.
11-19 01:10:59.042 31205 31225 E linker  : readlink('/proc/self/fd/21') failed: Permission denied [fd=21]
11-19 01:10:59.042 31205 31225 E linker  : warning: unable to get realpath for the library "libion.so". Will use given name.
11-19 01:10:59.044 31205 31225 E HAL     : load: id=gralloc != hmi->id=gralloc
11-19 01:10:59.076  3455  3455 I TrafficMonitor: update:rxPkts:0,txPkts:2,rxBytes:0,txBytes:104
11-19 01:10:59.076  3455  3455 I TrafficMonitor: start expired. level:-1
11-19 01:10:59.076  3455  3455 I TrafficMonitor: gettimer:interval=2000
11-19 01:10:59.078 31129 31129 I CalendarProvider2: Sending notification intent: Intent { act=android.intent.action.PROVIDER_CHANGED dat=content://com.android.calendar }
11-19 01:10:59.080 31129 31129 I SendBroadcastPermission: action:android.intent.action.PROVIDER_CHANGED, mPermissionType:0
11-19 01:10:59.085 31129 31129 W ContentResolver: Failed to get type for: content://com.android.calendar (Unknown URL content://com.android.calendar)
11-19 01:10:59.101  4718 16153 I PgedBinderListener: kstate callback type:8 value1=31007 value2=KILLED
11-19 01:10:59.130  4718 16978 I PgedBinderListener: kstate callback type:8 value1=31032 value2=KILLED
11-19 01:10:59.148 31205 31205 I LogAdaptor: createAppLog, file:/storage/emulated/0/Android/data/com.huawei.hwid/files/Log/HMSCore.log, module:HMSCore
11-19 01:10:59.171  3455  4347 E HsmCoreServiceImpl: onTransact in code is: 102
11-19 01:10:59.171  3455  4347 W MediaProcessHandler: processOp uid 1000 is not concerned!
11-19 01:10:59.173  3455  4744 E JavaBinder: !!! FAILED BINDER TRANSACTION !!!  (parcel size = 76)
11-19 01:10:59.178 27031 27031 I HwEmailTag: EmailApplication->onTrimMemory->end:level:80
11-19 01:10:59.178 27031 27031 I HwEmailTag: HwUtils->setTrimMemoryComplete->level:80
11-19 01:10:59.178 27031 27031 I HwEmailTag: HwUtils->setTrimMemoryComplete->level is TRIM_MEMORY_COMPLETE, set isTrimMemoryComplete to true;
11-19 01:10:59.178 27031 27031 I HwEmailTag: HwUtils->setIsTrimMemoryComplete->old value:true; new value:true
11-19 01:10:59.210  3455  4746 E HsmCoreServiceImpl: onTransact in code is: 102
11-19 01:10:59.210  3455  4746 I MediaProcessHandler: processOp opType: 1, uid: 10049, pid: 31032
11-19 01:10:59.210  3455  4746 W MediaProcessHandler: remove target not exist, maybe the UI process: uid: 10049, pid: 31032
11-19 01:10:59.213 31205 31205 I LogAdaptor: createAppLog, file:/storage/emulated/0/Android/data/com.huawei.hwid/files/Log/HMSCore.log, module:PushLog
11-19 01:10:59.235 31205 31205 E HwID_MainEntry: log has not init finished
11-19 01:10:59.246 31205 31205 E hwid    : log has not init finished
11-19 01:10:59.247 31205 31205 I LogAdaptor: createAppLog, file:/storage/emulated/0/Android/data/com.huawei.hwid/files/Log/HMSCore.log, module:HwID
11-19 01:10:59.251 31205 31205 I mainEntry: init sns hms.
11-19 01:10:59.273 31205 31248 E HwID.VersionUpdateHelper: [Thread-21486{21486}] old version is 1, current version is 1 (LogX.java:88)
11-19 01:10:59.297  3455  4676 I AccountManagerService: getTypesVisibleToCaller: isPermitted? true
11-19 01:10:59.298  3455  4766 I AccountManagerService: getTypesVisibleToCaller: isPermitted? true
11-19 01:10:59.302 31205 31205 I LogAdaptor: createAppLog, file:/storage/emulated/0/Android/data/com.huawei.hwid/files/Log/HMSCore.log, module:Pay
11-19 01:10:59.320 31205 31205 I PushLogSC2816_hwid: [main-1]action is android.intent.action.PACKAGE_REMOVED(hwid/null:-1)
11-19 01:10:59.323  3455  4088 I AccountManagerService: getTypesVisibleToCaller: isPermitted? true
11-19 01:10:59.323  3455  4622 I AccountManagerService: getTypesVisibleToCaller: isPermitted? true
11-19 01:10:59.329 31205 31254 I PushLogSC2816_hwid: [Thread-21487-21487]votedPackage from file:android(hwid/null:-1)
11-19 01:10:59.335 31205 31254 I PushLogSC2816_hwid: [Thread-21487-21487]framework push exist, use framework push first(hwid/null:-1)
11-19 01:10:59.346 31205 31254 I PushLogSC2816_hwid: [Thread-21487-21487]not box version!(hwid/null:-1)
11-19 01:10:59.357  4718  4731 I PgedBinderListener: kstate callback type:8 value1=31072 value2=KILLED
11-19 01:10:59.380  2912  2912 E lowmemorykiller: Error writing /proc/31072/oom_score_adj; errno=22
11-19 01:10:59.383  2914  5968 I [Gralloc]: alloc w[16] h[16] format[1] usage[256]
11-19 01:10:59.383  2914  5968 I [Gralloc]: alloc succ handle[0x55996d6f00] stride[32]
11-19 01:10:59.384 31255 31269 E linker  : readlink('/proc/self/fd/21') failed: Permission denied [fd=21]
11-19 01:10:59.384 31255 31269 E linker  : warning: unable to get realpath for the library "/system/lib64/hw/gralloc.hi3635.so". Will use given name.
11-19 01:10:59.385 31255 31269 E linker  : readlink('/proc/self/fd/21') failed: Permission denied [fd=21]
11-19 01:10:59.385 31255 31269 E linker  : warning: unable to get realpath for the library "libion.so". Will use given name.
11-19 01:10:59.386 31255 31269 E HAL     : load: id=gralloc != hmi->id=gralloc
11-19 01:10:59.432 31255 31255 I PushLogSC2705: [main-1]action is android.intent.action.PACKAGE_REMOVED(appmarket/null:-1)
11-19 01:10:59.466  2912  2912 E lowmemorykiller: Error writing /proc/31072/oom_score_adj; errno=22
11-19 01:10:59.470  2912  2912 E lowmemorykiller: Error writing /proc/31072/oom_score_adj; errno=22
11-19 01:10:59.471 31255 31286 I PushLogSC2705: [Thread-49250-49250]framework push exist, use framework push first(appmarket/null:-1)
11-19 01:10:59.507  3455  4766 E HsmCoreServiceImpl: onTransact in code is: 102
11-19 01:10:59.507  3455  4766 W MediaProcessHandler: processOp uid 1000 is not concerned!
11-19 01:10:59.510 27031 27031 I HwEmailTag: EmailApplication->onTrimMemory->end:level:80
11-19 01:10:59.510 27031 27031 I HwEmailTag: HwUtils->setTrimMemoryComplete->level:80
11-19 01:10:59.510 27031 27031 I HwEmailTag: HwUtils->setTrimMemoryComplete->level is TRIM_MEMORY_COMPLETE, set isTrimMemoryComplete to true;
11-19 01:10:59.510 27031 27031 I HwEmailTag: HwUtils->setIsTrimMemoryComplete->old value:true; new value:true
11-19 01:10:59.547  4718 18002 I PgedBinderListener: kstate callback type:8 value1=31098 value2=KILLED
11-19 01:10:59.553  2912  2912 E lowmemorykiller: Error writing /proc/31098/oom_score_adj; errno=22
11-19 01:10:59.555  2912  2912 E lowmemorykiller: Error writing /proc/31098/oom_score_adj; errno=22
11-19 01:10:59.559  2914  5968 I [Gralloc]: alloc w[16] h[16] format[1] usage[256]
11-19 01:10:59.559  2914  5968 I [Gralloc]: alloc succ handle[0x55996d6f00] stride[32]
11-19 01:10:59.560 31298 31314 E linker  : readlink('/proc/self/fd/21') failed: Permission denied [fd=21]
11-19 01:10:59.560 31298 31314 E linker  : warning: unable to get realpath for the library "/system/lib64/hw/gralloc.hi3635.so". Will use given name.
11-19 01:10:59.561 31298 31314 E linker  : readlink('/proc/self/fd/22') failed: Permission denied [fd=22]
11-19 01:10:59.561 31298 31314 E linker  : warning: unable to get realpath for the library "libion.so". Will use given name.
11-19 01:10:59.562 31298 31314 E HAL     : load: id=gralloc != hmi->id=gralloc
11-19 01:10:59.562 16721 17072 E NetworkScheduler.SR: Invalid parameter app
11-19 01:10:59.562 16721 17072 E NetworkScheduler.SR: Invalid package name : Perhaps you didn't include a PendingIntent in the extras?
11-19 01:10:59.616  4718  4741 I PgedBinderListener: kstate callback type:8 value1=30868 value2=KILLED
11-19 01:10:59.620  3455  4744 E HsmCoreServiceImpl: onTransact in code is: 102
11-19 01:10:59.620  3455  4744 I MediaProcessHandler: processOp opType: 1, uid: 10089, pid: 31098
11-19 01:10:59.620  3455  4744 W MediaProcessHandler: remove target not exist, maybe the UI process: uid: 10089, pid: 31098
11-19 01:10:59.709  3455  3464 I art     : Background partial concurrent mark sweep GC freed 78874(6MB) AllocSpace objects, 21(1328KB) LOS objects, 16% free, 62MB/74MB, paused 2.886ms total 259.020ms
11-19 01:10:59.751  3455  4622 E HsmCoreServiceImpl: onTransact in code is: 102
11-19 01:10:59.751  3455  4622 W MediaProcessHandler: processOp uid 1000 is not concerned!
11-19 01:10:59.914  2914  3013 I [Gralloc]: alloc w[16] h[16] format[1] usage[256]
11-19 01:10:59.915  2914  3013 I [Gralloc]: alloc succ handle[0x55996d6f00] stride[32]
11-19 01:10:59.915 31421 31444 E linker  : readlink('/proc/self/fd/21') failed: Permission denied [fd=21]
11-19 01:10:59.916 31421 31444 E linker  : warning: unable to get realpath for the library "/system/lib64/hw/gralloc.hi3635.so". Will use given name.
11-19 01:10:59.919 31421 31444 E linker  : readlink('/proc/self/fd/22') failed: Permission denied [fd=22]
11-19 01:10:59.919 31421 31444 E linker  : warning: unable to get realpath for the library "libion.so". Will use given name.
11-19 01:10:59.922 31421 31444 E HAL     : load: id=gralloc != hmi->id=gralloc
11-19 01:10:59.933 31421 31421 W System  : ClassLoader referenced unknown path: /system/priv-app/GoogleServicesFramework/lib/arm64
11-19 01:10:59.946 31421 31421 I GservicesProvider: Gservices pushing to system: true; secure/global: true
11-19 01:10:59.994 31421 31421 I GoogleHttpClient: GMS http client unavailable, use old client
11-19 01:11:00.002  3966  3966 I TimeManager: receiver action = android.intent.action.TIME_TICK
11-19 01:11:00.005  3455  3986 I AccountManagerService: getTypesVisibleToCaller: isPermitted? true
11-19 01:11:00.009 16315 16315 I HwLauncher: Model  onReceive intent=Intent { act=android.intent.action.TIME_TICK flg=0x50000014 (has extras) }
11-19 01:11:00.009 16315 16315 I HwLauncher: Model  onReceive user=UserHandle{0}
11-19 01:11:00.015  4718 16978 I PgedBinderListener: kstate callback type:8 value1=31129 value2=KILLED
11-19 01:11:00.022  3455  3845 E WifiConfigStore: updateConfiguration freq=2417 BSSID=74:da:38:24:aa:b8 RSSI=-44 "panlid-old"WPA_PSK
11-19 01:11:00.071 31298 31298 W linker  : /data/app/com.google.android.gms-2/lib/arm64/libgmscore.so: unused DT entry: type 0x7ffffffd arg 0x885
11-19 01:11:00.090 31298 31298 W linker  : /data/app/com.google.android.gms-2/lib/arm64/libconscrypt_gmscore_jni.so: unused DT entry: type 0x1d arg 0x80
11-19 01:11:00.090 31298 31298 W linker  : /data/app/com.google.android.gms-2/lib/arm64/libconscrypt_gmscore_jni.so: unused DT entry: type 0x7ffffffd arg 0x169
11-19 01:11:00.110  3455  4150 E HsmCoreServiceImpl: onTransact in code is: 102
11-19 01:11:00.111  3455  4150 I MediaProcessHandler: processOp opType: 1, uid: 10029, pid: 31129
11-19 01:11:00.111  3455  4150 W MediaProcessHandler: remove target not exist, maybe the UI process: uid: 10029, pid: 31129
11-19 01:11:00.122 31298 31298 I art     : Rejecting re-init on previously-failed class java.lang.Class<com.google.android.gms.org.conscrypt.OpenSSLExtendedSessionImpl>
11-19 01:11:00.122 31298 31298 I art     : Rejecting re-init on previously-failed class java.lang.Class<com.google.android.gms.org.conscrypt.OpenSSLExtendedSessionImpl>
11-19 01:11:00.161 31298 31298 I ProviderInstaller: Installed default security provider GmsCore_OpenSSL
11-19 01:11:00.219  3455  3845 E WifiConfigStore: updateConfiguration freq=2417 BSSID=74:da:38:24:aa:b8 RSSI=-44 "panlid-old"WPA_PSK
11-19 01:11:00.430  4718 18003 I PgedBinderListener: kstate callback type:8 value1=31176 value2=KILLED
11-19 01:11:00.431  4718  4731 I PgedBinderListener: kstate callback type:8 value1=31147 value2=KILLED
11-19 01:11:00.466  3966  3966 I NetworkSpeedManagerEx: mIsStop = false
11-19 01:11:00.467  3966  3966 I NetworkSpeedManagerEx:  value = 190.66667
11-19 01:11:00.468  3966  3966 I NetworkSpeedManagerEx: speed = 191B/s
11-19 01:11:00.468  3966  3966 I NetworkSpeedView: /update(), speed=191B/s
11-19 01:11:00.473  2912  2912 E lowmemorykiller: Error writing /proc/31176/oom_score_adj; errno=22
11-19 01:11:00.473  2912  2912 E lowmemorykiller: Error writing /proc/31147/oom_score_adj; errno=22
11-19 01:11:00.474  3966  3966 W View    : requestLayout() improperly called by com.android.systemui.statusbar.phone.IconMerger{e4cbfb3 V.E...... ......I. 0,0-216,72 #7f1000c3 app:id/notificationIcons} during layout: running second layout pass
11-19 01:11:00.474  3455  4696 E JavaBinder: !!! FAILED BINDER TRANSACTION !!!  (parcel size = 76)
11-19 01:11:00.523  2912  2912 E lowmemorykiller: Error writing /proc/31176/oom_score_adj; errno=22
11-19 01:11:00.524  3455  3839 E JavaBinder: !!! FAILED BINDER TRANSACTION !!!  (parcel size = 76)
11-19 01:11:00.529  2912  2912 E lowmemorykiller: Error writing /proc/31176/oom_score_adj; errno=22
11-19 01:11:00.529  2912  2912 E lowmemorykiller: Error writing /proc/31147/oom_score_adj; errno=22
11-19 01:11:00.534  3455  4622 E HsmCoreServiceImpl: onTransact in code is: 102
11-19 01:11:00.534  3455  4622 W MediaProcessHandler: processOp uid 1001 is not concerned!
11-19 01:11:00.551  3455  4347 E HsmCoreServiceImpl: onTransact in code is: 102
11-19 01:11:00.551  3455  4347 W MediaProcessHandler: processOp uid 1001 is not concerned!
11-19 01:11:00.577  2914  3011 I [Gralloc]: alloc w[16] h[16] format[1] usage[256]
11-19 01:11:00.578  2914  3011 I [Gralloc]: alloc succ handle[0x55996d6f00] stride[32]
11-19 01:11:00.580 31526 31538 E linker  : readlink('/proc/self/fd/21') failed: Permission denied [fd=21]
11-19 01:11:00.581 31526 31538 E linker  : warning: unable to get realpath for the library "/system/lib64/hw/gralloc.hi3635.so". Will use given name.
11-19 01:11:00.582 31526 31538 E linker  : readlink('/proc/self/fd/21') failed: Permission denied [fd=21]
11-19 01:11:00.582 31526 31538 E linker  : warning: unable to get realpath for the library "libion.so". Will use given name.
11-19 01:11:00.582 31526 31538 E HAL     : load: id=gralloc != hmi->id=gralloc
11-19 01:11:00.620 31298 31539 E Drive.UninstallOperation: Package still installed com.lunwing.radio
11-19 01:11:00.722  3455  3455 I MQoS    : onSignal: mSubId=0,currDataSubID=0
11-19 01:11:00.722  3455  3455 I MQoS    : received cell-signal:4
11-19 01:11:00.723  3455  4347 I SendBroadcastPermission: action:android.intent.action.SIG_STR, mPermissionType:0
11-19 01:11:00.728  3966  4038 I HwCustMobileSignalControllerImpl: subId:0 phoneType:1 networktype:3 targetClass:2 masterLevel:3 slaveLevel:-1
11-19 01:11:00.730 31298 31551 I HwCust  : Constructor found for class android.app.HwCustAlarmManagerImpl
11-19 01:11:00.815 31298 31560 I Icing   : Storage manager: low false usage 37.01MB avail 11.66GB capacity 24.70GB
11-19 01:11:01.027  3455  3845 E WifiConfigStore: updateConfiguration freq=2417 BSSID=74:da:38:24:aa:b8 RSSI=-44 "panlid-old"WPA_PSK
11-19 01:11:01.077  3455  3455 I TrafficMonitor: update:rxPkts:12,txPkts:12,rxBytes:1021,txBytes:907
11-19 01:11:01.078  3455  3455 I TrafficMonitor: start expired. level:-1
11-19 01:11:01.078  3455  3455 I TrafficMonitor: gettimer:interval=2000
11-19 01:11:01.332  4718 18002 I PgedBinderListener: kstate callback type:8 value1=31205 value2=KILLED
11-19 01:11:01.362  2912  2912 E lowmemorykiller: Error writing /proc/31205/oom_score_adj; errno=22
11-19 01:11:01.369  2912  2912 E lowmemorykiller: Error writing /proc/31205/oom_score_adj; errno=22
11-19 01:11:01.383  2912  2912 E lowmemorykiller: Error writing /proc/31205/oom_score_adj; errno=22
11-19 01:11:01.391  2912  2912 E lowmemorykiller: Error writing /proc/31205/oom_score_adj; errno=22
11-19 01:11:01.398 31298 31560 I Icing   : MaintenanceDriver: Registering all GCM Tasks.
11-19 01:11:01.401  2912  2912 E lowmemorykiller: Error writing /proc/31205/oom_score_adj; errno=22
11-19 01:11:01.406  2912  2912 E lowmemorykiller: Error writing /proc/31205/oom_score_adj; errno=22
11-19 01:11:01.434 31298 31560 W InstanceID/Rpc: Found 10007
11-19 01:11:01.439 31298 31560 I SendBroadcastPermission: action:com.google.android.gms.gcm.ACTION_SCHEDULE, mPermissionType:0
11-19 01:11:01.440  3455  4676 E HsmCoreServiceImpl: onTransact in code is: 102
11-19 01:11:01.440  3455  4676 I MediaProcessHandler: processOp opType: 1, uid: 10044, pid: 31205
11-19 01:11:01.441  3455  4676 W MediaProcessHandler: remove target not exist, maybe the UI process: uid: 10044, pid: 31205
11-19 01:11:01.475 31298 31560 I DynamiteModule: Considering local module com.google.android.gms.googlecertificates:2 and remote module com.google.android.gms.googlecertificates:2
11-19 01:11:01.475 31298 31560 I DynamiteModule: Selected remote version of com.google.android.gms.googlecertificates, version >= 2
11-19 01:11:01.591 31526 31526 I MemoryTrimmer: Trimming objects from memory, since app is in the background.
11-19 01:11:01.597 31526 31526 I MemoryTrimmer: Trimming objects from memory, since app is in the background.
11-19 01:11:01.676  3455  3465 I AccountManagerService: getTypesVisibleToCaller: isPermitted? true
11-19 01:11:01.747 31298 31560 I Icing   : updateResources: need to parse rtx{com.google.android.gms}
11-19 01:11:01.765  3455  3466 I AccountManagerService: getTypesVisibleToCaller: isPermitted? false
11-19 01:11:01.913  2914  3011 I [Gralloc]: alloc w[16] h[16] format[1] usage[256]
11-19 01:11:01.914  2914  3011 I [Gralloc]: alloc succ handle[0x55996d6f00] stride[32]
11-19 01:11:01.915 31580 31593 E linker  : readlink('/proc/self/fd/21') failed: Permission denied [fd=21]
11-19 01:11:01.915 31580 31593 E linker  : warning: unable to get realpath for the library "/system/lib64/hw/gralloc.hi3635.so". Will use given name.
11-19 01:11:01.917 31580 31593 E linker  : readlink('/proc/self/fd/21') failed: Permission denied [fd=21]
11-19 01:11:01.917 31580 31593 E linker  : warning: unable to get realpath for the library "libion.so". Will use given name.
11-19 01:11:01.918 31580 31593 E HAL     : load: id=gralloc != hmi->id=gralloc
11-19 01:11:01.924 30952 30952 W cr_BindingManager: Cannot call determinedVisibility() - never saw a connection for the pid: 30952
11-19 01:11:01.975 31580 31580 W System  : ClassLoader referenced unknown path: /data/app/com.android.vending-1/lib/arm64
11-19 01:11:02.025  3455  3845 E WifiConfigStore: updateConfiguration freq=2417 BSSID=74:da:38:24:aa:b8 RSSI=-44 "panlid-old"WPA_PSK
11-19 01:11:02.067 31526 31575 I SendBroadcastPermission: action:com.google.android.googlequicksearchbox.ALWAYS_ON_DSP_INTERACTOR_FLAG_CHANGED, mPermissionType:0
11-19 01:11:02.110 31298 31560 I Icing   : Internal init done: storage state 0
11-19 01:11:02.142 31298 31560 I Icing   : Post-init done
11-19 01:11:02.201  3455  3984 I AccountManagerService: getTypesVisibleToCaller: isPermitted? true
11-19 01:11:02.296 30952 30952 I chromium: [INFO:CONSOLE(137)] "About to load streaminfo.js", source: file:///android_asset/www/js/index.js (137)
11-19 01:11:02.296 30952 30952 I chromium: [INFO:CONSOLE(142)] "streaminfo.js script has been appended", source: file:///android_asset/www/js/index.js (142)
11-19 01:11:02.304  2949  2949 E Thermal-daemon: [charger_ic] temp_new :32  temp_old :31
11-19 01:11:02.304  2949  2949 E Thermal-daemon: Report temperature: [charger_ic] temp :32  report_threshold:1
11-19 01:11:02.385  4718 16153 I PgedBinderListener: kstate callback type:8 value1=31255 value2=KILLED
11-19 01:11:02.471  3455  4578 E HsmCoreServiceImpl: onTransact in code is: 102
11-19 01:11:02.471  3455  4578 I MediaProcessHandler: processOp opType: 1, uid: 10014, pid: 31255
11-19 01:11:02.471  3455  4578 W MediaProcessHandler: remove target not exist, maybe the UI process: uid: 10014, pid: 31255
11-19 01:11:02.509  3455  3466 W System.err: java.lang.SecurityException: WifiService: Neither user 10110 nor current process has android.permission.CHANGE_WIFI_STATE.
11-19 01:11:02.525  3455  3466 W System.err: 	at android.app.ContextImpl.enforce(ContextImpl.java:1595)
11-19 01:11:02.525  3455  3466 W System.err: 	at android.app.ContextImpl.enforceCallingOrSelfPermission(ContextImpl.java:1627)
11-19 01:11:02.525  3455  3466 W System.err: 	at com.android.server.wifi.WifiServiceImpl.enforceChangePermission(WifiServiceImpl.java:671)
11-19 01:11:02.525  3455  3466 W System.err: 	at com.android.server.wifi.WifiServiceImpl.getWifiServiceMessenger(WifiServiceImpl.java:1838)
11-19 01:11:02.525  3455  3466 W System.err: 	at android.net.wifi.IWifiManager$Stub.onTransact(IWifiManager.java:558)
11-19 01:11:02.525  3455  3466 W System.err: 	at com.android.server.wifi.HwWifiService.onTransact(HwWifiService.java:267)
11-19 01:11:02.525  3455  3466 W System.err: 	at android.os.Binder.execTransact(Binder.java:453)
11-19 01:11:02.526 31580 31580 E WifiManager: WifiServiceMessenger == null
11-19 01:11:02.575 30952 30952 I chromium: [INFO:CONSOLE(22)] "[object Object]", source: file:///android_asset/www/js/index.js (22)
11-19 01:11:02.580 30952 30952 W StatusBar: Method window.setStatusBarColor not found for SDK level 23
11-19 01:11:02.580 30952 30952 W StatusBar: java.lang.NoSuchMethodException: setStatusBarColor [int]
11-19 01:11:02.580 30952 30952 W StatusBar: 	at java.lang.Class.getMethod(Class.java:624)
11-19 01:11:02.580 30952 30952 W StatusBar: 	at java.lang.Class.getDeclaredMethod(Class.java:586)
11-19 01:11:02.580 30952 30952 W StatusBar: 	at org.apache.cordova.statusbar.StatusBar.setStatusBarBackgroundColor(StatusBar.java:157)
11-19 01:11:02.580 30952 30952 W StatusBar: 	at org.apache.cordova.statusbar.StatusBar.access$100(StatusBar.java:38)
11-19 01:11:02.580 30952 30952 W StatusBar: 	at org.apache.cordova.statusbar.StatusBar$4.run(StatusBar.java:136)
11-19 01:11:02.580 30952 30952 W StatusBar: 	at android.os.Handler.handleCallback(Handler.java:743)
11-19 01:11:02.580 30952 30952 W StatusBar: 	at android.os.Handler.dispatchMessage(Handler.java:95)
11-19 01:11:02.580 30952 30952 W StatusBar: 	at android.os.Looper.loop(Looper.java:150)
11-19 01:11:02.580 30952 30952 W StatusBar: 	at android.app.ActivityThread.main(ActivityThread.java:5546)
11-19 01:11:02.580 30952 30952 W StatusBar: 	at java.lang.reflect.Method.invoke(Native Method)
11-19 01:11:02.580 30952 30952 W StatusBar: 	at com.android.internal.os.ZygoteInit$MethodAndArgsCaller.run(ZygoteInit.java:794)
11-19 01:11:02.580 30952 30952 W StatusBar: 	at com.android.internal.os.ZygoteInit.main(ZygoteInit.java:684)
11-19 01:11:02.599 31580 31580 E PlayCommon: [1] com.google.android.play.a.e.<init>(72): Failed to restore PlayMetalog: java.io.FileNotFoundException: /data/user/0/com.android.vending/cache/logs/com.google.cantonwing%40gmail.com.metalog/play_metalog.log: open failed: ENOENT (No such file or directory)
11-19 01:11:02.601 31580 31580 E PlayCommon: [1] com.google.android.play.a.e.<init>(80): Failed to restore LogsUploadAttempt: java.io.FileNotFoundException: /data/user/0/com.android.vending/cache/logs/com.google.cantonwing%40gmail.com.metalog/logs_upload_attempt.log: open failed: ENOENT (No such file or directory)
11-19 01:11:02.626 31580 31580 I Finsky  : [1] com.google.android.finsky.services.DailyHygiene.a(238): No need to run daily hygiene.
11-19 01:11:02.641  3455  4578 I AccountManagerService: getTypesVisibleToCaller: isPermitted? true
11-19 01:11:02.654 31580 31580 W Settings: Setting download_manager_max_bytes_over_mobile has moved from android.provider.Settings.Secure to android.provider.Settings.Global.
11-19 01:11:02.656 31580 31580 W Settings: Setting download_manager_recommended_max_bytes_over_mobile has moved from android.provider.Settings.Secure to android.provider.Settings.Global.
11-19 01:11:02.707 31580 31580 I Finsky  : [1] com.google.android.finsky.utils.bm.a(175): Enabling bucket experiment: factor=2.000, zeroDelta=0ms, forceNetwork=false
11-19 01:11:02.709  3455  3984 I AccountManagerService: getTypesVisibleToCaller: isPermitted? true
11-19 01:11:02.711  3455  4696 I AccountManagerService: getTypesVisibleToCaller: isPermitted? true
11-19 01:11:02.740 31580 31580 I Finsky  : [1] com.google.android.finsky.utils.dk.onTrimMemory(17): Memory trim requested to level 5
11-19 01:11:02.745 31580 31580 I HwCust  : Constructor found for class android.app.HwCustAlarmManagerImpl
11-19 01:11:02.802 31580 31580 I Finsky  : [1] com.google.android.finsky.utils.dk.onTrimMemory(17): Memory trim requested to level 10
11-19 01:11:02.810 31580 31580 I Finsky  : [1] com.google.android.finsky.installer.z.a(1287): Installer kick - no action, not running yet
11-19 01:11:02.813  3455  4744 I AccountManagerService: getTypesVisibleToCaller: isPermitted? true
11-19 01:11:02.847  2914  3011 I [Gralloc]: alloc w[16] h[16] format[1] usage[256]
11-19 01:11:02.847  2914  3011 I [Gralloc]: alloc succ handle[0x55996d6f00] stride[32]
11-19 01:11:02.849 31637 31650 E linker  : readlink('/proc/self/fd/21') failed: Permission denied [fd=21]
11-19 01:11:02.849 31637 31650 E linker  : warning: unable to get realpath for the library "/system/lib/hw/gralloc.hi3635.so". Will use given name.
11-19 01:11:02.850 31580 31580 I Finsky  : [1] com.google.android.finsky.l.j.run(206): Loaded library for account: [coLrx59RjdQGIZMiSF7XY44dGlo]
11-19 01:11:02.851 31637 31650 E linker  : readlink('/proc/self/fd/21') failed: Permission denied [fd=21]
11-19 01:11:02.851 31637 31650 E linker  : warning: unable to get realpath for the library "libion.so". Will use given name.
11-19 01:11:02.851 31580 31580 I Finsky  : [1] com.google.android.finsky.l.j.run(212): Finished loading 1 libraries.
11-19 01:11:02.852 31637 31650 E HAL     : load: id=gralloc != hmi->id=gralloc
11-19 01:11:02.855 31580 31580 I Finsky  : [1] com.google.android.finsky.utils.dk.onTrimMemory(17): Memory trim requested to level 80
11-19 01:11:02.869 16721 16721 I WearableService: Wear is not allowed to run on this device. Not starting Wear service.
11-19 01:11:02.881 31580 31580 I Finsky  : [1] com.google.android.finsky.c.l.a(250): result=false type=4
11-19 01:11:02.883  4718 18003 I PgedBinderListener: kstate callback type:8 value1=31526 value2=KILLED
11-19 01:11:02.890  3455  4784 I AccountManagerService: getTypesVisibleToCaller: isPermitted? true
11-19 01:11:02.904  3455  3986 I AccountManagerService: getTypesVisibleToCaller: isPermitted? true
11-19 01:11:02.922 31580 31580 I Finsky  : [1] com.google.android.finsky.services.bd.a(1069): Restore complete with 0 success and 0 failed.
11-19 01:11:02.933 31580 31580 E Finsky  : [1] com.google.android.finsky.wear.bp.a(843): onConnectionFailed: ConnectionResult{statusCode=API_UNAVAILABLE, resolution=null, message=null}
11-19 01:11:02.934 31580 31580 I Finsky  : [1] com.google.android.finsky.wear.an.run(2399): Dropping command=send_installed_apps due to Gms not connected
11-19 01:11:02.937 31637 31637 I MultiDex: VM with version 2.1.0 has multidex support
11-19 01:11:02.937 31637 31637 I MultiDex: install
11-19 01:11:02.937 31637 31637 I MultiDex: VM has multidex support, MultiDex support library is disabled.
11-19 01:11:02.963 31637 31637 I UpgradeManager: Upgrade: oldversion=197
11-19 01:11:02.982  3455  4150 E HsmCoreServiceImpl: onTransact in code is: 102
11-19 01:11:02.982  3455  4150 I MediaProcessHandler: processOp opType: 1, uid: 10127, pid: 31526
11-19 01:11:02.982  3455  4150 W MediaProcessHandler: remove target not exist, maybe the UI process: uid: 10127, pid: 31526
11-19 01:11:03.004 31580 31580 I Finsky  : [1] com.google.android.finsky.utils.dk.onTrimMemory(17): Memory trim requested to level 10
11-19 01:11:03.027  3455  3845 E WifiConfigStore: updateConfiguration freq=2417 BSSID=74:da:38:24:aa:b8 RSSI=-45 "panlid-old"WPA_PSK
11-19 01:11:03.078  3455  3455 I TrafficMonitor: update:rxPkts:16,txPkts:20,rxBytes:6496,txBytes:1688
11-19 01:11:03.078  3455  3455 I TrafficMonitor: start expired. level:-1
11-19 01:11:03.078  3455  3455 I TrafficMonitor: gettimer:interval=2000
11-19 01:11:03.104  3455  3477 I Bluetooth_framework: BluetoothManagerService:Message: 20
11-19 01:11:03.104  3455  3477 I Bluetooth_framework: BluetoothManagerService:Added callback: android.bluetooth.IBluetoothManagerCallback$Stub$Proxy@762a57b:true pid = 31637
11-19 01:11:03.227  3455  3845 E WifiConfigStore: updateConfiguration freq=2417 BSSID=74:da:38:24:aa:b8 RSSI=-46 "panlid-old"WPA_PSK
11-19 01:11:03.366 31637 31637 I HwCust  : Constructor found for class android.app.HwCustAlarmManagerImpl
11-19 01:11:03.422 31637 31637 I SendBroadcastPermission: action:com.zdworks.android.zdcalendar.action.DATE_CHANGED, mPermissionType:0
11-19 01:11:03.470  3966  3966 I NetworkSpeedManagerEx: mIsStop = false
11-19 01:11:03.475  3966  3966 I NetworkSpeedManagerEx:  value = 16556.334
11-19 01:11:03.476  3966  3966 I NetworkSpeedManagerEx: speed = 16.2K/s
11-19 01:11:03.476  3966  3966 I NetworkSpeedView: /update(), speed=16.2K/s
11-19 01:11:03.488  3966  3966 W View    : requestLayout() improperly called by com.android.systemui.statusbar.phone.IconMerger{e4cbfb3 V.E...... ......I. 0,0-216,72 #7f1000c3 app:id/notificationIcons} during layout: running second layout pass
11-19 01:11:03.490  3966  3966 W View    : requestLayout() improperly called by com.android.systemui.statusbar.phone.IconMerger{e4cbfb3 V.E...... ........ 0,0-216,72 #7f1000c3 app:id/notificationIcons} during second layout pass: posting in next frame
11-19 01:11:03.504  3966  3966 W View    : requestLayout() improperly called by com.android.systemui.statusbar.phone.IconMerger{e4cbfb3 V.E...... ......I. 0,0-216,72 #7f1000c3 app:id/notificationIcons} during second layout pass: posting in next frame
11-19 01:11:03.514  3110  3441 I AudioFlinger: acquireWakeLock_l() AudioOut_6 mType: 0 status 0
11-19 01:11:03.515  3110  3441 I AudioFlinger: updateWakeLockUids_l() AudioOut_6 mType: 0 status 0
11-19 01:11:03.561  3110  3110 I APM::AudioPolicyManager: startOutput() output 6, stream 3, session 10948
11-19 01:11:03.562  3110  3110 I APM::AudioPolicyManager: getNewOutputDevice() selected device 2
11-19 01:11:03.562  3110  3110 I APM::AudioPolicyManager: setOutputDevice() device 0x0002 delayMs 0
11-19 01:11:03.562  3110  3110 I APM::AudioPolicyManager: setOutputDevice() prevDevice 0x0002
11-19 01:11:03.562  3110  3110 I APM::AudioPolicyManager: setOutputDevice() changing to device 0x0002 , muteWaitMs 0
11-19 01:11:03.566  3110  3441 I audio_hw_primary: check_device_change return 1
11-19 01:11:03.566  3110  3110 I APM::AudioPolicyManager: checkAndSetVolume: index 3 device 0x2
11-19 01:11:03.566  3110  3110 I APM::AudioPolicyManager: checkAndSetVolume: index 0 device 0x2
11-19 01:11:03.566  3110  3110 I APM::AudioPolicyManager: checkAndSetVolume: index 0 device 0x2
11-19 01:11:03.566  3110  3110 I APM::AudioPolicyManager: checkAndSetVolume: index 12 device 0x2
11-19 01:11:03.566  3110  3110 I APM::AudioPolicyManager: checkAndSetVolume: index 6 device 0x2
11-19 01:11:03.566  3110  3110 I APM::AudioPolicyManager: checkAndSetVolume: index 0 device 0x2
11-19 01:11:03.566  3110  3110 I APM::AudioPolicyManager: checkAndSetVolume: index 15 device 0x2
11-19 01:11:03.566  3110  3110 I APM::AudioPolicyManager: checkAndSetVolume: index 7 device 0x2
11-19 01:11:03.566  3110  3110 I APM::AudioPolicyManager: checkAndSetVolume: index 0 device 0x2
11-19 01:11:03.566  3110  3110 I APM::AudioPolicyManager: checkAndSetVolume: index 0 device 0x2
11-19 01:11:03.566  3110  3110 I APM::AudioPolicyManager: checkAndSetVolume: index 12 device 0x2
11-19 01:11:03.566  3110  3110 I APM::AudioPolicyManager: checkAndSetVolume: index 1 device 0x2
11-19 01:11:03.566  3110  3110 I APM::AudioPolicyManager: checkAndSetVolume: index 12 device 0x2
11-19 01:11:03.576  3110  3441 I AudioFlinger: updateWakeLockUids_l() AudioOut_6 mType: 0 status 0
11-19 01:11:03.581  3110  3441 I audio_hw_primary: start_output_stream++: out_type = 0, out_device = 0
11-19 01:11:03.583  3110  3441 I audio_hw_primary: select_devices++ mode[0]
11-19 01:11:03.583  3110  3441 I audio_hw_primary: output_device_id is 2, output_route is media-speaker;input_source_id is 0, input_route is null.
11-19 01:11:03.584  3110  3441 I dsp_common: dsp_common_control_algo:set device = 2
11-19 01:11:03.584  3110  3441 I dsp_maxim_ctl: get_smartpa_sence:device = 0x2
11-19 01:11:03.588  3110  3441 I audio_route: route change MIXERR S1R MUX SWITCH value[0] 1
11-19 01:11:03.589  3110  3441 I audio_route: route change MIXERL S1L MUX SWITCH value[0] 1
11-19 01:11:03.590  3110  3441 I audio_route: route change M1R MUX value 3
11-19 01:11:03.590  3110  3441 I audio_route: route change M1L MUX value 3
11-19 01:11:03.609  3110  3441 I audio_pop: pop change S4 OL SWITCH SWITCH dir 1
11-19 01:11:03.610  3110  3441 I audio_pop: pop change S4 OR SWITCH SWITCH dir 1
11-19 01:11:03.610  3110  3441 I audio_pop: pop change SP IL SWITCH SWITCH dir 1
11-19 01:11:03.610  3110  3441 I audio_pop: pop change SP IR SWITCH SWITCH dir 1
11-19 01:11:03.610  3110  3441 I dsp_common: dsp_common_control_algo:set device = 2
11-19 01:11:03.610  3110  3441 I dsp_maxim_ctl: get_smartpa_sence:device = 0x2
11-19 01:11:03.610  3110  3441 I dsp_maxim_ctl: maxim_param_set cur_sence=0,sence=0
11-19 01:11:03.616  3110  3441 I dsp_maxim_ctl: smartpa_control success with value:1
11-19 01:11:03.619  3110  3441 I MAX98925_SPK: MAX98925 SPK POWER ON
11-19 01:11:03.619  3110  3441 I audio_hw_primary: select_devices--
11-19 01:11:03.619  3110  3441 I audio_hw_primary: start_output_stream--
11-19 01:11:03.683 30952 31681 I         : counter >= 5, send pause/stop state to pg, counter: 0
11-19 01:11:03.685  4718  5511 I PhoneStateManager: wilhelm stop, pid: 30952
11-19 01:11:03.709 31683 31683 I dex2oat : /system/bin/dex2oat --dex-file=/data/user/0/com.zdworks.android.zdcalendar/cache/.到ꫦᴩ --oat-file=/data/user/0/com.zdworks.android.zdcalendar/cache/.뇌谅샶
11-19 01:11:03.823 31683 31692 I dex2oat : Skipping compilation of java.lang.String com.upalytics.sdk.ˎ$ᐧ.ᐠ(short, short, int): it contains a non natural loop
11-19 01:11:03.831 31683 31683 I dex2oat : dex2oat took 130.634ms (threads: 4) 
11-19 01:11:03.902 31695 31695 I dex2oat : /system/bin/dex2oat --dex-file=/data/user/0/com.zdworks.android.zdcalendar/cache/.到ꫦᴩ --oat-file=/data/user/0/com.zdworks.android.zdcalendar/cache/.뇌谅샶
11-19 01:11:03.930 31695 31697 I dex2oat : Skipping compilation of java.lang.String com.upalytics.sdk.coN.ˊ(short, int, short): it contains a non natural loop
11-19 01:11:03.931 31695 31699 I dex2oat : Skipping compilation of java.lang.String com.upalytics.sdk.Con.ˊ(int, int, int): it contains a non natural loop
11-19 01:11:03.936 31695 31698 I dex2oat : Skipping compilation of java.lang.String com.upalytics.sdk.ʾ.ˊ(short, byte, int): it contains a non natural loop
11-19 01:11:03.941 31695 31695 I dex2oat : Skipping compilation of java.lang.String com.upalytics.sdk.ʽ.ˊ(byte, int, short): it contains a non natural loop
11-19 01:11:03.944 31695 31698 I dex2oat : Skipping compilation of java.lang.String com.upalytics.sdk.ˍ.ˊ(int, int, byte): it contains a non natural loop
11-19 01:11:03.947 31695 31697 I dex2oat : Skipping compilation of java.lang.String com.upalytics.sdk.ˎ.ˊ(short, byte, short): it contains a non natural loop
11-19 01:11:03.973 31695 31695 I dex2oat : dex2oat took 72.299ms (threads: 4) 
11-19 01:11:04.028  3455  3845 E WifiConfigStore: updateConfiguration freq=2417 BSSID=74:da:38:24:aa:b8 RSSI=-46 "panlid-old"WPA_PSK
11-19 01:11:04.076  3455  3455 I TrafficMonitor: expired arrive. level:-1
11-19 01:11:04.077  3455  3455 I TrafficMonitor: during_ms:2001,period_ms:2000
11-19 01:11:04.077  3455  3455 I TrafficMonitor: count:961,rx_sum:16,tx_sum:20,rxBytes:6496,during_ms:2001,rx_speed:3246.376811594203,tx_speed:843.5782108945527,rto:0.8
11-19 01:11:04.145 31637 31637 W FlurryAgent: 'init' method is deprecated.
11-19 01:11:04.145 31637 31637 I SupportLife: is Support true
11-19 01:11:04.173 31637 31703 E GooglePlayServicesUtil: The Google Play services resources were not found. Check your project configuration to ensure that the resources are included.
11-19 01:11:04.191  3455  3822 W AlarmManager: WAKEUP alarm trigger action = AnalyticsService_wakeup elapsed = -1478589466997
11-19 01:11:04.191 31637 31703 E GooglePlayServicesUtil: The Google Play services resources were not found. Check your project configuration to ensure that the resources are included.
11-19 01:11:04.206 31637 31703 E FlurryAgent: GOOGLE PLAY SERVICES ERROR: null
11-19 01:11:04.206 31637 31703 E FlurryAgent: There is a problem with the Google Play Services library, which is required for Android Advertising ID support. The Google Play Services library should be integrated in any app shipping in the Play Store that uses analytics or advertising.
11-19 01:11:04.260  4718  4718 I PGUtils : im apps = [com.google.android.talk, com.tencent.mm, com.facebook.katana, com.alibaba.mobileim, com.taobao.qianniu, com.jd.im.seller, jd.dd.seller, com.facebook.orca, com.immomo.momo, com.eg.android.AlipayGphone, com.tencent.mm, com.tencent.mobileqq]
11-19 01:11:04.274  2914  3875 I [Gralloc]: alloc w[16] h[16] format[1] usage[256]
11-19 01:11:04.274  2914  3875 I [Gralloc]: alloc succ handle[0x55996d6f00] stride[32]
11-19 01:11:04.276 31705 31719 E linker  : readlink('/proc/self/fd/21') failed: Permission denied [fd=21]
11-19 01:11:04.276 31705 31719 E linker  : warning: unable to get realpath for the library "/system/lib64/hw/gralloc.hi3635.so". Will use given name.
11-19 01:11:04.277 31705 31719 E linker  : readlink('/proc/self/fd/21') failed: Permission denied [fd=21]
11-19 01:11:04.277 31705 31719 E linker  : warning: unable to get realpath for the library "libion.so". Will use given name.
11-19 01:11:04.279 31705 31719 E HAL     : load: id=gralloc != hmi->id=gralloc
11-19 01:11:04.296  4718  4718 I ash     : AppStaticDB change !
11-19 01:11:04.442 31637 31637 I upalytics: ـ.<init>, Upalytics - API KEY is valid.
11-19 01:11:04.649  2914 11248 I [Gralloc]: alloc w[16] h[16] format[1] usage[256]
11-19 01:11:04.649  2914 11248 I [Gralloc]: alloc succ handle[0x55996d6f00] stride[32]
11-19 01:11:04.651 31764 31780 E linker  : readlink('/proc/self/fd/21') failed: Permission denied [fd=21]
11-19 01:11:04.651 31764 31780 E linker  : warning: unable to get realpath for the library "/system/lib64/hw/gralloc.hi3635.so". Will use given name.
