11-19 01:10:16.023  3455  3455 I TrafficMonitor: count:937,rx_sum:13,tx_sum:8,rxBytes:8008,during_ms:2004,rx_speed:3996.0079840319363,tx_speed:207.58483033932134,rto:1.625
11-19 01:10:16.546 22037 22408 I System.out: [sh]
11-19 01:10:16.546 22037 22408 I System.out: null
11-19 01:10:16.546 22037 22408 I System.out: null
11-19 01:10:16.547 22037 22408 I System.out: Calling by::className:com.upalytics.sdk.ShUtility  MethodName:ˊ
11-19 01:10:16.760 22037 22408 I System.out: [cat, /proc/4767/oom_score_adj]
11-19 01:10:16.760 22037 22408 I System.out: null
11-19 01:10:16.760 22037 22408 I System.out: null
11-19 01:10:16.761 22037 22408 I System.out: Calling by::className:com.upalytics.sdk.Con  MethodName:ˊ
11-19 01:10:16.956  3455  3845 E WifiConfigStore: updateConfiguration freq=2417 BSSID=74:da:38:24:aa:b8 RSSI=-45 "panlid-old"WPA_PSK
11-19 01:10:17.033  3455  3455 I TrafficMonitor: update:rxPkts:15,txPkts:14,rxBytes:9240,txBytes:800
11-19 01:10:17.033  3455  3455 I TrafficMonitor: start expired. level:-1
11-19 01:10:17.033  3455  3455 I TrafficMonitor: gettimer:interval=2000
11-19 01:10:17.963  3455  3845 E WifiConfigStore: updateConfiguration freq=2417 BSSID=74:da:38:24:aa:b8 RSSI=-45 "panlid-old"WPA_PSK
11-19 01:10:17.971  3455  3900 I HuaweiWifiWatchdogStateMachine: spd good count:24.09, add sc:0.0, rate:0.6
11-19 01:10:17.973  3455  3900 I HuaweiWifiWatchdogStateMachine: current mHighDataFlowRate = 0.6
11-19 01:10:17.973  3455  3900 I HuaweiWifiWatchdogStateMachine: POta txb txg rxg:0, 31, 0. Lr =0% Totpkt=31
11-19 01:10:17.974  3455  3455 I WifiProJNI: ######### CMD_QUERY_PKTS ########
11-19 01:10:17.975  3455  3899 I QosMonitor: postEventFromNative: msg=100,arg1=0,arg2=9
11-19 01:10:17.975  3455  3899 W WifiProJNI: poll before: g_monitor_fd =157
11-19 01:10:17.975  3455  3455 I MQoS    : rtt=440,tcp_tx_pkts=4494054,tcp_rx_pkts=6828042
11-19 01:10:17.977  3455  3900 I HuaweiWifiWatchdogStateMachine: PTcp RTT:0, rtt pkt=0, tcp_rx=58, tcp_tx=44, tcp_reTran=4, rtRate=0.09
11-19 01:10:17.977  3455  3900 I HuaweiWifiWatchdogStateMachine: rt ota tcp rl bad: false, false, false, false; rsth:-75
11-19 01:10:17.978  3455  3900 I HuaweiWifiWatchdogStateMachine:  pkt chk not bad, ### mPktChkBadCnt and sc is 0.
11-19 01:10:17.983  3455  3455 I MQoS    : QOS_level:4(4),wifi-link;use signalLvl:4;RAT:3G-UMTS
11-19 01:10:18.055  3455  3845 E WifiConfigStore: updateConfiguration freq=2417 BSSID=74:da:38:24:aa:b8 RSSI=-45 "panlid-old"WPA_PSK
11-19 01:10:18.356  3966  3966 I NetworkSpeedManagerEx: mIsStop = false
11-19 01:10:18.357  3966  3966 I NetworkSpeedManagerEx:  value = 5110.6665
11-19 01:10:18.358  3966  3966 I NetworkSpeedManagerEx: speed = 5K/s
11-19 01:10:18.358  3966  3966 I NetworkSpeedView: /update(), speed=5K/s
11-19 01:10:18.377  3966  3966 W View    : requestLayout() improperly called by com.android.systemui.statusbar.phone.IconMerger{e4cbfb3 V.E...... ......I. 0,0-216,72 #7f1000c3 app:id/notificationIcons} during layout: running second layout pass
11-19 01:10:18.902  3455  3455 I MQoS    : onSignal: mSubId=0,currDataSubID=0
11-19 01:10:18.903  3455  3455 I MQoS    : received cell-signal:4
11-19 01:10:18.905  3455  3839 I SendBroadcastPermission: action:android.intent.action.SIG_STR, mPermissionType:0
11-19 01:10:18.922  3966  4038 I HwCustMobileSignalControllerImpl: subId:0 phoneType:1 networktype:3 targetClass:2 masterLevel:3 slaveLevel:-1
11-19 01:10:18.948  3966  3966 W View    : requestLayout() improperly called by com.android.systemui.statusbar.phone.IconMerger{e4cbfb3 V.E...... ........ 0,0-216,72 #7f1000c3 app:id/notificationIcons} during second layout pass: posting in next frame
11-19 01:10:18.963  3455  3845 E WifiConfigStore: updateConfiguration freq=2417 BSSID=74:da:38:24:aa:b8 RSSI=-45 "panlid-old"WPA_PSK
11-19 01:10:19.035  3455  3455 I TrafficMonitor: update:rxPkts:15,txPkts:13,rxBytes:9240,txBytes:738
11-19 01:10:19.035  3455  3455 I TrafficMonitor: start expired. level:-1
11-19 01:10:19.035  3455  3455 I TrafficMonitor: gettimer:interval=2000
11-19 01:10:19.189  3455  3892 E HwCHRWebMonitor: getFileResult throw exceptionjava.io.FileNotFoundException: proc/net/wifi_network_stat: open failed: ENOENT (No such file or directory)
11-19 01:10:19.966  3455  3845 E WifiConfigStore: updateConfiguration freq=2417 BSSID=74:da:38:24:aa:b8 RSSI=-45 "panlid-old"WPA_PSK
11-19 01:10:20.959  3455  3845 E WifiConfigStore: updateConfiguration freq=2417 BSSID=74:da:38:24:aa:b8 RSSI=-45 "panlid-old"WPA_PSK
11-19 01:10:21.037  3455  3455 I TrafficMonitor: update:rxPkts:13,txPkts:8,rxBytes:8008,txBytes:416
11-19 01:10:21.038  3455  3455 I TrafficMonitor: start expired. level:-1
11-19 01:10:21.038  3455  3455 I TrafficMonitor: gettimer:interval=2000
11-19 01:10:21.066  3455  3845 E WifiConfigStore: updateConfiguration freq=2417 BSSID=74:da:38:24:aa:b8 RSSI=-45 "panlid-old"WPA_PSK
11-19 01:10:21.362  3966  3966 I NetworkSpeedManagerEx: mIsStop = false
11-19 01:10:21.366  3966  3966 I NetworkSpeedManagerEx:  value = 4592.6665
11-19 01:10:21.368  3966  3966 I NetworkSpeedManagerEx: speed = 4.5K/s
11-19 01:10:21.368  3966  3966 I NetworkSpeedView: /update(), speed=4.5K/s
11-19 01:10:21.382  3966  3966 W View    : requestLayout() improperly called by com.android.systemui.statusbar.phone.IconMerger{e4cbfb3 V.E...... ......I. 0,0-216,72 #7f1000c3 app:id/notificationIcons} during layout: running second layout pass
11-19 01:10:21.964  3455  3845 E WifiConfigStore: updateConfiguration freq=2417 BSSID=74:da:38:24:aa:b8 RSSI=-45 "panlid-old"WPA_PSK
11-19 01:10:22.034  3455  3455 I TrafficMonitor: expired arrive. level:-1
11-19 01:10:22.034  3455  3455 I TrafficMonitor: during_ms:2003,period_ms:2000
11-19 01:10:22.034  3455  3455 I TrafficMonitor: count:940,rx_sum:13,tx_sum:8,rxBytes:8008,during_ms:2003,rx_speed:3998.00299550674,tx_speed:207.6884672990514,rto:1.625
11-19 01:10:22.970  3455  3845 E WifiConfigStore: updateConfiguration freq=2417 BSSID=74:da:38:24:aa:b8 RSSI=-45 "panlid-old"WPA_PSK
11-19 01:10:23.040  3455  3455 I TrafficMonitor: update:rxPkts:14,txPkts:8,rxBytes:8624,txBytes:416
11-19 01:10:23.040  3455  3455 I TrafficMonitor: start expired. level:-1
11-19 01:10:23.041  3455  3455 I TrafficMonitor: gettimer:interval=2000
11-19 01:10:23.969  3455  3845 E WifiConfigStore: updateConfiguration freq=2417 BSSID=74:da:38:24:aa:b8 RSSI=-45 "panlid-old"WPA_PSK
11-19 01:10:24.085  3455  3845 E WifiConfigStore: updateConfiguration freq=2417 BSSID=74:da:38:24:aa:b8 RSSI=-45 "panlid-old"WPA_PSK
11-19 01:10:24.373  3966  3966 I NetworkSpeedManagerEx: mIsStop = false
11-19 01:10:24.376  3966  3966 I NetworkSpeedManagerEx:  value = 4109.3335
11-19 01:10:24.377  3966  3966 I NetworkSpeedManagerEx: speed = 4K/s
11-19 01:10:24.377  3966  3966 I NetworkSpeedView: /update(), speed=4K/s
11-19 01:10:24.382  3966  3966 W View    : requestLayout() improperly called by com.android.systemui.statusbar.phone.IconMerger{e4cbfb3 V.E...... ......I. 0,0-216,72 #7f1000c3 app:id/notificationIcons} during layout: running second layout pass
11-19 01:10:24.384  3966  3966 W View    : requestLayout() improperly called by com.android.systemui.statusbar.phone.IconMerger{e4cbfb3 V.E...... ........ 0,0-216,72 #7f1000c3 app:id/notificationIcons} during second layout pass: posting in next frame
11-19 01:10:24.398  3966  3966 W View    : requestLayout() improperly called by com.android.systemui.statusbar.phone.IconMerger{e4cbfb3 V.E...... ......I. 0,0-216,72 #7f1000c3 app:id/notificationIcons} during second layout pass: posting in next frame
11-19 01:10:24.871 26950 27093 I System.out: [sh]
11-19 01:10:24.871 26950 27093 I System.out: null
11-19 01:10:24.871 26950 27093 I System.out: null
11-19 01:10:24.872 26950 27093 I System.out: Calling by::className:net.beyondapp.basicsdk.a.b  MethodName:a
11-19 01:10:24.904  3455  3455 I MQoS    : onSignal: mSubId=0,currDataSubID=0
11-19 01:10:24.904  3455  3455 I MQoS    : received cell-signal:4
11-19 01:10:24.905  3455  4744 I SendBroadcastPermission: action:android.intent.action.SIG_STR, mPermissionType:0
11-19 01:10:24.915  3966  4038 I HwCustMobileSignalControllerImpl: subId:0 phoneType:1 networktype:3 targetClass:2 masterLevel:3 slaveLevel:-1
11-19 01:10:24.972  3455  3845 E WifiConfigStore: updateConfiguration freq=2417 BSSID=74:da:38:24:aa:b8 RSSI=-45 "panlid-old"WPA_PSK
11-19 01:10:25.042  3455  3455 I TrafficMonitor: update:rxPkts:15,txPkts:10,rxBytes:9240,txBytes:520
11-19 01:10:25.042  3455  3455 I TrafficMonitor: start expired. level:-1
11-19 01:10:25.042  3455  3455 I TrafficMonitor: gettimer:interval=2000
11-19 01:10:25.082  3455  3892 E HwCHRWebMonitor: getFileResult throw exceptionjava.io.FileNotFoundException: proc/net/wifi_network_stat: open failed: ENOENT (No such file or directory)
11-19 01:10:25.976  3455  3845 E WifiConfigStore: updateConfiguration freq=2417 BSSID=74:da:38:24:aa:b8 RSSI=-45 "panlid-old"WPA_PSK
11-19 01:10:25.985  3455  3900 I HuaweiWifiWatchdogStateMachine: spd good count:24.09, add sc:0.0, rate:0.6
11-19 01:10:25.985  3455  3900 I HuaweiWifiWatchdogStateMachine: current mHighDataFlowRate = 0.62
11-19 01:10:25.985  3455  3900 I HuaweiWifiWatchdogStateMachine: POta txb txg rxg:0, 38, 0. Lr =0% Totpkt=38
11-19 01:10:25.986  3455  3455 I WifiProJNI: ######### CMD_QUERY_PKTS ########
11-19 01:10:25.987  3455  3899 I QosMonitor: postEventFromNative: msg=100,arg1=0,arg2=9
11-19 01:10:25.987  3455  3899 W WifiProJNI: poll before: g_monitor_fd =157
11-19 01:10:25.988  3455  3455 I MQoS    : rtt=440,tcp_tx_pkts=4494089,tcp_rx_pkts=6828098
11-19 01:10:25.989  3455  3900 I HuaweiWifiWatchdogStateMachine: PTcp RTT:0, rtt pkt=0, tcp_rx=56, tcp_tx=35, tcp_reTran=0, rtRate=0
11-19 01:10:25.989  3455  3900 I HuaweiWifiWatchdogStateMachine: rt ota tcp rl bad: false, false, false, false; rsth:-75
11-19 01:10:25.990  3455  3900 I HuaweiWifiWatchdogStateMachine:  pkt chk not bad, ### mPktChkBadCnt and sc is 0.
11-19 01:10:25.997  3455  3455 I MQoS    : QOS_level:4(4),wifi-link;use signalLvl:4;RAT:3G-UMTS
11-19 01:10:26.547 22037 22408 I System.out: [sh]
11-19 01:10:26.547 22037 22408 I System.out: null
11-19 01:10:26.547 22037 22408 I System.out: null
11-19 01:10:26.548 22037 22408 I System.out: Calling by::className:com.upalytics.sdk.ShUtility  MethodName:ˊ
11-19 01:10:26.782 22037 22408 I System.out: [cat, /proc/4767/oom_score_adj]
11-19 01:10:26.782 22037 22408 I System.out: null
11-19 01:10:26.782 22037 22408 I System.out: null
11-19 01:10:26.782 22037 22408 I System.out: Calling by::className:com.upalytics.sdk.Con  MethodName:ˊ
11-19 01:10:26.974  3455  3845 E WifiConfigStore: updateConfiguration freq=2417 BSSID=74:da:38:24:aa:b8 RSSI=-45 "panlid-old"WPA_PSK
11-19 01:10:27.046  3455  3455 I TrafficMonitor: update:rxPkts:16,txPkts:10,rxBytes:8704,txBytes:520
11-19 01:10:27.046  3455  3455 I TrafficMonitor: start expired. level:-1
11-19 01:10:27.046  3455  3455 I TrafficMonitor: gettimer:interval=2000
11-19 01:10:27.105  3455  3845 E WifiConfigStore: updateConfiguration freq=2417 BSSID=74:da:38:24:aa:b8 RSSI=-45 "panlid-old"WPA_PSK
11-19 01:10:27.380  3966  3966 I NetworkSpeedManagerEx: mIsStop = false
11-19 01:10:27.385  3966  3966 I NetworkSpeedManagerEx:  value = 5232.0
11-19 01:10:27.387  3966  3966 I NetworkSpeedManagerEx: speed = 5.1K/s
11-19 01:10:27.387  3966  3966 I NetworkSpeedView: /update(), speed=5.1K/s
11-19 01:10:27.405  3966  3966 W View    : requestLayout() improperly called by com.android.systemui.statusbar.phone.IconMerger{e4cbfb3 V.E...... ......I. 0,0-216,72 #7f1000c3 app:id/notificationIcons} during layout: running second layout pass
11-19 01:10:27.808 22037 22103 I System  : core_booster, getBoosterConfig = false
11-19 01:10:27.974  3455  3845 E WifiConfigStore: updateConfiguration freq=2417 BSSID=74:da:38:24:aa:b8 RSSI=-45 "panlid-old"WPA_PSK
11-19 01:10:28.041  3455  3455 I TrafficMonitor: expired arrive. level:-1
11-19 01:10:28.041  3455  3455 I TrafficMonitor: during_ms:2004,period_ms:2000
11-19 01:10:28.041  3455  3455 I TrafficMonitor: count:943,rx_sum:16,tx_sum:10,rxBytes:8704,during_ms:2004,rx_speed:4343.313373253493,tx_speed:259.4810379241517,rto:1.6
11-19 01:10:28.258  4755  7752 I HwPowerMonitor.PowerExceptionObservable: unhandled onEvent actionID: 3002
11-19 01:10:28.259  4755  7752 W HwPowerMonitor.DayActObserver: mModemLogStatsTimes = 0, ModemLogState = 0
11-19 01:10:28.259  4755  7752 W HwPowerMonitor.DayActObserver: BAT_CHANGED, mIsScrnOffBatStatsEnabled = true, mIsCharging = true, mIsScrnOfBatDropMonitorStart = false
11-19 01:10:28.266  7429  7467 I Bluetooth: HeadsetStateMachine:Disconnected process message: 10, size: 0
11-19 01:10:28.273  3966  3966 W View    : requestLayout() improperly called by com.android.systemui.statusbar.phone.IconMerger{e4cbfb3 V.E...... ........ 0,0-216,72 #7f1000c3 app:id/notificationIcons} during second layout pass: posting in next frame
11-19 01:10:28.985  3455  3845 E WifiConfigStore: updateConfiguration freq=2417 BSSID=74:da:38:24:aa:b8 RSSI=-45 "panlid-old"WPA_PSK
11-19 01:10:29.047  3455  3455 I TrafficMonitor: update:rxPkts:19,txPkts:14,rxBytes:10835,txBytes:1363
11-19 01:10:29.047  3455  3455 I TrafficMonitor: start expired. level:-1
11-19 01:10:29.047  3455  3455 I TrafficMonitor: gettimer:interval=2000
11-19 01:10:29.987  3455  3845 E WifiConfigStore: updateConfiguration freq=2417 BSSID=74:da:38:24:aa:b8 RSSI=-45 "panlid-old"WPA_PSK
11-19 01:10:30.114  3455  3845 E WifiConfigStore: updateConfiguration freq=2417 BSSID=74:da:38:24:aa:b8 RSSI=-45 "panlid-old"WPA_PSK
11-19 01:10:30.121  3455  3892 E HwCHRWebMonitor: getFileResult throw exceptionjava.io.FileNotFoundException: proc/net/wifi_network_stat: open failed: ENOENT (No such file or directory)
11-19 01:10:30.390  3966  3966 I NetworkSpeedManagerEx: mIsStop = false
11-19 01:10:30.393  3966  3966 I NetworkSpeedManagerEx:  value = 5185.6665
11-19 01:10:30.394  3966  3966 I NetworkSpeedManagerEx: speed = 5.1K/s
11-19 01:10:30.394  3966  3966 I NetworkSpeedView: /update(), speed=5.1K/s
11-19 01:10:30.903  3455  3455 I MQoS    : onSignal: mSubId=0,currDataSubID=0
11-19 01:10:30.903  3455  3455 I MQoS    : received cell-signal:4
11-19 01:10:30.905  3455  3466 I SendBroadcastPermission: action:android.intent.action.SIG_STR, mPermissionType:0
11-19 01:10:30.914  3966  4038 I HwCustMobileSignalControllerImpl: subId:0 phoneType:1 networktype:3 targetClass:2 masterLevel:3 slaveLevel:-1
11-19 01:10:30.980  3455  3845 E WifiConfigStore: updateConfiguration freq=2417 BSSID=74:da:38:24:aa:b8 RSSI=-45 "panlid-old"WPA_PSK
11-19 01:10:31.051  3455  3455 I TrafficMonitor: update:rxPkts:16,txPkts:10,rxBytes:8834,txBytes:551
11-19 01:10:31.052  3455  3455 I TrafficMonitor: start expired. level:-1
11-19 01:10:31.052  3455  3455 I TrafficMonitor: gettimer:interval=2000
11-19 01:10:31.986  3455  3845 E WifiConfigStore: updateConfiguration freq=2417 BSSID=74:da:38:24:aa:b8 RSSI=-45 "panlid-old"WPA_PSK
11-19 01:10:32.986  3455  3845 E WifiConfigStore: updateConfiguration freq=2417 BSSID=74:da:38:24:aa:b8 RSSI=-45 "panlid-old"WPA_PSK
11-19 01:10:33.054  3455  3455 I TrafficMonitor: update:rxPkts:15,txPkts:9,rxBytes:9240,txBytes:468
11-19 01:10:33.054  3455  3455 I TrafficMonitor: start expired. level:-1
11-19 01:10:33.054  3455  3455 I TrafficMonitor: gettimer:interval=2000
11-19 01:10:33.129  3455  3845 E WifiConfigStore: updateConfiguration freq=2417 BSSID=74:da:38:24:aa:b8 RSSI=-45 "panlid-old"WPA_PSK
11-19 01:10:33.399  3966  3966 I NetworkSpeedManagerEx: mIsStop = false
11-19 01:10:33.402  3966  3966 I NetworkSpeedManagerEx:  value = 4816.6665
11-19 01:10:33.404  3966  3966 I NetworkSpeedManagerEx: speed = 4.7K/s
11-19 01:10:33.404  3966  3966 I NetworkSpeedView: /update(), speed=4.7K/s
11-19 01:10:33.993  3455  3845 E WifiConfigStore: updateConfiguration freq=2417 BSSID=74:da:38:24:aa:b8 RSSI=-45 "panlid-old"WPA_PSK
11-19 01:10:34.002  3455  3900 I HuaweiWifiWatchdogStateMachine: spd good count:24.09, add sc:0.0, rate:0.6
11-19 01:10:34.002  3455  3900 I HuaweiWifiWatchdogStateMachine: current mHighDataFlowRate = 0.64000005
11-19 01:10:34.003  3455  3900 I HuaweiWifiWatchdogStateMachine: POta txb txg rxg:0, 31, 0. Lr =0% Totpkt=31
11-19 01:10:34.003  3455  3455 I WifiProJNI: ######### CMD_QUERY_PKTS ########
11-19 01:10:34.004  3455  3899 I QosMonitor: postEventFromNative: msg=100,arg1=0,arg2=9
11-19 01:10:34.004  3455  3899 W WifiProJNI: poll before: g_monitor_fd =157
11-19 01:10:34.004  3455  3455 I MQoS    : rtt=2660,tcp_tx_pkts=4494132,tcp_rx_pkts=6828160
11-19 01:10:34.006  3455  3900 I HuaweiWifiWatchdogStateMachine: PTcp RTT:0, rtt pkt=0, tcp_rx=62, tcp_tx=43, tcp_reTran=5, rtRate=0.12
11-19 01:10:34.006  3455  3900 I HuaweiWifiWatchdogStateMachine: rt ota tcp rl bad: false, false, false, false; rsth:-75
11-19 01:10:34.007  3455  3900 I HuaweiWifiWatchdogStateMachine:  pkt chk not bad, ### mPktChkBadCnt and sc is 0.
11-19 01:10:34.012  3455  3455 I MQoS    : QOS_level:4(4),wifi-link;use signalLvl:4;RAT:3G-UMTS
11-19 01:10:34.048  3455  3455 I TrafficMonitor: expired arrive. level:-1
11-19 01:10:34.050  3455  3455 I TrafficMonitor: during_ms:2003,period_ms:2000
11-19 01:10:34.051  3455  3455 I TrafficMonitor: count:946,rx_sum:15,tx_sum:9,rxBytes:9240,during_ms:2003,rx_speed:4613.080379430853,tx_speed:233.64952571143283,rto:1.6666666666666667
11-19 01:10:34.985  3455  3845 E WifiConfigStore: updateConfiguration freq=2417 BSSID=74:da:38:24:aa:b8 RSSI=-45 "panlid-old"WPA_PSK
11-19 01:10:35.055  3455  3455 I TrafficMonitor: update:rxPkts:12,txPkts:7,rxBytes:7392,txBytes:364
11-19 01:10:35.055  3455  3455 I TrafficMonitor: start expired. level:-1
11-19 01:10:35.055  3455  3455 I TrafficMonitor: gettimer:interval=2000
11-19 01:10:35.195  3455  3892 E HwCHRWebMonitor: getFileResult throw exceptionjava.io.FileNotFoundException: proc/net/wifi_network_stat: open failed: ENOENT (No such file or directory)
11-19 01:10:35.992  3455  3845 E WifiConfigStore: updateConfiguration freq=2417 BSSID=74:da:38:24:aa:b8 RSSI=-45 "panlid-old"WPA_PSK
11-19 01:10:36.156  3455  3845 E WifiConfigStore: updateConfiguration freq=2417 BSSID=74:da:38:24:aa:b8 RSSI=-45 "panlid-old"WPA_PSK
11-19 01:10:36.409  3966  3966 I NetworkSpeedManagerEx: mIsStop = false
11-19 01:10:36.414  3966  3966 I NetworkSpeedManagerEx:  value = 4109.3335
11-19 01:10:36.416  3966  3966 I NetworkSpeedManagerEx: speed = 4K/s
11-19 01:10:36.416  3966  3966 I NetworkSpeedView: /update(), speed=4K/s
11-19 01:10:36.434  3966  3966 W View    : requestLayout() improperly called by com.android.systemui.statusbar.phone.IconMerger{e4cbfb3 V.E...... ......I. 0,0-216,72 #7f1000c3 app:id/notificationIcons} during layout: running second layout pass
11-19 01:10:36.546 22037 22408 I System.out: [sh]
11-19 01:10:36.546 22037 22408 I System.out: null
11-19 01:10:36.546 22037 22408 I System.out: null
11-19 01:10:36.546 22037 22408 I System.out: Calling by::className:com.upalytics.sdk.ShUtility  MethodName:ˊ
11-19 01:10:36.776 22037 22408 I System.out: [cat, /proc/4767/oom_score_adj]
11-19 01:10:36.776 22037 22408 I System.out: null
11-19 01:10:36.776 22037 22408 I System.out: null
11-19 01:10:36.776 22037 22408 I System.out: Calling by::className:com.upalytics.sdk.Con  MethodName:ˊ
11-19 01:10:36.910  3455  3455 I MQoS    : onSignal: mSubId=0,currDataSubID=0
11-19 01:10:36.910  3455  3455 I MQoS    : received cell-signal:4
11-19 01:10:36.911  3455  4578 I SendBroadcastPermission: action:android.intent.action.SIG_STR, mPermissionType:0
11-19 01:10:36.921  3966  4038 I HwCustMobileSignalControllerImpl: subId:0 phoneType:1 networktype:3 targetClass:2 masterLevel:3 slaveLevel:-1
11-19 01:10:36.997  3455  3845 E WifiConfigStore: updateConfiguration freq=2417 BSSID=74:da:38:24:aa:b8 RSSI=-45 "panlid-old"WPA_PSK
11-19 01:10:37.057  3455  3455 I TrafficMonitor: update:rxPkts:15,txPkts:10,rxBytes:9240,txBytes:520
11-19 01:10:37.057  3455  3455 I TrafficMonitor: start expired. level:-1
11-19 01:10:37.057  3455  3455 I TrafficMonitor: gettimer:interval=2000
11-19 01:10:37.999  3455  3845 E WifiConfigStore: updateConfiguration freq=2417 BSSID=74:da:38:24:aa:b8 RSSI=-45 "panlid-old"WPA_PSK
11-19 01:10:38.998  3455  3845 E WifiConfigStore: updateConfiguration freq=2417 BSSID=74:da:38:24:aa:b8 RSSI=-45 "panlid-old"WPA_PSK
11-19 01:10:39.061  3455  3455 I TrafficMonitor: update:rxPkts:14,txPkts:9,rxBytes:8624,txBytes:468
11-19 01:10:39.061  3455  3455 I TrafficMonitor: start expired. level:-1
11-19 01:10:39.061  3455  3455 I TrafficMonitor: gettimer:interval=2000
11-19 01:10:39.167  3455  3845 E WifiConfigStore: updateConfiguration freq=2417 BSSID=74:da:38:24:aa:b8 RSSI=-45 "panlid-old"WPA_PSK
11-19 01:10:39.421  3966  3966 I NetworkSpeedManagerEx: mIsStop = false
11-19 01:10:39.426  3966  3966 I NetworkSpeedManagerEx:  value = 5188.0
11-19 01:10:39.428  3966  3966 I NetworkSpeedManagerEx: speed = 5.1K/s
11-19 01:10:39.428  3966  3966 I NetworkSpeedView: /update(), speed=5.1K/s
11-19 01:10:39.439  3966  3966 W View    : requestLayout() improperly called by com.android.systemui.statusbar.phone.IconMerger{e4cbfb3 V.E...... ......I. 0,0-216,72 #7f1000c3 app:id/notificationIcons} during layout: running second layout pass
11-19 01:10:39.446  3966  3966 W View    : requestLayout() improperly called by com.android.systemui.statusbar.phone.IconMerger{e4cbfb3 V.E...... ........ 0,0-216,72 #7f1000c3 app:id/notificationIcons} during second layout pass: posting in next frame
11-19 01:10:39.456  3966  3966 W View    : requestLayout() improperly called by com.android.systemui.statusbar.phone.IconMerger{e4cbfb3 V.E...... ......I. 0,0-216,72 #7f1000c3 app:id/notificationIcons} during second layout pass: posting in next frame
11-19 01:10:39.999  3455  3845 E WifiConfigStore: updateConfiguration freq=2417 BSSID=74:da:38:24:aa:b8 RSSI=-45 "panlid-old"WPA_PSK
11-19 01:10:40.056  3455  3455 I TrafficMonitor: expired arrive. level:-1
11-19 01:10:40.057  3455  3455 I TrafficMonitor: during_ms:2003,period_ms:2000
11-19 01:10:40.057  3455  3455 I TrafficMonitor: count:949,rx_sum:14,tx_sum:9,rxBytes:8624,during_ms:2003,rx_speed:4305.541687468796,tx_speed:233.64952571143283,rto:1.5555555555555556
11-19 01:10:40.231  3455  3892 E HwCHRWebMonitor: getFileResult throw exceptionjava.io.FileNotFoundException: proc/net/wifi_network_stat: open failed: ENOENT (No such file or directory)
11-19 01:10:40.991  3455  3845 E WifiConfigStore: updateConfiguration freq=2417 BSSID=74:da:38:24:aa:b8 RSSI=-45 "panlid-old"WPA_PSK
11-19 01:10:41.063  3455  3455 I TrafficMonitor: update:rxPkts:15,txPkts:8,rxBytes:8652,txBytes:416
11-19 01:10:41.063  3455  3455 I TrafficMonitor: start expired. level:-1
11-19 01:10:41.063  3455  3455 I TrafficMonitor: gettimer:interval=2000
11-19 01:10:42.006  3455  3845 E WifiConfigStore: updateConfiguration freq=2417 BSSID=74:da:38:24:aa:b8 RSSI=-45 "panlid-old"WPA_PSK
11-19 01:10:42.019  3455  3900 I HuaweiWifiWatchdogStateMachine: spd good count:24.09, add sc:0.0, rate:0.6
11-19 01:10:42.020  3455  3900 I HuaweiWifiWatchdogStateMachine: current mHighDataFlowRate = 0.66
11-19 01:10:42.020  3455  3900 I HuaweiWifiWatchdogStateMachine: POta txb txg rxg:0, 25, 0. Lr =0% Totpkt=25
11-19 01:10:42.021  3455  3455 I WifiProJNI: ######### CMD_QUERY_PKTS ########
11-19 01:10:42.022  3455  3899 I QosMonitor: postEventFromNative: msg=100,arg1=0,arg2=9
11-19 01:10:42.022  3455  3899 W WifiProJNI: poll before: g_monitor_fd =157
11-19 01:10:42.022  3455  3455 I MQoS    : rtt=2660,tcp_tx_pkts=4494168,tcp_rx_pkts=6828218
11-19 01:10:42.023  3455  3900 I HuaweiWifiWatchdogStateMachine: PTcp RTT:0, rtt pkt=0, tcp_rx=58, tcp_tx=36, tcp_reTran=1, rtRate=0.03
11-19 01:10:42.024  3455  3900 I HuaweiWifiWatchdogStateMachine: rt ota tcp rl bad: false, false, false, false; rsth:-75
11-19 01:10:42.024  3455  3900 I HuaweiWifiWatchdogStateMachine:  pkt chk not bad, ### mPktChkBadCnt and sc is 0.
11-19 01:10:42.031  3455  3455 I MQoS    : QOS_level:4(4),wifi-link;use signalLvl:4;RAT:3G-UMTS
11-19 01:10:42.171  3455  3845 E WifiConfigStore: updateConfiguration freq=2417 BSSID=74:da:38:24:aa:b8 RSSI=-45 "panlid-old"WPA_PSK
11-19 01:10:42.433  3966  3966 I NetworkSpeedManagerEx: mIsStop = false
11-19 01:10:42.437  3966  3966 I NetworkSpeedManagerEx:  value = 4529.3335
11-19 01:10:42.439  3966  3966 I NetworkSpeedManagerEx: speed = 4.4K/s
11-19 01:10:42.440  3966  3966 I NetworkSpeedView: /update(), speed=4.4K/s
11-19 01:10:42.999  3455  3845 E WifiConfigStore: updateConfiguration freq=2417 BSSID=74:da:38:24:aa:b8 RSSI=-46 "panlid-old"WPA_PSK
11-19 01:10:43.065  3455  3455 I TrafficMonitor: update:rxPkts:15,txPkts:10,rxBytes:9240,txBytes:520
11-19 01:10:43.065  3455  3455 I TrafficMonitor: start expired. level:-1
11-19 01:10:43.065  3455  3455 I TrafficMonitor: gettimer:interval=2000
11-19 01:10:44.004  3455  3845 E WifiConfigStore: updateConfiguration freq=2417 BSSID=74:da:38:24:aa:b8 RSSI=-46 "panlid-old"WPA_PSK
11-19 01:10:44.870 26950 27093 I System.out: [sh]
11-19 01:10:44.870 26950 27093 I System.out: null
11-19 01:10:44.870 26950 27093 I System.out: null
11-19 01:10:44.870 26950 27093 I System.out: Calling by::className:net.beyondapp.basicsdk.a.b  MethodName:a
11-19 01:10:44.995  3455  3845 E WifiConfigStore: updateConfiguration freq=2417 BSSID=74:da:38:24:aa:b8 RSSI=-46 "panlid-old"WPA_PSK
11-19 01:10:45.067  3455  3455 I TrafficMonitor: update:rxPkts:14,txPkts:8,rxBytes:8624,txBytes:416
11-19 01:10:45.067  3455  3455 I TrafficMonitor: start expired. level:-1
11-19 01:10:45.067  3455  3455 I TrafficMonitor: gettimer:interval=2000
11-19 01:10:45.092 30540 30540 I appproc : CLASSPATH=/system/framework/pm.jar
11-19 01:10:45.093 30540 30540 I appproc : Command=app_process /system/bin com.android.commands.pm.Pm install -r /data/local/tmp/android-debug.apk 
11-19 01:10:45.111 30540 30540 I AndroidRuntime: readDownloadBoosterConfig: 'false'
11-19 01:10:45.174  3455  3845 E WifiConfigStore: updateConfiguration freq=2417 BSSID=74:da:38:24:aa:b8 RSSI=-45 "panlid-old"WPA_PSK
11-19 01:10:45.271  3455  3892 E HwCHRWebMonitor: getFileResult throw exceptionjava.io.FileNotFoundException: proc/net/wifi_network_stat: open failed: ENOENT (No such file or directory)
11-19 01:10:45.305 30540 30540 I HWSERVICES: hwnative_get_component_register:libdrmbitmap,JNI
11-19 01:10:45.321 30540 30540 E HAL     : load: id=memtrack != hmi->id=memtrack
11-19 01:10:45.325 30540 30540 I         : power log dlsym ok
11-19 01:10:45.330 30540 30540 I Radio-JNI: register_android_hardware_Radio DONE
11-19 01:10:45.356 30540 30540 I android_hardware_fm.cpp: register_android_hardware_fm_fmradio
11-19 01:10:45.357 30540 30540 I android_hardware_fm.cpp: ========64bit long size = 8
11-19 01:10:45.357 30540 30540 I android_hardware_fm.cpp: FM: get chip type = bcm43xx
11-19 01:10:45.360 30540 30540 E HAL     : load: id=fm != hmi->id=fm
11-19 01:10:45.360 30540 30540 E fm_if.c : find the id:fm and begins to open the devices
11-19 01:10:45.361 30540 30540 I android_hardware_fm.cpp: register_android_hardware_fm_fmradio, ret is 0
11-19 01:10:45.443  3966  3966 I NetworkSpeedManagerEx: mIsStop = false
11-19 01:10:45.444  3966  3966 I NetworkSpeedManagerEx:  value = 4760.0
11-19 01:10:45.445  3966  3966 I NetworkSpeedManagerEx: speed = 4.6K/s
11-19 01:10:45.445  3966  3966 I NetworkSpeedView: /update(), speed=4.6K/s
11-19 01:10:45.446  4718  4718 I K3V3CpuGovernorPolicy: set scene Hmp policy : 300 , 150
11-19 01:10:45.463  2914  5968 I [Gralloc]: alloc w[360] h[642] format[1] usage[819]
11-19 01:10:45.464  2914  5968 I [Gralloc]: alloc succ handle[0x55996fd190] stride[416]
11-19 01:10:45.507  2914  3875 I [Gralloc]: alloc w[1080] h[1812] format[1] usage[2355]
11-19 01:10:45.507  2914  3875 I [Gralloc]: alloc succ handle[0x55996b7400] stride[1120]
11-19 01:10:45.507  2914  3065 I [Gralloc]: alloc w[1080] h[1920] format[1] usage[3]
11-19 01:10:45.513  2914  3065 I [Gralloc]: alloc succ handle[0x5599781020] stride[1120]
11-19 01:10:45.569  4718  5511 W PhoneStateManager: Maybe it's incorrect, actionID:[null, null, null]
11-19 01:10:45.570  4718  5541 W PGApi_client: recv actoionId = 10000, action = com.huawei.pgmng.PGAction@a445a5 actionId =10000 pkg =com.android.packageinstaller extend1 =71791 extend2 = flag =3 type =1
11-19 01:10:45.570  4718  5541 W PGMiddleWare: in handleAction method, action = 10000
11-19 01:10:45.570  4718  5541 W PGMiddleWare: in handleAction, invoke client = com.huawei.pgmng.middleware.AudioEffectLowPowerImpl@5258714, action = com.huawei.pgmng.PGAction@a445a5 actionId =10000 pkg =com.android.packageinstaller extend1 =71791 extend2 = flag =3 type =1
11-19 01:10:45.589  4331  4987 I HwSystemManager: NotificationGuideService:handle MSG_ACTIVIY_FOREGROUND, uid:10066
11-19 01:10:45.591  2914  5968 I [Gralloc]: alloc w[16] h[16] format[1] usage[256]
11-19 01:10:45.591  2914  5968 I [Gralloc]: alloc succ handle[0x55995e0b50] stride[32]
11-19 01:10:45.592 30561 30577 E linker  : readlink('/proc/self/fd/21') failed: Permission denied [fd=21]
11-19 01:10:45.592 30561 30577 E linker  : warning: unable to get realpath for the library "/system/lib64/hw/gralloc.hi3635.so". Will use given name.
11-19 01:10:45.593 30561 30577 E linker  : readlink('/proc/self/fd/21') failed: Permission denied [fd=21]
11-19 01:10:45.593 30561 30577 E linker  : warning: unable to get realpath for the library "libion.so". Will use given name.
11-19 01:10:45.594 30561 30577 E HAL     : load: id=gralloc != hmi->id=gralloc
11-19 01:10:45.618 30561 30561 W System  : ClassLoader referenced unknown path: /system/priv-app/PackageInstaller/lib/arm64
11-19 01:10:45.646 30561 30561 I HwCust  : Constructor found for class android.app.HwCustHwWallpaperManagerImpl
11-19 01:10:45.669 30561 30561 I HandleAdbInstallFlow: confirmAdbInstall  installflags:66
11-19 01:10:45.730  4718 16978 I PgedBinderListener: kstate callback type:8 value1=21788 value2=KILLED
11-19 01:10:45.744  4331 17702 I HwSystemManager: PackageInstallService:requestPermissionRecommendInfo for com.lunwing.radio
11-19 01:10:45.755  4331 17702 W HwSystemManager: AbsRecommendQuery:queryRecommendData get a invalid cursor, maybe no matched result exist!
11-19 01:10:45.767  4331 17702 E HwSystemManager: PIDataCvt:cvtFromRecommendProvider catch RecommendParamException: fromBundle: invalid input 'bundle', forBusiness: 6
11-19 01:10:45.768  4331 17702 W HwSystemManager: AbsRecommendQuery:queryRecommendData get a invalid cursor, maybe no matched result exist!
11-19 01:10:45.768  4331 17702 E HwSystemManager: PIDataCvt:cvtFromRecommendProvider catch RecommendParamException: fromBundle: invalid input 'bundle', forBusiness: 4
11-19 01:10:45.772 30561 30584 E PhoneManagerHelper: getRecommendInfoMap get invalid recommendInfo!
11-19 01:10:45.792  3455  4766 E HsmCoreServiceImpl: onTransact in code is: 102
11-19 01:10:45.793  3455  4766 W MediaProcessHandler: processOp uid 1001 is not concerned!
11-19 01:10:45.844 21861 21861 I com.huawei.gallery.photoshare.utils.PhotoShareUtils: bindPhotoShareService duration=13
11-19 01:10:45.871  2914  5968 I [Gralloc]: alloc w[16] h[16] format[1] usage[256]
11-19 01:10:45.871  2914  5968 I [Gralloc]: alloc succ handle[0x55996d6f00] stride[32]
11-19 01:10:45.872 30561 30561 I PackageInstaller: packageName = null
11-19 01:10:45.872 30561 30561 I PackageInstaller: installerPackageName = null
11-19 01:10:45.872 30585 30597 E linker  : readlink('/proc/self/fd/21') failed: Permission denied [fd=21]
11-19 01:10:45.872 30585 30597 E linker  : warning: unable to get realpath for the library "/system/lib64/hw/gralloc.hi3635.so". Will use given name.
11-19 01:10:45.874 30585 30597 E linker  : readlink('/proc/self/fd/21') failed: Permission denied [fd=21]
11-19 01:10:45.874 30585 30597 E linker  : warning: unable to get realpath for the library "libion.so". Will use given name.
11-19 01:10:45.875 30585 30597 E HAL     : load: id=gralloc != hmi->id=gralloc
11-19 01:10:45.971  4738 32385 W System.err: java.lang.SecurityException: getDeviceId: Neither user 10066 nor current process has android.permission.READ_PHONE_STATE.
11-19 01:10:45.979  4738 32385 W System.err: 	at android.app.ContextImpl.enforce(ContextImpl.java:1595)
11-19 01:10:45.979  4738 32385 W System.err: 	at android.app.ContextImpl.enforceCallingOrSelfPermission(ContextImpl.java:1627)
11-19 01:10:45.979  4738 32385 W System.err: 	at android.content.ContextWrapper.enforceCallingOrSelfPermission(ContextWrapper.java:675)
11-19 01:10:45.979  4738 32385 W System.err: 	at android.content.ContextWrapper.enforceCallingOrSelfPermission(ContextWrapper.java:675)
11-19 01:10:45.979  4738 32385 W System.err: 	at com.android.internal.telephony.HwPhoneService.canReadPhoneState(HwPhoneService.java:969)
11-19 01:10:45.979  4738 32385 W System.err: 	at com.android.internal.telephony.HwPhoneService.getUniqueDeviceId(HwPhoneService.java:984)
11-19 01:10:45.979  4738 32385 W System.err: 	at com.android.internal.telephony.IHwTelephony$Stub.onTransact(IHwTelephony.java:364)
11-19 01:10:45.979  4738 32385 W System.err: 	at android.os.Binder.execTransact(Binder.java:453)
11-19 01:10:45.982 30561 30604 W System.err: java.lang.SecurityException: getDeviceId: Neither user 10066 nor current process has android.permission.READ_PHONE_STATE.
11-19 01:10:45.989 30561 30604 W System.err: 	at android.os.Parcel.readException(Parcel.java:1602)
11-19 01:10:45.989 30561 30604 W System.err: 	at android.os.Parcel.readException(Parcel.java:1555)
11-19 01:10:45.989 30561 30604 W System.err: 	at com.android.internal.telephony.IHwTelephony$Stub$Proxy.getUniqueDeviceId(IHwTelephony.java:1297)
11-19 01:10:45.989 30561 30604 W System.err: 	at android.telephony.HwTelephonyManagerInner.getUniqueDeviceId(HwTelephonyManagerInner.java:845)
11-19 01:10:45.989 30561 30604 W System.err: 	at android.telephony.HwInnerTelephonyManagerImpl.getUniqueDeviceId(HwInnerTelephonyManagerImpl.java:340)
11-19 01:10:45.989 30561 30604 W System.err: 	at android.telephony.TelephonyManager.getDeviceId(TelephonyManager.java:723)
11-19 01:10:45.989 30561 30604 W System.err: 	at com.hianalytics.android.v1.e.a(Unknown Source)
11-19 01:10:45.989 30561 30604 W System.err: 	at com.hianalytics.android.v1.e.run(Unknown Source)
11-19 01:10:45.989 30561 30604 W System.err: 	at android.os.Handler.handleCallback(Handler.java:743)
11-19 01:10:45.989 30561 30604 W System.err: 	at android.os.Handler.dispatchMessage(Handler.java:95)
11-19 01:10:45.989 30561 30604 W System.err: 	at android.os.Looper.loop(Looper.java:150)
11-19 01:10:45.989 30561 30604 W System.err: 	at android.os.HandlerThread.run(HandlerThread.java:61)
11-19 01:10:45.999 30561 30620 E JsonBean: valueToJson error, field:private transient java.lang.Class java.lang.Object.shadow$_klass_
11-19 01:10:46.000  3455  3845 E WifiConfigStore: updateConfiguration freq=2417 BSSID=74:da:38:24:aa:b8 RSSI=-45 "panlid-old"WPA_PSK
11-19 01:10:46.014  4718 18003 I PgedBinderListener: kstate callback type:8 value1=29656 value2=KILLED
11-19 01:10:46.021  4718  4731 I PgedBinderListener: kstate callback type:8 value1=22037 value2=KILLED
11-19 01:10:46.025  4718 16154 I PgedBinderListener: kstate callback type:8 value1=22123 value2=KILLED
11-19 01:10:46.027  4718 18002 I PgedBinderListener: kstate callback type:8 value1=21861 value2=KILLED
11-19 01:10:46.051 30585 30585 E CloudGallaryService: [CloudDBManager[v2.0.0]]: initDataBase start!
11-19 01:10:46.062  3455  3455 I TrafficMonitor: expired arrive. level:-1
11-19 01:10:46.063  3455  3455 I TrafficMonitor: during_ms:2002,period_ms:2000
11-19 01:10:46.063  3455  3455 I TrafficMonitor: count:952,rx_sum:14,tx_sum:8,rxBytes:8624,during_ms:2002,rx_speed:4307.6923076923085,tx_speed:207.79220779220782,rto:1.75
11-19 01:10:46.101  3455  4088 E HsmCoreServiceImpl: onTransact in code is: 102
11-19 01:10:46.101  3455  4088 W MediaProcessHandler: processOp uid 1000 is not concerned!
11-19 01:10:46.111  3455  4676 E HsmCoreServiceImpl: onTransact in code is: 102
11-19 01:10:46.111  3455  4676 I MediaProcessHandler: processOp opType: 1, uid: 10013, pid: 21861
11-19 01:10:46.111  3455  4676 W MediaProcessHandler: remove target not exist, maybe the UI process: uid: 10013, pid: 21861
11-19 01:10:46.111  3455  4746 W         : HWExtDeviceConnection ~HWExtDeviceConnection
11-19 01:10:46.111  3455  4746 W         : HWExtDeviceService::cleanupConnection
11-19 01:10:46.149  3455  3839 E HsmCoreServiceImpl: onTransact in code is: 102
11-19 01:10:46.149  3455  3839 I MediaProcessHandler: processOp opType: 1, uid: 10043, pid: 22123
11-19 01:10:46.149  3455  3839 W MediaProcessHandler: remove target not exist, maybe the UI process: uid: 10043, pid: 22123
11-19 01:10:46.149  3455  4347 E HsmCoreServiceImpl: onTransact in code is: 102
11-19 01:10:46.149  3455  4347 I MediaProcessHandler: processOp opType: 1, uid: 10102, pid: 22037
11-19 01:10:46.149  3455  4347 W MediaProcessHandler: remove target not exist, maybe the UI process: uid: 10102, pid: 22037
11-19 01:10:46.215 30561 30610 E HAL     : load: id=gralloc != hmi->id=gralloc
11-19 01:10:46.216 30561 30610 I OpenGLRenderer: Initialized EGL, version 1.4
11-19 01:10:46.219 30561 30610 E linker  : readlink('/proc/self/fd/32') failed: Permission denied [fd=32]
11-19 01:10:46.220 30561 30610 E linker  : warning: unable to get realpath for the library "libhwaps.so". Will use given name.
11-19 01:10:46.223 30561 30610 E linker  : readlink('/proc/self/fd/36') failed: Permission denied [fd=36]
11-19 01:10:46.224 30561 30610 E linker  : warning: unable to get realpath for the library "/system/lib64/libhwuibp.so". Will use given name.
11-19 01:10:46.228  2914  5968 I [Gralloc]: alloc w[1080] h[1812] format[1] usage[2816]
11-19 01:10:46.236  2914  5968 I [Gralloc]: alloc succ handle[0x559974c1e0] stride[1120]
11-19 01:10:46.236  2914  5968 I [Gralloc]: alloc w[1080] h[1812] format[1] usage[2816]
11-19 01:10:46.244  2914  5968 I [Gralloc]: alloc succ handle[0x55996d6f00] stride[1120]
11-19 01:10:46.244  2914  5968 I [Gralloc]: alloc w[1080] h[1812] format[1] usage[2816]
11-19 01:10:46.252  2914  5968 I [Gralloc]: alloc succ handle[0x55995e0b50] stride[1120]
11-19 01:10:46.270 30585 30585 E CloudGallaryService: [StorageStatusReceiver[v2.0.0]]: StorageStatusReceiver inited
11-19 01:10:46.271  3455  3478 I ActivityManager: Displayed com.android.packageinstaller/.PackageInstallerActivity: +781ms
11-19 01:10:46.276  4718  4718 I K3V3CpuGovernorPolicy: close previously scene Hmp policy : 300 , 150
11-19 01:10:46.414 21880 21880 I hwsns   : file logger is disable.
11-19 01:10:46.449  2914  3875 I [Gralloc]: alloc w[16] h[16] format[1] usage[256]
11-19 01:10:46.449  2914  3875 I [Gralloc]: alloc succ handle[0x55997468a0] stride[32]
11-19 01:10:46.454 30645 30661 E linker  : readlink('/proc/self/fd/22') failed: Permission denied [fd=22]
11-19 01:10:46.454 30645 30661 E linker  : warning: unable to get realpath for the library "/system/lib/hw/gralloc.hi3635.so". Will use given name.
11-19 01:10:46.457 21880 21880 I hwsns   : LogX:: SNS startup, the version is: [VersionCode: 20400301, VersionName: 2.4.0.301]| [21880:21880 LogX.java:69]
11-19 01:10:46.547  3455  3839 I AccountManagerService: getTypesVisibleToCaller: isPermitted? true
11-19 01:10:46.550  3455  4746 I AccountManagerService: getTypesVisibleToCaller: isPermitted? true
11-19 01:10:46.557  3455  4622 I AccountManagerService: getTypesVisibleToCaller: isPermitted? true
11-19 01:10:46.582 21880 21911 E HwID.a  : [Thread-21409{21409}] checkSign raw was empty (LogX.java:88)
11-19 01:10:46.596 30645 30661 E linker  : readlink('/proc/self/fd/22') failed: Permission denied [fd=22]
11-19 01:10:46.596 30645 30661 E linker  : warning: unable to get realpath for the library "libion.so". Will use given name.
11-19 01:10:46.599 30645 30661 E HAL     : load: id=gralloc != hmi->id=gralloc
11-19 01:10:46.862 30645 30645 E Minikin : addFont failed to create font /system/fonts/DroidSansChineseslim.ttf
11-19 01:10:46.863 30645 30645 W GalleryUtils: the font DroidSanChineseSlim is not exist!
11-19 01:10:46.906 30585 30585 E CloudGallaryService: [CloudDBManager[v2.0.0]]: initDataBase start!
11-19 01:10:46.933 30645 30645 I LogCollectManager: start to bind to Log Collect service
11-19 01:10:46.949 30585 30585 E CloudGallaryService: [StorageStatusReceiver[v2.0.0]]: StorageStatusReceiver inited
11-19 01:10:46.955 30645 30645 I LogCollectManager: service is connected
11-19 01:10:46.964 30645 30674 I HwCust  : Constructor found for class com.huawei.gallery.app.HwCustPhotoPageImpl
11-19 01:10:46.996  3455  3845 E WifiConfigStore: updateConfiguration freq=2417 BSSID=74:da:38:24:aa:b8 RSSI=-46 "panlid-old"WPA_PSK
11-19 01:10:47.024 30645 30674 E linker  : readlink('/proc/self/fd/32') failed: Permission denied [fd=32]
11-19 01:10:47.024 30645 30674 E linker  : warning: unable to get realpath for the library "/system/lib/libjnihw_display_engine.so". Will use given name.
11-19 01:10:47.028 30645 30674 E linker  : readlink('/proc/self/fd/32') failed: Permission denied [fd=32]
11-19 01:10:47.028 30645 30674 E linker  : warning: unable to get realpath for the library "libdisplay.so". Will use given name.
11-19 01:10:47.051 30645 30674 E linker  : readlink('/proc/self/fd/32') failed: Permission denied [fd=32]
11-19 01:10:47.051 30645 30674 E linker  : warning: unable to get realpath for the library "/system/lib/libProjectMenuCustEx_jni.so". Will use given name.
11-19 01:10:47.052 30645 30674 E linker  : readlink('/proc/self/fd/32') failed: Permission denied [fd=32]
11-19 01:10:47.052 30645 30674 E linker  : warning: unable to get realpath for the library "libatpswdck.so". Will use given name.
11-19 01:10:47.053 30645 30674 E linker  : readlink('/proc/self/fd/32') failed: Permission denied [fd=32]
11-19 01:10:47.053 30645 30674 E linker  : warning: unable to get realpath for the library "libnvme.so". Will use given name.
11-19 01:10:47.054 30645 30674 E linker  : readlink('/proc/self/fd/32') failed: Permission denied [fd=32]
11-19 01:10:47.054 30645 30674 E linker  : warning: unable to get realpath for the library "libhisi_efuse.so". Will use given name.
11-19 01:10:47.055 30645 30674 E linker  : readlink('/proc/self/fd/32') failed: Permission denied [fd=32]
11-19 01:10:47.055 30645 30674 E linker  : warning: unable to get realpath for the library "lib_atprotocolsw.so". Will use given name.
11-19 01:10:47.057 30645 30674 I         : JNI_OnLoad
11-19 01:10:47.060 30645 30674 E         : getSHVersion called! ver_kind = 4
11-19 01:10:47.060 30645 30674 I DisplayEngineUtils: xmlDetect HardwareVersion = PLK_TL00_VD, lcd_mode= jdi_NT35695 5.2' CMD TFT
11-19 01:10:47.060 30645 30674 I DisplayEngineUtils: xmlDetect targeXml = PLK+jdi_NT35695 5.2' CMD TFT.xml
11-19 01:10:47.061 30645 30674 I DisplayEngineUtils: xmlDetect sCurrentXmlFilePath = /system/etc/gallery/display_engine/display.xml
11-19 01:10:47.062 30645 30674 E linker  : readlink('/proc/self/fd/32') failed: Permission denied [fd=32]
11-19 01:10:47.062 30645 30674 E linker  : warning: unable to get realpath for the library "/system/lib/libjnidcamera_visual_effect.so". Will use given name.
11-19 01:10:47.067  3455  3455 I TrafficMonitor: update:rxPkts:19,txPkts:18,rxBytes:9061,txBytes:998
11-19 01:10:47.067  3455  3455 I TrafficMonitor: start expired. level:-1
11-19 01:10:47.067  3455  3455 I TrafficMonitor: gettimer:interval=2000
11-19 01:10:47.071 30645 30674 E DualCameraVisualEffect: dlopen failed: library "libdcamera_visual_effect.so" not found
11-19 01:10:47.072 30645 30674 E DualCameraVisualEffect: dlopen failed: library "libdcamera_multiview.so" not found
11-19 01:10:47.073 30645 30674 E DualCameraVisualEffect: dlopen failed: library "libdcamera_visual_effect.so" not found
11-19 01:10:47.293  2949  2949 E Thermal-daemon: [battery] temp_new :28  temp_old :27
11-19 01:10:47.293  2949  2949 E Thermal-daemon: Report temperature: [battery] temp :28  report_threshold:1
11-19 01:10:47.296  2949  2949 E Thermal-daemon: [ap] temp_new :32  temp_old :31
11-19 01:10:47.296  2949  2949 E Thermal-daemon: Report temperature: [ap] temp :32  report_threshold:1
11-19 01:10:47.778 30585 30657 I System  : core_booster, getBoosterConfig = false
11-19 01:10:47.963 30585 30657 I System  : core_booster, getBoosterConfig = false
11-19 01:10:47.998  3455  3845 E WifiConfigStore: updateConfiguration freq=2417 BSSID=74:da:38:24:aa:b8 RSSI=-46 "panlid-old"WPA_PSK
11-19 01:10:48.184  3455  3845 E WifiConfigStore: updateConfiguration freq=2417 BSSID=74:da:38:24:aa:b8 RSSI=-46 "panlid-old"WPA_PSK
11-19 01:10:48.449  3966  3966 I NetworkSpeedManagerEx: mIsStop = false
11-19 01:10:48.452  3966  3966 I NetworkSpeedManagerEx:  value = 7304.3335
11-19 01:10:48.453  3966  3966 I NetworkSpeedManagerEx: speed = 7.1K/s
11-19 01:10:48.453  3966  3966 I NetworkSpeedView: /update(), speed=7.1K/s
11-19 01:10:48.701 30561 30620 I System  : core_booster, getBoosterConfig = false
11-19 01:10:49.004  3455  3845 E WifiConfigStore: updateConfiguration freq=2417 BSSID=74:da:38:24:aa:b8 RSSI=-46 "panlid-old"WPA_PSK
11-19 01:10:49.068  3455  3455 I TrafficMonitor: update:rxPkts:36,txPkts:36,rxBytes:14680,txBytes:2846
11-19 01:10:49.068  3455  3455 I TrafficMonitor: start expired. level:-1
11-19 01:10:49.068  3455  3455 I TrafficMonitor: gettimer:interval=2000
11-19 01:10:49.145 30561 30620 I System  : core_booster, getBoosterConfig = false
11-19 01:10:49.615  3455  3455 I MQoS    : onSignal: mSubId=0,currDataSubID=0
11-19 01:10:49.615  3455  3455 I MQoS    : received cell-signal:4
11-19 01:10:49.617  3455  4676 I SendBroadcastPermission: action:android.intent.action.SIG_STR, mPermissionType:0
11-19 01:10:49.636  3966  4038 I HwCustMobileSignalControllerImpl: subId:0 phoneType:1 networktype:3 targetClass:2 masterLevel:3 slaveLevel:-1
11-19 01:10:50.016  3455  3845 E WifiConfigStore: updateConfiguration freq=2417 BSSID=74:da:38:24:aa:b8 RSSI=-46 "panlid-old"WPA_PSK
11-19 01:10:50.026  3455  3900 I HuaweiWifiWatchdogStateMachine: spd good count:24.09, add sc:0.0, rate:0.6
11-19 01:10:50.027  3455  3900 I HuaweiWifiWatchdogStateMachine: current mHighDataFlowRate = 0.68
11-19 01:10:50.028  3455  3900 I HuaweiWifiWatchdogStateMachine: POta txb txg rxg:0, 24, 0. Lr =0% Totpkt=24
11-19 01:10:50.029  3455  3455 I WifiProJNI: ######### CMD_QUERY_PKTS ########
11-19 01:10:50.030  3455  3899 I QosMonitor: postEventFromNative: msg=100,arg1=0,arg2=9
11-19 01:10:50.030  3455  3899 W WifiProJNI: poll before: g_monitor_fd =157
11-19 01:10:50.030  3455  3455 I MQoS    : rtt=5090,tcp_tx_pkts=4494247,tcp_rx_pkts=6828310
11-19 01:10:50.032  3455  3900 I HuaweiWifiWatchdogStateMachine: PTcp RTT:5090, rtt pkt=11, tcp_rx=92, tcp_tx=79, tcp_reTran=1, rtRate=0.01
11-19 01:10:50.032  3455  3900 I HuaweiWifiWatchdogStateMachine: rt ota tcp rl bad: false, false, false, false; rsth:-75
11-19 01:10:50.033  3455  3900 I HuaweiWifiWatchdogStateMachine:  pkt chk not bad, ### mPktChkBadCnt and sc is 0.
11-19 01:10:50.039  3455  3455 I MQoS    : QOS_level:4(4),wifi-link;use signalLvl:4;RAT:3G-UMTS
11-19 01:10:50.314  3455  3892 E HwCHRWebMonitor: getFileResult throw exceptionjava.io.FileNotFoundException: proc/net/wifi_network_stat: open failed: ENOENT (No such file or directory)
11-19 01:10:51.006  3455  3845 E WifiConfigStore: updateConfiguration freq=2417 BSSID=74:da:38:24:aa:b8 RSSI=-46 "panlid-old"WPA_PSK
11-19 01:10:51.070  3455  3455 I TrafficMonitor: update:rxPkts:39,txPkts:33,rxBytes:15132,txBytes:3344
11-19 01:10:51.070  3455  3455 I TrafficMonitor: start expired. level:-1
11-19 01:10:51.070  3455  3455 I TrafficMonitor: gettimer:interval=2000
11-19 01:10:51.194  3455  3845 E WifiConfigStore: updateConfiguration freq=2417 BSSID=74:da:38:24:aa:b8 RSSI=-46 "panlid-old"WPA_PSK
11-19 01:10:51.455  3966  3966 I NetworkSpeedManagerEx: mIsStop = false
11-19 01:10:51.456  3966  3966 I NetworkSpeedManagerEx:  value = 7844.0
11-19 01:10:51.457  3966  3966 I NetworkSpeedManagerEx: speed = 7.7K/s
11-19 01:10:51.457  3966  3966 I NetworkSpeedView: /update(), speed=7.7K/s
11-19 01:10:51.666  4718  5511 W PhoneStateManager: Maybe it's incorrect, actionID:[null, null, null]
11-19 01:10:51.757  4718  5511 W PhoneStateManager: Maybe it's incorrect, actionID:[null, null, null]
11-19 01:10:51.757 30561 30561 I PackageInstaller: resultcode: 0
11-19 01:10:51.766  2914  3013 I [Gralloc]: alloc w[360] h[642] format[1] usage[819]
11-19 01:10:51.769  2914  3013 I [Gralloc]: alloc succ handle[0x559968ab30] stride[416]
11-19 01:10:51.780 30561 30561 E HandleAdbInstallFlow: can't find valid activity
11-19 01:10:51.783  4738  5920 W System.err: java.lang.SecurityException: getDeviceId: Neither user 10066 nor current process has android.permission.READ_PHONE_STATE.
11-19 01:10:51.783  4738  5920 W System.err: 	at android.app.ContextImpl.enforce(ContextImpl.java:1595)
11-19 01:10:51.783  4738  5920 W System.err: 	at android.app.ContextImpl.enforceCallingOrSelfPermission(ContextImpl.java:1627)
11-19 01:10:51.783  4738  5920 W System.err: 	at android.content.ContextWrapper.enforceCallingOrSelfPermission(ContextWrapper.java:675)
11-19 01:10:51.783  4738  5920 W System.err: 	at android.content.ContextWrapper.enforceCallingOrSelfPermission(ContextWrapper.java:675)
11-19 01:10:51.783  4738  5920 W System.err: 	at com.android.internal.telephony.HwPhoneService.canReadPhoneState(HwPhoneService.java:969)
11-19 01:10:51.783  4738  5920 W System.err: 	at com.android.internal.telephony.HwPhoneService.getUniqueDeviceId(HwPhoneService.java:984)
