11-19 01:11:24.516  3966  3966 I NetworkSpeedManagerEx:  value = 4554.6665
11-19 01:11:24.518  3966  3966 I NetworkSpeedManagerEx: speed = 4.4K/s
11-19 01:11:24.519  3966  3966 I NetworkSpeedView: /update(), speed=4.4K/s
11-19 01:11:24.562 31637 31760 I System.out: [sh]
11-19 01:11:24.562 31637 31760 I System.out: null
11-19 01:11:24.562 31637 31760 I System.out: null
11-19 01:11:24.563 31637 31760 I System.out: Calling by::className:com.upalytics.sdk.ShUtility  MethodName:ˊ
11-19 01:11:24.770 31637 31760 I System.out: [cat, /proc/4767/oom_score_adj]
11-19 01:11:24.770 31637 31760 I System.out: null
11-19 01:11:24.770 31637 31760 I System.out: null
11-19 01:11:24.770 31637 31760 I System.out: Calling by::className:com.upalytics.sdk.Con  MethodName:ˊ
11-19 01:11:24.869 26950 27093 I System.out: [sh]
11-19 01:11:24.870 26950 27093 I System.out: null
11-19 01:11:24.870 26950 27093 I System.out: null
11-19 01:11:24.873 26950 27093 I System.out: Calling by::className:net.beyondapp.basicsdk.a.b  MethodName:a
11-19 01:11:25.050  3455  3845 E WifiConfigStore: updateConfiguration freq=2417 BSSID=74:da:38:24:aa:b8 RSSI=-46 "panlid-old"WPA_PSK
11-19 01:11:25.095  3455  3455 I TrafficMonitor: update:rxPkts:12,txPkts:8,rxBytes:7392,txBytes:416
11-19 01:11:25.095  3455  3455 I TrafficMonitor: start expired. level:-1
11-19 01:11:25.095  3455  3455 I TrafficMonitor: gettimer:interval=2000
11-19 01:11:26.027  3455  3822 W AlarmManager: WAKEUP alarm trigger action = com.zdworks.android.zdclock.ACTION_ALARM_MANAGER_TAG_UPDATE elapsed = 870798154
11-19 01:11:26.045  3455  3822 W AlarmManager: WAKEUP alarm trigger action = null elapsed = 870819026
11-19 01:11:26.056  3455  3845 E WifiConfigStore: updateConfiguration freq=2417 BSSID=74:da:38:24:aa:b8 RSSI=-46 "panlid-old"WPA_PSK
11-19 01:11:26.144  2914 11248 I [Gralloc]: alloc w[16] h[16] format[1] usage[256]
11-19 01:11:26.144  2914 11248 I [Gralloc]: alloc succ handle[0x55996d6f00] stride[32]
11-19 01:11:26.146   452   464 E linker  : readlink('/proc/self/fd/21') failed: Permission denied [fd=21]
11-19 01:11:26.146   452   464 E linker  : warning: unable to get realpath for the library "/system/lib64/hw/gralloc.hi3635.so". Will use given name.
11-19 01:11:26.149   452   464 E linker  : readlink('/proc/self/fd/22') failed: Permission denied [fd=22]
11-19 01:11:26.149   452   464 E linker  : warning: unable to get realpath for the library "libion.so". Will use given name.
11-19 01:11:26.151   452   464 E HAL     : load: id=gralloc != hmi->id=gralloc
11-19 01:11:26.168   452   452 W System  : ClassLoader referenced unknown path: /data/app/com.android.vending-1/lib/arm64
11-19 01:11:26.290  3455  4088 I AccountManagerService: getTypesVisibleToCaller: isPermitted? true
11-19 01:11:26.460  3455  3984 W System.err: java.lang.SecurityException: WifiService: Neither user 10110 nor current process has android.permission.CHANGE_WIFI_STATE.
11-19 01:11:26.470  3455  3984 W System.err: 	at android.app.ContextImpl.enforce(ContextImpl.java:1595)
11-19 01:11:26.470  3455  3984 W System.err: 	at android.app.ContextImpl.enforceCallingOrSelfPermission(ContextImpl.java:1627)
11-19 01:11:26.470  3455  3984 W System.err: 	at com.android.server.wifi.WifiServiceImpl.enforceChangePermission(WifiServiceImpl.java:671)
11-19 01:11:26.470  3455  3984 W System.err: 	at com.android.server.wifi.WifiServiceImpl.getWifiServiceMessenger(WifiServiceImpl.java:1838)
11-19 01:11:26.470  3455  3984 W System.err: 	at android.net.wifi.IWifiManager$Stub.onTransact(IWifiManager.java:558)
11-19 01:11:26.470  3455  3984 W System.err: 	at com.android.server.wifi.HwWifiService.onTransact(HwWifiService.java:267)
11-19 01:11:26.470  3455  3984 W System.err: 	at android.os.Binder.execTransact(Binder.java:453)
11-19 01:11:26.470   452   452 E WifiManager: WifiServiceMessenger == null
11-19 01:11:26.546   452   452 I Finsky  : [1] com.google.android.finsky.services.DailyHygiene.a(238): No need to run daily hygiene.
11-19 01:11:26.561  3455  4088 I AccountManagerService: getTypesVisibleToCaller: isPermitted? true
11-19 01:11:26.571  3455  3455 I MQoS    : onSignal: mSubId=0,currDataSubID=0
11-19 01:11:26.572  3455  3455 I MQoS    : received cell-signal:4
11-19 01:11:26.572  3455  4766 I SendBroadcastPermission: action:android.intent.action.SIG_STR, mPermissionType:0
11-19 01:11:26.579   452   452 W Settings: Setting download_manager_max_bytes_over_mobile has moved from android.provider.Settings.Secure to android.provider.Settings.Global.
11-19 01:11:26.579  3966  4038 I HwCustMobileSignalControllerImpl: subId:0 phoneType:1 networktype:3 targetClass:2 masterLevel:3 slaveLevel:-1
11-19 01:11:26.580   452   452 W Settings: Setting download_manager_recommended_max_bytes_over_mobile has moved from android.provider.Settings.Secure to android.provider.Settings.Global.
11-19 01:11:26.623   452   452 I Finsky  : [1] com.google.android.finsky.utils.bm.a(175): Enabling bucket experiment: factor=2.000, zeroDelta=0ms, forceNetwork=false
11-19 01:11:26.626  3455  4347 I AccountManagerService: getTypesVisibleToCaller: isPermitted? true
11-19 01:11:26.628  3455  4088 I AccountManagerService: getTypesVisibleToCaller: isPermitted? true
11-19 01:11:26.664   452   452 I Finsky  : [1] com.google.android.finsky.utils.dk.onTrimMemory(17): Memory trim requested to level 5
11-19 01:11:26.669  3455  3465 I AccountManagerService: getTypesVisibleToCaller: isPermitted? true
11-19 01:11:26.674  4718 16154 I PgedBinderListener: kstate callback type:8 value1=32173 value2=KILLED
11-19 01:11:26.690   452   452 I Finsky  : [1] com.google.android.finsky.installer.z.a(1287): Installer kick - no action, not running yet
11-19 01:11:26.692  3455  4746 I AccountManagerService: getTypesVisibleToCaller: isPermitted? true
11-19 01:11:26.721   452   452 I Finsky  : [1] com.google.android.finsky.utils.dk.onTrimMemory(17): Memory trim requested to level 80
11-19 01:11:26.722   452   452 I Finsky  : [1] com.google.android.finsky.l.j.run(206): Loaded library for account: [coLrx59RjdQGIZMiSF7XY44dGlo]
11-19 01:11:26.722   452   452 I Finsky  : [1] com.google.android.finsky.l.j.run(212): Finished loading 1 libraries.
11-19 01:11:26.724  2912  2912 E lowmemorykiller: Error writing /proc/32173/oom_score_adj; errno=22
11-19 01:11:26.742  3455  4347 E JavaBinder: !!! FAILED BINDER TRANSACTION !!!  (parcel size = 76)
11-19 01:11:26.742  2912  2912 E lowmemorykiller: Error writing /proc/32173/oom_score_adj; errno=22
11-19 01:11:26.743   452   452 I Finsky  : [1] com.google.android.finsky.c.l.a(250): result=false type=4
11-19 01:11:26.744  3455  4347 E JavaBinder: !!! FAILED BINDER TRANSACTION !!!  (parcel size = 1908)
11-19 01:11:26.794  3455  4696 E HsmCoreServiceImpl: onTransact in code is: 102
11-19 01:11:26.794  3455  4696 I MediaProcessHandler: processOp opType: 1, uid: 10007, pid: 32173
11-19 01:11:26.794  3455  4696 W MediaProcessHandler: remove target not exist, maybe the UI process: uid: 10007, pid: 32173
11-19 01:11:26.797 16721 16721 I WearableService: Wear is not allowed to run on this device. Not starting Wear service.
11-19 01:11:26.799  3455  4150 I AccountManagerService: getTypesVisibleToCaller: isPermitted? true
11-19 01:11:26.808  3455  4347 I AccountManagerService: getTypesVisibleToCaller: isPermitted? true
11-19 01:11:26.812  3455  4696 I AccountManagerService: getTypesVisibleToCaller: isPermitted? true
11-19 01:11:26.814   452   452 I Finsky  : [1] com.google.android.finsky.services.bd.a(1069): Restore complete with 0 success and 0 failed.
11-19 01:11:26.816   452   499 I Finsky  : [49353] com.google.android.finsky.c.e.run(1152): Replicating app states via AMAS.
11-19 01:11:26.816  3455  4766 I AccountManagerService: getTypesVisibleToCaller: isPermitted? true
11-19 01:11:26.831   452   452 E Finsky  : [1] com.google.android.finsky.wear.bp.a(843): onConnectionFailed: ConnectionResult{statusCode=API_UNAVAILABLE, resolution=null, message=null}
11-19 01:11:26.831   452   452 I Finsky  : [1] com.google.android.finsky.wear.an.run(2399): Dropping command=send_installed_apps due to Gms not connected
11-19 01:11:27.054  3455  3845 E WifiConfigStore: updateConfiguration freq=2417 BSSID=74:da:38:24:aa:b8 RSSI=-46 "panlid-old"WPA_PSK
11-19 01:11:27.056  3455  3984 I AccountManagerService: getTypesVisibleToCaller: isPermitted? true
11-19 01:11:27.097  3455  3455 I TrafficMonitor: update:rxPkts:15,txPkts:8,rxBytes:8652,txBytes:416
11-19 01:11:27.097  3455  3455 I TrafficMonitor: start expired. level:-1
11-19 01:11:27.097  3455  3455 I TrafficMonitor: gettimer:interval=2000
11-19 01:11:27.154  4718 18002 I PgedBinderListener: kstate callback type:8 value1=32739 value2=KILLED
11-19 01:11:27.157  4718  4741 I PgedBinderListener: kstate callback type:8 value1=32761 value2=KILLED
11-19 01:11:27.203  2912  2912 E lowmemorykiller: Error writing /proc/32739/oom_score_adj; errno=22
11-19 01:11:27.203  2912  2912 E lowmemorykiller: Error writing /proc/32761/oom_score_adj; errno=22
11-19 01:11:27.206  2914  3013 I [Gralloc]: alloc w[16] h[16] format[1] usage[256]
11-19 01:11:27.206  2914  3013 I [Gralloc]: alloc succ handle[0x55996d6f00] stride[32]
11-19 01:11:27.207   506   518 E linker  : readlink('/proc/self/fd/21') failed: Permission denied [fd=21]
11-19 01:11:27.208   506   518 E linker  : warning: unable to get realpath for the library "/system/lib64/hw/gralloc.hi3635.so". Will use given name.
11-19 01:11:27.209   506   518 E linker  : readlink('/proc/self/fd/21') failed: Permission denied [fd=21]
11-19 01:11:27.210   506   518 E linker  : warning: unable to get realpath for the library "libion.so". Will use given name.
11-19 01:11:27.212   506   518 E HAL     : load: id=gralloc != hmi->id=gralloc
11-19 01:11:27.227   506   506 W System  : ClassLoader referenced unknown path: /system/app/HwInternetAudioService/lib/arm64
11-19 01:11:27.241   506   506 I InternetAudioService: oncreate
11-19 01:11:27.249 31637 31762 W System.err: java.net.SocketTimeoutException: failed to connect to ad.zdworks.com/210.14.154.36 (port 80) after 10000ms
11-19 01:11:27.249 31637 31762 W System.err: 	at libcore.io.IoBridge.connectErrno(IoBridge.java:169)
11-19 01:11:27.249 31637 31762 W System.err: 	at libcore.io.IoBridge.connect(IoBridge.java:122)
11-19 01:11:27.249 31637 31762 W System.err: 	at java.net.PlainSocketImpl.connect(PlainSocketImpl.java:183)
11-19 01:11:27.249 31637 31762 W System.err: 	at java.net.PlainSocketImpl.connect(PlainSocketImpl.java:452)
11-19 01:11:27.249 31637 31762 W System.err: 	at java.net.Socket.connect(Socket.java:938)
11-19 01:11:27.249 31637 31762 W System.err: 	at com.android.okhttp.internal.Platform.connectSocket(Platform.java:117)
11-19 01:11:27.249 31637 31762 W System.err: 	at com.android.okhttp.internal.http.SocketConnector.connectRawSocket(SocketConnector.java:160)
11-19 01:11:27.249 31637 31762 W System.err: 	at com.android.okhttp.internal.http.SocketConnector.connectCleartext(SocketConnector.java:67)
11-19 01:11:27.249 31637 31762 W System.err: 	at com.android.okhttp.Connection.connect(Connection.java:152)
11-19 01:11:27.249 31637 31762 W System.err: 	at com.android.okhttp.Connection.connectAndSetOwner(Connection.java:185)
11-19 01:11:27.249 31637 31762 W System.err: 	at com.android.okhttp.OkHttpClient$1.connectAndSetOwner(OkHttpClient.java:128)
11-19 01:11:27.249 31637 31762 W System.err: 	at com.android.okhttp.internal.http.HttpEngine.nextConnection(HttpEngine.java:341)
11-19 01:11:27.249 31637 31762 W System.err: 	at com.android.okhttp.internal.http.HttpEngine.connect(HttpEngine.java:330)
11-19 01:11:27.249 31637 31762 W System.err: 	at com.android.okhttp.internal.http.HttpEngine.sendRequest(HttpEngine.java:248)
11-19 01:11:27.249 31637 31762 W System.err: 	at com.android.okhttp.internal.huc.HttpURLConnectionImpl.execute(HttpURLConnectionImpl.java:433)
11-19 01:11:27.249 31637 31762 W System.err: 	at com.android.okhttp.internal.huc.HttpURLConnectionImpl.connect(HttpURLConnectionImpl.java:114)
11-19 01:11:27.249 31637 31762 W System.err: 	at com.zdworks.a.a.b.k.e(Unknown Source)
11-19 01:11:27.249 31637 31762 W System.err: 	at com.zdworks.a.a.b.k.f(Unknown Source)
11-19 01:11:27.249 31637 31762 W System.err: 	at com.zdworks.android.zdclock.b.b.a(Unknown Source)
11-19 01:11:27.249 31637 31762 W System.err: 	at com.zdworks.android.zdclock.logic.impl.am.c(Unknown Source)
11-19 01:11:27.249 31637 31762 W System.err: 	at com.zdworks.android.zdcalendar.service.f.run(Unknown Source)
11-19 01:11:27.249 31637 31762 W System.err: 	at java.lang.Thread.run(Thread.java:833)
11-19 01:11:27.252   506   506 I InternetAudioService: default pkg name is null , then we set HW_MUSIC
11-19 01:11:27.253   506   506 I InternetAudioService: pkg name is: com.android.mediacenter
11-19 01:11:27.254   506   506 I SendBroadcastPermission: action:null.imcs.action.MUSIC_CONTROL, mPermissionType:0
11-19 01:11:27.263  2914  5968 I [Gralloc]: alloc w[16] h[16] format[1] usage[256]
11-19 01:11:27.263  2914  5968 I [Gralloc]: alloc succ handle[0x55996d6f00] stride[32]
11-19 01:11:27.265   519   533 E linker  : readlink('/proc/self/fd/21') failed: Permission denied [fd=21]
11-19 01:11:27.265   519   533 E linker  : warning: unable to get realpath for the library "/system/lib64/hw/gralloc.hi3635.so". Will use given name.
11-19 01:11:27.266   519   533 E linker  : readlink('/proc/self/fd/21') failed: Permission denied [fd=21]
11-19 01:11:27.266   519   533 E linker  : warning: unable to get realpath for the library "libion.so". Will use given name.
11-19 01:11:27.268   519   533 E HAL     : load: id=gralloc != hmi->id=gralloc
11-19 01:11:27.274  2912  2912 E lowmemorykiller: Error opening /proc/32739/oom_score_adj; errno=2
11-19 01:11:27.296  3455  4347 E HsmCoreServiceImpl: onTransact in code is: 102
11-19 01:11:27.296  3455  4347 I MediaProcessHandler: processOp opType: 1, uid: 10029, pid: 32761
11-19 01:11:27.296  3455  4347 W MediaProcessHandler: remove target not exist, maybe the UI process: uid: 10029, pid: 32761
11-19 01:11:27.297  3455  3465 E HsmCoreServiceImpl: onTransact in code is: 102
11-19 01:11:27.297  3455  3465 I MediaProcessHandler: processOp opType: 1, uid: 10037, pid: 32739
11-19 01:11:27.297  3455  3465 W MediaProcessHandler: remove target not exist, maybe the UI process: uid: 10037, pid: 32739
11-19 01:11:27.298   452   452 I Finsky  : [1] com.google.android.finsky.utils.dk.onTrimMemory(17): Memory trim requested to level 10
11-19 01:11:27.321  2949  2949 E Thermal-daemon: [charger_ic] temp_new :32  temp_old :33
11-19 01:11:27.321  2949  2949 E Thermal-daemon: Report temperature: [charger_ic] temp :32  report_threshold:1
11-19 01:11:27.365  3455  3845 E WifiConfigStore: updateConfiguration freq=2417 BSSID=74:da:38:24:aa:b8 RSSI=-46 "panlid-old"WPA_PSK
11-19 01:11:27.511  3455  3892 E HwCHRWebMonitor: getFileResult throw exceptionjava.io.FileNotFoundException: proc/net/wifi_network_stat: open failed: ENOENT (No such file or directory)
11-19 01:11:27.521  3966  3966 I NetworkSpeedManagerEx: mIsStop = false
11-19 01:11:27.522  3966  3966 I NetworkSpeedManagerEx:  value = 4568.0
11-19 01:11:27.523  3966  3966 I NetworkSpeedManagerEx: speed = 4.5K/s
11-19 01:11:27.523  3966  3966 I NetworkSpeedView: /update(), speed=4.5K/s
11-19 01:11:27.551   519   519 W linker  : /data/app/com.google.android.gms-2/lib/arm64/libgmscore.so: unused DT entry: type 0x7ffffffd arg 0x885
11-19 01:11:27.573   519   519 W linker  : /data/app/com.google.android.gms-2/lib/arm64/libconscrypt_gmscore_jni.so: unused DT entry: type 0x1d arg 0x80
11-19 01:11:27.573   519   519 W linker  : /data/app/com.google.android.gms-2/lib/arm64/libconscrypt_gmscore_jni.so: unused DT entry: type 0x7ffffffd arg 0x169
11-19 01:11:27.607   519   519 I art     : Rejecting re-init on previously-failed class java.lang.Class<com.google.android.gms.org.conscrypt.OpenSSLExtendedSessionImpl>
11-19 01:11:27.607   519   519 I art     : Rejecting re-init on previously-failed class java.lang.Class<com.google.android.gms.org.conscrypt.OpenSSLExtendedSessionImpl>
11-19 01:11:27.650   519   519 I ProviderInstaller: Installed default security provider GmsCore_OpenSSL
11-19 01:11:27.770  4718 16978 I PgedBinderListener: kstate callback type:8 value1=317 value2=KILLED
11-19 01:11:27.852  3455  3465 E HsmCoreServiceImpl: onTransact in code is: 102
11-19 01:11:27.852  3455  3465 I MediaProcessHandler: processOp opType: 1, uid: 10124, pid: 317
11-19 01:11:27.852  3455  3465 W MediaProcessHandler: remove target not exist, maybe the UI process: uid: 10124, pid: 317
11-19 01:11:27.876   452   452 I Finsky  : [1] com.google.android.finsky.utils.dk.onTrimMemory(17): Memory trim requested to level 10
11-19 01:11:28.057  3455  3845 E WifiConfigStore: updateConfiguration freq=2417 BSSID=74:da:38:24:aa:b8 RSSI=-46 "panlid-old"WPA_PSK
11-19 01:11:28.094  3455  3455 I TrafficMonitor: expired arrive. level:-1
11-19 01:11:28.095  3455  3455 I TrafficMonitor: during_ms:2001,period_ms:2000
11-19 01:11:28.095  3455  3455 I TrafficMonitor: count:973,rx_sum:15,tx_sum:8,rxBytes:8652,during_ms:2001,rx_speed:4323.83808095952,tx_speed:207.896051974013,rto:1.875
11-19 01:11:28.398   452   485 I System  : core_booster, getBoosterConfig = false
11-19 01:11:28.592  7429  7467 I Bluetooth: HeadsetStateMachine:Disconnected process message: 10, size: 0
11-19 01:11:28.593  4755  7752 I HwPowerMonitor.PowerExceptionObservable: unhandled onEvent actionID: 3002
11-19 01:11:28.593  4755  7752 W HwPowerMonitor.DayActObserver: mModemLogStatsTimes = 0, ModemLogState = 0
11-19 01:11:28.593  4755  7752 W HwPowerMonitor.DayActObserver: BAT_CHANGED, mIsScrnOffBatStatsEnabled = true, mIsCharging = true, mIsScrnOfBatDropMonitorStart = false
11-19 01:11:29.056  3455  3845 E WifiConfigStore: updateConfiguration freq=2417 BSSID=74:da:38:24:aa:b8 RSSI=-46 "panlid-old"WPA_PSK
11-19 01:11:29.101  3455  3455 I TrafficMonitor: update:rxPkts:18,txPkts:11,rxBytes:9562,txBytes:612
11-19 01:11:29.101  3455  3455 I TrafficMonitor: start expired. level:-1
11-19 01:11:29.101  3455  3455 I TrafficMonitor: gettimer:interval=2000
11-19 01:11:30.059  3455  3845 E WifiConfigStore: updateConfiguration freq=2417 BSSID=74:da:38:24:aa:b8 RSSI=-46 "panlid-old"WPA_PSK
11-19 01:11:30.066  3455  3900 I HuaweiWifiWatchdogStateMachine: spd good count:23.09, add sc:0.0, rate:0.6
11-19 01:11:30.066  3455  3900 I HuaweiWifiWatchdogStateMachine: current mHighDataFlowRate = 0.78000003
11-19 01:11:30.066  3455  3900 I HuaweiWifiWatchdogStateMachine: POta txb txg rxg:0, 28, 0. Lr =0% Totpkt=28
11-19 01:11:30.068  3455  3455 I WifiProJNI: ######### CMD_QUERY_PKTS ########
11-19 01:11:30.069  3455  3899 I QosMonitor: postEventFromNative: msg=100,arg1=0,arg2=9
11-19 01:11:30.069  3455  3899 W WifiProJNI: poll before: g_monitor_fd =157
11-19 01:11:30.069  3455  3455 I MQoS    : rtt=1640,tcp_tx_pkts=4494579,tcp_rx_pkts=6828692
11-19 01:11:30.072  3455  3900 I HuaweiWifiWatchdogStateMachine: PTcp RTT:0, rtt pkt=0, tcp_rx=56, tcp_tx=36, tcp_reTran=4, rtRate=0.11
11-19 01:11:30.072  3455  3900 I HuaweiWifiWatchdogStateMachine: rt ota tcp rl bad: false, false, false, false; rsth:-75
11-19 01:11:30.073  3455  3900 I HuaweiWifiWatchdogStateMachine:  pkt chk not bad, ### mPktChkBadCnt and sc is 0.
11-19 01:11:30.075  3455  3455 I MQoS    : QOS_level:4(4),wifi-link;use signalLvl:4;RAT:3G-UMTS
11-19 01:11:30.382  3455  3845 E WifiConfigStore: updateConfiguration freq=2417 BSSID=74:da:38:24:aa:b8 RSSI=-46 "panlid-old"WPA_PSK
11-19 01:11:30.527  3966  3966 I NetworkSpeedManagerEx: mIsStop = false
11-19 01:11:30.531  3966  3966 I NetworkSpeedManagerEx:  value = 4243.3335
11-19 01:11:30.533  3966  3966 I NetworkSpeedManagerEx: speed = 4.1K/s
11-19 01:11:30.534  3966  3966 I NetworkSpeedView: /update(), speed=4.1K/s
11-19 01:11:31.054  3455  3845 E WifiConfigStore: updateConfiguration freq=2417 BSSID=74:da:38:24:aa:b8 RSSI=-46 "panlid-old"WPA_PSK
11-19 01:11:31.103  3455  3455 I TrafficMonitor: update:rxPkts:14,txPkts:9,rxBytes:8624,txBytes:468
11-19 01:11:31.103  3455  3455 I TrafficMonitor: start expired. level:-1
11-19 01:11:31.103  3455  3455 I TrafficMonitor: gettimer:interval=2000
11-19 01:11:32.066  3455  3845 E WifiConfigStore: updateConfiguration freq=2417 BSSID=74:da:38:24:aa:b8 RSSI=-46 "panlid-old"WPA_PSK
11-19 01:11:32.564  3455  3892 E HwCHRWebMonitor: getFileResult throw exceptionjava.io.FileNotFoundException: proc/net/wifi_network_stat: open failed: ENOENT (No such file or directory)
11-19 01:11:32.582  3455  3455 I MQoS    : onSignal: mSubId=0,currDataSubID=0
11-19 01:11:32.582  3455  3455 I MQoS    : received cell-signal:4
11-19 01:11:32.585  3455  3465 I SendBroadcastPermission: action:android.intent.action.SIG_STR, mPermissionType:0
11-19 01:11:32.607  3966  4038 I HwCustMobileSignalControllerImpl: subId:0 phoneType:1 networktype:3 targetClass:2 masterLevel:3 slaveLevel:-1
11-19 01:11:33.063  3455  3845 E WifiConfigStore: updateConfiguration freq=2417 BSSID=74:da:38:24:aa:b8 RSSI=-46 "panlid-old"WPA_PSK
11-19 01:11:33.107  3455  3455 I TrafficMonitor: update:rxPkts:15,txPkts:14,rxBytes:9240,txBytes:776
11-19 01:11:33.107  3455  3455 I TrafficMonitor: start expired. level:-1
11-19 01:11:33.107  3455  3455 I TrafficMonitor: gettimer:interval=2000
11-19 01:11:33.391  3455  3845 E WifiConfigStore: updateConfiguration freq=2417 BSSID=74:da:38:24:aa:b8 RSSI=-46 "panlid-old"WPA_PSK
11-19 01:11:33.523   452   485 I System  : core_booster, getBoosterConfig = false
11-19 01:11:33.536  3966  3966 I NetworkSpeedManagerEx: mIsStop = false
11-19 01:11:33.537  3966  3966 I NetworkSpeedManagerEx:  value = 5290.6665
11-19 01:11:33.538  3966  3966 I NetworkSpeedManagerEx: speed = 5.2K/s
11-19 01:11:33.538  3966  3966 I NetworkSpeedView: /update(), speed=5.2K/s
11-19 01:11:34.071  3455  3845 E WifiConfigStore: updateConfiguration freq=2417 BSSID=74:da:38:24:aa:b8 RSSI=-46 "panlid-old"WPA_PSK
11-19 01:11:34.101  3455  3455 I TrafficMonitor: expired arrive. level:-1
11-19 01:11:34.101  3455  3455 I TrafficMonitor: during_ms:2003,period_ms:2000
11-19 01:11:34.101  3455  3455 I TrafficMonitor: count:976,rx_sum:15,tx_sum:14,rxBytes:9240,during_ms:2003,rx_speed:4613.080379430853,tx_speed:387.41887169246127,rto:1.0714285714285714
11-19 01:11:34.567 31637 31760 I System.out: [sh]
11-19 01:11:34.567 31637 31760 I System.out: null
11-19 01:11:34.567 31637 31760 I System.out: null
11-19 01:11:34.568 31637 31760 I System.out: Calling by::className:com.upalytics.sdk.ShUtility  MethodName:ˊ
11-19 01:11:34.787 31637 31760 I System.out: [cat, /proc/4767/oom_score_adj]
11-19 01:11:34.787 31637 31760 I System.out: null
11-19 01:11:34.787 31637 31760 I System.out: null
11-19 01:11:34.787 31637 31760 I System.out: Calling by::className:com.upalytics.sdk.Con  MethodName:ˊ
11-19 01:11:34.940 31637 31726 I System  : core_booster, getBoosterConfig = false
11-19 01:11:35.014 31637 31727 I System  : core_booster, getBoosterConfig = false
11-19 01:11:35.067  3455  3845 E WifiConfigStore: updateConfiguration freq=2417 BSSID=74:da:38:24:aa:b8 RSSI=-46 "panlid-old"WPA_PSK
11-19 01:11:35.110  3455  3455 I TrafficMonitor: update:rxPkts:13,txPkts:11,rxBytes:8008,txBytes:572
11-19 01:11:35.111  3455  3455 I TrafficMonitor: start expired. level:-1
11-19 01:11:35.111  3455  3455 I TrafficMonitor: gettimer:interval=2000
11-19 01:11:36.066  3455  3845 E WifiConfigStore: updateConfiguration freq=2417 BSSID=74:da:38:24:aa:b8 RSSI=-46 "panlid-old"WPA_PSK
11-19 01:11:36.409  3455  3845 E WifiConfigStore: updateConfiguration freq=2417 BSSID=74:da:38:24:aa:b8 RSSI=-46 "panlid-old"WPA_PSK
11-19 01:11:36.542  3966  3966 I NetworkSpeedManagerEx: mIsStop = false
11-19 01:11:36.545  3966  3966 I NetworkSpeedManagerEx:  value = 4349.3335
11-19 01:11:36.547  3966  3966 I NetworkSpeedManagerEx: speed = 4.2K/s
11-19 01:11:36.547  3966  3966 I NetworkSpeedView: /update(), speed=4.2K/s
11-19 01:11:37.062  3455  3845 E WifiConfigStore: updateConfiguration freq=2417 BSSID=74:da:38:24:aa:b8 RSSI=-46 "panlid-old"WPA_PSK
11-19 01:11:37.112  3455  3455 I TrafficMonitor: update:rxPkts:14,txPkts:9,rxBytes:8624,txBytes:468
11-19 01:11:37.112  3455  3455 I TrafficMonitor: start expired. level:-1
11-19 01:11:37.112  3455  3455 I TrafficMonitor: gettimer:interval=2000
11-19 01:11:37.329  2949  2949 E Thermal-daemon: [ap] temp_new :33  temp_old :34
11-19 01:11:37.329  2949  2949 E Thermal-daemon: Report temperature: [ap] temp :33  report_threshold:1
11-19 01:11:37.605  3455  3892 E HwCHRWebMonitor: getFileResult throw exceptionjava.io.FileNotFoundException: proc/net/wifi_network_stat: open failed: ENOENT (No such file or directory)
11-19 01:11:38.076  3455  3845 E WifiConfigStore: updateConfiguration freq=2417 BSSID=74:da:38:24:aa:b8 RSSI=-46 "panlid-old"WPA_PSK
11-19 01:11:38.084  3455  3900 I HuaweiWifiWatchdogStateMachine: spd good count:23.09, add sc:0.0, rate:0.6
11-19 01:11:38.084  3455  3900 I HuaweiWifiWatchdogStateMachine: current mHighDataFlowRate = 0.8
11-19 01:11:38.084  3455  3900 I HuaweiWifiWatchdogStateMachine: POta txb txg rxg:0, 30, 0. Lr =0% Totpkt=30
11-19 01:11:38.085  3455  3455 I WifiProJNI: ######### CMD_QUERY_PKTS ########
11-19 01:11:38.086  3455  3899 I QosMonitor: postEventFromNative: msg=100,arg1=0,arg2=9
11-19 01:11:38.086  3455  3899 W WifiProJNI: poll before: g_monitor_fd =157
11-19 01:11:38.086  3455  3455 I MQoS    : rtt=1640,tcp_tx_pkts=4494625,tcp_rx_pkts=6828749
11-19 01:11:38.088  3455  3900 I HuaweiWifiWatchdogStateMachine: PTcp RTT:0, rtt pkt=0, tcp_rx=57, tcp_tx=46, tcp_reTran=8, rtRate=0.17
11-19 01:11:38.088  3455  3900 I HuaweiWifiWatchdogStateMachine: rt ota tcp rl bad: false, false, false, false; rsth:-75
11-19 01:11:38.089  3455  3900 I HuaweiWifiWatchdogStateMachine:  pkt chk not bad, ### mPktChkBadCnt and sc is 0.
11-19 01:11:38.095  3455  3455 I MQoS    : QOS_level:4(4),wifi-link;use signalLvl:4;RAT:3G-UMTS
11-19 01:11:38.558   452   452 I Finsky  : [1] com.google.android.finsky.c.c.a(314): Completed 1 account content syncs with 0 successful.
11-19 01:11:38.559   452   452 I Finsky  : [1] com.google.android.finsky.services.j.a(155): Installation state replication failed.
11-19 01:11:38.563   452   452 I Finsky  : [1] com.google.android.finsky.services.j.a(161): Scheduling replication attempt 1.
11-19 01:11:38.567   452   452 I HwCust  : Constructor found for class android.app.HwCustAlarmManagerImpl
11-19 01:11:38.583   452   452 I Finsky  : [1] com.google.android.finsky.utils.dk.onTrimMemory(17): Memory trim requested to level 60
11-19 01:11:39.077  3455  3845 E WifiConfigStore: updateConfiguration freq=2417 BSSID=74:da:38:24:aa:b8 RSSI=-46 "panlid-old"WPA_PSK
11-19 01:11:39.115  3455  3455 I TrafficMonitor: update:rxPkts:17,txPkts:10,rxBytes:10472,txBytes:520
11-19 01:11:39.115  3455  3455 I TrafficMonitor: start expired. level:-1
11-19 01:11:39.116  3455  3455 I TrafficMonitor: gettimer:interval=2000
11-19 01:11:39.427  3455  3845 E WifiConfigStore: updateConfiguration freq=2417 BSSID=74:da:38:24:aa:b8 RSSI=-46 "panlid-old"WPA_PSK
11-19 01:11:39.551  3966  3966 I NetworkSpeedManagerEx: mIsStop = false
11-19 01:11:39.552  3966  3966 I NetworkSpeedManagerEx:  value = 4537.3335
11-19 01:11:39.553  3966  3966 I NetworkSpeedManagerEx: speed = 4.4K/s
11-19 01:11:39.553  3966  3966 I NetworkSpeedView: /update(), speed=4.4K/s
11-19 01:11:40.075  3455  3845 E WifiConfigStore: updateConfiguration freq=2417 BSSID=74:da:38:24:aa:b8 RSSI=-46 "panlid-old"WPA_PSK
11-19 01:11:40.111  3455  3455 I TrafficMonitor: expired arrive. level:-1
11-19 01:11:40.112  3455  3455 I TrafficMonitor: during_ms:2003,period_ms:2000
11-19 01:11:40.112  3455  3455 I TrafficMonitor: count:979,rx_sum:17,tx_sum:10,rxBytes:10472,during_ms:2003,rx_speed:5228.157763354967,tx_speed:259.61058412381425,rto:1.7
11-19 01:11:41.078  3455  3845 E WifiConfigStore: updateConfiguration freq=2417 BSSID=74:da:38:24:aa:b8 RSSI=-46 "panlid-old"WPA_PSK
11-19 01:11:41.119  3455  3455 I TrafficMonitor: update:rxPkts:11,txPkts:7,rxBytes:6188,txBytes:388
11-19 01:11:41.119  3455  3455 I TrafficMonitor: start expired. level:-1
11-19 01:11:41.119  3455  3455 I TrafficMonitor: gettimer:interval=2000
11-19 01:11:42.073  3455  3845 E WifiConfigStore: updateConfiguration freq=2417 BSSID=74:da:38:24:aa:b8 RSSI=-46 "panlid-old"WPA_PSK
11-19 01:11:42.331  2949  2949 E Thermal-daemon: [pa_0] temp_new :29  temp_old :28
11-19 01:11:42.331  2949  2949 E Thermal-daemon: Report temperature: [pa_0] temp :29  report_threshold:1
11-19 01:11:42.446  3455  3845 E WifiConfigStore: updateConfiguration freq=2417 BSSID=74:da:38:24:aa:b8 RSSI=-46 "panlid-old"WPA_PSK
11-19 01:11:42.557  3966  3966 I NetworkSpeedManagerEx: mIsStop = false
11-19 01:11:42.560  3966  3966 I NetworkSpeedManagerEx:  value = 5325.3335
11-19 01:11:42.562  3966  3966 I NetworkSpeedManagerEx: speed = 5.2K/s
11-19 01:11:42.562  3966  3966 I NetworkSpeedView: /update(), speed=5.2K/s
11-19 01:11:42.652  3455  3892 E HwCHRWebMonitor: getFileResult throw exceptionjava.io.FileNotFoundException: proc/net/wifi_network_stat: open failed: ENOENT (No such file or directory)
11-19 01:11:43.070  3455  3845 E WifiConfigStore: updateConfiguration freq=2417 BSSID=74:da:38:24:aa:b8 RSSI=-46 "panlid-old"WPA_PSK
11-19 01:11:43.121  3455  3455 I TrafficMonitor: update:rxPkts:17,txPkts:17,rxBytes:10472,txBytes:932
11-19 01:11:43.121  3455  3455 I TrafficMonitor: start expired. level:-1
11-19 01:11:43.121  3455  3455 I TrafficMonitor: gettimer:interval=2000
11-19 01:11:44.080  3455  3845 E WifiConfigStore: updateConfiguration freq=2417 BSSID=74:da:38:24:aa:b8 RSSI=-46 "panlid-old"WPA_PSK
11-19 01:11:44.567 31637 31760 I System.out: [sh]
11-19 01:11:44.567 31637 31760 I System.out: null
11-19 01:11:44.567 31637 31760 I System.out: null
11-19 01:11:44.567 31637 31760 I System.out: Calling by::className:com.upalytics.sdk.ShUtility  MethodName:ˊ
11-19 01:11:44.800 31637 31760 I System.out: [cat, /proc/4767/oom_score_adj]
11-19 01:11:44.800 31637 31760 I System.out: null
11-19 01:11:44.800 31637 31760 I System.out: null
11-19 01:11:44.800 31637 31760 I System.out: Calling by::className:com.upalytics.sdk.Con  MethodName:ˊ
11-19 01:11:44.870 26950 27093 I System.out: [sh]
11-19 01:11:44.870 26950 27093 I System.out: null
11-19 01:11:44.870 26950 27093 I System.out: null
11-19 01:11:44.870 26950 27093 I System.out: Calling by::className:net.beyondapp.basicsdk.a.b  MethodName:a
11-19 01:11:45.077  3455  3845 E WifiConfigStore: updateConfiguration freq=2417 BSSID=74:da:38:24:aa:b8 RSSI=-46 "panlid-old"WPA_PSK
11-19 01:11:45.123  3455  3455 I TrafficMonitor: update:rxPkts:13,txPkts:10,rxBytes:8008,txBytes:520
11-19 01:11:45.123  3455  3455 I TrafficMonitor: start expired. level:-1
11-19 01:11:45.123  3455  3455 I TrafficMonitor: gettimer:interval=2000
11-19 01:11:45.456  3455  3845 E WifiConfigStore: updateConfiguration freq=2417 BSSID=74:da:38:24:aa:b8 RSSI=-45 "panlid-old"WPA_PSK
11-19 01:11:45.565  3966  3966 I NetworkSpeedManagerEx: mIsStop = false
11-19 01:11:45.566  3966  3966 I NetworkSpeedManagerEx:  value = 4190.6665
11-19 01:11:45.567  3966  3966 I NetworkSpeedManagerEx: speed = 4.1K/s
11-19 01:11:45.567  3966  3966 I NetworkSpeedView: /update(), speed=4.1K/s
11-19 01:11:46.087  3455  3845 E WifiConfigStore: updateConfiguration freq=2417 BSSID=74:da:38:24:aa:b8 RSSI=-46 "panlid-old"WPA_PSK
11-19 01:11:46.097  3455  3900 I HuaweiWifiWatchdogStateMachine: spd good count:23.09, add sc:0.0, rate:0.6
11-19 01:11:46.097  3455  3900 I HuaweiWifiWatchdogStateMachine: current mHighDataFlowRate = 0.82000005
11-19 01:11:46.097  3455  3900 I HuaweiWifiWatchdogStateMachine: POta txb txg rxg:0, 37, 0. Lr =0% Totpkt=37
11-19 01:11:46.098  3455  3455 I WifiProJNI: ######### CMD_QUERY_PKTS ########
11-19 01:11:46.099  3455  3899 I QosMonitor: postEventFromNative: msg=100,arg1=0,arg2=9
11-19 01:11:46.099  3455  3899 W WifiProJNI: poll before: g_monitor_fd =157
11-19 01:11:46.100  3455  3455 I MQoS    : rtt=1640,tcp_tx_pkts=4494673,tcp_rx_pkts=6828807
11-19 01:11:46.103  3455  3900 I HuaweiWifiWatchdogStateMachine: PTcp RTT:0, rtt pkt=0, tcp_rx=58, tcp_tx=48, tcp_reTran=2, rtRate=0.04
11-19 01:11:46.104  3455  3900 I HuaweiWifiWatchdogStateMachine: rt ota tcp rl bad: false, false, false, false; rsth:-75
11-19 01:11:46.104  3455  3900 I HuaweiWifiWatchdogStateMachine:  pkt chk not bad, ### mPktChkBadCnt and sc is 0.
11-19 01:11:46.107  3455  3455 I MQoS    : QOS_level:4(4),wifi-link;use signalLvl:4;RAT:3G-UMTS
11-19 01:11:46.120  3455  3455 I TrafficMonitor: expired arrive. level:-1
11-19 01:11:46.120  3455  3455 I TrafficMonitor: during_ms:2002,period_ms:2000
11-19 01:11:46.120  3455  3455 I TrafficMonitor: count:982,rx_sum:13,tx_sum:10,rxBytes:8008,during_ms:2002,rx_speed:4000.0000000000005,tx_speed:259.7402597402598,rto:1.3
11-19 01:11:47.088  3455  3845 E WifiConfigStore: updateConfiguration freq=2417 BSSID=74:da:38:24:aa:b8 RSSI=-46 "panlid-old"WPA_PSK
11-19 01:11:47.127  3455  3455 I TrafficMonitor: update:rxPkts:17,txPkts:17,rxBytes:10472,txBytes:956
11-19 01:11:47.127  3455  3455 I TrafficMonitor: start expired. level:-1
11-19 01:11:47.127  3455  3455 I TrafficMonitor: gettimer:interval=2000
11-19 01:11:47.336  2949  2949 E Thermal-daemon: [charger_ic] temp_new :31  temp_old :32
11-19 01:11:47.336  2949  2949 E Thermal-daemon: Report temperature: [charger_ic] temp :31  report_threshold:1
11-19 01:11:47.337  2949  2949 E Thermal-daemon: [ap] temp_new :32  temp_old :33
11-19 01:11:47.337  2949  2949 E Thermal-daemon: Report temperature: [ap] temp :32  report_threshold:1
