11-19 01:11:09.832 32173 32456 E BaseAppContext: Tried to stop global GMSCore RequestQueue. This is likely unintended, so ignoring.
11-19 01:11:10.008 32173 32479 W IcingInternalCorpora: getNumBytesRead when not calculated.
11-19 01:11:10.035  3455  3845 E WifiConfigStore: updateConfiguration freq=2417 BSSID=74:da:38:24:aa:b8 RSSI=-45 "panlid-old"WPA_PSK
11-19 01:11:10.080  3455  3455 I TrafficMonitor: expired arrive. level:-1
11-19 01:11:10.080  3455  3455 I TrafficMonitor: during_ms:2002,period_ms:2000
11-19 01:11:10.080  3455  3455 I TrafficMonitor: count:964,rx_sum:14,tx_sum:13,rxBytes:8100,during_ms:2002,rx_speed:4045.9540459540463,tx_speed:337.6623376623377,rto:1.0769230769230769
11-19 01:11:10.107 32173 32479 I SendBroadcastPermission: action:com.google.android.gms.icing.action.CONTACT_CHANGED, mPermissionType:0
11-19 01:11:10.172 32173 32448 I Icing   : MaintenanceDriver: Registering all GCM Tasks.
11-19 01:11:10.202 32173 32448 W InstanceID/Rpc: Found 10007
11-19 01:11:10.205  3455  3464 I art     : Background partial concurrent mark sweep GC freed 56819(4MB) AllocSpace objects, 16(796KB) LOS objects, 16% free, 62MB/74MB, paused 3.347ms total 288.391ms
11-19 01:11:10.209 32173 32448 I SendBroadcastPermission: action:com.google.android.gms.gcm.ACTION_SCHEDULE, mPermissionType:0
11-19 01:11:10.231 32173 32448 I DynamiteModule: Considering local module com.google.android.gms.googlecertificates:2 and remote module com.google.android.gms.googlecertificates:2
11-19 01:11:10.231 32173 32448 I DynamiteModule: Selected remote version of com.google.android.gms.googlecertificates, version >= 2
11-19 01:11:10.425  3455  4676 I AccountManagerService: getTypesVisibleToCaller: isPermitted? true
11-19 01:11:10.480 32173 32448 I Icing   : updateResources: need to parse rtx{com.google.android.gms}
11-19 01:11:10.580 32418 32418 I MemoryTrimmer: Trimming objects from memory, since app is in the background.
11-19 01:11:10.715  3455  4696 I AccountManagerService: getTypesVisibleToCaller: isPermitted? false
11-19 01:11:10.741 32418 32490 I UpdateIcingCorporaServi: Updating corpora: APPS=com.lunwing.radio, CONTACTS=MAYBE
11-19 01:11:10.776 32173 32448 I Icing   : Internal init done: storage state 0
11-19 01:11:10.820 32173 32448 I Icing   : Post-init done
11-19 01:11:10.924 25046 25046 W art     : Verification of void com.facebook.pkg.event.PackageEventBroadcastReceiver.<clinit>() took 116.756ms
11-19 01:11:10.933 32173 32448 I Icing   : Usage reports 0 indexed 0 rejected 0 imm upload false
11-19 01:11:10.942 32173 32448 I Icing   : Usage reports 0 indexed 0 rejected 0 imm upload false
11-19 01:11:10.955 32418 32488 I SendBroadcastPermission: action:com.google.android.googlequicksearchbox.ALWAYS_ON_DSP_INTERACTOR_FLAG_CHANGED, mPermissionType:0
11-19 01:11:11.035  3455  3845 E WifiConfigStore: updateConfiguration freq=2417 BSSID=74:da:38:24:aa:b8 RSSI=-45 "panlid-old"WPA_PSK
11-19 01:11:11.062  3455  4744 I AccountManagerService: getTypesVisibleToCaller: isPermitted? true
11-19 01:11:11.065 31580 31580 I Finsky  : [1] com.google.android.finsky.utils.PermissionPolicies$PermissionPolicyService.onStartCommand(115): post-install permissions check for com.lunwing.radio
11-19 01:11:11.083 16721 16721 I WearableService: Wear is not allowed to run on this device. Not starting Wear service.
11-19 01:11:11.084  3455  3455 I TrafficMonitor: update:rxPkts:15,txPkts:14,rxBytes:8652,txBytes:728
11-19 01:11:11.084  3455  3455 I TrafficMonitor: start expired. level:-1
11-19 01:11:11.084  3455  3455 I TrafficMonitor: gettimer:interval=2000
11-19 01:11:11.086  3455  3984 I AccountManagerService: getTypesVisibleToCaller: isPermitted? true
11-19 01:11:11.089 31580 31580 I Finsky  : [1] com.google.android.finsky.utils.bj.run(2299): Package state data is missing for com.lunwing.radio
11-19 01:11:11.089 32173 32448 I Icing   : Usage reports 0 indexed 0 rejected 0 imm upload true
11-19 01:11:11.122 32418 32490 I UpdateIcingCorporaServi: UpdateCorporaTask done [took 380 ms] updated apps [took 380 ms] 
11-19 01:11:11.127 32418 32418 I MemoryTrimmer: Trimming objects from memory, since app is in the background.
11-19 01:11:11.141 31580 31580 E Finsky  : [1] com.google.android.finsky.wear.bp.a(843): onConnectionFailed: ConnectionResult{statusCode=API_UNAVAILABLE, resolution=null, message=null}
11-19 01:11:11.142 31580 31580 I Finsky  : [1] com.google.android.finsky.wear.an.run(2399): Dropping command=send_installed_apps due to Gms not connected
11-19 01:11:11.147 31580 31580 I Finsky  : [1] com.google.android.finsky.utils.dk.onTrimMemory(17): Memory trim requested to level 60
11-19 01:11:11.183  4718  4741 I PgedBinderListener: kstate callback type:8 value1=32243 value2=KILLED
11-19 01:11:11.184  4718 16153 I PgedBinderListener: kstate callback type:8 value1=32125 value2=KILLED
11-19 01:11:11.235  2912  2912 E lowmemorykiller: Error writing /proc/32243/oom_score_adj; errno=22
11-19 01:11:11.235  2912  2912 E lowmemorykiller: Error writing /proc/32125/oom_score_adj; errno=22
11-19 01:11:11.239  2914  3875 I [Gralloc]: alloc w[16] h[16] format[1] usage[256]
11-19 01:11:11.239  2914  3875 I [Gralloc]: alloc succ handle[0x55996d6f00] stride[32]
11-19 01:11:11.240 32504 32516 E linker  : readlink('/proc/self/fd/21') failed: Permission denied [fd=21]
11-19 01:11:11.240 32504 32516 E linker  : warning: unable to get realpath for the library "/system/lib64/hw/gralloc.hi3635.so". Will use given name.
11-19 01:11:11.242 32504 32516 E linker  : readlink('/proc/self/fd/21') failed: Permission denied [fd=21]
11-19 01:11:11.242 32504 32516 E linker  : warning: unable to get realpath for the library "libion.so". Will use given name.
11-19 01:11:11.243 32504 32516 E HAL     : load: id=gralloc != hmi->id=gralloc
11-19 01:11:11.249  2912  2912 E lowmemorykiller: Error writing /proc/32243/oom_score_adj; errno=22
11-19 01:11:11.249  2912  2912 E lowmemorykiller: Error writing /proc/32125/oom_score_adj; errno=22
11-19 01:11:11.264 32173 32448 I Icing   : Usage reports 0 indexed 0 rejected 0 imm upload false
11-19 01:11:11.282  3455  3984 E HsmCoreServiceImpl: onTransact in code is: 102
11-19 01:11:11.282  3455  3984 I MediaProcessHandler: processOp opType: 1, uid: 10014, pid: 32125
11-19 01:11:11.282  3455  3984 W MediaProcessHandler: remove target not exist, maybe the UI process: uid: 10014, pid: 32125
11-19 01:11:11.285  3455  3892 E HwCHRWebMonitor: getFileResult throw exceptionjava.io.FileNotFoundException: proc/net/wifi_network_stat: open failed: ENOENT (No such file or directory)
11-19 01:11:11.294  3455  4746 E HsmCoreServiceImpl: onTransact in code is: 102
11-19 01:11:11.294  3455  4746 I MediaProcessHandler: processOp opType: 1, uid: 10007, pid: 32243
11-19 01:11:11.294  3455  4746 W MediaProcessHandler: remove target not exist, maybe the UI process: uid: 10007, pid: 32243
11-19 01:11:11.611 32504 32504 I SendBroadcastPermission: action:com.huawei.appmarket.service.downloadservice.Receiver, mPermissionType:0
11-19 01:11:11.615 16315 16315 I HwLauncher: LauncherDownloadModel onReceive intent=Intent { act=com.huawei.appmarket.service.downloadservice.Receiver flg=0x10 }
11-19 01:11:11.615 16315 16315 W HwLauncher: get getBundleExtra with downloadtask all return null!
11-19 01:11:11.616  2914  3875 I [Gralloc]: alloc w[16] h[16] format[1] usage[256]
11-19 01:11:11.616  2914  3875 I [Gralloc]: alloc succ handle[0x55996d6f00] stride[32]
11-19 01:11:11.617 32548 32563 E linker  : readlink('/proc/self/fd/21') failed: Permission denied [fd=21]
11-19 01:11:11.617 32548 32563 E linker  : warning: unable to get realpath for the library "/system/lib64/hw/gralloc.hi3635.so". Will use given name.
11-19 01:11:11.619 32548 32563 E linker  : readlink('/proc/self/fd/21') failed: Permission denied [fd=21]
11-19 01:11:11.619 32548 32563 E linker  : warning: unable to get realpath for the library "libion.so". Will use given name.
11-19 01:11:11.623 32548 32563 E HAL     : load: id=gralloc != hmi->id=gralloc
11-19 01:11:11.640  4718 18003 I PgedBinderListener: kstate callback type:8 value1=32418 value2=KILLED
11-19 01:11:11.640  4718  5512 I ash     : removeProcessDependency pid:32418
11-19 01:11:11.752  3455  3984 E HsmCoreServiceImpl: onTransact in code is: 102
11-19 01:11:11.752  3455  3984 I MediaProcessHandler: processOp opType: 1, uid: 10127, pid: 32418
11-19 01:11:11.752  3455  3984 W MediaProcessHandler: remove target not exist, maybe the UI process: uid: 10127, pid: 32418
11-19 01:11:11.801 32548 32548 I HwCust  : Constructor found for class com.android.contacts.HwCustContactApplicationHelperImpl
11-19 01:11:11.821 32548 32548 I HwCust  : Constructor found for class android.app.HwCustHwWallpaperManagerImpl
11-19 01:11:11.828 32548 32572 I HwCust  : Constructor found for class com.android.contacts.preference.HwCustContactsPreferencesImpl
11-19 01:11:11.840 32548 32548 W CfgFilePolicy: No config file found for:xml/rcs_defaults.xml
11-19 01:11:11.846 32548 32572 I HwCust  : Constructor found for class com.android.contacts.model.account.HwCustFallbackAccountTypeImpl
11-19 01:11:11.867  4718 16154 I PgedBinderListener: kstate callback type:8 value1=31580 value2=KILLED
11-19 01:11:11.867  4718  5512 I ash     : removeProcessDependency pid:31580
11-19 01:11:11.901  3455  4746 I AccountManagerService: getTypesVisibleToCaller: isPermitted? true
11-19 01:11:11.913 32548 32582 I HwCust  : Constructor found for class com.android.contacts.model.account.HwCustAccountModelCustomizationImpl
11-19 01:11:11.923  2914  3875 I [Gralloc]: alloc w[16] h[16] format[1] usage[256]
11-19 01:11:11.923  2914  3875 I [Gralloc]: alloc succ handle[0x55996d6f00] stride[32]
11-19 01:11:11.925 32580 32596 E linker  : readlink('/proc/self/fd/21') failed: Permission denied [fd=21]
11-19 01:11:11.926 32580 32596 E linker  : warning: unable to get realpath for the library "/system/lib/hw/gralloc.hi3635.so". Will use given name.
11-19 01:11:11.929 32580 32596 E linker  : readlink('/proc/self/fd/21') failed: Permission denied [fd=21]
11-19 01:11:11.929 32580 32596 E linker  : warning: unable to get realpath for the library "libion.so". Will use given name.
11-19 01:11:11.930 32580 32596 E HAL     : load: id=gralloc != hmi->id=gralloc
11-19 01:11:11.950 32173 32448 I Icing   : Indexing 44D22F48FF12BCA890EE196A60FAB4A09CFB00D7 from com.google.android.gms
11-19 01:11:11.962 32548 32582 I HwCust  : Constructor found for class com.android.contacts.model.account.HwCustExchangeAccountTypeImpl
11-19 01:11:11.967 32548 32598 I IIccPhoneBookAdapter: Simrecords 0= 0
11-19 01:11:11.967 32548 32598 I IIccPhoneBookAdapter: Simrecords 1= 88
11-19 01:11:11.967 32548 32598 I IIccPhoneBookAdapter: Simrecords 2= 100
11-19 01:11:11.967 32548 32598 I IIccPhoneBookAdapter: Simrecords 3= 1
11-19 01:11:11.967 32548 32598 I IIccPhoneBookAdapter: Simrecords 4= 100
11-19 01:11:11.967 32548 32598 I IIccPhoneBookAdapter: Simrecords 5= 100
11-19 01:11:11.967 32548 32598 I IIccPhoneBookAdapter: Simrecords 6= 2
11-19 01:11:11.970 32548 32598 I IIccPhoneBookAdapter: Simrecords 7= 100
11-19 01:11:11.970 32548 32598 I IIccPhoneBookAdapter: Simrecords 8= 100
11-19 01:11:11.985  3455  4347 E HsmCoreServiceImpl: onTransact in code is: 102
11-19 01:11:11.985  3455  4347 I MediaProcessHandler: processOp opType: 1, uid: 10110, pid: 31580
11-19 01:11:11.985  3455  4347 W MediaProcessHandler: remove target not exist, maybe the UI process: uid: 10110, pid: 31580
11-19 01:11:12.031  3455  3845 E WifiConfigStore: updateConfiguration freq=2417 BSSID=74:da:38:24:aa:b8 RSSI=-45 "panlid-old"WPA_PSK
11-19 01:11:12.055 32548 32607 I IIccPhoneBookAdapter: Simrecords 0= 34
11-19 01:11:12.055 32548 32607 I IIccPhoneBookAdapter: Simrecords 1= 3400
11-19 01:11:12.055 32548 32607 I IIccPhoneBookAdapter: Simrecords 2= 100
11-19 01:11:12.065 32548 32582 W ResourceType: For resource 0x7f021875, entry index(6261) is beyond type entryCount(475)
11-19 01:11:12.065 32548 32582 W ResourceType: Failure getting entry for 0x7f021875 (t=1 e=6261) (error -75)
11-19 01:11:12.065 32548 32582 W ResourceType: For resource 0x7f021875, entry index(6261) is beyond type entryCount(475)
11-19 01:11:12.065 32548 32582 W ResourceType: Failure getting entry for 0x7f021875 (t=1 e=6261) (error -75)
11-19 01:11:12.065 32548 32582 W ResourceType: For resource 0x7f021876, entry index(6262) is beyond type entryCount(475)
11-19 01:11:12.065 32548 32582 W ResourceType: Failure getting entry for 0x7f021876 (t=1 e=6262) (error -75)
11-19 01:11:12.065 32548 32582 W ResourceType: For resource 0x7f021877, entry index(6263) is beyond type entryCount(475)
11-19 01:11:12.065 32548 32582 W ResourceType: Failure getting entry for 0x7f021877 (t=1 e=6263) (error -75)
11-19 01:11:12.071  3455  3984 I AccountManagerService: getTypesVisibleToCaller: isPermitted? true
11-19 01:11:12.079  3455  4744 I AccountManagerService: getTypesVisibleToCaller: isPermitted? true
11-19 01:11:12.090 32548 32582 W ResourceType: For resource 0x7f021875, entry index(6261) is beyond type entryCount(475)
11-19 01:11:12.091 32548 32582 W ResourceType: Failure getting entry for 0x7f021875 (t=1 e=6261) (error -75)
11-19 01:11:12.091 32548 32582 W ResourceType: For resource 0x7f021875, entry index(6261) is beyond type entryCount(475)
11-19 01:11:12.091 32548 32582 W ResourceType: Failure getting entry for 0x7f021875 (t=1 e=6261) (error -75)
11-19 01:11:12.091 32548 32582 W ResourceType: For resource 0x7f021876, entry index(6262) is beyond type entryCount(475)
11-19 01:11:12.091 32548 32582 W ResourceType: Failure getting entry for 0x7f021876 (t=1 e=6262) (error -75)
11-19 01:11:12.091 32548 32582 W ResourceType: For resource 0x7f021877, entry index(6263) is beyond type entryCount(475)
11-19 01:11:12.091 32548 32582 W ResourceType: Failure getting entry for 0x7f021877 (t=1 e=6263) (error -75)
11-19 01:11:12.093  3455  3986 I AccountManagerService: getTypesVisibleToCaller: isPermitted? true
11-19 01:11:12.100  3455  3986 I AccountManagerService: getTypesVisibleToCaller: isPermitted? true
11-19 01:11:12.110 32548 32582 W ResourceType: For resource 0x7f021875, entry index(6261) is beyond type entryCount(475)
11-19 01:11:12.110 32548 32582 W ResourceType: Failure getting entry for 0x7f021875 (t=1 e=6261) (error -75)
11-19 01:11:12.111 32548 32582 W ResourceType: For resource 0x7f021875, entry index(6261) is beyond type entryCount(475)
11-19 01:11:12.111 32548 32582 W ResourceType: Failure getting entry for 0x7f021875 (t=1 e=6261) (error -75)
11-19 01:11:12.111 32548 32582 W ResourceType: For resource 0x7f021876, entry index(6262) is beyond type entryCount(475)
11-19 01:11:12.111 32548 32582 W ResourceType: Failure getting entry for 0x7f021876 (t=1 e=6262) (error -75)
11-19 01:11:12.111 32548 32582 W ResourceType: For resource 0x7f021877, entry index(6263) is beyond type entryCount(475)
11-19 01:11:12.111 32548 32582 W ResourceType: Failure getting entry for 0x7f021877 (t=1 e=6263) (error -75)
11-19 01:11:12.111  3455  4347 I AccountManagerService: getTypesVisibleToCaller: isPermitted? true
11-19 01:11:12.128 32580 32580 I HwSystemManager: SystemManagerApplication:onCreate
11-19 01:11:12.136 32580 32624 I System.out: [ls, -l, /system/priv-app/HwSystemManager/HwSystemManager.apk]
11-19 01:11:12.137 32580 32624 I System.out: null
11-19 01:11:12.137 32580 32624 I System.out: null
11-19 01:11:12.140 32580 32624 I System.out: Calling by::className:com.huawei.systemmanager.util.HwLogTagHelper  MethodName:checkHsmIsPushed
11-19 01:11:12.146 32173 32448 I Icing   : Indexing done 44D22F48FF12BCA890EE196A60FAB4A09CFB00D7
11-19 01:11:12.147 32173 32448 I Icing   : Indexing 6F66F80A45475809F476AE3E694388821769F186 from com.google.android.googlequicksearchbox
11-19 01:11:12.198 32580 32580 I HwSystemManager: ProcPolicy:this proc is:com.huawei.systemmanager
11-19 01:11:12.199 32580 32624 I HwSystemManager: check push opration, match idx:-1
11-19 01:11:12.211  4331  4331 I HwSystemManager: LocalService:Received start id 647: Intent { cmp=com.huawei.systemmanager/com.huawei.permission.HoldService }
11-19 01:11:12.221  4331  4331 I HwSystemManager: BgPowerManagerService:onStartCommand
11-19 01:11:12.222  2914  5968 I [Gralloc]: alloc w[16] h[16] format[1] usage[256]
11-19 01:11:12.222  2914  5968 I [Gralloc]: alloc succ handle[0x55996d6f00] stride[32]
11-19 01:11:12.223 32630 32649 E linker  : readlink('/proc/self/fd/21') failed: Permission denied [fd=21]
11-19 01:11:12.223 32630 32649 E linker  : warning: unable to get realpath for the library "/system/lib64/hw/gralloc.hi3635.so". Will use given name.
11-19 01:11:12.224 32630 32649 E linker  : readlink('/proc/self/fd/21') failed: Permission denied [fd=21]
11-19 01:11:12.224 32630 32649 E linker  : warning: unable to get realpath for the library "libion.so". Will use given name.
11-19 01:11:12.225 32630 32649 E HAL     : load: id=gralloc != hmi->id=gralloc
11-19 01:11:12.247 32580 32580 W CfgFilePolicy: No config file found for:xml/hsm_config.xml
11-19 01:11:12.248  3455  3845 E WifiConfigStore: updateConfiguration freq=2417 BSSID=74:da:38:24:aa:b8 RSSI=-45 "panlid-old"WPA_PSK
11-19 01:11:12.254 32580 32580 I HwSystemManager: HsmStat_info:feature enable:true
11-19 01:11:12.263 32580 32580 I HwSystemManager: CustomizeWrapper:permissionStatus is 0
11-19 01:11:12.269 32580 32677 W CfgFilePolicy: No config file found for:xml/hsm/protect/hsm_protect_default_value.xml
11-19 01:11:12.270 32580 32580 I HwSystemManager: TMSEngineFeature: TMS support enable for netassistant.
11-19 01:11:12.277 32580 32677 I HwSystemManager: BootStartManager:batchDeleteOperation !
11-19 01:11:12.278 32580 32677 I HwSystemManager: BootStartManager:batchDeleteOperation !
11-19 01:11:12.309  2949  2949 E Thermal-daemon: [charger_ic] temp_new :33  temp_old :32
11-19 01:11:12.310  2949  2949 E Thermal-daemon: Report temperature: [charger_ic] temp :33  report_threshold:1
11-19 01:11:12.311  2949  2949 E Thermal-daemon: [ap] temp_new :36  temp_old :35
11-19 01:11:12.311  2949  2949 E Thermal-daemon: Report temperature: [ap] temp :36  report_threshold:1
11-19 01:11:12.442  4331 32686 W HwSystemManager: TencentAntiVirusEngine:initQScanner: Already initialized ,skip
11-19 01:11:12.453 32580 32580 I HwSystemManager: SuperAppPermisionChecker:read xml finished
11-19 01:11:12.470  4331 32686 I HwSystemManager: AntiVirusService:found virusscan pkg, send broadcast. pkg:com.lunwing.radio
11-19 01:11:12.470  4331 32686 I SendBroadcastPermission: action:com.huawei.systemmanager.action.found_virusscan_app, mPermissionType:0
11-19 01:11:12.484  3966  3966 I NetworkSpeedManagerEx: mIsStop = false
11-19 01:11:12.485  3966  3966 I NetworkSpeedManagerEx:  value = 4856.0
11-19 01:11:12.486  3966  3966 I NetworkSpeedManagerEx: speed = 4.7K/s
11-19 01:11:12.486  3966  3966 I NetworkSpeedView: /update(), speed=4.7K/s
11-19 01:11:12.500  3966  3966 W View    : requestLayout() improperly called by com.android.systemui.statusbar.phone.IconMerger{e4cbfb3 V.E...... ........ 0,0-216,72 #7f1000c3 app:id/notificationIcons} during second layout pass: posting in next frame
11-19 01:11:12.542 32630 32630 I MemoryTrimmer: Trimming objects from memory, since app is in the background.
11-19 01:11:12.545  2914  3013 I [Gralloc]: alloc w[16] h[16] format[1] usage[256]
11-19 01:11:12.545  2914  3013 I [Gralloc]: alloc succ handle[0x55996d6f00] stride[32]
11-19 01:11:12.546 32688 32706 E linker  : readlink('/proc/self/fd/21') failed: Permission denied [fd=21]
11-19 01:11:12.546 32688 32706 E linker  : warning: unable to get realpath for the library "/system/lib64/hw/gralloc.hi3635.so". Will use given name.
11-19 01:11:12.547 32688 32706 E linker  : readlink('/proc/self/fd/21') failed: Permission denied [fd=21]
11-19 01:11:12.547 32688 32706 E linker  : warning: unable to get realpath for the library "libion.so". Will use given name.
11-19 01:11:12.548 32688 32706 E HAL     : load: id=gralloc != hmi->id=gralloc
11-19 01:11:12.563 32688 32688 W System  : ClassLoader referenced unknown path: /system/app/HwKaraokeEffect/lib/arm64
11-19 01:11:12.571 32630 32630 I MemoryTrimmer: Trimming objects from memory, since app is in the background.
11-19 01:11:12.575 32630 32703 I SendBroadcastPermission: action:com.google.android.googlequicksearchbox.ALWAYS_ON_DSP_INTERACTOR_FLAG_CHANGED, mPermissionType:0
11-19 01:11:12.584 32630 32630 I MemoryTrimmer: Trimming objects from memory, since app is in the background.
11-19 01:11:12.593 32173 32448 I Icing   : Indexing done 6F66F80A45475809F476AE3E694388821769F186
11-19 01:11:12.595 32630 32630 I MemoryTrimmer: Trimming objects from memory, since app is in the background.
11-19 01:11:12.596 32173 32448 I Icing   : Indexing 4FEB4C95EEC6CA4F3A20BCE1969757C3475E9419 from com.google.android.gms
11-19 01:11:12.598 32688 32688 W CfgFilePolicy: No config file found for:xml/hw_karaokeeffect_app_config.xml
11-19 01:11:12.640 32173 32448 I Icing   : Indexing done 4FEB4C95EEC6CA4F3A20BCE1969757C3475E9419
11-19 01:11:12.642 32173 32448 I SendBroadcastPermission: action:com.google.android.gms.icing.IME_NOTIFICATION, mPermissionType:0
11-19 01:11:12.657 32173 32448 I SendBroadcastPermission: action:com.google.android.gms.icing.IME_NOTIFICATION, mPermissionType:0
11-19 01:11:12.661 32173 32448 I SendBroadcastPermission: action:com.google.android.gms.icing.IME_NOTIFICATION, mPermissionType:0
11-19 01:11:12.662 32173 32448 I SendBroadcastPermission: action:com.google.android.gms.icing.IME_NOTIFICATION, mPermissionType:0
11-19 01:11:12.663 32173 32448 I SendBroadcastPermission: action:com.google.android.gms.icing.IME_NOTIFICATION, mPermissionType:0
11-19 01:11:12.667 32173 32448 I SendBroadcastPermission: action:com.google.android.gms.icing.IME_NOTIFICATION, mPermissionType:0
11-19 01:11:12.669 32173 32448 I SendBroadcastPermission: action:com.google.android.gms.icing.IME_NOTIFICATION, mPermissionType:0
11-19 01:11:12.670 32173 32448 I SendBroadcastPermission: action:com.google.android.gms.icing.IME_NOTIFICATION, mPermissionType:0
11-19 01:11:12.671 16721 17072 E NetworkScheduler.SR: Invalid parameter app
11-19 01:11:12.671 16721 17072 E NetworkScheduler.SR: Invalid package name : Perhaps you didn't include a PendingIntent in the extras?
11-19 01:11:12.672 32173 32448 I SendBroadcastPermission: action:com.google.android.gms.icing.IME_NOTIFICATION, mPermissionType:0
11-19 01:11:12.674 32173 32448 I SendBroadcastPermission: action:com.google.android.gms.icing.IME_NOTIFICATION, mPermissionType:0
11-19 01:11:12.675 32173 32448 I SendBroadcastPermission: action:com.google.android.gms.icing.IME_NOTIFICATION, mPermissionType:0
11-19 01:11:12.676 32173 32448 I SendBroadcastPermission: action:com.google.android.gms.icing.IME_NOTIFICATION, mPermissionType:0
11-19 01:11:12.677 32173 32448 I SendBroadcastPermission: action:com.google.android.gms.icing.IME_NOTIFICATION, mPermissionType:0
11-19 01:11:12.685 32630 32630 I MemoryTrimmer: Trimming objects from memory, since app is in the background.
11-19 01:11:12.687 32173 32448 I SendBroadcastPermission: action:com.google.android.gms.icing.IME_NOTIFICATION, mPermissionType:0
11-19 01:11:12.688 32173 32448 I SendBroadcastPermission: action:com.google.android.gms.icing.IME_NOTIFICATION, mPermissionType:0
11-19 01:11:12.690 32173 32448 I SendBroadcastPermission: action:com.google.android.gms.icing.IME_NOTIFICATION, mPermissionType:0
11-19 01:11:12.691 32173 32448 I SendBroadcastPermission: action:com.google.android.gms.icing.IME_NOTIFICATION, mPermissionType:0
11-19 01:11:12.696 32173 32448 I SendBroadcastPermission: action:com.google.android.gms.icing.IME_NOTIFICATION, mPermissionType:0
11-19 01:11:12.698 32173 32448 I SendBroadcastPermission: action:com.google.android.gms.icing.IME_NOTIFICATION, mPermissionType:0
11-19 01:11:12.700 32173 32448 I SendBroadcastPermission: action:com.google.android.gms.icing.IME_NOTIFICATION, mPermissionType:0
11-19 01:11:12.700  2914  3013 I [Gralloc]: alloc w[16] h[16] format[1] usage[256]
11-19 01:11:12.700  2914  3013 I [Gralloc]: alloc succ handle[0x55996d6f00] stride[32]
11-19 01:11:12.701 32173 32448 I SendBroadcastPermission: action:com.google.android.gms.icing.IME_NOTIFICATION, mPermissionType:0
11-19 01:11:12.702 32173 32448 I SendBroadcastPermission: action:com.google.android.gms.icing.IME_NOTIFICATION, mPermissionType:0
11-19 01:11:12.703 32710 32722 E linker  : readlink('/proc/self/fd/21') failed: Permission denied [fd=21]
11-19 01:11:12.703 32710 32722 E linker  : warning: unable to get realpath for the library "/system/lib64/hw/gralloc.hi3635.so". Will use given name.
11-19 01:11:12.703 32173 32448 I SendBroadcastPermission: action:com.google.android.gms.icing.IME_NOTIFICATION, mPermissionType:0
11-19 01:11:12.705 32710 32722 E linker  : readlink('/proc/self/fd/21') failed: Permission denied [fd=21]
11-19 01:11:12.705 32173 32448 I SendBroadcastPermission: action:com.google.android.gms.icing.IME_NOTIFICATION, mPermissionType:0
11-19 01:11:12.705 32710 32722 E linker  : warning: unable to get realpath for the library "libion.so". Will use given name.
11-19 01:11:12.706 32173 32448 I SendBroadcastPermission: action:com.google.android.gms.icing.IME_NOTIFICATION, mPermissionType:0
11-19 01:11:12.706 32710 32722 E HAL     : load: id=gralloc != hmi->id=gralloc
11-19 01:11:12.707 32173 32448 I SendBroadcastPermission: action:com.google.android.gms.icing.IME_NOTIFICATION, mPermissionType:0
11-19 01:11:12.708 32173 32448 I SendBroadcastPermission: action:com.google.android.gms.icing.IME_NOTIFICATION, mPermissionType:0
11-19 01:11:12.723  3455  3455 I MQoS    : onSignal: mSubId=0,currDataSubID=0
11-19 01:11:12.723  3455  3455 I MQoS    : received cell-signal:4
11-19 01:11:12.723  3455  4622 I SendBroadcastPermission: action:android.intent.action.SIG_STR, mPermissionType:0
11-19 01:11:12.727 32710 32710 W System  : ClassLoader referenced unknown path: /system/priv-app/GoogleServicesFramework/lib/arm64
11-19 01:11:12.728  3966  4038 I HwCustMobileSignalControllerImpl: subId:0 phoneType:1 networktype:3 targetClass:2 masterLevel:3 slaveLevel:-1
11-19 01:11:12.742 32710 32710 I GservicesProvider: Gservices pushing to system: true; secure/global: true
11-19 01:11:12.750  3455  4746 I AccountManagerService: getTypesVisibleToCaller: isPermitted? true
11-19 01:11:12.787 32710 32710 I GoogleHttpClient: GMS http client unavailable, use old client
11-19 01:11:12.814 32548 32575 E linker  : readlink('/proc/self/fd/38') failed: Permission denied [fd=38]
11-19 01:11:12.814 32548 32575 E linker  : warning: unable to get realpath for the library "/system/framework/oat/arm64/com.android.contacts.separated.odex". Will use given name.
11-19 01:11:12.820  3455  4746 I AccountManagerService: getTypesVisibleToCaller: isPermitted? true
11-19 01:11:12.833  4718  4741 I PgedBinderListener: kstate callback type:8 value1=32504 value2=KILLED
11-19 01:11:12.842  2912  2912 E lowmemorykiller: Error writing /proc/32504/oom_score_adj; errno=22
11-19 01:11:12.875  2912  2912 E lowmemorykiller: Error writing /proc/32504/oom_score_adj; errno=22
11-19 01:11:12.879  3455  3839 I AccountManagerService: getTypesVisibleToCaller: isPermitted? false
11-19 01:11:12.885  2912  2912 E lowmemorykiller: Error writing /proc/32504/oom_score_adj; errno=22
11-19 01:11:12.899 32173 32482 I Icing   : Usage reports 0 indexed 0 rejected 0 imm upload false
11-19 01:11:12.906 32173 32482 I Icing   : Usage reports 0 indexed 0 rejected 0 imm upload false
11-19 01:11:12.909  2912  2912 E lowmemorykiller: Error writing /proc/32504/oom_score_adj; errno=22
11-19 01:11:12.916  2912  2912 E lowmemorykiller: Error writing /proc/32504/oom_score_adj; errno=22
11-19 01:11:12.949 32548 32571 W ResourceType: No package identifier when getting value for resource number 0x00000000
11-19 01:11:12.960  3455  4696 I AccountManagerService: getTypesVisibleToCaller: isPermitted? true
11-19 01:11:12.981  3455  4766 E HsmCoreServiceImpl: onTransact in code is: 102
11-19 01:11:12.981  3455  4766 I MediaProcessHandler: processOp opType: 1, uid: 10014, pid: 32504
11-19 01:11:12.981  3455  4766 W MediaProcessHandler: remove target not exist, maybe the UI process: uid: 10014, pid: 32504
11-19 01:11:13.000  3455  4696 I AccountManagerService: getTypesVisibleToCaller: isPermitted? true
11-19 01:11:13.004  3455  3986 I AccountManagerService: getTypesVisibleToCaller: isPermitted? true
11-19 01:11:13.006  3455  4347 I AccountManagerService: getTypesVisibleToCaller: isPermitted? true
11-19 01:11:13.023  3455  4746 I AccountManagerService: getTypesVisibleToCaller: isPermitted? true
11-19 01:11:13.029  3455  4784 I AccountManagerService: getTypesVisibleToCaller: isPermitted? true
11-19 01:11:13.036  3455  3845 E WifiConfigStore: updateConfiguration freq=2417 BSSID=74:da:38:24:aa:b8 RSSI=-45 "panlid-old"WPA_PSK
11-19 01:11:13.060 32173 32401 I PeopleDatabaseHelper: cleanUpNonGplusAccounts done.
11-19 01:11:13.073 31637 31637 I SendBroadcastPermission: action:com.zdworks.android.zdclock.ACTION_SCHEDULE_FINISH, mPermissionType:0
11-19 01:11:13.077 31637 31637 I ZDClock : ScheduleReceiver finish...
11-19 01:11:13.085  3455  3455 I TrafficMonitor: update:rxPkts:15,txPkts:10,rxBytes:9240,txBytes:520
11-19 01:11:13.085  3455  3455 I TrafficMonitor: start expired. level:-1
11-19 01:11:13.085  3455  3455 I TrafficMonitor: gettimer:interval=2000
11-19 01:11:13.204  2914 11248 I [Gralloc]: alloc w[16] h[16] format[1] usage[256]
11-19 01:11:13.204  2914 11248 I [Gralloc]: alloc succ handle[0x55996d6f00] stride[32]
11-19 01:11:13.205 32739 32754 E linker  : readlink('/proc/self/fd/21') failed: Permission denied [fd=21]
11-19 01:11:13.205 32739 32754 E linker  : warning: unable to get realpath for the library "/system/lib64/hw/gralloc.hi3635.so". Will use given name.
11-19 01:11:13.207 32739 32754 E linker  : readlink('/proc/self/fd/21') failed: Permission denied [fd=21]
11-19 01:11:13.207 32739 32754 E linker  : warning: unable to get realpath for the library "libion.so". Will use given name.
11-19 01:11:13.208 32739 32754 E HAL     : load: id=gralloc != hmi->id=gralloc
11-19 01:11:13.231 32739 32739 W System  : ClassLoader referenced unknown path: /system/priv-app/Calendar/lib/arm64
11-19 01:11:13.262 32739 32739 I HwCust  : Constructor found for class com.android.calendar.HwCustUtilImpl
11-19 01:11:13.346  2914  3011 I [Gralloc]: alloc w[16] h[16] format[1] usage[256]
11-19 01:11:13.346  2914  3011 I [Gralloc]: alloc succ handle[0x55996d6f00] stride[32]
11-19 01:11:13.348 32761   305 E linker  : readlink('/proc/self/fd/21') failed: Permission denied [fd=21]
11-19 01:11:13.348 32761   305 E linker  : warning: unable to get realpath for the library "/system/lib64/hw/gralloc.hi3635.so". Will use given name.
11-19 01:11:13.350 32761   305 E linker  : readlink('/proc/self/fd/21') failed: Permission denied [fd=21]
11-19 01:11:13.350 32761   305 E linker  : warning: unable to get realpath for the library "libion.so". Will use given name.
11-19 01:11:13.352 32761   305 E HAL     : load: id=gralloc != hmi->id=gralloc
11-19 01:11:13.365 32761 32761 W System  : ClassLoader referenced unknown path: /system/app/CalendarProvider/lib/arm64
11-19 01:11:13.420 32761 32761 I HwCust  : Constructor found for class android.app.HwCustAlarmManagerImpl
11-19 01:11:13.430  3455  4766 I AccountManagerService: getTypesVisibleToCaller: isPermitted? true
11-19 01:11:13.529 32739 32739 I HwCust  : Constructor found for class com.android.calendar.alerts.HwCustAlertServiceImpl
11-19 01:11:13.563 32739 32739 I CalendarSimpleUiPRovider: onReceive[intent]Intent { act=android.intent.action.PROVIDER_CHANGED dat=content://com.android.calendar flg=0x10 cmp=com.android.calendar/.simpleui.CalendarSimpleUiPRovider }
11-19 01:11:13.564 32739 32739 I CalendarSimpleUiPRovider: onConfigurationChanged
11-19 01:11:13.573 32739 32739 I CalendarSimpleUiPRovider: initParams20161119T011113Australia/Brisbane(6,323,36000,0,1479481873)
11-19 01:11:13.612  3110  3441 I AudioFlinger: updateWakeLockUids_l() AudioOut_6 mType: 0 status 0
11-19 01:11:13.624  3110  3415 I APM::AudioPolicyManager: stopOutput() output 6, stream 3, session 10948
11-19 01:11:13.624  3110  3415 I APM::AudioPolicyManager: getNewOutputDevice() selected device 0
11-19 01:11:13.624  3110  3415 I APM::AudioPolicyManager: setOutputDevice() device 0x0000 delayMs 40
11-19 01:11:13.624  3110  3415 I APM::AudioPolicyManager: setOutputDevice() prevDevice 0x0002
11-19 01:11:13.624  3110  3415 I APM::AudioPolicyManager: setOutputDevice() setting same device 0x0000 or null device
11-19 01:11:13.644 32739 32739 I HwCust  : Constructor found for class android.app.HwCustAlarmManagerImpl
11-19 01:11:13.646  3455  3464 I art     : Background partial concurrent mark sweep GC freed 55062(4MB) AllocSpace objects, 14(756KB) LOS objects, 16% free, 62MB/74MB, paused 2.834ms total 231.524ms
11-19 01:11:13.651 32739 32739 I SendBroadcastPermission: action:com.android.calendar.APPWIDGET_UPDATE, mPermissionType:0
11-19 01:11:13.675 32739 32739 I CalendarSimpleUiPRovider: loadEvent end update UI0
11-19 01:11:13.732  2914  3875 I [Gralloc]: alloc w[16] h[16] format[1] usage[256]
11-19 01:11:13.732  2914  3875 I [Gralloc]: alloc succ handle[0x55996d6f00] stride[32]
11-19 01:11:13.734   317   329 E linker  : readlink('/proc/self/fd/21') failed: Permission denied [fd=21]
11-19 01:11:13.734   317   329 E linker  : warning: unable to get realpath for the library "/system/lib/hw/gralloc.hi3635.so". Will use given name.
11-19 01:11:13.735   317   329 E linker  : readlink('/proc/self/fd/21') failed: Permission denied [fd=21]
11-19 01:11:13.736   317   329 E linker  : warning: unable to get realpath for the library "libion.so". Will use given name.
11-19 01:11:13.737   317   329 E HAL     : load: id=gralloc != hmi->id=gralloc
11-19 01:11:13.779  4718 16153 I PgedBinderListener: kstate callback type:8 value1=32548 value2=KILLED
11-19 01:11:13.842   317   317 I MultiDex: VM with version 2.1.0 has multidex support
11-19 01:11:13.842   317   317 I MultiDex: install
11-19 01:11:13.842   317   317 I MultiDex: VM has multidex support, MultiDex support library is disabled.
11-19 01:11:13.892  3455  3465 E HsmCoreServiceImpl: onTransact in code is: 102
11-19 01:11:13.892  3455  3465 I MediaProcessHandler: processOp opType: 1, uid: 10004, pid: 32548
11-19 01:11:13.892  3455  3465 W MediaProcessHandler: remove target not exist, maybe the UI process: uid: 10004, pid: 32548
11-19 01:11:13.910 32173 32482 I Icing   : Indexing 44D22F48FF12BCA890EE196A60FAB4A09CFB00D7 from com.google.android.gms
11-19 01:11:13.927   317   317 I WAZE    : cryptowz Library is loaded
11-19 01:11:13.940   317   317 I WAZE    : sslwz Library is loaded
11-19 01:11:13.957   317   317 I WAZE    : sqlite Library is loaded
11-19 01:11:14.033  3455  3845 E WifiConfigStore: updateConfiguration freq=2417 BSSID=74:da:38:24:aa:b8 RSSI=-45 "panlid-old"WPA_PSK
11-19 01:11:14.036  3455  3900 I HuaweiWifiWatchdogStateMachine: spd good count:23.09, add sc:0.0, rate:0.6
11-19 01:11:14.036  3455  3900 I HuaweiWifiWatchdogStateMachine: current mHighDataFlowRate = 0.74
11-19 01:11:14.036  3455  3900 I HuaweiWifiWatchdogStateMachine: POta txb txg rxg:0, 32, 0. Lr =0% Totpkt=32
11-19 01:11:14.036  3455  3455 I WifiProJNI: ######### CMD_QUERY_PKTS ########
11-19 01:11:14.044 32173 32482 I Icing   : Indexing done 44D22F48FF12BCA890EE196A60FAB4A09CFB00D7
11-19 01:11:14.045 32173 32482 I SendBroadcastPermission: action:com.google.android.gms.icing.IME_NOTIFICATION, mPermissionType:0
11-19 01:11:14.047 32173 32482 I SendBroadcastPermission: action:com.google.android.gms.icing.IME_NOTIFICATION, mPermissionType:0
11-19 01:11:14.047  3455  3899 I QosMonitor: postEventFromNative: msg=100,arg1=0,arg2=9
11-19 01:11:14.047  3455  3899 W WifiProJNI: poll before: g_monitor_fd =157
11-19 01:11:14.048  3455  3455 I MQoS    : rtt=1640,tcp_tx_pkts=4494505,tcp_rx_pkts=6828578
11-19 01:11:14.048 32173 32482 I SendBroadcastPermission: action:com.google.android.gms.icing.IME_NOTIFICATION, mPermissionType:0
11-19 01:11:14.050  3455  3900 I HuaweiWifiWatchdogStateMachine: PTcp RTT:0, rtt pkt=0, tcp_rx=229, tcp_tx=229, tcp_reTran=10, rtRate=0.04
11-19 01:11:14.050  3455  3900 I HuaweiWifiWatchdogStateMachine: rt ota tcp rl bad: false, false, false, false; rsth:-75
11-19 01:11:14.050 32173 32482 I SendBroadcastPermission: action:com.google.android.gms.icing.IME_NOTIFICATION, mPermissionType:0
11-19 01:11:14.050  3455  3900 I HuaweiWifiWatchdogStateMachine:  pkt chk not bad, ### mPktChkBadCnt and sc is 0.
11-19 01:11:14.050  3455  3455 I MQoS    : QOS_level:4(4),wifi-link;use signalLvl:4;RAT:3G-UMTS
11-19 01:11:14.052 32173 32482 I SendBroadcastPermission: action:com.google.android.gms.icing.IME_NOTIFICATION, mPermissionType:0
11-19 01:11:14.054 32173 32482 I SendBroadcastPermission: action:com.google.android.gms.icing.IME_NOTIFICATION, mPermissionType:0
11-19 01:11:14.056 32173 32482 I SendBroadcastPermission: action:com.google.android.gms.icing.IME_NOTIFICATION, mPermissionType:0
11-19 01:11:14.057 32173 32482 I SendBroadcastPermission: action:com.google.android.gms.icing.IME_NOTIFICATION, mPermissionType:0
11-19 01:11:14.059 32173 32482 I SendBroadcastPermission: action:com.google.android.gms.icing.IME_NOTIFICATION, mPermissionType:0
11-19 01:11:14.129   317   317 I WAZE    : Waze Library is loaded
11-19 01:11:14.244 32580 32580 I HwSystemManager: HsmStat_info:service connect
11-19 01:11:14.329 32630 32630 I MemoryTrimmer: Trimming objects from memory, since app is in the background.
11-19 01:11:14.389 32739 32739 I CalendarSimpleUiPRovider: onReceive[intent]Intent { act=android.intent.action.PROVIDER_CHANGED dat=content://com.android.calendar flg=0x10 cmp=com.android.calendar/.simpleui.CalendarSimpleUiPRovider }
11-19 01:11:14.390 32739 32739 I CalendarSimpleUiPRovider: onConfigurationChanged
11-19 01:11:14.390 32739 32739 I CalendarSimpleUiPRovider: initParams20161119T011114Australia/Brisbane(6,323,36000,0,1479481874)
11-19 01:11:14.424 32630 32630 I MemoryTrimmer: Trimming objects from memory, since app is in the background.
11-19 01:11:14.428 32739 32739 I CalendarSimpleUiPRovider: loadEvent end update UI0
11-19 01:11:14.444 32761 32761 I CalendarProvider2: Sending notification intent: Intent { act=android.intent.action.PROVIDER_CHANGED dat=content://com.android.calendar }
11-19 01:11:14.446 32761 32761 I SendBroadcastPermission: action:android.intent.action.PROVIDER_CHANGED, mPermissionType:0
11-19 01:11:14.447 32761 32761 W ContentResolver: Failed to get type for: content://com.android.calendar (Unknown URL content://com.android.calendar)
11-19 01:11:14.466 32630 32630 I MemoryTrimmer: Trimming objects from memory, since app is in the background.
11-19 01:11:14.470 32739 32739 I CalendarSimpleUiPRovider: onReceive[intent]Intent { act=android.intent.action.PROVIDER_CHANGED dat=content://com.android.calendar flg=0x10 cmp=com.android.calendar/.simpleui.CalendarSimpleUiPRovider }
11-19 01:11:14.470 32739 32739 I CalendarSimpleUiPRovider: onConfigurationChanged
11-19 01:11:14.471 32739 32739 I CalendarSimpleUiPRovider: initParams20161119T011114Australia/Brisbane(6,323,36000,0,1479481874)
11-19 01:11:14.508 32739 32739 I CalendarSimpleUiPRovider: loadEvent end update UI0
11-19 01:11:14.555  3455  3455 I MQoS    : onSignal: mSubId=0,currDataSubID=0
11-19 01:11:14.555  3455  3455 I MQoS    : received cell-signal:4
11-19 01:11:14.557  3455  4766 I SendBroadcastPermission: action:android.intent.action.SIG_STR, mPermissionType:0
11-19 01:11:14.560  3966  4038 I HwCustMobileSignalControllerImpl: subId:0 phoneType:1 networktype:3 targetClass:2 masterLevel:3 slaveLevel:-1
11-19 01:11:14.567 31637 31760 I System.out: [sh]
11-19 01:11:14.567 31637 31760 I System.out: null
11-19 01:11:14.567 31637 31760 I System.out: null
11-19 01:11:14.570 31637 31760 I System.out: Calling by::className:com.upalytics.sdk.ShUtility  MethodName:ˊ
11-19 01:11:14.747 31637 31760 I System.out: [cat, /proc/4767/oom_score_adj]
11-19 01:11:14.747 31637 31760 I System.out: null
11-19 01:11:14.747 31637 31760 I System.out: null
11-19 01:11:14.747 31637 31760 I System.out: Calling by::className:com.upalytics.sdk.Con  MethodName:ˊ
11-19 01:11:15.035  3455  3845 E WifiConfigStore: updateConfiguration freq=2417 BSSID=74:da:38:24:aa:b8 RSSI=-45 "panlid-old"WPA_PSK
11-19 01:11:15.088  3455  3455 I TrafficMonitor: update:rxPkts:14,txPkts:9,rxBytes:8624,txBytes:468
11-19 01:11:15.088  3455  3455 I TrafficMonitor: start expired. level:-1
11-19 01:11:15.088  3455  3455 I TrafficMonitor: gettimer:interval=2000
11-19 01:11:15.264  3455  3845 E WifiConfigStore: updateConfiguration freq=2417 BSSID=74:da:38:24:aa:b8 RSSI=-45 "panlid-old"WPA_PSK
11-19 01:11:15.488  3966  3966 I NetworkSpeedManagerEx: mIsStop = false
11-19 01:11:15.490  3966  3966 I NetworkSpeedManagerEx:  value = 4314.6665
11-19 01:11:15.491  3966  3966 I NetworkSpeedManagerEx: speed = 4.2K/s
11-19 01:11:15.491  3966  3966 I NetworkSpeedView: /update(), speed=4.2K/s
11-19 01:11:16.047  3455  3845 E WifiConfigStore: updateConfiguration freq=2417 BSSID=74:da:38:24:aa:b8 RSSI=-45 "panlid-old"WPA_PSK
11-19 01:11:16.085  3455  3455 I TrafficMonitor: expired arrive. level:-1
11-19 01:11:16.086  3455  3455 I TrafficMonitor: during_ms:2002,period_ms:2000
11-19 01:11:16.086  3455  3455 I TrafficMonitor: count:967,rx_sum:14,tx_sum:9,rxBytes:8624,during_ms:2002,rx_speed:4307.6923076923085,tx_speed:233.7662337662338,rto:1.5555555555555556
11-19 01:11:16.337  3455  3892 E HwCHRWebMonitor: getFileResult throw exceptionjava.io.FileNotFoundException: proc/net/wifi_network_stat: open failed: ENOENT (No such file or directory)
11-19 01:11:16.578  3110  3441 I audio_hw_primary: do_out_standby standby: 0, out_device: 2
11-19 01:11:16.600  3110  3441 I audio_hw_primary: select_devices++ mode[0]
11-19 01:11:16.600  3110  3441 I audio_hw_primary: output_device_id is 0, output_route is null;input_source_id is 0, input_route is null.
11-19 01:11:16.601  3110  3441 I MAX98925_SPK: MAX98925 SPK POWER OFF
11-19 01:11:16.602  3110  3441 I dsp_common: dsp_common_control_algo:set device = 0
11-19 01:11:16.607  3110  3441 I dsp_maxim_ctl: smartpa_control success with value:0
11-19 01:11:16.611  3110  3441 I audio_pop: pop change S4 OL SWITCH SWITCH dir 0
11-19 01:11:16.611  3110  3441 I audio_pop: pop change S4 OR SWITCH SWITCH dir 0
11-19 01:11:16.640  3110  3441 I audio_pop: pop change SP IL SWITCH SWITCH dir 0
11-19 01:11:16.641  3110  3441 I audio_pop: pop change SP IR SWITCH SWITCH dir 0
11-19 01:11:16.642  3110  3441 I audio_route: route change MIXERR S1R MUX SWITCH value[0] 0
11-19 01:11:16.642  3110  3441 I audio_route: route change MIXERL S1L MUX SWITCH value[0] 0
11-19 01:11:16.644  3110  3441 I audio_route: route change M1R MUX value 0
11-19 01:11:16.645  3110  3441 I audio_route: route change M1L MUX value 0
11-19 01:11:16.645  3110  3441 I dsp_common: dsp_common_control_algo:set device = 0
11-19 01:11:16.645  3110  3441 I audio_hw_primary: select_devices--
11-19 01:11:16.645  3110  3441 I AudioFlinger: releaseWakeLock_l() AudioOut_6 mType: 0
11-19 01:11:16.700  4718 16978 I PgedBinderListener: kstate callback type:8 value1=32688 value2=KILLED
11-19 01:11:16.701  4718 18003 I PgedBinderListener: kstate callback type:8 value1=32580 value2=KILLED
11-19 01:11:16.811  3455  3839 E HsmCoreServiceImpl: onTransact in code is: 102
11-19 01:11:16.811  3455  3839 W MediaProcessHandler: processOp uid 1000 is not concerned!
11-19 01:11:16.822  3455  3986 E HsmCoreServiceImpl: onTransact in code is: 102
11-19 01:11:16.822  3455  3986 W MediaProcessHandler: processOp uid 1000 is not concerned!
11-19 01:11:17.045  3455  3845 E WifiConfigStore: updateConfiguration freq=2417 BSSID=74:da:38:24:aa:b8 RSSI=-45 "panlid-old"WPA_PSK
11-19 01:11:17.091  3455  3455 I TrafficMonitor: update:rxPkts:12,txPkts:7,rxBytes:7392,txBytes:364
11-19 01:11:17.091  3455  3455 I TrafficMonitor: start expired. level:-1
11-19 01:11:17.091  3455  3455 I TrafficMonitor: gettimer:interval=2000
11-19 01:11:17.239 31637 31762 I System  : core_booster, getBoosterConfig = false
11-19 01:11:18.038  3455  3845 E WifiConfigStore: updateConfiguration freq=2417 BSSID=74:da:38:24:aa:b8 RSSI=-45 "panlid-old"WPA_PSK
11-19 01:11:18.273  3455  3845 E WifiConfigStore: updateConfiguration freq=2417 BSSID=74:da:38:24:aa:b8 RSSI=-45 "panlid-old"WPA_PSK
11-19 01:11:18.495  3966  3966 I NetworkSpeedManagerEx: mIsStop = false
11-19 01:11:18.500  3966  3966 I NetworkSpeedManagerEx:  value = 4777.3335
11-19 01:11:18.503  3966  3966 I NetworkSpeedManagerEx: speed = 4.7K/s
11-19 01:11:18.503  3966  3966 I NetworkSpeedView: /update(), speed=4.7K/s
11-19 01:11:19.053  3455  3845 E WifiConfigStore: updateConfiguration freq=2417 BSSID=74:da:38:24:aa:b8 RSSI=-46 "panlid-old"WPA_PSK
11-19 01:11:19.091  3455  3455 I TrafficMonitor: update:rxPkts:17,txPkts:11,rxBytes:9908,txBytes:572
11-19 01:11:19.091  3455  3455 I TrafficMonitor: start expired. level:-1
11-19 01:11:19.091  3455  3455 I TrafficMonitor: gettimer:interval=2000
11-19 01:11:19.703 26950 27059 I System  : core_booster, getBoosterConfig = false
11-19 01:11:20.041  3455  3845 E WifiConfigStore: updateConfiguration freq=2417 BSSID=74:da:38:24:aa:b8 RSSI=-46 "panlid-old"WPA_PSK
11-19 01:11:20.567  3455  3455 I MQoS    : onSignal: mSubId=0,currDataSubID=0
11-19 01:11:20.568  3455  3455 I MQoS    : received cell-signal:4
11-19 01:11:20.570  3455  4784 I SendBroadcastPermission: action:android.intent.action.SIG_STR, mPermissionType:0
11-19 01:11:20.591  3966  4038 I HwCustMobileSignalControllerImpl: subId:0 phoneType:1 networktype:3 targetClass:2 masterLevel:3 slaveLevel:-1
11-19 01:11:21.047  3455  3845 E WifiConfigStore: updateConfiguration freq=2417 BSSID=74:da:38:24:aa:b8 RSSI=-46 "panlid-old"WPA_PSK
11-19 01:11:21.092  3455  3455 I TrafficMonitor: update:rxPkts:15,txPkts:11,rxBytes:8732,txBytes:642
11-19 01:11:21.092  3455  3455 I TrafficMonitor: start expired. level:-1
11-19 01:11:21.092  3455  3455 I TrafficMonitor: gettimer:interval=2000
11-19 01:11:21.290  3455  3845 E WifiConfigStore: updateConfiguration freq=2417 BSSID=74:da:38:24:aa:b8 RSSI=-46 "panlid-old"WPA_PSK
11-19 01:11:21.392  3455  3892 E HwCHRWebMonitor: getFileResult throw exceptionjava.io.FileNotFoundException: proc/net/wifi_network_stat: open failed: ENOENT (No such file or directory)
11-19 01:11:21.504  3966  3966 I NetworkSpeedManagerEx: mIsStop = false
11-19 01:11:21.505  3966  3966 I NetworkSpeedManagerEx:  value = 4854.0
11-19 01:11:21.506  3966  3966 I NetworkSpeedManagerEx: speed = 4.7K/s
11-19 01:11:21.506  3966  3966 I NetworkSpeedView: /update(), speed=4.7K/s
11-19 01:11:22.048  3455  3845 E WifiConfigStore: updateConfiguration freq=2417 BSSID=74:da:38:24:aa:b8 RSSI=-46 "panlid-old"WPA_PSK
11-19 01:11:22.051  3455  3900 I HuaweiWifiWatchdogStateMachine: spd good count:23.09, add sc:0.0, rate:0.6
11-19 01:11:22.051  3455  3900 I HuaweiWifiWatchdogStateMachine: current mHighDataFlowRate = 0.76
11-19 01:11:22.051  3455  3900 I HuaweiWifiWatchdogStateMachine: POta txb txg rxg:0, 31, 0. Lr =0% Totpkt=31
11-19 01:11:22.051  3455  3455 I WifiProJNI: ######### CMD_QUERY_PKTS ########
11-19 01:11:22.052  3455  3899 I QosMonitor: postEventFromNative: msg=100,arg1=0,arg2=9
11-19 01:11:22.052  3455  3899 W WifiProJNI: poll before: g_monitor_fd =157
11-19 01:11:22.052  3455  3455 I MQoS    : rtt=1640,tcp_tx_pkts=4494543,tcp_rx_pkts=6828636
11-19 01:11:22.054  3455  3455 I MQoS    : QOS_level:4(4),wifi-link;use signalLvl:4;RAT:3G-UMTS
11-19 01:11:22.054  3455  3900 I HuaweiWifiWatchdogStateMachine: PTcp RTT:0, rtt pkt=0, tcp_rx=58, tcp_tx=38, tcp_reTran=6, rtRate=0.16
11-19 01:11:22.054  3455  3900 I HuaweiWifiWatchdogStateMachine: rt ota tcp rl bad: false, false, false, false; rsth:-75
11-19 01:11:22.054  3455  3900 I HuaweiWifiWatchdogStateMachine:  pkt chk not bad, ### mPktChkBadCnt and sc is 0.
11-19 01:11:22.091  3455  3455 I TrafficMonitor: expired arrive. level:-1
11-19 01:11:22.091  3455  3455 I TrafficMonitor: during_ms:2001,period_ms:2000
11-19 01:11:22.091  3455  3455 I TrafficMonitor: count:970,rx_sum:15,tx_sum:11,rxBytes:8732,during_ms:2001,rx_speed:4363.818090954523,tx_speed:320.8395802098951,rto:1.3636363636363635
11-19 01:11:22.319  2949  2949 E Thermal-daemon: [ap] temp_new :34  temp_old :36
11-19 01:11:22.319  2949  2949 E Thermal-daemon: Report temperature: [ap] temp :34  report_threshold:1
11-19 01:11:22.670  4718  4731 I PgedBinderListener: kstate callback type:8 value1=32630 value2=KILLED
11-19 01:11:22.801  3455  4766 E HsmCoreServiceImpl: onTransact in code is: 102
11-19 01:11:22.802  3455  4766 I MediaProcessHandler: processOp opType: 1, uid: 10127, pid: 32630
11-19 01:11:22.802  3455  4766 W MediaProcessHandler: remove target not exist, maybe the UI process: uid: 10127, pid: 32630
11-19 01:11:23.050  3455  3845 E WifiConfigStore: updateConfiguration freq=2417 BSSID=74:da:38:24:aa:b8 RSSI=-46 "panlid-old"WPA_PSK
11-19 01:11:23.093  3455  3455 I TrafficMonitor: update:rxPkts:16,txPkts:10,rxBytes:9856,txBytes:520
11-19 01:11:23.094  3455  3455 I TrafficMonitor: start expired. level:-1
11-19 01:11:23.094  3455  3455 I TrafficMonitor: gettimer:interval=2000
11-19 01:11:24.045  3455  3845 E WifiConfigStore: updateConfiguration freq=2417 BSSID=74:da:38:24:aa:b8 RSSI=-46 "panlid-old"WPA_PSK
11-19 01:11:24.306  3455  3845 E WifiConfigStore: updateConfiguration freq=2417 BSSID=74:da:38:24:aa:b8 RSSI=-46 "panlid-old"WPA_PSK
11-19 01:11:24.512  3966  3966 I NetworkSpeedManagerEx: mIsStop = false
