10-28 07:21:17.072   257   653 I chatty  : uid=1000(system) EventThread expire 14 lines
10-28 07:22:00.068  2169  2169 I chatty  : uid=1000 system_server expire 29 lines
10-28 07:24:08.987 19342 19342 W ViewRootImpl: Cancelling event due to no window focus: KeyEvent { action=ACTION_UP, keyCode=KEYCODE_BACK, scanCode=0, metaState=0, flags=0x68, repeatCount=0, eventTime=605551068, downTime=605550963, deviceId=-1, source=0x101 }
10-28 07:24:08.987 19342 19342 W ViewRootImpl: Cancelling event due to no window focus: KeyEvent { action=ACTION_UP, keyCode=KEYCODE_BACK, scanCode=0, metaState=0, flags=0x68, repeatCount=0, eventTime=605551068, downTime=605550963, deviceId=-1, source=0x101 }
10-28 07:24:08.987 19342 19342 W ViewRootImpl: Cancelling event due to no window focus: KeyEvent { action=ACTION_UP, keyCode=KEYCODE_BACK, scanCode=0, metaState=0, flags=0x68, repeatCount=0, eventTime=605551068, downTime=605550963, deviceId=-1, source=0x101 }
10-28 07:24:09.002 19342 19342 W ViewRootImpl: Cancelling event due to no window focus: KeyEvent { action=ACTION_UP, keyCode=KEYCODE_BACK, scanCode=0, metaState=0, flags=0x68, repeatCount=0, eventTime=605551068, downTime=605550963, deviceId=-1, source=0x101 }
10-28 07:24:09.002 19342 19342 W ViewRootImpl: Cancelling event due to no window focus: KeyEvent { action=ACTION_UP, keyCode=KEYCODE_BACK, scanCode=0, metaState=0, flags=0x68, repeatCount=0, eventTime=605551068, downTime=605550963, deviceId=-1, source=0x101 }
10-28 07:24:09.002 19342 19342 W ViewRootImpl: Cancelling event due to no window focus: KeyEvent { action=ACTION_UP, keyCode=KEYCODE_BACK, scanCode=0, metaState=0, flags=0x68, repeatCount=0, eventTime=605551068, downTime=605550963, deviceId=-1, source=0x101 }
10-28 07:24:09.002 19342 19342 W ViewRootImpl: Cancelling event due to no window focus: KeyEvent { action=ACTION_UP, keyCode=KEYCODE_BACK, scanCode=0, metaState=0, flags=0x68, repeatCount=0, eventTime=605551068, downTime=605550963, deviceId=-1, source=0x101 }
10-28 07:24:09.002 19342 19342 W ViewRootImpl: Cancelling event due to no window focus: KeyEvent { action=ACTION_UP, keyCode=KEYCODE_BACK, scanCode=0, metaState=0, flags=0x68, repeatCount=0, eventTime=605551068, downTime=605550963, deviceId=-1, source=0x101 }
10-28 07:24:09.002 19342 19342 W ViewRootImpl: Cancelling event due to no window focus: KeyEvent { action=ACTION_UP, keyCode=KEYCODE_BACK, scanCode=0, metaState=0, flags=0x68, repeatCount=0, eventTime=605551068, downTime=605550963, deviceId=-1, source=0x101 }
10-28 07:24:09.019   257   257 I chatty  : uid=1000(system) /system/bin/surfaceflinger expire 20 lines
10-28 07:25:07.354  2169  2183 I chatty  : uid=1000(system) ActivityManager expire 11 lines
10-28 07:25:09.055   311 19638 I chatty  : uid=0(root) /system/bin/netd expire 1 line
10-28 07:25:12.789   257   653 I chatty  : uid=1000(system) EventThread expire 10 lines
10-28 07:25:36.328   311  2129 I chatty  : uid=0(root) /system/bin/netd expire 24 lines
10-28 07:26:03.576  2169  2182 I chatty  : uid=1000(system) android.bg expire 13 lines
10-28 07:26:09.676  2169  3401 I chatty  : uid=1000(system) Binder_4 expire 10 lines
10-28 07:27:13.855  2169  2240 I chatty  : uid=1000(system) android.display expire 10 lines
10-28 07:27:15.892 19780 19780 I chatty  : uid=1000(system) com.android.settings expire 1 line
10-28 07:27:24.756  2169  3250 I chatty  : uid=1000(system) AlarmManager expire 10 lines
10-28 07:27:24.786  2169  2169 I chatty  : uid=1000 system_server expire 10 lines
10-28 07:27:49.089 19342 19342 W ViewRootImpl: Cancelling event due to no window focus: KeyEvent { action=ACTION_UP, keyCode=KEYCODE_BACK, scanCode=0, metaState=0, flags=0x68, repeatCount=0, eventTime=605771269, downTime=605771200, deviceId=-1, source=0x101 }
10-28 07:27:49.089 19342 19342 W ViewRootImpl: Cancelling event due to no window focus: KeyEvent { action=ACTION_UP, keyCode=KEYCODE_BACK, scanCode=0, metaState=0, flags=0x68, repeatCount=0, eventTime=605771269, downTime=605771200, deviceId=-1, source=0x101 }
10-28 07:27:49.089 19342 19342 W ViewRootImpl: Cancelling event due to no window focus: KeyEvent { action=ACTION_UP, keyCode=KEYCODE_BACK, scanCode=0, metaState=0, flags=0x68, repeatCount=0, eventTime=605771269, downTime=605771200, deviceId=-1, source=0x101 }
10-28 07:28:06.915   257   257 I chatty  : uid=1000(system) /system/bin/surfaceflinger expire 22 lines
10-28 07:28:06.943   257   653 I chatty  : uid=1000(system) EventThread expire 22 lines
10-28 07:30:01.695  2169  3901 I chatty  : uid=1000(system) Binder_7 expire 11 lines
10-28 07:30:20.177  2169  3250 I chatty  : uid=1000(system) AlarmManager expire 23 lines
10-28 07:30:20.227  2169  2169 I chatty  : uid=1000 system_server expire 24 lines
10-28 07:32:50.375  3375  3375 D StatusBarKeyguardViewManager: showKeyguard, but hide Bouncer
10-28 07:32:50.537  2169  2243 I chatty  : uid=1000(system) PowerManagerSer expire 12 lines
10-28 07:32:54.695 20146 20146 I chatty  : uid=1000(system) com.android.settings expire 1 line
10-28 07:33:51.327   311  2129 I chatty  : uid=0(root) /system/bin/netd expire 10 lines
10-28 07:34:48.279   257   653 I chatty  : uid=1000(system) EventThread expire 11 lines
10-28 07:34:59.999  2169  3250 I chatty  : uid=1000(system) AlarmManager expire 12 lines
10-28 07:35:00.062  2169  2169 I chatty  : uid=1000 system_server expire 11 lines
10-28 07:35:13.196   257   257 I chatty  : uid=1000(system) /system/bin/surfaceflinger expire 10 lines
10-28 07:35:50.705 20287 20325 W ActivityThread: ClassLoader.loadClass: The class loader returned by Thread.getContextClassLoader() may fail for processes that host multiple applications. You should explicitly specify a context class loader. For example: Thread.setContextClassLoader(getClass().getClassLoader());
10-28 07:37:36.328   311  2129 I chatty  : uid=0(root) /system/bin/netd expire 83 lines
10-28 07:37:37.069  2169  3250 I chatty  : uid=1000(system) AlarmManager expire 124 lines
10-28 07:37:37.097  2169  2169 I chatty  : uid=1000 system_server expire 124 lines
10-28 07:37:37.453   257   257 I chatty  : uid=1000(system) /system/bin/surfaceflinger expire 108 lines
10-28 07:37:43.366   257   653 I chatty  : uid=1000(system) EventThread expire 110 lines
10-28 07:42:29.768  2169  6627 I chatty  : uid=1000(system) Binder_E expire 10 lines
10-28 07:43:13.494  2169  3431 I chatty  : uid=1000(system) Binder_5 expire 10 lines
10-28 07:44:29.387  2169  4312 I chatty  : uid=1000(system) Binder_8 expire 10 lines
10-28 07:49:40.934  2169  2180 I chatty  : uid=1000(system) Binder_2 expire 10 lines
10-28 07:51:00.055  2169  2183 I chatty  : uid=1000(system) ActivityManager expire 11 lines
10-28 08:02:57.689  2169  3437 I chatty  : uid=1000(system) Binder_6 expire 10 lines
10-28 08:02:58.032  2169  4468 I chatty  : uid=1000(system) Binder_9 expire 10 lines
10-28 08:03:00.622  2169  3265 I chatty  : uid=1000(system) ConnectivitySer expire 11 lines
10-28 08:05:38.040  2169  5342 I chatty  : uid=1000(system) Binder_C expire 10 lines
10-28 08:08:11.888 22487 22503 D ActivityThread: Loading provider com.google.android.gmail.provider;com.android.mail.notifier;com.google.android.gm.email.provider;com.google.android.gm.email.notifier: com.android.email.provider.EmailProvider
10-28 08:08:15.064  2169 14562 I chatty  : uid=1000(system) Binder_10 expire 10 lines
10-28 08:08:45.313 22637 22637 I chatty  : uid=1000(system) com.android.settings expire 1 line
10-28 08:08:45.372  2169  2169 I chatty  : uid=1000 system_server expire 55 lines
10-28 08:08:45.446  3375  3375 D StatusBarKeyguardViewManager: showKeyguard, but hide Bouncer
10-28 08:08:46.231  2169  3250 I chatty  : uid=1000(system) AlarmManager expire 55 lines
10-28 08:08:46.288  2169  2240 I chatty  : uid=1000(system) android.display expire 11 lines
10-28 08:09:04.957   311  2129 I chatty  : uid=0(root) /system/bin/netd expire 44 lines
10-28 08:10:06.104  2169  3431 I chatty  : uid=1000(system) Binder_5 expire 10 lines
10-28 08:10:06.348  2169  6625 I chatty  : uid=1000(system) Binder_D expire 10 lines
10-28 08:12:06.160  2169  4469 I chatty  : uid=1000(system) Binder_A expire 10 lines
10-28 08:14:09.805  2169  6628 I chatty  : uid=1000(system) Binder_F expire 10 lines
10-28 08:18:52.724   257   257 I chatty  : uid=1000(system) /system/bin/surfaceflinger expire 15 lines
10-28 08:19:26.939  3375  3375 D StatusBarKeyguardViewManager: showKeyguard, but hide Bouncer
10-28 08:19:27.863  2169  2240 I chatty  : uid=1000(system) android.display expire 12 lines
10-28 08:19:31.159   311  2129 I chatty  : uid=0(root) /system/bin/netd expire 12 lines
10-28 08:20:07.672   257   653 I chatty  : uid=1000(system) EventThread expire 11 lines
10-28 08:20:35.371  2169  3322 I chatty  : uid=1000(system) Binder_3 expire 10 lines
10-28 08:20:35.379  2169  2185 I chatty  : uid=1000(system) android.fg expire 10 lines
10-28 08:20:35.449  2169  3401 I chatty  : uid=1000(system) Binder_4 expire 15 lines
10-28 08:20:39.880 23043 23043 I chatty  : uid=1000(system) com.android.settings expire 1 line
10-28 08:20:40.536  2169  3251 I chatty  : uid=1000(system) InputDispatcher expire 10 lines
10-28 08:20:45.406 23077 23093 D ActivityThread: Loading provider com.google.android.gmail.provider;com.android.mail.notifier;com.google.android.gm.email.provider;com.google.android.gm.email.notifier: com.android.email.provider.EmailProvider
10-28 08:20:48.798   257   257 I chatty  : uid=1000(system) /system/bin/surfaceflinger expire 12 lines
10-28 08:20:52.792  2169  2169 I chatty  : uid=1000 system_server expire 32 lines
10-28 08:20:55.682  3375  3375 D StatusBarKeyguardViewManager: showKeyguard, but hide Bouncer
10-28 08:20:55.808  2169  2179 I chatty  : uid=1000(system) Binder_1 expire 11 lines
10-28 08:20:56.129 23281 23281 I chatty  : uid=1000(system) com.android.settings expire 1 line
10-28 08:21:26.170  2169  3250 I chatty  : uid=1000(system) AlarmManager expire 29 lines
10-28 08:23:00.163   311  2129 I chatty  : uid=0(root) /system/bin/netd expire 12 lines
10-28 08:24:42.811  2169  2180 I chatty  : uid=1000(system) Binder_2 expire 10 lines
10-28 08:24:53.614  3375  3375 D StatusBarKeyguardViewManager: showKeyguard, but hide Bouncer
10-28 08:25:44.158  2169  3250 I chatty  : uid=1000(system) AlarmManager expire 51 lines
10-28 08:25:44.172  2169  4312 I chatty  : uid=1000(system) Binder_8 expire 10 lines
10-28 08:25:44.185  2169  2169 I chatty  : uid=1000 system_server expire 57 lines
10-28 08:27:47.158   311  2129 I chatty  : uid=0(root) /system/bin/netd expire 53 lines
10-28 08:28:22.194  2169  4468 I chatty  : uid=1000(system) Binder_9 expire 10 lines
10-28 08:35:39.105  2169  6627 I chatty  : uid=1000(system) Binder_E expire 10 lines
10-28 08:36:00.310  2169  6625 I chatty  : uid=1000(system) Binder_D expire 10 lines
10-28 08:36:00.342  2169  5342 I chatty  : uid=1000(system) Binder_C expire 12 lines
10-28 08:37:03.606  2169  6628 I chatty  : uid=1000(system) Binder_F expire 11 lines
10-28 08:37:04.033 23714 23789 W ActivityThread: ClassLoader.loadClass: The class loader returned by Thread.getContextClassLoader() may fail for processes that host multiple applications. You should explicitly specify a context class loader. For example: Thread.setContextClassLoader(getClass().getClassLoader());
10-28 08:37:04.150   311  2129 I chatty  : uid=0(root) /system/bin/netd expire 18 lines
10-28 08:40:00.287  2169  3250 I chatty  : uid=1000(system) AlarmManager expire 12 lines
10-28 08:40:04.310 23841 23841 E ActivityThread: Failed to find provider info for com.tencent.mm.coolassist.debugprovider
10-28 08:40:04.900  2169  2169 I chatty  : uid=1000 system_server expire 12 lines
10-28 08:40:24.543   311  2129 I chatty  : uid=0(root) /system/bin/netd expire 12 lines
10-28 08:40:46.433  2169  2183 I chatty  : uid=1000(system) ActivityManager expire 10 lines
10-28 08:40:59.850 23841 23841 E ActivityThread: Failed to find provider info for com.huawei.android.launcher.settings
10-28 08:40:59.857 23841 23841 E ActivityThread: Failed to find provider info for com.android.badge
10-28 08:42:29.161  2169  3250 I chatty  : uid=1000(system) AlarmManager expire 58 lines
10-28 08:44:31.173   311  2129 I chatty  : uid=0(root) /system/bin/netd expire 37 lines
10-28 08:44:31.309  2169  2169 I chatty  : uid=1000 system_server expire 46 lines
10-28 08:45:32.159  2169  3437 I chatty  : uid=1000(system) Binder_6 expire 10 lines
10-28 08:46:32.168  2169  3901 I chatty  : uid=1000(system) Binder_7 expire 10 lines
10-28 08:46:32.650  2169  3322 I chatty  : uid=1000(system) Binder_3 expire 10 lines
10-28 08:48:32.697  2169  4470 I chatty  : uid=1000(system) Binder_B expire 10 lines
10-28 08:52:53.751  2169 14562 I chatty  : uid=1000(system) Binder_10 expire 10 lines
10-28 08:55:08.566  3396  3396 I chatty  : uid=1000(system) com.motorola.modemservice expire 6 lines
10-28 08:55:09.278  2169  4469 I chatty  : uid=1000(system) Binder_A expire 20 lines
10-28 08:55:09.415  3432  3432 D MccTable: updateMccMncConfiguration mccmnc='null' fromServiceState=true
10-28 08:55:09.415  3432  3432 D MccTable: WIFI_COUNTRY_CODE set to 
10-28 08:55:09.417  3432  3432 D MccTable: updateMccMncConfiguration mccmnc='50502' fromServiceState=true
10-28 08:55:09.418  2169  3431 I chatty  : uid=1000(system) Binder_5 expire 21 lines
10-28 08:55:09.420  3432  3432 D MccTable: updateMccMncConfiguration defaultMccMnc=50502
10-28 08:55:09.420  3432  3432 D MccTable: updateMccMncConfiguration: mcc=505, mnc=2
10-28 08:55:09.420  3432  3432 D MccTable: WIFI_COUNTRY_CODE set to au
10-28 08:55:09.478  2169  3264 I chatty  : uid=1000(system) WifiService expire 10 lines
10-28 08:55:10.040  2169  2179 I chatty  : uid=1000(system) Binder_1 expire 20 lines
10-28 08:55:23.120  2169  6628 I chatty  : uid=1000(system) Binder_F expire 22 lines
10-28 08:55:23.243  2169  2169 I chatty  : uid=1000 system_server expire 161 lines
10-28 08:55:44.836   311  2129 I chatty  : uid=0(root) /system/bin/netd expire 172 lines
10-28 08:56:27.404  2169  4312 I chatty  : uid=1000(system) Binder_8 expire 10 lines
10-28 08:56:48.839  2169  3250 I chatty  : uid=1000(system) AlarmManager expire 147 lines
10-28 08:56:48.923  2169  4468 I chatty  : uid=1000(system) Binder_9 expire 22 lines
10-28 08:57:10.856  2169  3401 I chatty  : uid=1000(system) Binder_4 expire 11 lines
10-28 08:57:53.506  2169 14562 I chatty  : uid=1000(system) Binder_10 expire 20 lines
10-28 09:01:22.193  2169  2180 I chatty  : uid=1000(system) Binder_2 expire 10 lines
10-28 09:01:23.403  2169  5342 I chatty  : uid=1000(system) Binder_C expire 10 lines
10-28 09:01:30.919  2169  3901 I chatty  : uid=1000(system) Binder_7 expire 20 lines
10-28 09:08:51.600  2169  6627 I chatty  : uid=1000(system) Binder_E expire 12 lines
10-28 09:14:50.392  2169  3322 I chatty  : uid=1000(system) Binder_3 expire 10 lines
10-28 09:20:27.935  2169  3437 I chatty  : uid=1000(system) Binder_6 expire 10 lines
10-28 09:22:54.857  2169  6625 I chatty  : uid=1000(system) Binder_D expire 10 lines
10-28 09:24:40.853  2169  4470 I chatty  : uid=1000(system) Binder_B expire 10 lines
10-28 09:33:55.806  2169  2240 I chatty  : uid=1000(system) android.display expire 11 lines
10-28 09:33:56.780  2169  3252 I chatty  : uid=1000(system) InputReader expire 10 lines
10-28 09:33:57.769  3375  3375 D StatusBarKeyguardViewManager: showKeyguard, but hide Bouncer
10-28 09:34:11.560 25873 25873 I chatty  : uid=1000(system) /system/bin/batt_health expire 3 lines
10-28 09:34:15.947  2169  2243 I chatty  : uid=1000(system) PowerManagerSer expire 11 lines
10-28 09:34:16.338  3375  3375 D StatusBarKeyguardViewManager: showKeyguard, but hide Bouncer
10-28 09:34:16.475   257   257 I chatty  : uid=1000(system) /system/bin/surfaceflinger expire 10 lines
10-28 09:34:17.122   257   653 I chatty  : uid=1000(system) EventThread expire 30 lines
10-28 09:34:17.947  2169  2169 I chatty  : uid=1000 system_server expire 13 lines
10-28 09:34:46.847   311  2129 I chatty  : uid=0(root) /system/bin/netd expire 10 lines
10-28 09:34:46.877  2169  2183 I chatty  : uid=1000(system) ActivityManager expire 10 lines
10-28 09:35:12.859  2169  3250 I chatty  : uid=1000(system) AlarmManager expire 20 lines
10-28 09:35:13.894  2169  2240 I chatty  : uid=1000(system) android.display expire 15 lines
10-28 09:35:17.834  3375  3375 D StatusBarKeyguardViewManager: showKeyguard, but hide Bouncer
10-28 09:35:59.867  2169  2169 I chatty  : uid=1000 system_server expire 11 lines
10-28 09:36:51.387 26041 26080 W ActivityThread: ClassLoader.loadClass: The class loader returned by Thread.getContextClassLoader() may fail for processes that host multiple applications. You should explicitly specify a context class loader. For example: Thread.setContextClassLoader(getClass().getClassLoader());
10-28 09:37:06.521   311  2129 I chatty  : uid=0(root) /system/bin/netd expire 10 lines
10-28 09:37:36.543  2169  4312 I chatty  : uid=1000(system) Binder_8 expire 11 lines
10-28 09:38:08.043  2169  2169 I chatty  : uid=1000 system_server expire 30 lines
10-28 09:38:32.416  2169  2185 I chatty  : uid=1000(system) android.fg expire 10 lines
10-28 09:38:35.971   257   257 I chatty  : uid=1000(system) /system/bin/surfaceflinger expire 49 lines
10-28 09:38:41.447  2169  3250 I chatty  : uid=1000(system) AlarmManager expire 23 lines
10-28 09:39:36.411  2169  3265 I chatty  : uid=1000(system) ConnectivitySer expire 10 lines
10-28 09:40:57.027   257   653 I chatty  : uid=1000(system) EventThread expire 10 lines
10-28 09:41:51.611  2169  2240 I chatty  : uid=1000(system) android.display expire 11 lines
10-28 09:41:53.283 26734 26734 I chatty  : uid=1000(system) com.android.settings expire 1 line
10-28 09:41:53.921  2169  6628 I chatty  : uid=1000(system) Binder_F expire 11 lines
10-28 09:41:54.099  3375  3375 D StatusBarKeyguardViewManager: showKeyguard, but hide Bouncer
10-28 09:41:54.522  2169  6627 I chatty  : uid=1000(system) Binder_E expire 11 lines
10-28 09:41:54.992  2169  3322 I chatty  : uid=1000(system) Binder_3 expire 10 lines
10-28 09:41:55.506  2169  5342 I chatty  : uid=1000(system) Binder_C expire 10 lines
10-28 09:41:57.276   257   257 I chatty  : uid=1000(system) /system/bin/surfaceflinger expire 10 lines
10-28 09:42:18.265  2169  3250 I chatty  : uid=1000(system) AlarmManager expire 64 lines
10-28 09:42:18.385  2169  2169 I chatty  : uid=1000 system_server expire 59 lines
10-28 09:42:33.409  2169  3431 I chatty  : uid=1000(system) Binder_5 expire 10 lines
10-28 09:44:21.440   311  2129 I chatty  : uid=0(root) /system/bin/netd expire 80 lines
10-28 09:48:50.958  2169  3401 I chatty  : uid=1000(system) Binder_4 expire 11 lines
10-28 09:54:56.530  2169 14562 I chatty  : uid=1000(system) Binder_10 expire 11 lines
10-28 10:01:41.907  2169  2180 I chatty  : uid=1000(system) Binder_2 expire 10 lines
10-28 10:02:25.190 27023 27041 D ActivityThread: Loading provider com.google.android.gmail.provider;com.android.mail.notifier;com.google.android.gm.email.provider;com.google.android.gm.email.notifier: com.android.email.provider.EmailProvider
10-28 10:02:51.674   311  2129 I chatty  : uid=0(root) /system/bin/netd expire 32 lines
10-28 10:04:39.864  2169  3250 I chatty  : uid=1000(system) AlarmManager expire 26 lines
10-28 10:04:39.897  2169  2169 I chatty  : uid=1000 system_server expire 22 lines
10-28 10:09:25.807  2169  2179 I chatty  : uid=1000(system) Binder_1 expire 10 lines
10-28 10:09:27.526  3375  3375 D StatusBarKeyguardViewManager: showKeyguard, but hide Bouncer
10-28 10:09:29.296  3375  3375 D StatusBarKeyguardViewManager: showKeyguard, but hide Bouncer
10-28 10:09:36.635  2169  2169 I chatty  : uid=1000 system_server expire 85 lines
10-28 10:09:42.505  2169  2183 I chatty  : uid=1000(system) ActivityManager expire 11 lines
10-28 10:10:07.931   311  2129 I chatty  : uid=0(root) /system/bin/netd expire 54 lines
10-28 10:10:08.336  2169  3250 I chatty  : uid=1000(system) AlarmManager expire 81 lines
10-28 10:15:32.967  2169  6625 I chatty  : uid=1000(system) Binder_D expire 11 lines
10-28 10:21:36.709  2169  4469 I chatty  : uid=1000(system) Binder_A expire 10 lines
10-28 10:23:36.885  2169  3437 I chatty  : uid=1000(system) Binder_6 expire 10 lines
10-28 10:25:50.374  2169  4470 I chatty  : uid=1000(system) Binder_B expire 10 lines
10-28 10:27:11.879  2169  2182 I chatty  : uid=1000(system) android.bg expire 10 lines
10-28 10:27:12.287 27753 27768 D ActivityThread: Loading provider com.google.android.gmail.provider;com.android.mail.notifier;com.google.android.gm.email.provider;com.google.android.gm.email.notifier: com.android.email.provider.EmailProvider
10-28 10:27:52.786   311 27889 I chatty  : uid=0(root) /system/bin/netd expire 1 line
10-28 10:27:53.557  2169 14562 I chatty  : uid=1000(system) Binder_10 expire 10 lines
10-28 10:29:52.314  2169  3250 I chatty  : uid=1000(system) AlarmManager expire 61 lines
10-28 10:29:52.343  2169  2169 I chatty  : uid=1000 system_server expire 10 lines
10-28 10:31:46.014  2169  2240 I chatty  : uid=1000(system) android.display expire 10 lines
10-28 10:31:47.709   257   257 I chatty  : uid=1000(system) /system/bin/surfaceflinger expire 10 lines
10-28 10:31:47.876  3375  3375 D StatusBarKeyguardViewManager: showKeyguard, but hide Bouncer
10-28 10:31:52.372  2169  2169 I chatty  : uid=1000 system_server expire 54 lines
10-28 10:35:52.536  2169  2180 I chatty  : uid=1000(system) Binder_2 expire 10 lines
10-28 10:35:53.066  2169  6625 I chatty  : uid=1000(system) Binder_D expire 13 lines
10-28 10:45:13.157  2169  3901 I chatty  : uid=1000(system) Binder_7 expire 10 lines
10-28 10:48:28.991  2169  2243 I chatty  : uid=1000(system) PowerManagerSer expire 11 lines
10-28 10:48:29.986   311  2129 I chatty  : uid=0(root) /system/bin/netd expire 211 lines
10-28 10:48:30.246  3375  3375 D StatusBarKeyguardViewManager: showKeyguard, but hide Bouncer
10-28 10:48:34.535  2169  3250 I chatty  : uid=1000(system) AlarmManager expire 154 lines
10-28 10:48:34.562  2169  2169 I chatty  : uid=1000 system_server expire 165 lines
10-28 10:48:53.492  2169  6628 I chatty  : uid=1000(system) Binder_F expire 13 lines
10-28 10:48:53.492  2169  4468 I chatty  : uid=1000(system) Binder_9 expire 10 lines
10-28 10:50:20.078  2169  3322 I chatty  : uid=1000(system) Binder_3 expire 10 lines
10-28 10:54:11.133   257   653 I chatty  : uid=1000(system) EventThread expire 20 lines
10-28 10:54:36.515  2169  2240 I chatty  : uid=1000(system) android.display expire 35 lines
10-28 10:54:51.462  2169  4312 I chatty  : uid=1000(system) Binder_8 expire 10 lines
10-28 11:04:57.672   257   257 I chatty  : uid=1000(system) /system/bin/surfaceflinger expire 34 lines
10-28 11:05:06.804  2169  2179 I chatty  : uid=1000(system) Binder_1 expire 10 lines
10-28 11:08:27.957  2169  6627 I chatty  : uid=1000(system) Binder_E expire 10 lines
10-28 11:08:28.516  2169  3431 I chatty  : uid=1000(system) Binder_5 expire 10 lines
10-28 11:19:21.644  2169  6625 I chatty  : uid=1000(system) Binder_D expire 10 lines
10-28 11:20:03.769  2169  3265 I chatty  : uid=1000(system) ConnectivitySer expire 10 lines
10-28 11:36:51.548 29511 29511 I chatty  : uid=1000(system) com.android.settings expire 1 line
10-28 11:36:53.861  2169  2183 I chatty  : uid=1000(system) ActivityManager expire 10 lines
10-28 11:37:02.671 29673 29704 D ActivityThread: Loading provider com.google.android.gmail.provider;com.android.mail.notifier;com.google.android.gm.email.provider;com.google.android.gm.email.notifier: com.android.email.provider.EmailProvider
10-28 11:37:04.356  2169  2240 I chatty  : uid=1000(system) android.display expire 20 lines
10-28 11:37:05.181   257   257 I chatty  : uid=1000(system) /system/bin/surfaceflinger expire 22 lines
10-28 11:37:05.200  2169  3250 I chatty  : uid=1000(system) AlarmManager expire 85 lines
10-28 11:37:05.202  2169  2169 I chatty  : uid=1000 system_server expire 91 lines
10-28 11:37:10.449  2169  3401 I chatty  : uid=1000(system) Binder_4 expire 10 lines
10-28 11:37:11.952  2169  2185 I chatty  : uid=1000(system) android.fg expire 10 lines
10-28 11:37:13.098 29852 29852 I chatty  : uid=1000(system) com.android.settings expire 1 line
10-28 11:37:13.484  3375  3375 D StatusBarKeyguardViewManager: showKeyguard, but hide Bouncer
10-28 11:37:13.646  2169  4469 I chatty  : uid=1000(system) Binder_A expire 10 lines
10-28 11:37:36.848   311  2129 I chatty  : uid=0(root) /system/bin/netd expire 72 lines
10-28 11:38:13.119  2169  3437 I chatty  : uid=1000(system) Binder_6 expire 10 lines
10-28 11:43:46.110   257   653 I chatty  : uid=1000(system) EventThread expire 10 lines
10-28 11:50:37.382  2169  3901 I chatty  : uid=1000(system) Binder_7 expire 10 lines
10-28 11:52:38.408  2169  4470 I chatty  : uid=1000(system) Binder_B expire 10 lines
10-28 11:57:29.701  2169  6628 I chatty  : uid=1000(system) Binder_F expire 10 lines
10-28 11:58:16.276  2169  5342 I chatty  : uid=1000(system) Binder_C expire 10 lines
10-28 11:58:16.582 30242 30242 I chatty  : uid=1000(system) com.android.settings expire 2 lines
10-28 11:58:17.700  2169  3264 I chatty  : uid=1000(system) WifiService expire 10 lines
10-28 11:58:30.234  2169  3252 I chatty  : uid=1000(system) InputReader expire 10 lines
10-28 11:58:31.912  3375  3375 D StatusBarKeyguardViewManager: showKeyguard, but hide Bouncer
10-28 11:59:02.892   311  2129 I chatty  : uid=0(root) /system/bin/netd expire 16 lines
10-28 11:59:02.892  2169  3250 I chatty  : uid=1000(system) AlarmManager expire 23 lines
10-28 11:59:03.015  2169  2169 I chatty  : uid=1000 system_server expire 31 lines
10-28 12:00:06.077  2169  3265 I chatty  : uid=1000(system) ConnectivitySer expire 11 lines
10-28 12:00:07.716  2169  3322 I chatty  : uid=1000(system) Binder_3 expire 11 lines
10-28 12:00:08.600  2169  4312 I chatty  : uid=1000(system) Binder_8 expire 10 lines
10-28 12:00:09.135  2169  3431 I chatty  : uid=1000(system) Binder_5 expire 10 lines
10-28 12:00:31.236  2169  2179 I chatty  : uid=1000(system) Binder_1 expire 10 lines
10-28 12:01:57.019   257   653 I chatty  : uid=1000(system) EventThread expire 10 lines
10-28 12:01:57.470  2169  2240 I chatty  : uid=1000(system) android.display expire 10 lines
10-28 12:01:57.612  2169  6625 I chatty  : uid=1000(system) Binder_D expire 10 lines
10-28 12:01:59.774   257   257 I chatty  : uid=1000(system) /system/bin/surfaceflinger expire 10 lines
10-28 12:02:00.449 30608 30608 I chatty  : uid=1000(system) com.android.settings expire 1 line
10-28 12:02:00.605  2169 14562 I chatty  : uid=1000(system) Binder_10 expire 10 lines
10-28 12:02:17.471 30689 30689 E ActivityThread: Failed to find provider info for com.tencent.mm.coolassist.debugprovider
10-28 12:02:18.057  2169  2180 I chatty  : uid=1000(system) Binder_2 expire 10 lines
10-28 12:02:18.668  2169  3250 I chatty  : uid=1000(system) AlarmManager expire 26 lines
10-28 12:02:18.792   257   257 I chatty  : uid=1000(system) /system/bin/surfaceflinger expire 22 lines
10-28 12:02:27.910  3375  3375 D StatusBarKeyguardViewManager: showKeyguard, but hide Bouncer
10-28 12:02:27.952 30778 30778 I chatty  : uid=1000(system) com.android.settings expire 1 line
10-28 12:02:30.963   257   653 I chatty  : uid=1000(system) EventThread expire 10 lines
10-28 12:02:59.020  2169  2169 I chatty  : uid=1000 system_server expire 13 lines
10-28 12:05:34.717   311  2129 I chatty  : uid=0(root) /system/bin/netd expire 12 lines
10-28 12:05:36.630  2169  2240 I chatty  : uid=1000(system) android.display expire 10 lines
10-28 12:06:37.729 30885 30900 D ActivityThread: Loading provider com.google.android.gmail.provider;com.android.mail.notifier;com.google.android.gm.email.provider;com.google.android.gm.email.notifier: com.android.email.provider.EmailProvider
10-28 12:06:38.028  2169  3437 I chatty  : uid=1000(system) Binder_6 expire 10 lines
10-28 12:07:35.970  2169  2169 I chatty  : uid=1000 system_server expire 49 lines
10-28 12:08:36.661  2169  3250 I chatty  : uid=1000(system) AlarmManager expire 45 lines
10-28 12:10:13.740   311  2129 I chatty  : uid=0(root) /system/bin/netd expire 23 lines
10-28 12:10:47.230  2169  6627 I chatty  : uid=1000(system) Binder_E expire 10 lines
10-28 12:15:35.112  2169  2240 I chatty  : uid=1000(system) android.display expire 10 lines
10-28 12:15:38.478   257   257 I chatty  : uid=1000(system) /system/bin/surfaceflinger expire 10 lines
10-28 12:16:07.249  2169  4468 I chatty  : uid=1000(system) Binder_9 expire 10 lines
10-28 12:16:10.761 31284 31284 I chatty  : uid=1000(system) com.android.settings expire 2 lines
10-28 12:16:11.978  3375  3375 D StatusBarKeyguardViewManager: showKeyguard, but hide Bouncer
10-28 12:16:12.484 31302 31302 E ActivityThread: Failed to find provider info for com.tencent.mm.coolassist.debugprovider
10-28 12:16:14.077  2169  3265 I chatty  : uid=1000(system) ConnectivitySer expire 10 lines
10-28 12:17:21.681   311  2129 I chatty  : uid=0(root) /system/bin/netd expire 20 lines
10-28 12:17:27.630  2169  2183 I chatty  : uid=1000(system) ActivityManager expire 10 lines
10-28 12:18:52.112  2169  2169 I chatty  : uid=1000 system_server expire 20 lines
10-28 12:19:17.912  2169  3250 I chatty  : uid=1000(system) AlarmManager expire 21 lines
10-28 12:21:37.997  2169  2184 I chatty  : uid=1000(system) android.ui expire 10 lines
10-28 12:22:41.948  2169  2243 I chatty  : uid=1000(system) PowerManagerSer expire 11 lines
10-28 12:22:42.090  3375  3375 D StatusBarKeyguardViewManager: showKeyguard, but hide Bouncer
10-28 12:22:42.136   257   653 I chatty  : uid=1000(system) EventThread expire 11 lines
10-28 12:22:43.944  2169  2169 I chatty  : uid=1000 system_server expire 22 lines
10-28 12:22:43.988  2169  2240 I chatty  : uid=1000(system) android.display expire 10 lines
10-28 12:22:47.345   257   257 I chatty  : uid=1000(system) /system/bin/surfaceflinger expire 10 lines
10-28 12:23:36.775   311  2129 I chatty  : uid=0(root) /system/bin/netd expire 19 lines
10-28 12:24:52.238  2169  3250 I chatty  : uid=1000(system) AlarmManager expire 22 lines
10-28 12:27:04.924  2169  5342 I chatty  : uid=1000(system) Binder_C expire 10 lines
10-28 12:27:06.887 31567 31582 D ActivityThread: Loading provider com.google.android.gmail.provider;com.android.mail.notifier;com.google.android.gm.email.provider;com.google.android.gm.email.notifier: com.android.email.provider.EmailProvider
10-28 12:27:36.703   311  2129 I chatty  : uid=0(root) /system/bin/netd expire 59 lines
10-28 12:28:05.097  2169  2169 I chatty  : uid=1000 system_server expire 47 lines
10-28 12:28:05.630  2169  6628 I chatty  : uid=1000(system) Binder_F expire 11 lines
10-28 12:29:20.913  2169  3250 I chatty  : uid=1000(system) AlarmManager expire 32 lines
10-28 12:31:53.100  2169  4469 I chatty  : uid=1000(system) Binder_A expire 10 lines
10-28 12:40:21.654 31861 31919 W ActivityThread: ClassLoader.loadClass: The class loader returned by Thread.getContextClassLoader() may fail for processes that host multiple applications. You should explicitly specify a context class loader. For example: Thread.setContextClassLoader(getClass().getClassLoader());
10-28 12:40:22.008  2169  3250 I chatty  : uid=1000(system) AlarmManager expire 22 lines
10-28 12:40:51.752   311  2129 I chatty  : uid=0(root) /system/bin/netd expire 62 lines
10-28 12:42:52.085  2169  2169 I chatty  : uid=1000 system_server expire 17 lines
10-28 12:47:37.135  2169  3901 I chatty  : uid=1000(system) Binder_7 expire 10 lines
10-28 12:52:36.792   311  2129 E NetlinkEvent: NetlinkEvent::FindParam(): Parameter 'UID' not found
10-28 12:52:42.929   311  2129 E NetlinkEvent: NetlinkEvent::FindParam(): Parameter 'UID' not found
10-28 12:52:42.929  2169  3250 I chatty  : uid=1000(system) AlarmManager expire 11 lines
10-28 12:52:43.002   311  2129 E NetlinkEvent: NetlinkEvent::FindParam(): Parameter 'UID' not found
10-28 12:52:43.050  2169  2169 I chatty  : uid=1000 system_server expire 11 lines
10-28 12:53:06.904   311  2129 E NetlinkEvent: NetlinkEvent::FindParam(): Parameter 'UID' not found
10-28 12:53:21.637   311  2129 E NetlinkEvent: NetlinkEvent::FindParam(): Parameter 'UID' not found
10-28 12:53:26.548   311  2129 E NetlinkEvent: NetlinkEvent::FindParam(): Parameter 'UID' not found
10-28 12:53:26.548   311  2129 E NetlinkEvent: NetlinkEvent::FindParam(): Parameter 'UID' not found
10-28 12:53:51.747   311  2129 E NetlinkEvent: NetlinkEvent::FindParam(): Parameter 'UID' not found
10-28 12:53:58.814   311  2129 E NetlinkEvent: NetlinkEvent::FindParam(): Parameter 'UID' not found
10-28 12:54:21.863   311  2129 E NetlinkEvent: NetlinkEvent::FindParam(): Parameter 'UID' not found
10-28 12:54:36.906   311  2129 E NetlinkEvent: NetlinkEvent::FindParam(): Parameter 'UID' not found
10-28 12:54:36.917   311  2129 E NetlinkEvent: NetlinkEvent::FindParam(): Parameter 'UID' not found
10-28 12:54:51.648   311  2129 E NetlinkEvent: NetlinkEvent::FindParam(): Parameter 'UID' not found
10-28 12:55:06.707   311  2129 E NetlinkEvent: NetlinkEvent::FindParam(): Parameter 'UID' not found
10-28 12:55:21.758   311  2129 E NetlinkEvent: NetlinkEvent::FindParam(): Parameter 'UID' not found
10-28 12:55:25.954  3432  3432 D MccTable: updateMccMncConfiguration mccmnc='null' fromServiceState=true
10-28 12:55:25.954  3432  3432 D MccTable: WIFI_COUNTRY_CODE set to 
10-28 12:55:26.351  2169  6627 I chatty  : uid=1000(system) Binder_E expire 12 lines
10-28 12:55:30.084  2169  6625 I chatty  : uid=1000(system) Binder_D expire 10 lines
10-28 12:55:30.895  3432  3432 D MccTable: updateMccMncConfiguration mccmnc='50502' fromServiceState=true
10-28 12:55:30.897  3432  3432 D MccTable: updateMccMncConfiguration defaultMccMnc=50502
10-28 12:55:30.897  3432  3432 D MccTable: updateMccMncConfiguration: mcc=505, mnc=2
10-28 12:55:30.897  3432  3432 D MccTable: WIFI_COUNTRY_CODE set to au
10-28 12:55:31.052  2169  3322 I chatty  : uid=1000(system) Binder_3 expire 11 lines
10-28 12:55:32.052  2169  4312 I chatty  : uid=1000(system) Binder_8 expire 15 lines
10-28 12:55:51.517   311  2129 E NetlinkEvent: NetlinkEvent::FindParam(): Parameter 'UID' not found
10-28 12:55:52.126   311  2129 E NetlinkEvent: NetlinkEvent::FindParam(): Parameter 'UID' not found
10-28 12:57:21.793   311  2129 E NetlinkEvent: NetlinkEvent::FindParam(): Parameter 'UID' not found
10-28 12:57:28.863  2169  3250 I chatty  : uid=1000(system) AlarmManager expire 11 lines
10-28 12:57:28.988  2169  2169 I chatty  : uid=1000 system_server expire 14 lines
10-28 12:57:31.360   311  2129 E NetlinkEvent: NetlinkEvent::FindParam(): Parameter 'UID' not found
10-28 12:58:06.641   311  2129 E NetlinkEvent: NetlinkEvent::FindParam(): Parameter 'UID' not found
10-28 12:58:08.788   311  2129 E NetlinkEvent: NetlinkEvent::FindParam(): Parameter 'UID' not found
10-28 12:58:36.747   311  2129 E NetlinkEvent: NetlinkEvent::FindParam(): Parameter 'UID' not found
10-28 12:58:51.793   311  2129 E NetlinkEvent: NetlinkEvent::FindParam(): Parameter 'UID' not found
10-28 12:58:51.797   311  2129 E NetlinkEvent: NetlinkEvent::FindParam(): Parameter 'UID' not found
10-28 12:59:03.468   311  2129 E NetlinkEvent: NetlinkEvent::FindParam(): Parameter 'UID' not found
10-28 12:59:30.506   311  2129 E NetlinkEvent: NetlinkEvent::FindParam(): Parameter 'UID' not found
10-28 12:59:51.706   311  2129 E NetlinkEvent: NetlinkEvent::FindParam(): Parameter 'UID' not found
10-28 13:00:06.762   311  2129 E NetlinkEvent: NetlinkEvent::FindParam(): Parameter 'UID' not found
10-28 13:00:06.769   311  2129 E NetlinkEvent: NetlinkEvent::FindParam(): Parameter 'UID' not found
10-28 13:00:08.905   311  2129 E NetlinkEvent: NetlinkEvent::FindParam(): Parameter 'UID' not found
10-28 13:00:51.628   311  2129 E NetlinkEvent: NetlinkEvent::FindParam(): Parameter 'UID' not found
10-28 13:01:03.602   311  2129 E NetlinkEvent: NetlinkEvent::FindParam(): Parameter 'UID' not found
10-28 13:01:21.731   311  2129 E NetlinkEvent: NetlinkEvent::FindParam(): Parameter 'UID' not found
10-28 13:01:33.088   311  2129 E NetlinkEvent: NetlinkEvent::FindParam(): Parameter 'UID' not found
10-28 13:01:41.147  2169  2179 I chatty  : uid=1000(system) Binder_1 expire 11 lines
10-28 13:01:41.922  2169  3401 I chatty  : uid=1000(system) Binder_4 expire 10 lines
10-28 13:02:20.478  2169  3431 I chatty  : uid=1000(system) Binder_5 expire 10 lines
10-28 13:03:06.798   311  2129 E NetlinkEvent: NetlinkEvent::FindParam(): Parameter 'UID' not found
10-28 13:03:13.296   311  2129 E NetlinkEvent: NetlinkEvent::FindParam(): Parameter 'UID' not found
10-28 13:03:23.398  2169  3250 I chatty  : uid=1000(system) AlarmManager expire 10 lines
10-28 13:03:23.420  2169  2169 I chatty  : uid=1000 system_server expire 10 lines
10-28 13:03:51.645   311  2129 E NetlinkEvent: NetlinkEvent::FindParam(): Parameter 'UID' not found
10-28 13:04:06.692   311  2129 E NetlinkEvent: NetlinkEvent::FindParam(): Parameter 'UID' not found
10-28 13:04:06.696   311  2129 E NetlinkEvent: NetlinkEvent::FindParam(): Parameter 'UID' not found
10-28 13:04:21.748   311  2129 E NetlinkEvent: NetlinkEvent::FindParam(): Parameter 'UID' not found
10-28 13:04:21.752   311  2129 E NetlinkEvent: NetlinkEvent::FindParam(): Parameter 'UID' not found
10-28 13:04:23.591   311  2129 E NetlinkEvent: NetlinkEvent::FindParam(): Parameter 'UID' not found
10-28 13:04:51.858   311  2129 E NetlinkEvent: NetlinkEvent::FindParam(): Parameter 'UID' not found
10-28 13:05:06.600   311  2129 E NetlinkEvent: NetlinkEvent::FindParam(): Parameter 'UID' not found
10-28 13:05:21.653   311  2129 E NetlinkEvent: NetlinkEvent::FindParam(): Parameter 'UID' not found
10-28 13:05:36.707   311  2129 E NetlinkEvent: NetlinkEvent::FindParam(): Parameter 'UID' not found
10-28 13:05:36.711   311  2129 E NetlinkEvent: NetlinkEvent::FindParam(): Parameter 'UID' not found
10-28 13:05:44.082   311  2129 E NetlinkEvent: NetlinkEvent::FindParam(): Parameter 'UID' not found
10-28 13:06:06.824   311  2129 E NetlinkEvent: NetlinkEvent::FindParam(): Parameter 'UID' not found
10-28 13:06:21.869   311  2129 E NetlinkEvent: NetlinkEvent::FindParam(): Parameter 'UID' not found
10-28 13:06:21.876   311  2129 E NetlinkEvent: NetlinkEvent::FindParam(): Parameter 'UID' not found
10-28 13:06:28.633   311  2129 E NetlinkEvent: NetlinkEvent::FindParam(): Parameter 'UID' not found
10-28 13:06:51.679   311  2129 E NetlinkEvent: NetlinkEvent::FindParam(): Parameter 'UID' not found
10-28 13:07:06.723   311  2129 E NetlinkEvent: NetlinkEvent::FindParam(): Parameter 'UID' not found
10-28 13:07:06.734   311  2129 E NetlinkEvent: NetlinkEvent::FindParam(): Parameter 'UID' not found
10-28 13:07:21.779   311  2129 E NetlinkEvent: NetlinkEvent::FindParam(): Parameter 'UID' not found
10-28 13:07:21.784   311  2129 E NetlinkEvent: NetlinkEvent::FindParam(): Parameter 'UID' not found
10-28 13:07:25.464   311  2129 E NetlinkEvent: NetlinkEvent::FindParam(): Parameter 'UID' not found
10-28 13:07:51.876   311  2129 E NetlinkEvent: NetlinkEvent::FindParam(): Parameter 'UID' not found
10-28 13:08:06.623   311  2129 E NetlinkEvent: NetlinkEvent::FindParam(): Parameter 'UID' not found
10-28 13:08:21.677   311  2129 E NetlinkEvent: NetlinkEvent::FindParam(): Parameter 'UID' not found
10-28 13:08:33.663   311  2129 E NetlinkEvent: NetlinkEvent::FindParam(): Parameter 'UID' not found
10-28 13:08:51.800   311  2129 E NetlinkEvent: NetlinkEvent::FindParam(): Parameter 'UID' not found
10-28 13:09:03.764   311  2129 E NetlinkEvent: NetlinkEvent::FindParam(): Parameter 'UID' not found
10-28 13:09:36.640   311  2129 E NetlinkEvent: NetlinkEvent::FindParam(): Parameter 'UID' not found
10-28 13:09:36.658   311  2129 E NetlinkEvent: NetlinkEvent::FindParam(): Parameter 'UID' not found
10-28 13:09:51.695   311  2129 E NetlinkEvent: NetlinkEvent::FindParam(): Parameter 'UID' not found
10-28 13:10:06.743   311  2129 E NetlinkEvent: NetlinkEvent::FindParam(): Parameter 'UID' not found
10-28 13:10:06.747   311  2129 E NetlinkEvent: NetlinkEvent::FindParam(): Parameter 'UID' not found
10-28 13:10:21.801   311  2129 E NetlinkEvent: NetlinkEvent::FindParam(): Parameter 'UID' not found
10-28 13:10:21.813   311  2129 E NetlinkEvent: NetlinkEvent::FindParam(): Parameter 'UID' not found
10-28 13:10:36.854   311  2129 E NetlinkEvent: NetlinkEvent::FindParam(): Parameter 'UID' not found
10-28 13:10:36.862   311  2129 E NetlinkEvent: NetlinkEvent::FindParam(): Parameter 'UID' not found
10-28 13:10:38.697   311  2129 E NetlinkEvent: NetlinkEvent::FindParam(): Parameter 'UID' not found
10-28 13:11:06.656   311  2129 E NetlinkEvent: NetlinkEvent::FindParam(): Parameter 'UID' not found
10-28 13:11:21.708   311  2129 E NetlinkEvent: NetlinkEvent::FindParam(): Parameter 'UID' not found
10-28 13:11:21.715   311  2129 E NetlinkEvent: NetlinkEvent::FindParam(): Parameter 'UID' not found
10-28 13:11:36.762   311  2129 E NetlinkEvent: NetlinkEvent::FindParam(): Parameter 'UID' not found
10-28 13:11:36.767   311  2129 E NetlinkEvent: NetlinkEvent::FindParam(): Parameter 'UID' not found
10-28 13:11:43.885  2169  2169 I chatty  : uid=1000 system_server expire 12 lines
10-28 13:11:44.894  2169  3250 I chatty  : uid=1000(system) AlarmManager expire 19 lines
10-28 13:11:49.872   311  2129 E NetlinkEvent: NetlinkEvent::FindParam(): Parameter 'UID' not found
10-28 13:12:20.292   311  2129 E NetlinkEvent: NetlinkEvent::FindParam(): Parameter 'UID' not found
10-28 13:12:21.604   311  2129 E NetlinkEvent: NetlinkEvent::FindParam(): Parameter 'UID' not found
10-28 13:12:33.852  2169  2169 I chatty  : uid=1000 system_server expire 11 lines
10-28 13:13:28.239   311  2129 E NetlinkEvent: NetlinkEvent::FindParam(): Parameter 'UID' not found
10-28 13:13:36.876   311  2129 E NetlinkEvent: NetlinkEvent::FindParam(): Parameter 'UID' not found
10-28 13:13:50.915   311  2129 E NetlinkEvent: NetlinkEvent::FindParam(): Parameter 'UID' not found
10-28 13:13:51.110   311  2129 E NetlinkEvent: NetlinkEvent::FindParam(): Parameter 'UID' not found
10-28 13:13:53.501  2169  3250 I chatty  : uid=1000(system) AlarmManager expire 15 lines
10-28 13:13:53.517  2169  2169 I chatty  : uid=1000 system_server expire 15 lines
10-28 13:14:01.957   311  2129 E NetlinkEvent: NetlinkEvent::FindParam(): Parameter 'UID' not found
10-28 13:14:02.078  2169  3265 I chatty  : uid=1000(system) ConnectivitySer expire 52 lines
10-28 13:14:02.084  2169  3258 I chatty  : uid=1000(system) NetworkPolicy expire 3 lines
10-28 13:14:02.339  2169  5342 I chatty  : uid=1000(system) Binder_C expire 10 lines
10-28 13:14:02.422  2169 14562 I chatty  : uid=1000(system) Binder_10 expire 13 lines
10-28 13:14:05.672  2169  4312 I chatty  : uid=1000(system) Binder_8 expire 10 lines
10-28 13:14:09.313  2169  6628 I chatty  : uid=1000(system) Binder_F expire 10 lines
10-28 13:14:20.260   311  2129 E NetlinkEvent: NetlinkEvent::FindParam(): Parameter 'UID' not found
10-28 13:14:35.732  2169  3265 I chatty  : uid=1000(system) ConnectivitySer expire 11 lines
10-28 13:14:35.737   311  2129 E NetlinkEvent: NetlinkEvent::FindParam(): Parameter 'UID' not found
10-28 13:14:35.792   311  2129 E NetlinkEvent: NetlinkEvent::FindParam(): Parameter 'UID' not found
10-28 13:14:35.794   311  2129 E NetlinkEvent: NetlinkEvent::FindParam(): Parameter 'UID' not found
10-28 13:14:35.942  2169  4470 I chatty  : uid=1000(system) Binder_B expire 10 lines
10-28 13:14:37.475  2169  4468 I chatty  : uid=1000(system) Binder_9 expire 11 lines
10-28 13:14:54.864   311  2129 E NetlinkEvent: NetlinkEvent::FindParam(): Parameter 'UID' not found
10-28 13:14:54.865   311  2129 E NetlinkEvent: NetlinkEvent::FindParam(): Parameter 'UID' not found
10-28 13:14:55.790   311  2129 E NetlinkEvent: NetlinkEvent::FindParam(): Parameter 'UID' not found
10-28 13:15:58.031   311  2129 E NetlinkEvent: NetlinkEvent::FindParam(): Parameter 'UID' not found
10-28 13:15:58.066   311  2129 E NetlinkEvent: NetlinkEvent::FindParam(): Parameter 'UID' not found
10-28 13:16:32.867   311  2129 E NetlinkEvent: NetlinkEvent::FindParam(): Parameter 'UID' not found
10-28 13:16:32.869  2169  3250 I chatty  : uid=1000(system) AlarmManager expire 12 lines
10-28 13:16:32.920  2169  2169 I chatty  : uid=1000 system_server expire 12 lines
10-28 13:17:01.307   311  2129 E NetlinkEvent: NetlinkEvent::FindParam(): Parameter 'UID' not found
10-28 13:17:01.314   311  2129 E NetlinkEvent: NetlinkEvent::FindParam(): Parameter 'UID' not found
10-28 13:17:05.874  2169  6627 I chatty  : uid=1000(system) Binder_E expire 10 lines
10-28 13:17:06.419   311  2129 E NetlinkEvent: NetlinkEvent::FindParam(): Parameter 'UID' not found
10-28 13:17:06.428  2169  2180 I chatty  : uid=1000(system) Binder_2 expire 12 lines
10-28 13:17:22.549   311  2129 E NetlinkEvent: NetlinkEvent::FindParam(): Parameter 'UID' not found
10-28 13:17:36.427   311  2129 E NetlinkEvent: NetlinkEvent::FindParam(): Parameter 'UID' not found
10-28 13:17:59.230   311  2129 E NetlinkEvent: NetlinkEvent::FindParam(): Parameter 'UID' not found
10-28 13:18:45.767   311  2129 E NetlinkEvent: NetlinkEvent::FindParam(): Parameter 'UID' not found
10-28 13:19:06.869   311  2129 E NetlinkEvent: NetlinkEvent::FindParam(): Parameter 'UID' not found
10-28 13:19:06.871  2169  3250 I chatty  : uid=1000(system) AlarmManager expire 16 lines
10-28 13:19:06.895  2169  2169 I chatty  : uid=1000 system_server expire 16 lines
10-28 13:19:07.184   311  2129 E NetlinkEvent: NetlinkEvent::FindParam(): Parameter 'UID' not found
10-28 13:19:24.360   311  2129 E NetlinkEvent: NetlinkEvent::FindParam(): Parameter 'UID' not found
10-28 13:20:00.028  2169  2183 I chatty  : uid=1000(system) ActivityManager expire 10 lines
10-28 13:21:08.534  2169  3259 I chatty  : uid=1000(system) WifiP2pService expire 10 lines
10-28 13:21:08.564  2169  3265 I chatty  : uid=1000(system) ConnectivitySer expire 66 lines
10-28 13:21:08.601   311  2129 E NetlinkEvent: NetlinkEvent::FindParam(): Parameter 'UID' not found
10-28 13:21:08.601   311  2129 E NetlinkEvent: NetlinkEvent::FindParam(): Parameter 'UID' not found
10-28 13:21:08.635  2169  3250 I chatty  : uid=1000(system) AlarmManager expire 10 lines
10-28 13:21:10.547  2169  3322 I chatty  : uid=1000(system) Binder_3 expire 10 lines
10-28 13:21:11.794  2169  2179 I chatty  : uid=1000(system) Binder_1 expire 10 lines
10-28 13:21:13.766  2169  2169 I chatty  : uid=1000 system_server expire 12 lines
10-28 13:21:26.930   311  2129 E NetlinkEvent: NetlinkEvent::FindParam(): Parameter 'UID' not found
10-28 13:21:45.863  2169  3265 I chatty  : uid=1000(system) ConnectivitySer expire 11 lines
10-28 13:21:45.913   311  2129 E NetlinkEvent: NetlinkEvent::FindParam(): Parameter 'UID' not found
10-28 13:21:58.235   311  2129 E NetlinkEvent: NetlinkEvent::FindParam(): Parameter 'UID' not found
10-28 13:22:21.690   311  2129 E NetlinkEvent: NetlinkEvent::FindParam(): Parameter 'UID' not found
10-28 13:22:36.637   311  2129 E NetlinkEvent: NetlinkEvent::FindParam(): Parameter 'UID' not found
10-28 13:22:36.644   311  2129 E NetlinkEvent: NetlinkEvent::FindParam(): Parameter 'UID' not found
10-28 13:22:51.687   311  2129 E NetlinkEvent: NetlinkEvent::FindParam(): Parameter 'UID' not found
10-28 13:22:51.691   311  2129 E NetlinkEvent: NetlinkEvent::FindParam(): Parameter 'UID' not found
10-28 13:23:06.635   311  2129 E NetlinkEvent: NetlinkEvent::FindParam(): Parameter 'UID' not found
10-28 13:23:06.640   311  2129 E NetlinkEvent: NetlinkEvent::FindParam(): Parameter 'UID' not found
10-28 13:23:06.657  2169  2169 I chatty  : uid=1000 system_server expire 10 lines
10-28 13:23:08.474   311  2129 E NetlinkEvent: NetlinkEvent::FindParam(): Parameter 'UID' not found
10-28 13:23:51.697   311  2129 E NetlinkEvent: NetlinkEvent::FindParam(): Parameter 'UID' not found
10-28 13:23:51.697   311  2129 E NetlinkEvent: NetlinkEvent::FindParam(): Parameter 'UID' not found
10-28 13:23:51.702   311  2129 E NetlinkEvent: NetlinkEvent::FindParam(): Parameter 'UID' not found
10-28 13:24:06.641   311  2129 E NetlinkEvent: NetlinkEvent::FindParam(): Parameter 'UID' not found
10-28 13:24:06.646   311  2129 E NetlinkEvent: NetlinkEvent::FindParam(): Parameter 'UID' not found
10-28 13:24:06.728  2169  3250 I chatty  : uid=1000(system) AlarmManager expire 10 lines
10-28 13:24:21.506   311  2129 E NetlinkEvent: NetlinkEvent::FindParam(): Parameter 'UID' not found
10-28 13:24:29.904  2169  2169 I chatty  : uid=1000 system_server expire 18 lines
10-28 13:24:51.305   311  2129 E NetlinkEvent: NetlinkEvent::FindParam(): Parameter 'UID' not found
10-28 13:24:51.506   311  2129 E NetlinkEvent: NetlinkEvent::FindParam(): Parameter 'UID' not found
10-28 13:25:07.918  2169  3401 I chatty  : uid=1000(system) Binder_4 expire 10 lines
10-28 13:25:35.652   311  2129 E NetlinkEvent: NetlinkEvent::FindParam(): Parameter 'UID' not found
10-28 13:25:36.693   311  2129 E NetlinkEvent: NetlinkEvent::FindParam(): Parameter 'UID' not found
10-28 13:25:51.629   311  2129 E NetlinkEvent: NetlinkEvent::FindParam(): Parameter 'UID' not found
10-28 13:26:06.674   311  2129 E NetlinkEvent: NetlinkEvent::FindParam(): Parameter 'UID' not found
10-28 13:26:10.867   311  2129 E NetlinkEvent: NetlinkEvent::FindParam(): Parameter 'UID' not found
10-28 13:26:10.868  2169  3250 I chatty  : uid=1000(system) AlarmManager expire 13 lines
10-28 13:26:10.897   311  2129 E NetlinkEvent: NetlinkEvent::FindParam(): Parameter 'UID' not found
10-28 13:26:36.676   311  2129 E NetlinkEvent: NetlinkEvent::FindParam(): Parameter 'UID' not found
10-28 13:26:51.628   311  2129 E NetlinkEvent: NetlinkEvent::FindParam(): Parameter 'UID' not found
