10-28 19:10:29.706 27124 27124 W RichInputConnection: Unable to connect to the editor. Setting caps mode without knowing text.
10-28 19:10:30.232  2169  2240 I DisplayManagerService: Display device changed state: "Built-in Screen", OFF
10-28 19:10:30.237   257   257 I chatty  : uid=1000(system) /system/bin/surfaceflinger expire 10 lines
10-28 19:10:30.263   257   653 I SFPerfTracer:      triggers: (rate: 138:6252) (10215150 sw vsyncs) (0 skipped) (24:5772863 vsyncs) (26:16369874)
10-28 19:10:30.272 27124 27149 E Surface : getSlotFromBufferLocked: unknown buffer: 0xb8624788
10-28 19:10:30.410  2169  2243 I DreamManagerService: Entering dreamland.
10-28 19:10:30.410  2169  2243 I PowerManagerService: Dozing...
10-28 19:10:30.411  2169  2185 I DreamController: Starting dream: name=ComponentInfo{com.motorola.motodisplay/com.motorola.motodisplay.DozeService}, isTest=false, canDoze=true, userId=0
10-28 19:10:30.461  4269  7703 E Surface : getSlotFromBufferLocked: unknown buffer: 0xb871ca40
10-28 19:10:30.497 21474 21474 E MD.NotificationUtils: Exception getting package info! e=[com.motorola.contextual.smartrules]
10-28 19:10:30.498 21474 21474 E MD.NotificationUtils: Exception getting package info! e=[com.android.nfc]
10-28 19:10:30.502 21474 21474 E MD.NotificationUtils: Exception getting package info! e=[com.aws.android]
10-28 19:10:30.503 21474 21474 E MD.NotificationUtils: Exception getting package info! e=[com.motorola.tools.batterytracer]
10-28 19:10:30.573 16310 16310 W ContextImpl: Calling a method in the system process without a qualified user: android.app.ContextImpl.startService:1221 android.content.ContextWrapper.startService:581 android.content.ContextWrapper.startService:581 com.motorola.settings.notification.HiddenListenerSettingsReceiver.onReceive:35 android.app.ActivityThread.handleReceiver:2743 
10-28 19:10:30.582 21474 21474 E MD.MDServiceGlimpse: Invalid intent received
10-28 19:10:30.592  2169  2169 V NotificationListeners: enabling notification listener for user 0: ComponentInfo{com.motorola.motodisplay/com.motorola.motodisplay.MDNotificationListenerService}
10-28 19:10:30.604 21474 21474 D MD.DozeService: Got Doze host, start dreaming
10-28 19:10:30.611 21474 23477 D ModalityManager: 
10-28 19:10:30.611 21474 23477 D ModalityManager: addStowedListener(), package: com.motorola.motodisplay
10-28 19:10:30.618  3443 14563 D SLPC    : reg_stowed(): 4, 0, 3000
10-28 19:10:30.618  3443 14563 D SLPC    : reg_stowed(): 4
10-28 19:10:30.618  3443 14563 D sensorhub: sensorhub_algo_req(): algo: 2, active_parts: 4, num_parts: 3, req_len: 16, bytes: 19
10-28 19:10:30.619  3443 14563 D sensorhub: sensorhub_algo_req(): algos: 40
10-28 19:10:30.625 21474 23477 D ModalityManager: mService.addStowedListener() succeeded
10-28 19:10:30.625 21474 23477 D ModalityManager: 
10-28 19:10:30.625 21474 23477 D ModalityManager: addStowedListener(), package: com.motorola.motodisplay
10-28 19:10:30.626  3443  4954 D SLPC    : reg_stowed(): 3, 9223372036854775807, 9223372036854775807
10-28 19:10:30.626  3443  4954 D SLPC    : reg_stowed(): 1
10-28 19:10:30.626  3443  4954 D SLPC    : reg_stowed(): 2
10-28 19:10:30.626  3443  4954 D sensorhub: sensorhub_algo_req(): algo: 2, active_parts: 7, num_parts: 3, req_len: 16, bytes: 19
10-28 19:10:30.626  3443  4954 D sensorhub: sensorhub_algo_req(): algos: 40
10-28 19:10:30.630  3443  3512 D SLPC    : slpc_poll_loop(): handled 1
10-28 19:10:30.630  3443  3512 D SLPC    : slpc_poll_handle_event(): transition
10-28 19:10:30.632 21474 23477 D ModalityManager: mService.addStowedListener() succeeded
10-28 19:10:30.633 21474 23477 D ModalityManager: 
10-28 19:10:30.633 21474 23477 D ModalityManager: addOrientationListener(), package: com.motorola.motodisplay
10-28 19:10:30.634  3443 14571 D SLPC    : reg_orientations(): 1, 100, 4000
10-28 19:10:30.634  3443 14571 D SLPC    : reg_orientations(): 1
10-28 19:10:30.634  3443 14571 D sensorhub: sensorhub_algo_req(): algo: 1, active_parts: 1, num_parts: 4, req_len: 20, bytes: 23
10-28 19:10:30.634  3443 14571 D sensorhub: sensorhub_algo_req(): algos: 56
10-28 19:10:30.634  3443  3512 D SLPC    : slpc_poll_loop(): about to poll...
10-28 19:10:30.634  3443  3512 D sensorhub: sensorhub_poll() polling...
10-28 19:10:30.636  3443 14571 D ModalityService: OrientationListener(): callback onOrientationChange() -> 1
10-28 19:10:30.637 21474 22576 D ModalityManager: onOrientationChange() -> 1, package: com.motorola.motodisplay
10-28 19:10:30.638  3443  3443 D ModalityService: StowedListener(): callback onStowedChange() -> 4
10-28 19:10:30.638 21474 21485 D ModalityManager: onStowedChange() -> 4, package: com.motorola.motodisplay
10-28 19:10:30.640 21474 23477 D ModalityManager: mService.addOrientationListener() succeeded
10-28 19:10:30.640 21474 23477 D ModalityManager: 
10-28 19:10:30.640 21474 23477 D ModalityManager: addOrientationListener(), package: com.motorola.motodisplay
10-28 19:10:30.641  3443 14565 D SLPC    : reg_orientations(): 14, 9223372036854775807, 9223372036854775807
10-28 19:10:30.641  3443 14565 D SLPC    : reg_orientations(): 2
10-28 19:10:30.641  3443 14565 D SLPC    : reg_orientations(): 4
10-28 19:10:30.641  3443 14565 D SLPC    : reg_orientations(): 8
10-28 19:10:30.641  3443 14565 D sensorhub: sensorhub_algo_req(): algo: 1, active_parts: 15, num_parts: 4, req_len: 20, bytes: 23
10-28 19:10:30.641  3443 14565 D sensorhub: sensorhub_algo_req(): algos: 56
10-28 19:10:30.650 21474 23477 D ModalityManager: mService.addOrientationListener() succeeded
10-28 19:10:30.650 21474 23477 D ModalityManager: 
10-28 19:10:30.650 21474 23477 D ModalityManager: addMovementListener(), package: com.motorola.motodisplay
10-28 19:10:30.652  3443 14573 D SLPC    : reg_modalities(): 2, 3000, 0
10-28 19:10:30.652  3443 14573 D SLPC    : reg_modalities(): 2
10-28 19:10:30.652  3443 14573 D sensorhub: sensorhub_algo_req(): algo: 0, active_parts: 2, num_parts: 6, req_len: 28, bytes: 31
10-28 19:10:30.652  3443 14573 D sensorhub: sensorhub_algo_req(): algos: 56
10-28 19:10:30.659 21474 21501 I Adreno-EGL: <qeglDrvAPI_eglInitialize:379>: EGL 1.4 QUALCOMM build:  (I14a17c7611)
10-28 19:10:30.659 21474 21501 I Adreno-EGL: OpenGL ES Shader Compiler Version: XE031.06.00.02
10-28 19:10:30.659 21474 21501 I Adreno-EGL: Build Date: 12/04/15 Fri
10-28 19:10:30.659 21474 21501 I Adreno-EGL: Local Branch: workspace
10-28 19:10:30.659 21474 21501 I Adreno-EGL: Remote Branch: 
10-28 19:10:30.659 21474 21501 I Adreno-EGL: Local Patches: 
10-28 19:10:30.659 21474 21501 I Adreno-EGL: Reconstruct Branch: 
10-28 19:10:30.660 21474 21501 I OpenGLRenderer: Initialized EGL, version 1.4
10-28 19:10:30.663 21474 23477 D ModalityManager: mService.addMovementListener() succeeded
10-28 19:10:30.695  3375 11364 I chatty  : uid=10043(com.android.systemui) Binder_4 expire 3 lines
10-28 19:10:30.702  3375  3375 I chatty  : uid=10043(com.android.systemui) expire 84 lines
10-28 19:10:30.731  3443 14572 D sensorhub: sensorhub_algo_query(): algo: 1
10-28 19:10:30.741  2169  4044 I chatty  : uid=1000(system) FLP Service Cal expire 10 lines
10-28 19:10:30.754   318   318 D audio_hw_primary: adev_set_parameters: enter: screen_state=off
10-28 19:10:30.755   318   318 V msm8916_platform: platform_set_parameters: enter: - screen_state=off
10-28 19:10:30.755   318   318 V msm8916_platform: platform_set_parameters: exit with code(0)
10-28 19:10:30.755   318   318 D audio_hw_extn: audio_extn_set_anc_parameters: anc_enabled:0
10-28 19:10:30.755   318   318 E soundtrigger: audio_extn_sound_trigger_set_parameters: str_params NULL
10-28 19:10:30.755   318   318 E bt_a2dp_hw: adev_set_parameters: ERROR: set param called even when stream out is null
10-28 19:10:30.930  2169  4468 I ActivityManager: Start proc 23482:com.google.process.gapps/u0a16 for content provider com.google.android.gsf/.settings.GoogleSettingsProvider
10-28 19:10:30.962  3375  3375 D StatusBarKeyguardViewManager: showKeyguard, but hide Bouncer
10-28 19:10:30.992 23482 23482 W System  : ClassLoader referenced unknown path: /system/priv-app/GoogleServicesFramework/lib/arm
10-28 19:10:31.020 23482 23482 I GservicesProvider: Gservices pushing to system: true; secure/global: true
10-28 19:10:31.133 23482 23482 I GoogleHttpClient: GMS http client unavailable, use old client
10-28 19:10:31.161  2169  6628 I chatty  : uid=1000(system) Binder_F expire 2 lines
10-28 19:10:31.298  2169  6985 I chatty  : uid=1000(system) LBSSystemMonito expire 10 lines
10-28 19:10:31.333 18203 18203 I MemoryTrimmer: Trimming objects from memory, since app is in the background.
10-28 19:10:31.401  2169  3401 D WifiService: acquireWifiLockLocked: WifiLock{NlpWifiLock type=2 binder=android.os.BinderProxy@2e11888}
10-28 19:10:31.632 23507 23507 E NEW_BHD : Battery Power Supply logging Daemon start!!!!!
10-28 19:10:31.633 23507 23507 E NEW_BHD : Cannot run on production devices!
10-28 19:10:31.975  2169  2179 D WifiService: releaseWifiLockLocked: WifiLock{NlpWifiLock type=2 binder=android.os.BinderProxy@2e11888}
10-28 19:10:33.345  7474  7502 E MC_LineReader: Error opening /sys/class/power_supply/bms/resistance
10-28 19:10:33.345  7474  7502 E MC_LineReader: java.io.FileNotFoundException: /sys/class/power_supply/bms/resistance: open failed: ENOENT (No such file or directory)
10-28 19:10:33.345  7474  7502 E MC_LineReader: 	at libcore.io.IoBridge.open(IoBridge.java:452)
10-28 19:10:33.345  7474  7502 E MC_LineReader: 	at java.io.FileInputStream.<init>(FileInputStream.java:76)
10-28 19:10:33.345  7474  7502 E MC_LineReader: 	at java.io.FileInputStream.<init>(FileInputStream.java:103)
10-28 19:10:33.345  7474  7502 E MC_LineReader: 	at java.io.FileReader.<init>(FileReader.java:66)
10-28 19:10:33.345  7474  7502 E MC_LineReader: 	at com.motorola.motocare.util.LineReader.<init>(LineReader.java:20)
10-28 19:10:33.345  7474  7502 E MC_LineReader: 	at com.motorola.motocare.util.LineReader$1.<init>(LineReader.java:53)
10-28 19:10:33.345  7474  7502 E MC_LineReader: 	at com.motorola.motocare.util.LineReader.firstLineReader(LineReader.java:53)
10-28 19:10:33.345  7474  7502 E MC_LineReader: 	at com.motorola.motocare.util.BatteryUtils.getBatteryResistance(BatteryUtils.java:130)
10-28 19:10:33.345  7474  7502 E MC_LineReader: 	at com.motorola.motocare.action.BatteryLevelAction.onReceiveImpl(BatteryLevelAction.java:42)
10-28 19:10:33.345  7474  7502 E MC_LineReader: 	at com.motorola.motocare.util.BackgroundReceiver$1.run(BackgroundReceiver.java:14)
10-28 19:10:33.345  7474  7502 E MC_LineReader: 	at android.os.Handler.handleCallback(Handler.java:746)
10-28 19:10:33.345  7474  7502 E MC_LineReader: 	at android.os.Handler.dispatchMessage(Handler.java:95)
10-28 19:10:33.345  7474  7502 E MC_LineReader: 	at android.os.Looper.loop(Looper.java:148)
10-28 19:10:33.345  7474  7502 E MC_LineReader: 	at android.os.HandlerThread.run(HandlerThread.java:61)
10-28 19:10:33.345  7474  7502 E MC_LineReader: Caused by: android.system.ErrnoException: open failed: ENOENT (No such file or directory)
10-28 19:10:33.345  7474  7502 E MC_LineReader: 	at libcore.io.Posix.open(Native Method)
10-28 19:10:33.345  7474  7502 E MC_LineReader: 	at libcore.io.BlockGuardOs.open(BlockGuardOs.java:186)
10-28 19:10:33.345  7474  7502 E MC_LineReader: 	at libcore.io.IoBridge.open(IoBridge.java:438)
10-28 19:10:33.345  7474  7502 E MC_LineReader: 	... 13 more
10-28 19:10:33.581  4097  4104 I chatty  : uid=1000(system) FinalizerDaemon expire 2 lines
10-28 19:10:36.655 23536 23536 E NEW_BHD : Battery Power Supply logging Daemon start!!!!!
10-28 19:10:36.656 23536 23536 E NEW_BHD : Cannot run on production devices!
10-28 19:10:36.820 21474 21474 E MD.MDServiceGlimpse: Invalid intent received
10-28 19:10:36.821  3443 14574 D sensorhub: sensorhub_algo_query(): algo: 1
10-28 19:10:36.826  3443  3458 D sensorhub: sensorhub_algo_query(): algo: 2
10-28 19:10:36.860  2169  2240 I DisplayManagerService: Display device changed state: "Built-in Screen", DOZE
10-28 19:10:36.891  2169  2240 I chatty  : uid=1000(system) android.display expire 11 lines
10-28 19:10:37.503  3443  3512 D SLPC    : slpc_poll_loop(): handled 1
10-28 19:10:37.503  3443  3512 D SLPC    : slpc_poll_handle_event(): transition
10-28 19:10:37.503  3443  3512 D SLPC    : slpc_poll_loop(): about to poll...
10-28 19:10:37.503  3443  3512 D sensorhub: sensorhub_poll() polling...
10-28 19:10:37.504  3443  3443 D ModalityService: ModalityListener(): callback onModalityChange() -> 2
10-28 19:10:37.504 21474 21485 D ModalityManager: onEndMovement(), package: com.motorola.motodisplay
10-28 19:10:39.121  3443  3512 D SLPC    : slpc_poll_loop(): handled 1
10-28 19:10:39.121  3443  3512 D SLPC    : slpc_poll_handle_event(): transition
10-28 19:10:39.121  3443  3512 D SLPC    : slpc_poll_loop(): about to poll...
10-28 19:10:39.121  3443  3512 D sensorhub: sensorhub_poll() polling...
10-28 19:10:39.474  3443  3512 D SLPC    : slpc_poll_loop(): handled 1
10-28 19:10:39.474  3443  3512 D SLPC    : slpc_poll_handle_event(): transition
10-28 19:10:39.474  3443  3512 D SLPC    : slpc_poll_loop(): about to poll...
10-28 19:10:39.474  3443  3512 D sensorhub: sensorhub_poll() polling...
10-28 19:10:39.477  2169  3250 V AlarmManager: sending alarm {6304d1e type 2 *walarm*:com.motorola.slpc.ALARM_ORIENTATION}
10-28 19:10:39.479  3443  3443 D ModalityService: ModalityListener(): callback onModalityChange() -> 1
10-28 19:10:39.479 21474 21486 D ModalityManager: onStartMovement(), package: com.motorola.motodisplay
10-28 19:10:39.482  3443  3443 D ModalityService: OrientationListener(): callback onOrientationChange() -> 1
10-28 19:10:39.482 21474 22576 D ModalityManager: onOrientationChange() -> 1, package: com.motorola.motodisplay
10-28 19:10:39.482  2169  2169 V AlarmManager: done {6304d1e, *walarm*:com.motorola.slpc.ALARM_ORIENTATION} [5ms]
10-28 19:10:39.485  3443 14568 D sensorhub: sensorhub_algo_query(): algo: 1
10-28 19:10:39.490  3443 14566 D sensorhub: sensorhub_algo_query(): algo: 2
10-28 19:10:39.499  3443 14575 D sensorhub: sensorhub_algo_query(): algo: 2
10-28 19:10:39.907   257   257 I SFPerfTracer:      triggers: (rate: 2209:106779) (compose: 3:1132) (post: 0:5395) (render: 24:5146) (0:1936588 frames) (1:2285792)
10-28 19:10:39.907   257   257 D SFPerfTracer:        layers: (1:13) (FocusedStackFrame (0xb909cb98): 0:11446)* (StatusBar (0xb90bce68): 1:324492)* (com.android.systemui.ImageWallpaper (0xb91379f8): 0:12798)* (DimLayer (0xb90d2480): 0:7872)* (DimLayer (0xb9154cb8): 0:1532)* ( (0xb9142380): 0:21)- (NavigationBar (0xb9151798): 0:58)- (com.tencent.mm/com.tencent.mm.ui.LauncherUI (0xb9156670): 0:237)* (InputMethod (0xb90e8ab8): 0:565)- (ColorFade (0xb913bbe8): 0:30)- ( (0xb90e8ab8): 0:20) 
10-28 19:10:40.293  2169  4312 I PowerManagerService: Waking up from dozing (uid 10032)...
10-28 19:10:40.296  2169  2179 I DreamManagerService: Leaving dreamland.
10-28 19:10:40.299  2169  2185 I DreamController: Stopping dream: name=ComponentInfo{com.motorola.motodisplay/com.motorola.motodisplay.DozeService}, isTest=false, canDoze=true, userId=0
10-28 19:10:40.314 21474 21501 E Surface : getSlotFromBufferLocked: unknown buffer: 0xb81dcd60
10-28 19:10:40.323 21474 23477 D ModalityManager: 
10-28 19:10:40.323 21474 23477 D ModalityManager: removeMovementListener(), package: com.motorola.motodisplay
10-28 19:10:40.325  3443 14569 D SLPC    : reg_modalities(): 2, 150000, 1000
10-28 19:10:40.325  3443 14569 D SLPC    : reg_modalities(): 2
10-28 19:10:40.325  3443 14569 D sensorhub: sensorhub_algo_req(): algo: 0, active_parts: 2, num_parts: 6, req_len: 28, bytes: 31
10-28 19:10:40.325  3443 14569 D sensorhub: sensorhub_algo_req(): algos: 56
10-28 19:10:40.333   257   257 I chatty  : uid=1000(system) /system/bin/surfaceflinger expire 10 lines
10-28 19:10:40.334   318  3271 D audio_hw_primary: adev_set_parameters: enter: screen_state=on
10-28 19:10:40.334   318  3271 V msm8916_platform: platform_set_parameters: enter: - screen_state=on
10-28 19:10:40.334   318  3271 V msm8916_platform: platform_set_parameters: exit with code(0)
10-28 19:10:40.334   318  3271 D audio_hw_extn: audio_extn_set_anc_parameters: anc_enabled:0
10-28 19:10:40.334   318  3271 E soundtrigger: audio_extn_sound_trigger_set_parameters: str_params NULL
10-28 19:10:40.334   318  3271 E bt_a2dp_hw: adev_set_parameters: ERROR: set param called even when stream out is null
10-28 19:10:40.334  2169  2240 I DisplayManagerService: Display device changed state: "Built-in Screen", ON
10-28 19:10:40.339   257   641 I chatty  : uid=1000(system) hwcVsyncThread expire 12 lines
10-28 19:10:40.339 21474 23477 D ModalityManager: 
10-28 19:10:40.339 21474 23477 D ModalityManager: removeOrientationListener(), package: com.motorola.motodisplay
10-28 19:10:40.340  3443 14563 D SLPC    : unreg_orientations(): 65535
10-28 19:10:40.340  3443 14563 D sensorhub: sensorhub_algo_req(): algo: 1, active_parts: 0, num_parts: 4, req_len: 20, bytes: 23
10-28 19:10:40.340  3443 14563 D sensorhub: sensorhub_algo_req(): algos: 40
10-28 19:10:40.346 21474 23477 D ModalityManager: 
10-28 19:10:40.346 21474 23477 D ModalityManager: removeStowedListener(), package: com.motorola.motodisplay
10-28 19:10:40.347  3443  4954 D SLPC    : unreg_stowed(): 65535
10-28 19:10:40.347  3443  4954 D sensorhub: sensorhub_algo_req(): algo: 2, active_parts: 0, num_parts: 3, req_len: 16, bytes: 19
10-28 19:10:40.347  3443  4954 D sensorhub: sensorhub_algo_req(): algos: 8
10-28 19:10:40.360  3375  3809 I chatty  : uid=10043(com.android.systemui) PhoneStatusBar expire 10 lines
10-28 19:10:40.363  2169  4470 W WindowManager: Failed looking up window
10-28 19:10:40.363  2169  4470 W WindowManager: java.lang.IllegalArgumentException: Requested window android.os.BinderProxy@8966007 does not exist
10-28 19:10:40.363  2169  4470 W WindowManager: 	at com.android.server.wm.WindowManagerService.windowForClientLocked(WindowManagerService.java:8803)
10-28 19:10:40.363  2169  4470 W WindowManager: 	at com.android.server.wm.WindowManagerService.pokeDrawLock(WindowManagerService.java:3126)
10-28 19:10:40.363  2169  4470 W WindowManager: 	at com.android.server.wm.Session.pokeDrawLock(Session.java:469)
10-28 19:10:40.363  2169  4470 W WindowManager: 	at android.view.IWindowSession$Stub.onTransact(IWindowSession.java:670)
10-28 19:10:40.363  2169  4470 W WindowManager: 	at com.android.server.wm.Session.onTransact(Session.java:130)
10-28 19:10:40.363  2169  4470 W WindowManager: 	at android.os.Binder.execTransact(Binder.java:453)
10-28 19:10:40.428  4504 28807 E ctxmgr  : [ProducerActiveIntervalImpl]addNewAppInterval: already contained:appKey=bxa@bb9b632b,appInterval=bwy@c589f89,record=key=(com.google.android.googlequicksearchbox, 10044, account#-1671806742#, com.google.android.apps.gsa.extradex.kato.GmsContextManagerClientHelper, 63dfb1fb-78f8-4c66-ac64-896b50d24f2c), t=1477632078353, name=1, lifetime=(2), production=null, retention=null, dispatch=(1), consumer=(byw@f75c1dd0-217621258)
10-28 19:10:40.749  2169  3250 V AlarmManager: sending alarm {5e870a0 type 3 *alarm*:com.google.android.gms.location.ENGINE_BATCH_TIMEOUT}
10-28 19:10:40.756  2169  2169 V AlarmManager: done {5e870a0, *alarm*:com.google.android.gms.location.ENGINE_BATCH_TIMEOUT} [7ms]
10-28 19:10:41.004  2169  2184 W WindowManager: performLayoutAndPlaceSurfacesLocked called while in layout. Callers=com.android.server.wm.WindowManagerService.performLayoutAndPlaceSurfacesLocked:8997 com.android.server.wm.WindowManagerService.reevaluateStatusBarVisibility:11141 com.android.server.policy.PhoneWindowManager.clearClearableFlagsLw:7515 
10-28 19:10:41.155   257   653 I SFPerfTracer:      triggers: (rate: 138:6252) (10215179 sw vsyncs) (0 skipped) (47:5772930 vsyncs) (49:16369986)
10-28 19:10:41.681 23571 23571 E NEW_BHD : Battery Power Supply logging Daemon start!!!!!
10-28 19:10:41.682 23571 23571 E NEW_BHD : Cannot run on production devices!
10-28 19:10:42.423  7474  7502 E MC_LineReader: Error opening /sys/class/power_supply/bms/resistance
10-28 19:10:42.423  7474  7502 E MC_LineReader: java.io.FileNotFoundException: /sys/class/power_supply/bms/resistance: open failed: ENOENT (No such file or directory)
10-28 19:10:42.423  7474  7502 E MC_LineReader: 	at libcore.io.IoBridge.open(IoBridge.java:452)
10-28 19:10:42.423  7474  7502 E MC_LineReader: 	at java.io.FileInputStream.<init>(FileInputStream.java:76)
10-28 19:10:42.423  7474  7502 E MC_LineReader: 	at java.io.FileInputStream.<init>(FileInputStream.java:103)
10-28 19:10:42.423  7474  7502 E MC_LineReader: 	at java.io.FileReader.<init>(FileReader.java:66)
10-28 19:10:42.423  7474  7502 E MC_LineReader: 	at com.motorola.motocare.util.LineReader.<init>(LineReader.java:20)
10-28 19:10:42.423  7474  7502 E MC_LineReader: 	at com.motorola.motocare.util.LineReader$1.<init>(LineReader.java:53)
10-28 19:10:42.423  7474  7502 E MC_LineReader: 	at com.motorola.motocare.util.LineReader.firstLineReader(LineReader.java:53)
10-28 19:10:42.423  7474  7502 E MC_LineReader: 	at com.motorola.motocare.util.BatteryUtils.getBatteryResistance(BatteryUtils.java:130)
10-28 19:10:42.423  7474  7502 E MC_LineReader: 	at com.motorola.motocare.action.BatteryLevelAction.onReceiveImpl(BatteryLevelAction.java:42)
10-28 19:10:42.423  7474  7502 E MC_LineReader: 	at com.motorola.motocare.util.BackgroundReceiver$1.run(BackgroundReceiver.java:14)
10-28 19:10:42.423  7474  7502 E MC_LineReader: 	at android.os.Handler.handleCallback(Handler.java:746)
10-28 19:10:42.423  7474  7502 E MC_LineReader: 	at android.os.Handler.dispatchMessage(Handler.java:95)
10-28 19:10:42.423  7474  7502 E MC_LineReader: 	at android.os.Looper.loop(Looper.java:148)
10-28 19:10:42.423  7474  7502 E MC_LineReader: 	at android.os.HandlerThread.run(HandlerThread.java:61)
10-28 19:10:42.423  7474  7502 E MC_LineReader: Caused by: android.system.ErrnoException: open failed: ENOENT (No such file or directory)
10-28 19:10:42.423  7474  7502 E MC_LineReader: 	at libcore.io.Posix.open(Native Method)
10-28 19:10:42.423  7474  7502 E MC_LineReader: 	at libcore.io.BlockGuardOs.open(BlockGuardOs.java:186)
10-28 19:10:42.423  7474  7502 E MC_LineReader: 	at libcore.io.IoBridge.open(IoBridge.java:438)
10-28 19:10:42.423  7474  7502 E MC_LineReader: 	... 13 more
10-28 19:10:42.958   321   321 I keystore: calling unlock when not locked, ignoring.
10-28 19:10:42.965  3375  3375 I chatty  : uid=10043(com.android.systemui) expire 42 lines
10-28 19:10:43.291   257   257 I SFPerfTracer:      triggers: (rate: 2209:106780) (compose: 3:1132) (post: 0:5395) (render: 24:5146) (72:1936727 frames) (73:2285945)
10-28 19:10:43.291   257   257 D SFPerfTracer:        layers: (3:11) (FocusedStackFrame (0xb909cb98): 0:11446)* (StatusBar (0xb90bce68): 73:324633) (com.android.systemui.ImageWallpaper (0xb91379f8): 0:12800) (DimLayer (0xb90d2480): 0:7872)* (DimLayer (0xb9154cb8): 0:1532)* (com.tencent.mm/com.tencent.mm.ui.LauncherUI (0xb9156670): 2:245)* ( (0xb90e8ab8): 0:20)- ( (0xb90e8ab8): 0:3)* (NavigationBar (0xb9142380): 0:18) 
10-28 19:10:43.343  4504  4504 I Coffee-PlaceTrustlet: User Present broadcast receiver action: android.intent.action.USER_PRESENT
10-28 19:10:43.343  4504  4504 I Coffee-HomeAddressChangeTracker: User Present. Maybe fetch home.
10-28 19:10:43.343  4504  4504 I Coffee-HomeAddressChangeTracker: has account
10-28 19:10:43.344  4504  4504 I Coffee-VoiceUnlockTrustlet: stopAuthenticatingUser()
10-28 19:10:43.347  4504  4504 I Coffee-PlaceTrustlet: User Present broadcast receiver action: android.intent.action.USER_PRESENT
10-28 19:10:43.347  4504  4504 I Coffee-HomeAddressChangeTracker: User Present. Maybe fetch home.
10-28 19:10:43.347  4504  4504 I Coffee-HomeAddressChangeTracker: has account
10-28 19:10:43.348  4504  4504 I Coffee-VoiceUnlockTrustlet: stopAuthenticatingUser()
10-28 19:10:43.422   257   653 I SFPerfTracer:      triggers: (rate: 138:6252) (10215179 sw vsyncs) (0 skipped) (79:5773043 vsyncs) (81:16370105)
10-28 19:10:43.434 22148 22148 W FlurryAgent: Start session
10-28 19:10:43.434 22148 22148 W FlurryAgent: Trying to end session
10-28 19:10:43.443 18581 23591 I CryptAuthSync: [DeviceStateSyncManager] The server is in sync with current state. Nothing to do
10-28 19:10:43.463 16310 16310 W ContextImpl: Calling a method in the system process without a qualified user: android.app.ContextImpl.startService:1221 android.content.ContextWrapper.startService:581 android.content.ContextWrapper.startService:581 com.motorola.settings.notification.HiddenListenerSettingsReceiver.onReceive:35 android.app.ActivityThread.handleReceiver:2743 
10-28 19:10:43.504  2169  2169 V NotificationListeners: disabling notification listener for user 0: ComponentInfo{com.motorola.motodisplay/com.motorola.motodisplay.MDNotificationListenerService}
10-28 19:10:44.054  4504 28807 E ctxmgr  : [AppIntervalImpl]closeInterval: ongoing
10-28 19:10:44.155 22148 23179 W FlurryAgent: FlurryDataSender: report 2fb97ed0-5f3d-40c0-a61c-4543444b595a sent. HTTP response: 200 : OK
10-28 19:10:44.232   257   257 I SFPerfTracer:      triggers: (rate: 2209:106781) (compose: 3:1132) (post: 0:5395) (render: 24:5147) (24:1936767 frames) (25:2285991)
10-28 19:10:44.233   257   257 D SFPerfTracer:        layers: (4:10) (FocusedStackFrame (0xb909cb98): 0:11448)* (StatusBar (0xb90bce68): 13:324664) (com.android.systemui.ImageWallpaper (0xb91379f8): 2:12807)* (DimLayer (0xb90d2480): 0:7872)* (DimLayer (0xb9154cb8): 1:1534)* (com.tencent.mm/com.tencent.mm.ui.LauncherUI (0xb9156670): 2:262) ( (0xb90e8ab8): 2:19) (NavigationBar (0xb9142380): 16:35) 
10-28 19:10:44.507  2169  4470 I ActivityManager: Process com.google.android.calendar (pid 23144) has died
10-28 19:10:44.514  5616  5616 I Finsky  : [1] com.google.android.finsky.utils.dz.onTrimMemory(17): Memory trim requested to level 10
10-28 19:10:44.519 18203 18203 I MemoryTrimmer: Trimming objects from memory, since app is in the background.
10-28 19:10:44.552 22381 22381 I Choreographer: Skipped 69 frames!  The application may be doing too much work on its main thread.
10-28 19:10:44.646  2169  6625 W InputMethodManagerService: Window already focused, ignoring focus gain of: com.android.internal.view.IInputMethodClient$Stub$Proxy@c9e95c9 attribute=android.view.inputmethod.EditorInfo@39f34ce, token = android.os.BinderProxy@31270c6
10-28 19:10:44.647 27124 27124 I Keyboard.Facilitator: onFinishInput()
10-28 19:10:46.504 23611 23611 E NEW_BHD : Battery Power Supply logging Daemon start!!!!!
10-28 19:10:46.505 23611 23611 E NEW_BHD : Cannot run on production devices!
10-28 19:10:50.372 27124 27124 I Keyboard.Facilitator: onStartInput()
10-28 19:10:50.382 27124 27124 D KeyboardTheme: No property defined for ro.com.google.ime.theme_id
10-28 19:10:50.382 27124 27124 I LatinIME: Starting input. Cursor position = 0,0
10-28 19:10:50.418 27124 27124 I Keyboard.Facilitator: resetDictionaries() : no-op
10-28 19:10:50.418 27124 27124 I StatsUtilsManager: onLoadSettings()
10-28 19:10:50.939   257   653 I SFPerfTracer:      triggers: (rate: 138:6252) (10215179 sw vsyncs) (0 skipped) (16:5773108 vsyncs) (18:16370220)
10-28 19:10:51.013  3375  3809 I chatty  : uid=10043(com.android.systemui) PhoneStatusBar expire 10 lines
10-28 19:10:51.405  2169  3250 V AlarmManager: sending alarm {aaed222 type 3 *alarm*:com.google.android.gms/.lockbox.LockboxAlarmReceiver}
10-28 19:10:51.412  2169  3250 V AlarmManager: sending alarm {5c9358b type 2 *walarm*:com.google.android.location.ALARM_WAKEUP_LOCATOR}
10-28 19:10:51.441  2169  2169 V AlarmManager: done {aaed222, *alarm*:com.google.android.gms/.lockbox.LockboxAlarmReceiver} [36ms]
10-28 19:10:51.446  2169  6625 D WifiService: acquireWifiLockLocked: WifiLock{NlpWifiLock type=2 binder=android.os.BinderProxy@5b46de7}
10-28 19:10:51.448  2169  2169 V AlarmManager: done {5c9358b, *walarm*:com.google.android.location.ALARM_WAKEUP_LOCATOR} [43ms]
10-28 19:10:51.460  2169  3901 I chatty  : uid=1000(system) Binder_7 expire 1 line
10-28 19:10:51.533  2169  3401 D WifiService: releaseWifiLockLocked: WifiLock{NlpWifiLock type=2 binder=android.os.BinderProxy@5b46de7}
10-28 19:10:51.535 23646 23646 E NEW_BHD : Battery Power Supply logging Daemon start!!!!!
10-28 19:10:51.535 23646 23646 E NEW_BHD : Cannot run on production devices!
10-28 19:10:51.567 22381 22390 I art     : Background sticky concurrent mark sweep GC freed 109221(6MB) AllocSpace objects, 18(368KB) LOS objects, 24% free, 22MB/30MB, paused 15.430ms total 100.411ms
10-28 19:10:52.757 27124 27124 I Keyboard.Facilitator: addToUserHistory()
10-28 19:10:53.349 27124 27124 I Keyboard.Facilitator: addToUserHistory()
10-28 19:10:53.435 22148 23589 W FlurryAgent: Ending session
10-28 19:10:54.004 22148 23179 W FlurryAgent: FlurryDataSender: report af438aca-13b8-435d-8fa1-47d46f391305 sent. HTTP response: 200 : OK
10-28 19:10:54.090   257   653 I SFPerfTracer:      triggers: (rate: 138:6252) (10215179 sw vsyncs) (0 skipped) (40:5773193 vsyncs) (42:16370333)
10-28 19:10:54.324 27124 27124 I Keyboard.Facilitator: addToUserHistory()
10-28 19:10:55.087 27124 27124 I Keyboard.Facilitator: addToUserHistory()
10-28 19:10:55.712   257   257 I SFPerfTracer:       trigger: frame rate (-25.652%)	(44.609 fps)	(22.417 ms) 	(29 drops)	(145 frames)
10-28 19:10:55.713   257   257 I SFPerfTracer:      triggers: (rate: 2210:106820) (compose: 3:1132) (post: 0:5396) (render: 24:5147) (145:1936941 frames) (146:2286219)
10-28 19:10:55.713   257   257 D SFPerfTracer:        layers: (5:11) (FocusedStackFrame (0xb909cb98): 0:11448)* (StatusBar (0xb90bce68): 6:324680) (com.android.systemui.ImageWallpaper (0xb91379f8): 0:12807)* (DimLayer (0xb90d2480): 0:7872)* (DimLayer (0xb9154cb8): 0:1534)* (com.tencent.mm/com.tencent.mm.ui.LauncherUI (0xb9156670): 21:310) ( (0xb90e8ab8): 0:19) (NavigationBar (0xb9142380): 0:36) (InputMethod (0xb9151690): 140:160) 
10-28 19:10:56.224 27124 27124 I Keyboard.Facilitator: addToUserHistory()
10-28 19:10:56.573 23673 23673 E NEW_BHD : Battery Power Supply logging Daemon start!!!!!
10-28 19:10:56.574 23673 23673 E NEW_BHD : Cannot run on production devices!
10-28 19:10:56.906   257   653 I SFPerfTracer:      triggers: (rate: 138:6252) (10215179 sw vsyncs) (0 skipped) (39:5773292 vsyncs) (41:16370468)
10-28 19:10:57.324 27124 27124 W GestureStrokeRecognitionPoints: [0] drop stale event: 236,75|112 last: 246,78|126
10-28 19:10:57.324 27124 27124 W GestureStrokeRecognitionPoints: [0] drop stale event: 232,74|121 last: 246,78|126
10-28 19:10:57.340 27124 27124 W GestureStrokeRecognitionPoints: [0] drop stale event: 231,74|122 last: 246,78|126
10-28 19:10:57.358 27124 27124 I Keyboard.Facilitator: addToUserHistory()
10-28 19:10:58.420 27124 27124 I Keyboard.Facilitator: onStartInput()
10-28 19:10:58.428 27124 27124 D KeyboardTheme: No property defined for ro.com.google.ime.theme_id
10-28 19:10:58.428 27124 27124 I LatinIME: Starting input. Cursor position = 35,35
10-28 19:10:58.511   257   257 I SFPerfTracer:      triggers: (rate: 2210:106840) (compose: 3:1132) (post: 0:5396) (render: 24:5147) (119:1937062 frames) (120:2286342)
10-28 19:10:58.512   257   257 D SFPerfTracer:        layers: (5:11) (FocusedStackFrame (0xb909cb98): 0:11448)* (StatusBar (0xb90bce68): 3:324683) (com.android.systemui.ImageWallpaper (0xb91379f8): 0:12807)* (DimLayer (0xb90d2480): 0:7872)* (DimLayer (0xb9154cb8): 0:1534)* (com.tencent.mm/com.tencent.mm.ui.LauncherUI (0xb9156670): 11:321) ( (0xb90e8ab8): 0:19) (NavigationBar (0xb9142380): 0:36) (InputMethod (0xb9151690): 117:279) 
10-28 19:10:59.479  2169  3252 I PowerManagerService: Going to sleep due to power button (uid 1000)...
10-28 19:10:59.488 27124 27124 I Keyboard.Facilitator: onFinishInput()
10-28 19:10:59.489 27124 27124 I Keyboard.Facilitator: onStartInput()
10-28 19:10:59.506 27124 27124 D KeyboardTheme: No property defined for ro.com.google.ime.theme_id
10-28 19:10:59.506 27124 27124 I LatinIME: Starting input. Cursor position = 0,0
10-28 19:10:59.508 22381 22381 W IInputConnectionWrapper: getSelectedText on inactive InputConnection
10-28 19:10:59.509 22381 22381 W IInputConnectionWrapper: requestCursorAnchorInfo on inactive InputConnection
10-28 19:10:59.510 22381 22381 W IInputConnectionWrapper: getTextBeforeCursor on inactive InputConnection
10-28 19:10:59.510 27124 27124 E RichInputConnection: Unable to connect to the editor to retrieve text.
10-28 19:10:59.510 27124 27124 D RichInputConnection: Will try to retrieve text later.
10-28 19:10:59.522 27124 27124 I Keyboard.Facilitator: resetDictionaries() : no-op
10-28 19:10:59.522 27124 27124 I StatsUtilsManager: onLoadSettings()
10-28 19:10:59.522 22381 22381 W IInputConnectionWrapper: getTextBeforeCursor on inactive InputConnection
10-28 19:10:59.523 27124 27124 E RichInputConnection: Unable to connect to the editor to retrieve text.
10-28 19:10:59.523 27124 27124 W RichInputConnection: Unable to connect to the editor. Setting caps mode without knowing text.
10-28 19:10:59.557 22381 22381 W IInputConnectionWrapper: getTextBeforeCursor on inactive InputConnection
10-28 19:10:59.557 27124 27124 E RichInputConnection: Unable to connect to the editor to retrieve text.
10-28 19:10:59.557 27124 27124 D RichInputConnection: Will try to retrieve text later.
10-28 19:10:59.558 22381 22381 W IInputConnectionWrapper: getTextBeforeCursor on inactive InputConnection
10-28 19:10:59.558 27124 27124 E RichInputConnection: Unable to connect to the editor to retrieve text.
10-28 19:10:59.558 27124 27124 D RichInputConnection: Will try to retrieve text later.
10-28 19:10:59.561 22381 22381 W IInputConnectionWrapper: getTextBeforeCursor on inactive InputConnection
10-28 19:10:59.562 27124 27124 E RichInputConnection: Unable to connect to the editor to retrieve text.
10-28 19:10:59.562 27124 27124 D RichInputConnection: Will try to retrieve text later.
10-28 19:10:59.562 22381 22381 W IInputConnectionWrapper: getTextBeforeCursor on inactive InputConnection
10-28 19:10:59.563 27124 27124 E RichInputConnection: Unable to connect to the editor to retrieve text.
10-28 19:10:59.563 27124 27124 D RichInputConnection: Will try to retrieve text later.
10-28 19:10:59.564 22381 22381 W IInputConnectionWrapper: getTextBeforeCursor on inactive InputConnection
10-28 19:10:59.565 27124 27124 E RichInputConnection: Unable to connect to the editor to retrieve text.
10-28 19:10:59.565 27124 27124 D RichInputConnection: Will try to retrieve text later.
10-28 19:10:59.565 22381 22381 W IInputConnectionWrapper: getTextBeforeCursor on inactive InputConnection
10-28 19:10:59.565 27124 27124 E RichInputConnection: Unable to connect to the editor to retrieve text.
10-28 19:10:59.565 27124 27124 D RichInputConnection: Will try to retrieve text later.
10-28 19:10:59.566 22381 22381 W IInputConnectionWrapper: getTextBeforeCursor on inactive InputConnection
10-28 19:10:59.567 22381 22381 W IInputConnectionWrapper: getSelectedText on inactive InputConnection
10-28 19:10:59.568 22381 22381 W IInputConnectionWrapper: getTextBeforeCursor on inactive InputConnection
10-28 19:10:59.568 27124 27124 E RichInputConnection: Unable to connect to the editor to retrieve text.
10-28 19:10:59.568 27124 27124 W RichInputConnection: Unable to connect to the editor. Setting caps mode without knowing text.
10-28 19:11:00.000  2169  3250 V AlarmManager: sending alarm {d0a96fb type 3 *alarm*:android.intent.action.TIME_TICK}
10-28 19:11:00.040   257   653 I SFPerfTracer:      triggers: (rate: 138:6252) (10215179 sw vsyncs) (0 skipped) (25:5773360 vsyncs) (27:16370583)
10-28 19:11:00.041  2169  2240 I DisplayManagerService: Display device changed state: "Built-in Screen", OFF
10-28 19:11:00.055 27124 27149 E Surface : getSlotFromBufferLocked: unknown buffer: 0xb87370a8
10-28 19:11:00.126  2169  2169 V AlarmManager: done {d0a96fb, *alarm*:android.intent.action.TIME_TICK} [126ms]
10-28 19:11:00.222  2169  2243 I DreamManagerService: Entering dreamland.
10-28 19:11:00.222  2169  2243 I PowerManagerService: Dozing...
10-28 19:11:00.223  2169  2185 I DreamController: Starting dream: name=ComponentInfo{com.motorola.motodisplay/com.motorola.motodisplay.DozeService}, isTest=false, canDoze=true, userId=0
10-28 19:11:00.248  4269  7703 E Surface : getSlotFromBufferLocked: unknown buffer: 0xb88ce190
10-28 19:11:00.252 21474 21474 E MD.NotificationUtils: Exception getting package info! e=[com.motorola.contextual.smartrules]
10-28 19:11:00.253 21474 21474 E MD.NotificationUtils: Exception getting package info! e=[com.android.nfc]
10-28 19:11:00.260 21474 21474 E MD.NotificationUtils: Exception getting package info! e=[com.aws.android]
10-28 19:11:00.260 21474 21474 E MD.NotificationUtils: Exception getting package info! e=[com.motorola.tools.batterytracer]
10-28 19:11:00.302 16310 16310 W ContextImpl: Calling a method in the system process without a qualified user: android.app.ContextImpl.startService:1221 android.content.ContextWrapper.startService:581 android.content.ContextWrapper.startService:581 com.motorola.settings.notification.HiddenListenerSettingsReceiver.onReceive:35 android.app.ActivityThread.handleReceiver:2743 
10-28 19:11:00.323  2169  2169 V NotificationListeners: enabling notification listener for user 0: ComponentInfo{com.motorola.motodisplay/com.motorola.motodisplay.MDNotificationListenerService}
10-28 19:11:00.328 21474 21474 E MD.MDServiceGlimpse: Invalid intent received
10-28 19:11:00.338  2169  3431 I chatty  : uid=1000(system) Binder_5 expire 2 lines
10-28 19:11:00.341 21474 21474 D MD.DozeService: Got Doze host, start dreaming
10-28 19:11:00.342 21474 23701 D ModalityManager: 
10-28 19:11:00.342 21474 23701 D ModalityManager: addStowedListener(), package: com.motorola.motodisplay
10-28 19:11:00.343  3443 14571 D SLPC    : reg_stowed(): 4, 0, 3000
10-28 19:11:00.343  3443 14571 D SLPC    : reg_stowed(): 4
10-28 19:11:00.343  3443 14571 D sensorhub: sensorhub_algo_req(): algo: 2, active_parts: 4, num_parts: 3, req_len: 16, bytes: 19
10-28 19:11:00.343  3443 14571 D sensorhub: sensorhub_algo_req(): algos: 40
10-28 19:11:00.346 21474 23701 D ModalityManager: mService.addStowedListener() succeeded
10-28 19:11:00.346 21474 23701 D ModalityManager: 
10-28 19:11:00.346 21474 23701 D ModalityManager: addStowedListener(), package: com.motorola.motodisplay
10-28 19:11:00.347  3443 14565 D SLPC    : reg_stowed(): 3, 9223372036854775807, 9223372036854775807
10-28 19:11:00.347  3443 14565 D SLPC    : reg_stowed(): 1
10-28 19:11:00.347  3443 14565 D SLPC    : reg_stowed(): 2
10-28 19:11:00.347  3443 14565 D sensorhub: sensorhub_algo_req(): algo: 2, active_parts: 7, num_parts: 3, req_len: 16, bytes: 19
10-28 19:11:00.347  3443 14565 D sensorhub: sensorhub_algo_req(): algos: 40
10-28 19:11:00.350  3443  3512 D SLPC    : slpc_poll_loop(): handled 1
10-28 19:11:00.350  3443  3512 D SLPC    : slpc_poll_handle_event(): transition
10-28 19:11:00.350  3443  3512 D SLPC    : slpc_poll_loop(): about to poll...
10-28 19:11:00.350  3443  3512 D sensorhub: sensorhub_poll() polling...
10-28 19:11:00.352 21474 23701 D ModalityManager: mService.addStowedListener() succeeded
10-28 19:11:00.352 21474 23701 D ModalityManager: 
10-28 19:11:00.352 21474 23701 D ModalityManager: addOrientationListener(), package: com.motorola.motodisplay
10-28 19:11:00.353  3443 14573 D SLPC    : reg_orientations(): 1, 100, 4000
10-28 19:11:00.353  3443 14573 D SLPC    : reg_orientations(): 1
10-28 19:11:00.353  3443 14573 D sensorhub: sensorhub_algo_req(): algo: 1, active_parts: 1, num_parts: 4, req_len: 20, bytes: 23
10-28 19:11:00.353  3443 14573 D sensorhub: sensorhub_algo_req(): algos: 56
10-28 19:11:00.353  3443  3443 D ModalityService: StowedListener(): callback onStowedChange() -> 4
10-28 19:11:00.353 21474 21486 D ModalityManager: onStowedChange() -> 4, package: com.motorola.motodisplay
10-28 19:11:00.356  3443 14573 D ModalityService: OrientationListener(): callback onOrientationChange() -> 1
10-28 19:11:00.357 21474 22576 D ModalityManager: onOrientationChange() -> 1, package: com.motorola.motodisplay
10-28 19:11:00.358 21474 23701 D ModalityManager: mService.addOrientationListener() succeeded
10-28 19:11:00.358 21474 23701 D ModalityManager: 
10-28 19:11:00.358 21474 23701 D ModalityManager: addOrientationListener(), package: com.motorola.motodisplay
10-28 19:11:00.359  3443 14572 D SLPC    : reg_orientations(): 14, 9223372036854775807, 9223372036854775807
10-28 19:11:00.359  3443 14572 D SLPC    : reg_orientations(): 2
10-28 19:11:00.359  3443 14572 D SLPC    : reg_orientations(): 4
10-28 19:11:00.359  3443 14572 D SLPC    : reg_orientations(): 8
10-28 19:11:00.359  3443 14572 D sensorhub: sensorhub_algo_req(): algo: 1, active_parts: 15, num_parts: 4, req_len: 20, bytes: 23
10-28 19:11:00.359  3443 14572 D sensorhub: sensorhub_algo_req(): algos: 56
10-28 19:11:00.362 21474 23701 D ModalityManager: mService.addOrientationListener() succeeded
10-28 19:11:00.362 21474 23701 D ModalityManager: 
10-28 19:11:00.362 21474 23701 D ModalityManager: addMovementListener(), package: com.motorola.motodisplay
10-28 19:11:00.363  3443 14574 D SLPC    : reg_modalities(): 2, 3000, 0
10-28 19:11:00.363  3443 14574 D SLPC    : reg_modalities(): 2
10-28 19:11:00.363  3443 14574 D sensorhub: sensorhub_algo_req(): algo: 0, active_parts: 2, num_parts: 6, req_len: 28, bytes: 31
10-28 19:11:00.363  3443 14574 D sensorhub: sensorhub_algo_req(): algos: 56
10-28 19:11:00.366 21474 23701 D ModalityManager: mService.addMovementListener() succeeded
10-28 19:11:00.377  3375 30992 I chatty  : uid=10043(com.android.systemui) Binder_6 expire 2 lines
10-28 19:11:00.381  3375  3375 I chatty  : uid=10043(com.android.systemui) expire 60 lines
10-28 19:11:00.382 21474 21501 I Adreno-EGL: <qeglDrvAPI_eglInitialize:379>: EGL 1.4 QUALCOMM build:  (I14a17c7611)
10-28 19:11:00.382 21474 21501 I Adreno-EGL: OpenGL ES Shader Compiler Version: XE031.06.00.02
10-28 19:11:00.382 21474 21501 I Adreno-EGL: Build Date: 12/04/15 Fri
10-28 19:11:00.382 21474 21501 I Adreno-EGL: Local Branch: workspace
10-28 19:11:00.382 21474 21501 I Adreno-EGL: Remote Branch: 
10-28 19:11:00.382 21474 21501 I Adreno-EGL: Local Patches: 
10-28 19:11:00.382 21474 21501 I Adreno-EGL: Reconstruct Branch: 
10-28 19:11:00.382 21474 21501 I OpenGLRenderer: Initialized EGL, version 1.4
10-28 19:11:00.408  3443  3458 D sensorhub: sensorhub_algo_query(): algo: 1
10-28 19:11:00.418   318  3271 D audio_hw_primary: adev_set_parameters: enter: screen_state=off
10-28 19:11:00.418   318  3271 V msm8916_platform: platform_set_parameters: enter: - screen_state=off
10-28 19:11:00.418   318  3271 V msm8916_platform: platform_set_parameters: exit with code(0)
10-28 19:11:00.418   318  3271 D audio_hw_extn: audio_extn_set_anc_parameters: anc_enabled:0
10-28 19:11:00.418   318  3271 E soundtrigger: audio_extn_sound_trigger_set_parameters: str_params NULL
10-28 19:11:00.418   318  3271 E bt_a2dp_hw: adev_set_parameters: ERROR: set param called even when stream out is null
10-28 19:11:00.474  3375  3375 D StatusBarKeyguardViewManager: showKeyguard, but hide Bouncer
10-28 19:11:01.338 23710 23710 E NEW_BHD : Battery Power Supply logging Daemon start!!!!!
10-28 19:11:01.339 23710 23710 E NEW_BHD : Cannot run on production devices!
10-28 19:11:02.693  7474  7502 E MC_LineReader: Error opening /sys/class/power_supply/bms/resistance
10-28 19:11:02.693  7474  7502 E MC_LineReader: java.io.FileNotFoundException: /sys/class/power_supply/bms/resistance: open failed: ENOENT (No such file or directory)
10-28 19:11:02.693  7474  7502 E MC_LineReader: 	at libcore.io.IoBridge.open(IoBridge.java:452)
10-28 19:11:02.693  7474  7502 E MC_LineReader: 	at java.io.FileInputStream.<init>(FileInputStream.java:76)
10-28 19:11:02.693  7474  7502 E MC_LineReader: 	at java.io.FileInputStream.<init>(FileInputStream.java:103)
10-28 19:11:02.693  7474  7502 E MC_LineReader: 	at java.io.FileReader.<init>(FileReader.java:66)
10-28 19:11:02.693  7474  7502 E MC_LineReader: 	at com.motorola.motocare.util.LineReader.<init>(LineReader.java:20)
10-28 19:11:02.693  7474  7502 E MC_LineReader: 	at com.motorola.motocare.util.LineReader$1.<init>(LineReader.java:53)
10-28 19:11:02.693  7474  7502 E MC_LineReader: 	at com.motorola.motocare.util.LineReader.firstLineReader(LineReader.java:53)
10-28 19:11:02.693  7474  7502 E MC_LineReader: 	at com.motorola.motocare.util.BatteryUtils.getBatteryResistance(BatteryUtils.java:130)
10-28 19:11:02.693  7474  7502 E MC_LineReader: 	at com.motorola.motocare.action.BatteryLevelAction.onReceiveImpl(BatteryLevelAction.java:42)
10-28 19:11:02.693  7474  7502 E MC_LineReader: 	at com.motorola.motocare.util.BackgroundReceiver$1.run(BackgroundReceiver.java:14)
10-28 19:11:02.693  7474  7502 E MC_LineReader: 	at android.os.Handler.handleCallback(Handler.java:746)
10-28 19:11:02.693  7474  7502 E MC_LineReader: 	at android.os.Handler.dispatchMessage(Handler.java:95)
10-28 19:11:02.693  7474  7502 E MC_LineReader: 	at android.os.Looper.loop(Looper.java:148)
10-28 19:11:02.693  7474  7502 E MC_LineReader: 	at android.os.HandlerThread.run(HandlerThread.java:61)
10-28 19:11:02.693  7474  7502 E MC_LineReader: Caused by: android.system.ErrnoException: open failed: ENOENT (No such file or directory)
10-28 19:11:02.693  7474  7502 E MC_LineReader: 	at libcore.io.Posix.open(Native Method)
10-28 19:11:02.693  7474  7502 E MC_LineReader: 	at libcore.io.BlockGuardOs.open(BlockGuardOs.java:186)
10-28 19:11:02.693  7474  7502 E MC_LineReader: 	at libcore.io.IoBridge.open(IoBridge.java:438)
10-28 19:11:02.693  7474  7502 E MC_LineReader: 	... 13 more
10-28 19:11:05.692  3443  3512 D SLPC    : slpc_poll_loop(): handled 1
10-28 19:11:05.692  3443  3512 D SLPC    : slpc_poll_handle_event(): transition
10-28 19:11:05.692  3443  3512 D SLPC    : slpc_poll_loop(): about to poll...
10-28 19:11:05.692  3443  3512 D sensorhub: sensorhub_poll() polling...
10-28 19:11:05.693  3443  3443 D ModalityService: ModalityListener(): callback onModalityChange() -> 2
10-28 19:11:05.693 21474 21486 D ModalityManager: onEndMovement(), package: com.motorola.motodisplay
10-28 19:11:06.358 23742 23742 E NEW_BHD : Battery Power Supply logging Daemon start!!!!!
10-28 19:11:06.358 23742 23742 E NEW_BHD : Cannot run on production devices!
10-28 19:11:11.384 23770 23770 E NEW_BHD : Battery Power Supply logging Daemon start!!!!!
10-28 19:11:11.385 23770 23770 E NEW_BHD : Cannot run on production devices!
10-28 19:11:11.447  2169  3250 V AlarmManager: sending alarm {5c9358b type 2 *walarm*:com.google.android.location.ALARM_WAKEUP_LOCATOR}
10-28 19:11:11.452  2169  3901 D WifiService: acquireWifiLockLocked: WifiLock{NlpWifiLock type=2 binder=android.os.BinderProxy@5b46de7}
10-28 19:11:11.457  2169  2169 V AlarmManager: done {5c9358b, *walarm*:com.google.android.location.ALARM_WAKEUP_LOCATOR} [10ms]
10-28 19:11:11.866  2169  6985 I chatty  : uid=1000(system) LBSSystemMonito expire 14 lines
10-28 19:11:11.881  2169  4312 D WifiService: releaseWifiLockLocked: WifiLock{NlpWifiLock type=2 binder=android.os.BinderProxy@5b46de7}
10-28 19:11:12.585 21474 21474 E MD.MDServiceGlimpse: Invalid intent received
10-28 19:11:12.586  3443 14570 D sensorhub: sensorhub_algo_query(): algo: 1
10-28 19:11:12.591  3443 14567 D sensorhub: sensorhub_algo_query(): algo: 2
10-28 19:11:12.629  2169  2240 I DisplayManagerService: Display device changed state: "Built-in Screen", DOZE
10-28 19:11:12.630   257   257 I chatty  : uid=1000(system) /system/bin/surfaceflinger expire 10 lines
10-28 19:11:12.657  2169  2240 I chatty  : uid=1000(system) android.display expire 11 lines
10-28 19:11:12.685  3375  3375 I chatty  : uid=10043(com.android.systemui) expire 22 lines
10-28 19:11:15.655  3375  3809 I chatty  : uid=10043(com.android.systemui) PhoneStatusBar expire 10 lines
10-28 19:11:16.411 23806 23806 E NEW_BHD : Battery Power Supply logging Daemon start!!!!!
10-28 19:11:16.412 23806 23806 E NEW_BHD : Cannot run on production devices!
10-28 19:11:17.780  2169  2243 I chatty  : uid=1000(system) PowerManagerSer expire 10 lines
10-28 19:11:17.784  2169  2240 I DisplayManagerService: Display device changed state: "Built-in Screen", OFF
10-28 19:11:17.794   257   653 I SFPerfTracer:      triggers: (rate: 138:6252) (10215208 sw vsyncs) (0 skipped) (44:5773415 vsyncs) (46:16370684)
10-28 19:11:17.977  2169  3301 I chatty  : uid=1000(system) PhotonicModulat expire 10 lines
10-28 19:11:17.978   257   257 I SFPerfTracer:      triggers: (rate: 2210:106847) (compose: 3:1132) (post: 0:5396) (render: 24:5147) (43:1937165 frames) (44:2286481)
10-28 19:11:17.979   257   257 D SFPerfTracer:        layers: (1:13) (FocusedStackFrame (0xb909cb98): 0:11449)* (StatusBar (0xb90bce68): 0:324694)* (com.android.systemui.ImageWallpaper (0xb91379f8): 0:12807)* (DimLayer (0xb90d2480): 0:7872)* (DimLayer (0xb9154cb8): 0:1534)* (com.tencent.mm/com.tencent.mm.ui.LauncherUI (0xb9156670): 2:353)* ( (0xb90e8ab8): 0:19)- (NavigationBar (0xb9142380): 0:39)- (InputMethod (0xb9151690): 0:284)- (ColorFade (0xb913bbe8): 0:30)- ( (0xb9151690): 44:60) 
10-28 19:11:21.257  2169  4044 I chatty  : uid=1000(system) FLP Service Cal expire 10 lines
10-28 19:11:21.438 23832 23832 E NEW_BHD : Battery Power Supply logging Daemon start!!!!!
10-28 19:11:21.439 23832 23832 E NEW_BHD : Cannot run on production devices!
10-28 19:11:26.465 23858 23858 E NEW_BHD : Battery Power Supply logging Daemon start!!!!!
10-28 19:11:26.466 23858 23858 E NEW_BHD : Cannot run on production devices!
