10-28 13:26:51.638   311  2129 E NetlinkEvent: NetlinkEvent::FindParam(): Parameter 'UID' not found
10-28 13:27:06.672   311  2129 E NetlinkEvent: NetlinkEvent::FindParam(): Parameter 'UID' not found
10-28 13:27:32.020  2169  6625 I chatty  : uid=1000(system) Binder_D expire 11 lines
10-28 13:27:51.248   311  2129 E NetlinkEvent: NetlinkEvent::FindParam(): Parameter 'UID' not found
10-28 13:27:51.412   311  2129 E NetlinkEvent: NetlinkEvent::FindParam(): Parameter 'UID' not found
10-28 13:28:11.968  2169  3250 I chatty  : uid=1000(system) AlarmManager expire 11 lines
10-28 13:28:12.182  2169  2169 I chatty  : uid=1000 system_server expire 11 lines
10-28 13:28:36.686   311  2129 E NetlinkEvent: NetlinkEvent::FindParam(): Parameter 'UID' not found
10-28 13:28:39.245   311  2129 E NetlinkEvent: NetlinkEvent::FindParam(): Parameter 'UID' not found
10-28 13:29:06.690   311  2129 E NetlinkEvent: NetlinkEvent::FindParam(): Parameter 'UID' not found
10-28 13:29:18.003   311  2129 E NetlinkEvent: NetlinkEvent::FindParam(): Parameter 'UID' not found
10-28 13:29:41.874   311  2129 E NetlinkEvent: NetlinkEvent::FindParam(): Parameter 'UID' not found
10-28 13:29:45.504   311  2129 E NetlinkEvent: NetlinkEvent::FindParam(): Parameter 'UID' not found
10-28 13:30:03.112   311  2129 E NetlinkEvent: NetlinkEvent::FindParam(): Parameter 'UID' not found
10-28 13:30:06.697   311  2129 E NetlinkEvent: NetlinkEvent::FindParam(): Parameter 'UID' not found
10-28 13:30:21.652   311  2129 E NetlinkEvent: NetlinkEvent::FindParam(): Parameter 'UID' not found
10-28 13:30:36.702   311  2129 E NetlinkEvent: NetlinkEvent::FindParam(): Parameter 'UID' not found
10-28 13:30:36.712   311  2129 E NetlinkEvent: NetlinkEvent::FindParam(): Parameter 'UID' not found
10-28 13:30:49.863  2169  3250 I chatty  : uid=1000(system) AlarmManager expire 26 lines
10-28 13:30:49.883  2169  2169 I chatty  : uid=1000 system_server expire 33 lines
10-28 13:30:49.898   311  2129 E NetlinkEvent: NetlinkEvent::FindParam(): Parameter 'UID' not found
10-28 13:31:28.622   311  2129 E NetlinkEvent: NetlinkEvent::FindParam(): Parameter 'UID' not found
10-28 13:32:02.456  2169  2240 I chatty  : uid=1000(system) android.display expire 15 lines
10-28 13:36:23.617   311  2129 E NetlinkEvent: NetlinkEvent::FindParam(): Parameter 'UID' not found
10-28 13:36:23.751  2169  2169 I chatty  : uid=1000 system_server expire 10 lines
10-28 13:36:51.693   311  2129 E NetlinkEvent: NetlinkEvent::FindParam(): Parameter 'UID' not found
10-28 13:37:06.660   311  2129 E NetlinkEvent: NetlinkEvent::FindParam(): Parameter 'UID' not found
10-28 13:37:06.665   311  2129 E NetlinkEvent: NetlinkEvent::FindParam(): Parameter 'UID' not found
10-28 13:37:21.700   311  2129 E NetlinkEvent: NetlinkEvent::FindParam(): Parameter 'UID' not found
10-28 13:37:33.854   311  2129 E NetlinkEvent: NetlinkEvent::FindParam(): Parameter 'UID' not found
10-28 13:37:34.117  2169  3250 I chatty  : uid=1000(system) AlarmManager expire 10 lines
10-28 13:37:36.435   311  2129 E NetlinkEvent: NetlinkEvent::FindParam(): Parameter 'UID' not found
10-28 13:38:21.699   311  2129 E NetlinkEvent: NetlinkEvent::FindParam(): Parameter 'UID' not found
10-28 13:38:36.657   311  2129 E NetlinkEvent: NetlinkEvent::FindParam(): Parameter 'UID' not found
10-28 13:38:36.666   311  2129 E NetlinkEvent: NetlinkEvent::FindParam(): Parameter 'UID' not found
10-28 13:38:51.703   311  2129 E NetlinkEvent: NetlinkEvent::FindParam(): Parameter 'UID' not found
10-28 13:38:51.709   311  2129 E NetlinkEvent: NetlinkEvent::FindParam(): Parameter 'UID' not found
10-28 13:38:51.712  2169  3250 I chatty  : uid=1000(system) AlarmManager expire 11 lines
10-28 13:38:51.746  2169  2169 I chatty  : uid=1000 system_server expire 11 lines
10-28 13:39:06.664   311  2129 E NetlinkEvent: NetlinkEvent::FindParam(): Parameter 'UID' not found
10-28 13:39:06.712   311  2129 E NetlinkEvent: NetlinkEvent::FindParam(): Parameter 'UID' not found
10-28 13:39:21.725   311  2129 E NetlinkEvent: NetlinkEvent::FindParam(): Parameter 'UID' not found
10-28 13:39:21.739   311  2129 E NetlinkEvent: NetlinkEvent::FindParam(): Parameter 'UID' not found
10-28 13:39:36.450   311  2129 E NetlinkEvent: NetlinkEvent::FindParam(): Parameter 'UID' not found
10-28 13:40:21.731   311  2129 E NetlinkEvent: NetlinkEvent::FindParam(): Parameter 'UID' not found
10-28 13:40:36.664   311  2129 E NetlinkEvent: NetlinkEvent::FindParam(): Parameter 'UID' not found
10-28 13:40:36.672   311  2129 E NetlinkEvent: NetlinkEvent::FindParam(): Parameter 'UID' not found
10-28 13:40:51.514   311  2129 E NetlinkEvent: NetlinkEvent::FindParam(): Parameter 'UID' not found
10-28 13:40:51.664   311  2129 E NetlinkEvent: NetlinkEvent::FindParam(): Parameter 'UID' not found
10-28 13:40:53.313   311  2129 E NetlinkEvent: NetlinkEvent::FindParam(): Parameter 'UID' not found
10-28 13:41:10.865  2169  3250 I chatty  : uid=1000(system) AlarmManager expire 11 lines
10-28 13:41:10.898  2169  2169 I chatty  : uid=1000 system_server expire 13 lines
10-28 13:41:36.684   311  2129 E NetlinkEvent: NetlinkEvent::FindParam(): Parameter 'UID' not found
10-28 13:41:51.741   311  2129 E NetlinkEvent: NetlinkEvent::FindParam(): Parameter 'UID' not found
10-28 13:42:05.656  2169  3431 I chatty  : uid=1000(system) Binder_5 expire 10 lines
10-28 13:42:05.659  2169  2185 I chatty  : uid=1000(system) android.fg expire 10 lines
10-28 13:42:06.116   311  2129 E NetlinkEvent: NetlinkEvent::FindParam(): Parameter 'UID' not found
10-28 13:42:06.763   311  2129 E NetlinkEvent: NetlinkEvent::FindParam(): Parameter 'UID' not found
10-28 13:42:06.948   257   257 I chatty  : uid=1000(system) /system/bin/surfaceflinger expire 10 lines
10-28 13:42:07.046  3375  3375 D StatusBarKeyguardViewManager: showKeyguard, but hide Bouncer
10-28 13:42:47.781   311  2129 E NetlinkEvent: NetlinkEvent::FindParam(): Parameter 'UID' not found
10-28 13:42:48.325   257   653 I chatty  : uid=1000(system) EventThread expire 10 lines
10-28 13:42:49.467  2169  2240 I chatty  : uid=1000(system) android.display expire 10 lines
10-28 13:42:51.661   311  2129 E NetlinkEvent: NetlinkEvent::FindParam(): Parameter 'UID' not found
10-28 13:43:06.700   311  2129 E NetlinkEvent: NetlinkEvent::FindParam(): Parameter 'UID' not found
10-28 13:43:21.744   311  2129 E NetlinkEvent: NetlinkEvent::FindParam(): Parameter 'UID' not found
10-28 13:43:21.758   311  2129 E NetlinkEvent: NetlinkEvent::FindParam(): Parameter 'UID' not found
10-28 13:43:36.797   311  2129 E NetlinkEvent: NetlinkEvent::FindParam(): Parameter 'UID' not found
10-28 13:43:36.808   311  2129 E NetlinkEvent: NetlinkEvent::FindParam(): Parameter 'UID' not found
10-28 13:43:36.821  2169  3250 I chatty  : uid=1000(system) AlarmManager expire 12 lines
10-28 13:43:37.005  2169  4469 I chatty  : uid=1000(system) Binder_A expire 10 lines
10-28 13:43:51.857   311  2129 E NetlinkEvent: NetlinkEvent::FindParam(): Parameter 'UID' not found
10-28 13:44:10.912  2169  2169 I chatty  : uid=1000 system_server expire 10 lines
10-28 13:44:13.554   311  2129 E NetlinkEvent: NetlinkEvent::FindParam(): Parameter 'UID' not found
10-28 13:44:21.436   311  2129 E NetlinkEvent: NetlinkEvent::FindParam(): Parameter 'UID' not found
10-28 13:44:35.952   311  2129 E NetlinkEvent: NetlinkEvent::FindParam(): Parameter 'UID' not found
10-28 13:44:36.489   311  2129 E NetlinkEvent: NetlinkEvent::FindParam(): Parameter 'UID' not found
10-28 13:44:58.863   311  2129 E NetlinkEvent: NetlinkEvent::FindParam(): Parameter 'UID' not found
10-28 13:45:00.142  2169  5342 I chatty  : uid=1000(system) Binder_C expire 11 lines
10-28 13:45:06.807   311  2129 E NetlinkEvent: NetlinkEvent::FindParam(): Parameter 'UID' not found
10-28 13:45:06.814  2169  3250 I chatty  : uid=1000(system) AlarmManager expire 10 lines
10-28 13:45:06.827  2169  2169 I chatty  : uid=1000 system_server expire 12 lines
10-28 13:45:47.574   311  2129 E NetlinkEvent: NetlinkEvent::FindParam(): Parameter 'UID' not found
10-28 13:45:51.447   311  2129 E NetlinkEvent: NetlinkEvent::FindParam(): Parameter 'UID' not found
10-28 13:46:12.909   257   257 I chatty  : uid=1000(system) /system/bin/surfaceflinger expire 10 lines
10-28 13:46:36.828   311  2129 E NetlinkEvent: NetlinkEvent::FindParam(): Parameter 'UID' not found
10-28 13:46:51.869   311  2129 E NetlinkEvent: NetlinkEvent::FindParam(): Parameter 'UID' not found
10-28 13:46:58.328   311  2129 E NetlinkEvent: NetlinkEvent::FindParam(): Parameter 'UID' not found
10-28 13:46:58.330  2169  3250 I chatty  : uid=1000(system) AlarmManager expire 14 lines
10-28 13:46:58.365  2169  3901 I chatty  : uid=1000(system) Binder_7 expire 10 lines
10-28 13:46:58.857   311  2129 E NetlinkEvent: NetlinkEvent::FindParam(): Parameter 'UID' not found
10-28 13:47:19.873   311  2129 E NetlinkEvent: NetlinkEvent::FindParam(): Parameter 'UID' not found
10-28 13:47:19.909  2169  2169 I chatty  : uid=1000 system_server expire 12 lines
10-28 13:47:19.983   311  2129 E NetlinkEvent: NetlinkEvent::FindParam(): Parameter 'UID' not found
10-28 13:47:42.872   311  2129 E NetlinkEvent: NetlinkEvent::FindParam(): Parameter 'UID' not found
10-28 13:47:43.030   311  2129 E NetlinkEvent: NetlinkEvent::FindParam(): Parameter 'UID' not found
10-28 13:48:29.242   311  2129 E NetlinkEvent: NetlinkEvent::FindParam(): Parameter 'UID' not found
10-28 13:48:29.606  2169  3437 I chatty  : uid=1000(system) Binder_6 expire 10 lines
10-28 13:48:32.247   311  2129 E NetlinkEvent: NetlinkEvent::FindParam(): Parameter 'UID' not found
10-28 13:48:32.683  2169  3265 I chatty  : uid=1000(system) ConnectivitySer expire 11 lines
10-28 13:48:33.318  2169  3251 I chatty  : uid=1000(system) InputDispatcher expire 11 lines
10-28 13:48:33.503  3174  3174 I chatty  : uid=1000(system) com.android.settings expire 1 line
10-28 13:48:33.671  2169  2169 I chatty  : uid=1000 system_server expire 13 lines
10-28 13:48:34.492  2169  3250 I chatty  : uid=1000(system) AlarmManager expire 12 lines
10-28 13:48:38.150  3198  3198 E ActivityThread: Failed to find provider info for com.tencent.mm.coolassist.debugprovider
10-28 13:48:40.482  2169  4312 I chatty  : uid=1000(system) Binder_8 expire 10 lines
10-28 13:48:40.791  2169  3322 I chatty  : uid=1000(system) Binder_3 expire 11 lines
10-28 13:48:57.185  4097  4097 I chatty  : uid=1000(system) com.motorola.process.system expire 10 lines
10-28 13:48:57.478   311  2129 E NetlinkEvent: NetlinkEvent::FindParam(): Parameter 'UID' not found
10-28 13:48:57.717  2169  3265 I chatty  : uid=1000(system) ConnectivitySer expire 32 lines
10-28 13:48:58.017  2169  6628 I chatty  : uid=1000(system) Binder_F expire 10 lines
10-28 13:48:58.375  2169  4470 I chatty  : uid=1000(system) Binder_B expire 10 lines
10-28 13:48:58.477  2169  3264 I chatty  : uid=1000(system) WifiService expire 10 lines
10-28 13:49:03.048  2169  4468 I chatty  : uid=1000(system) Binder_9 expire 10 lines
10-28 13:49:03.674  2169  3259 I chatty  : uid=1000(system) WifiP2pService expire 10 lines
10-28 13:49:08.281   257   257 I chatty  : uid=1000(system) /system/bin/surfaceflinger expire 10 lines
10-28 13:49:12.999   311  2129 E NetlinkEvent: NetlinkEvent::FindParam(): Parameter 'UID' not found
10-28 13:49:18.543   257   653 I chatty  : uid=1000(system) EventThread expire 15 lines
10-28 13:49:19.311  2169  3265 I chatty  : uid=1000(system) ConnectivitySer expire 31 lines
10-28 13:49:29.438   311  2129 E NetlinkEvent: NetlinkEvent::FindParam(): Parameter 'UID' not found
10-28 13:49:45.574   311  2129 E NetlinkEvent: NetlinkEvent::FindParam(): Parameter 'UID' not found
10-28 13:49:45.821   311  2129 E NetlinkEvent: NetlinkEvent::FindParam(): Parameter 'UID' not found
10-28 13:49:46.620  2169 14562 I chatty  : uid=1000(system) Binder_10 expire 10 lines
10-28 13:49:49.744  2169  6627 I chatty  : uid=1000(system) Binder_E expire 10 lines
10-28 13:49:51.075  3375  3375 V DeadZone: consuming errant click: (350.35123,2.072815)
10-28 13:49:52.527  2169  2180 I chatty  : uid=1000(system) Binder_2 expire 10 lines
10-28 13:49:52.709  2169  3401 I chatty  : uid=1000(system) Binder_4 expire 10 lines
10-28 13:49:54.308  2169  3265 I chatty  : uid=1000(system) ConnectivitySer expire 18 lines
10-28 13:49:59.076  2169  6625 I chatty  : uid=1000(system) Binder_D expire 11 lines
10-28 13:50:01.438   311  2129 E NetlinkEvent: NetlinkEvent::FindParam(): Parameter 'UID' not found
10-28 13:50:07.183   311  2129 E NetlinkEvent: NetlinkEvent::FindParam(): Parameter 'UID' not found
10-28 13:50:07.880  2169  3901 I chatty  : uid=1000(system) Binder_7 expire 11 lines
10-28 13:50:09.978  2169  3265 I chatty  : uid=1000(system) ConnectivitySer expire 16 lines
10-28 13:50:11.200   257   257 I chatty  : uid=1000(system) /system/bin/surfaceflinger expire 12 lines
10-28 13:50:17.640  2169  3250 I chatty  : uid=1000(system) AlarmManager expire 15 lines
10-28 13:50:17.663  2169  2169 I chatty  : uid=1000 system_server expire 15 lines
10-28 13:50:25.842   311  2129 E NetlinkEvent: NetlinkEvent::FindParam(): Parameter 'UID' not found
10-28 13:50:28.092  2169  3265 I chatty  : uid=1000(system) ConnectivitySer expire 15 lines
10-28 13:50:34.299   311  2129 E NetlinkEvent: NetlinkEvent::FindParam(): Parameter 'UID' not found
10-28 13:50:37.018   311  2129 E NetlinkEvent: NetlinkEvent::FindParam(): Parameter 'UID' not found
10-28 13:50:37.018   311  2129 E NetlinkEvent: NetlinkEvent::FindParam(): Parameter 'UID' not found
10-28 13:50:37.060  2169  3259 I chatty  : uid=1000(system) WifiP2pService expire 11 lines
10-28 13:50:47.839   311  2129 E NetlinkEvent: NetlinkEvent::FindParam(): Parameter 'UID' not found
10-28 13:50:52.079   311  2129 E NetlinkEvent: NetlinkEvent::FindParam(): Parameter 'UID' not found
10-28 13:53:10.733   311  2129 E NetlinkEvent: NetlinkEvent::FindParam(): Parameter 'UID' not found
10-28 13:53:21.338   311  2129 E NetlinkEvent: NetlinkEvent::FindParam(): Parameter 'UID' not found
10-28 13:53:21.934   257   653 I chatty  : uid=1000(system) EventThread expire 10 lines
10-28 13:53:58.109  2169  3250 I chatty  : uid=1000(system) AlarmManager expire 12 lines
10-28 13:53:58.122  2169  2169 I chatty  : uid=1000 system_server expire 12 lines
10-28 13:53:58.352   311  2129 E NetlinkEvent: NetlinkEvent::FindParam(): Parameter 'UID' not found
10-28 13:54:10.605   257   257 I chatty  : uid=1000(system) /system/bin/surfaceflinger expire 10 lines
10-28 13:54:29.079   311  2129 E NetlinkEvent: NetlinkEvent::FindParam(): Parameter 'UID' not found
10-28 13:54:47.140   311  2129 E NetlinkEvent: NetlinkEvent::FindParam(): Parameter 'UID' not found
10-28 13:54:57.358   311  2129 E NetlinkEvent: NetlinkEvent::FindParam(): Parameter 'UID' not found
10-28 13:56:06.361   311  2129 E NetlinkEvent: NetlinkEvent::FindParam(): Parameter 'UID' not found
10-28 13:56:10.484  2169  3250 I chatty  : uid=1000(system) AlarmManager expire 10 lines
10-28 13:56:10.509  2169  2169 I chatty  : uid=1000 system_server expire 14 lines
10-28 13:56:13.620   257   653 I chatty  : uid=1000(system) EventThread expire 13 lines
10-28 13:56:17.398   311  2129 E NetlinkEvent: NetlinkEvent::FindParam(): Parameter 'UID' not found
10-28 13:56:32.961   257   257 I chatty  : uid=1000(system) /system/bin/surfaceflinger expire 12 lines
10-28 13:57:02.167   311  2129 E NetlinkEvent: NetlinkEvent::FindParam(): Parameter 'UID' not found
10-28 13:57:12.558   311  2129 E NetlinkEvent: NetlinkEvent::FindParam(): Parameter 'UID' not found
10-28 13:57:14.808  2169  2240 I chatty  : uid=1000(system) android.display expire 10 lines
10-28 13:57:15.574  2169  2183 I chatty  : uid=1000(system) ActivityManager expire 10 lines
10-28 13:57:16.104  5185  5185 I chatty  : uid=1000(system) com.android.settings expire 2 lines
10-28 13:57:16.281  3375  3375 D StatusBarKeyguardViewManager: showKeyguard, but hide Bouncer
10-28 13:57:46.870   311  2129 E NetlinkEvent: NetlinkEvent::FindParam(): Parameter 'UID' not found
10-28 13:58:11.878   311  2129 E NetlinkEvent: NetlinkEvent::FindParam(): Parameter 'UID' not found
10-28 13:58:11.892   311  2129 E NetlinkEvent: NetlinkEvent::FindParam(): Parameter 'UID' not found
10-28 13:58:28.948  2169  3250 I chatty  : uid=1000(system) AlarmManager expire 14 lines
10-28 13:58:45.082   311  2129 E NetlinkEvent: NetlinkEvent::FindParam(): Parameter 'UID' not found
10-28 13:58:45.952  2169  2169 I chatty  : uid=1000 system_server expire 10 lines
10-28 13:58:51.177  2169  4469 I chatty  : uid=1000(system) Binder_A expire 10 lines
10-28 13:59:21.553   257   257 I chatty  : uid=1000(system) /system/bin/surfaceflinger expire 10 lines
10-28 14:00:12.909   311  2129 E NetlinkEvent: NetlinkEvent::FindParam(): Parameter 'UID' not found
10-28 14:00:23.621   311  2129 E NetlinkEvent: NetlinkEvent::FindParam(): Parameter 'UID' not found
10-28 14:00:38.982   257   653 I chatty  : uid=1000(system) EventThread expire 11 lines
10-28 14:00:53.261   311  2129 E NetlinkEvent: NetlinkEvent::FindParam(): Parameter 'UID' not found
10-28 14:01:02.267  2169  2169 I chatty  : uid=1000 system_server expire 15 lines
10-28 14:01:17.861   311  2129 E NetlinkEvent: NetlinkEvent::FindParam(): Parameter 'UID' not found
10-28 14:02:00.002  2169  3250 I chatty  : uid=1000(system) AlarmManager expire 13 lines
10-28 14:02:03.036   311  2129 E NetlinkEvent: NetlinkEvent::FindParam(): Parameter 'UID' not found
10-28 14:02:22.460   311  2129 E NetlinkEvent: NetlinkEvent::FindParam(): Parameter 'UID' not found
10-28 14:03:00.173   257   257 I chatty  : uid=1000(system) /system/bin/surfaceflinger expire 10 lines
10-28 14:04:43.451   311  2129 E NetlinkEvent: NetlinkEvent::FindParam(): Parameter 'UID' not found
10-28 14:04:43.631   257   653 I chatty  : uid=1000(system) EventThread expire 13 lines
10-28 14:04:53.781   311  2129 E NetlinkEvent: NetlinkEvent::FindParam(): Parameter 'UID' not found
10-28 14:05:00.002  2169  3250 I chatty  : uid=1000(system) AlarmManager expire 16 lines
10-28 14:05:00.090  2169  2169 I chatty  : uid=1000 system_server expire 16 lines
10-28 14:05:03.088   311  2129 E NetlinkEvent: NetlinkEvent::FindParam(): Parameter 'UID' not found
10-28 14:05:13.141   311  2129 E NetlinkEvent: NetlinkEvent::FindParam(): Parameter 'UID' not found
10-28 14:06:02.690   311  2129 E NetlinkEvent: NetlinkEvent::FindParam(): Parameter 'UID' not found
10-28 14:06:22.701   311  2129 E NetlinkEvent: NetlinkEvent::FindParam(): Parameter 'UID' not found
10-28 14:07:06.677  2169  3431 I chatty  : uid=1000(system) Binder_5 expire 10 lines
10-28 14:07:33.482   311  2129 E NetlinkEvent: NetlinkEvent::FindParam(): Parameter 'UID' not found
10-28 14:07:39.514  2169  2182 I chatty  : uid=1000(system) android.bg expire 11 lines
10-28 14:07:39.926  5790  5805 D ActivityThread: Loading provider com.google.android.gmail.provider;com.android.mail.notifier;com.google.android.gm.email.provider;com.google.android.gm.email.notifier: com.android.email.provider.EmailProvider
10-28 14:07:44.800   257   257 I chatty  : uid=1000(system) /system/bin/surfaceflinger expire 32 lines
10-28 14:07:53.541   311  2129 E NetlinkEvent: NetlinkEvent::FindParam(): Parameter 'UID' not found
10-28 14:08:00.002  2169  3250 I chatty  : uid=1000(system) AlarmManager expire 14 lines
10-28 14:08:00.062  2169  2169 I chatty  : uid=1000 system_server expire 15 lines
10-28 14:08:20.616  2169  2179 I chatty  : uid=1000(system) Binder_1 expire 11 lines
10-28 14:09:13.571   311  2129 E NetlinkEvent: NetlinkEvent::FindParam(): Parameter 'UID' not found
10-28 14:09:15.498   257   653 I chatty  : uid=1000(system) EventThread expire 13 lines
10-28 14:10:29.266  6380  6380 I chatty  : uid=1000(system) com.android.settings expire 3 lines
10-28 14:10:29.806  3375  3375 D StatusBarKeyguardViewManager: showKeyguard, but hide Bouncer
10-28 14:10:34.967  2169  3250 I chatty  : uid=1000(system) AlarmManager expire 12 lines
10-28 14:10:34.974  2169  2169 I chatty  : uid=1000 system_server expire 11 lines
10-28 14:10:35.364   257   653 I chatty  : uid=1000(system) EventThread expire 13 lines
10-28 14:10:59.887   311  2129 E NetlinkEvent: NetlinkEvent::FindParam(): Parameter 'UID' not found
10-28 14:10:59.938   311  2129 E NetlinkEvent: NetlinkEvent::FindParam(): Parameter 'UID' not found
10-28 14:11:14.883   311  2129 E NetlinkEvent: NetlinkEvent::FindParam(): Parameter 'UID' not found
10-28 14:11:15.158   311  2129 E NetlinkEvent: NetlinkEvent::FindParam(): Parameter 'UID' not found
10-28 14:11:29.065   311  2129 E NetlinkEvent: NetlinkEvent::FindParam(): Parameter 'UID' not found
10-28 14:11:39.096   311  2129 E NetlinkEvent: NetlinkEvent::FindParam(): Parameter 'UID' not found
10-28 14:11:53.881   311  2129 E NetlinkEvent: NetlinkEvent::FindParam(): Parameter 'UID' not found
10-28 14:11:59.708   311  2129 E NetlinkEvent: NetlinkEvent::FindParam(): Parameter 'UID' not found
10-28 14:12:19.890   311  2129 E NetlinkEvent: NetlinkEvent::FindParam(): Parameter 'UID' not found
10-28 14:12:19.903  2169  3250 I chatty  : uid=1000(system) AlarmManager expire 12 lines
10-28 14:12:19.921  2169  2169 I chatty  : uid=1000 system_server expire 13 lines
10-28 14:12:20.020   311  2129 E NetlinkEvent: NetlinkEvent::FindParam(): Parameter 'UID' not found
10-28 14:12:40.873   311  2129 E NetlinkEvent: NetlinkEvent::FindParam(): Parameter 'UID' not found
10-28 14:12:41.657   311  2129 E NetlinkEvent: NetlinkEvent::FindParam(): Parameter 'UID' not found
10-28 14:13:02.880   311  2129 E NetlinkEvent: NetlinkEvent::FindParam(): Parameter 'UID' not found
10-28 14:13:22.326   311  2129 E NetlinkEvent: NetlinkEvent::FindParam(): Parameter 'UID' not found
10-28 14:13:43.430   257   257 I chatty  : uid=1000(system) /system/bin/surfaceflinger expire 12 lines
10-28 14:13:43.581  2169  3250 I chatty  : uid=1000(system) AlarmManager expire 10 lines
10-28 14:13:43.688  2169  2169 I chatty  : uid=1000 system_server expire 11 lines
10-28 14:14:00.954  2169  2240 I chatty  : uid=1000(system) android.display expire 12 lines
10-28 14:14:01.449  3375  3375 D StatusBarKeyguardViewManager: showKeyguard, but hide Bouncer
10-28 14:14:18.823   311  2129 E NetlinkEvent: NetlinkEvent::FindParam(): Parameter 'UID' not found
10-28 14:14:19.129   311  2129 E NetlinkEvent: NetlinkEvent::FindParam(): Parameter 'UID' not found
10-28 14:14:32.888   311  2129 E NetlinkEvent: NetlinkEvent::FindParam(): Parameter 'UID' not found
10-28 14:14:32.908   311  2129 E NetlinkEvent: NetlinkEvent::FindParam(): Parameter 'UID' not found
10-28 14:14:47.863   311  2129 E NetlinkEvent: NetlinkEvent::FindParam(): Parameter 'UID' not found
10-28 14:14:48.442   257   257 I chatty  : uid=1000(system) /system/bin/surfaceflinger expire 18 lines
10-28 14:14:48.941  2169  2169 I chatty  : uid=1000 system_server expire 12 lines
10-28 14:15:16.446   311  2129 E NetlinkEvent: NetlinkEvent::FindParam(): Parameter 'UID' not found
10-28 14:15:16.453   311  2129 E NetlinkEvent: NetlinkEvent::FindParam(): Parameter 'UID' not found
10-28 14:15:16.482   311  2129 E NetlinkEvent: NetlinkEvent::FindParam(): Parameter 'UID' not found
10-28 14:15:25.877  2169  3250 I chatty  : uid=1000(system) AlarmManager expire 11 lines
10-28 14:15:26.128  2169  5342 I chatty  : uid=1000(system) Binder_C expire 12 lines
10-28 14:15:26.223   311  2129 E NetlinkEvent: NetlinkEvent::FindParam(): Parameter 'UID' not found
10-28 14:15:26.526   311  2129 E NetlinkEvent: NetlinkEvent::FindParam(): Parameter 'UID' not found
10-28 14:15:27.165  2169  2183 I chatty  : uid=1000(system) ActivityManager expire 10 lines
10-28 14:15:28.430  2169  4470 I chatty  : uid=1000(system) Binder_B expire 10 lines
10-28 14:16:01.247   311  2129 E NetlinkEvent: NetlinkEvent::FindParam(): Parameter 'UID' not found
10-28 14:16:01.441   311  2129 E NetlinkEvent: NetlinkEvent::FindParam(): Parameter 'UID' not found
10-28 14:16:42.874   311  2129 E NetlinkEvent: NetlinkEvent::FindParam(): Parameter 'UID' not found
10-28 14:17:25.915  2169  3322 I chatty  : uid=1000(system) Binder_3 expire 10 lines
10-28 14:17:26.001   311  2129 E NetlinkEvent: NetlinkEvent::FindParam(): Parameter 'UID' not found
10-28 14:17:30.595  2169  3250 I chatty  : uid=1000(system) AlarmManager expire 14 lines
10-28 14:17:30.599  2169  2169 I chatty  : uid=1000 system_server expire 13 lines
10-28 14:17:38.884   311  2129 E NetlinkEvent: NetlinkEvent::FindParam(): Parameter 'UID' not found
10-28 14:17:38.890   311  2129 E NetlinkEvent: NetlinkEvent::FindParam(): Parameter 'UID' not found
10-28 14:18:02.200   311  2129 E NetlinkEvent: NetlinkEvent::FindParam(): Parameter 'UID' not found
10-28 14:18:02.201   311  2129 E NetlinkEvent: NetlinkEvent::FindParam(): Parameter 'UID' not found
10-28 14:18:52.848   311  2129 E NetlinkEvent: NetlinkEvent::FindParam(): Parameter 'UID' not found
10-28 14:19:26.915  2169  3437 I chatty  : uid=1000(system) Binder_6 expire 10 lines
10-28 14:19:27.128   311  2129 E NetlinkEvent: NetlinkEvent::FindParam(): Parameter 'UID' not found
10-28 14:19:46.892   311  2129 E NetlinkEvent: NetlinkEvent::FindParam(): Parameter 'UID' not found
10-28 14:20:27.988   311  2129 E NetlinkEvent: NetlinkEvent::FindParam(): Parameter 'UID' not found
10-28 14:20:28.008  2169  2169 I chatty  : uid=1000 system_server expire 14 lines
10-28 14:20:36.878  2169  3250 I chatty  : uid=1000(system) AlarmManager expire 15 lines
10-28 14:20:37.996   311  2129 E NetlinkEvent: NetlinkEvent::FindParam(): Parameter 'UID' not found
10-28 14:21:38.958   311  2129 E NetlinkEvent: NetlinkEvent::FindParam(): Parameter 'UID' not found
10-28 14:21:51.225   311  2129 E NetlinkEvent: NetlinkEvent::FindParam(): Parameter 'UID' not found
10-28 14:23:50.890   311  2129 E NetlinkEvent: NetlinkEvent::FindParam(): Parameter 'UID' not found
10-28 14:23:50.920  2169  2169 I chatty  : uid=1000 system_server expire 11 lines
10-28 14:23:51.139 30961  7028 W ActivityThread: ClassLoader.loadClass: The class loader returned by Thread.getContextClassLoader() may fail for processes that host multiple applications. You should explicitly specify a context class loader. For example: Thread.setContextClassLoader(getClass().getClassLoader());
10-28 14:23:52.904  2169  3250 I chatty  : uid=1000(system) AlarmManager expire 10 lines
10-28 14:24:08.230  2169  2185 I chatty  : uid=1000(system) android.fg expire 10 lines
10-28 14:24:12.045  7148  7148 I chatty  : uid=1000(system) com.android.settings expire 1 line
10-28 14:24:31.803   311  2129 E NetlinkEvent: NetlinkEvent::FindParam(): Parameter 'UID' not found
10-28 14:24:33.880   257   653 I chatty  : uid=1000(system) EventThread expire 11 lines
10-28 14:24:39.190  2169  2169 I chatty  : uid=1000 system_server expire 17 lines
10-28 14:24:39.713   311  2129 E NetlinkEvent: NetlinkEvent::FindParam(): Parameter 'UID' not found
10-28 14:24:53.423   311  2129 E NetlinkEvent: NetlinkEvent::FindParam(): Parameter 'UID' not found
10-28 14:25:24.011   257   257 I chatty  : uid=1000(system) /system/bin/surfaceflinger expire 10 lines
10-28 14:25:34.113   311  2129 E NetlinkEvent: NetlinkEvent::FindParam(): Parameter 'UID' not found
10-28 14:25:34.119  2169  6625 I chatty  : uid=1000(system) Binder_D expire 10 lines
10-28 14:25:49.642   311  2129 E NetlinkEvent: NetlinkEvent::FindParam(): Parameter 'UID' not found
10-28 14:26:58.051   311  2129 E NetlinkEvent: NetlinkEvent::FindParam(): Parameter 'UID' not found
10-28 14:27:00.001  2169  3250 I chatty  : uid=1000(system) AlarmManager expire 11 lines
10-28 14:27:08.364   311  2129 E NetlinkEvent: NetlinkEvent::FindParam(): Parameter 'UID' not found
10-28 14:27:52.063   311  2129 E NetlinkEvent: NetlinkEvent::FindParam(): Parameter 'UID' not found
10-28 14:28:00.000  2169  3250 I chatty  : uid=1000(system) AlarmManager expire 12 lines
10-28 14:28:00.082  2169  2169 I chatty  : uid=1000 system_server expire 12 lines
10-28 14:28:15.778   257   653 I chatty  : uid=1000(system) EventThread expire 10 lines
10-28 14:28:23.723   311  2129 E NetlinkEvent: NetlinkEvent::FindParam(): Parameter 'UID' not found
10-28 14:28:28.600   311  2129 E NetlinkEvent: NetlinkEvent::FindParam(): Parameter 'UID' not found
10-28 14:28:39.964   311  2129 E NetlinkEvent: NetlinkEvent::FindParam(): Parameter 'UID' not found
10-28 14:28:54.669   257   257 I chatty  : uid=1000(system) /system/bin/surfaceflinger expire 10 lines
10-28 14:28:56.036   311  2129 E NetlinkEvent: NetlinkEvent::FindParam(): Parameter 'UID' not found
10-28 14:29:16.725   311  2129 E NetlinkEvent: NetlinkEvent::FindParam(): Parameter 'UID' not found
10-28 14:29:31.268   311  2129 E NetlinkEvent: NetlinkEvent::FindParam(): Parameter 'UID' not found
10-28 14:29:49.843   311  2129 E NetlinkEvent: NetlinkEvent::FindParam(): Parameter 'UID' not found
10-28 14:29:51.006  2169  2180 I chatty  : uid=1000(system) Binder_2 expire 11 lines
10-28 14:30:54.575   311  2129 E NetlinkEvent: NetlinkEvent::FindParam(): Parameter 'UID' not found
10-28 14:30:59.630  2169  3250 I chatty  : uid=1000(system) AlarmManager expire 11 lines
10-28 14:30:59.656  2169  2169 I chatty  : uid=1000 system_server expire 11 lines
10-28 14:31:06.004   311  2129 E NetlinkEvent: NetlinkEvent::FindParam(): Parameter 'UID' not found
10-28 14:31:45.143   257   653 I chatty  : uid=1000(system) EventThread expire 10 lines
10-28 14:31:56.721  2169  4312 I chatty  : uid=1000(system) Binder_8 expire 10 lines
10-28 14:32:02.187   257   257 I chatty  : uid=1000(system) /system/bin/surfaceflinger expire 12 lines
10-28 14:33:28.080   311  2129 E NetlinkEvent: NetlinkEvent::FindParam(): Parameter 'UID' not found
10-28 14:33:39.830  2169  3250 I chatty  : uid=1000(system) AlarmManager expire 10 lines
10-28 14:33:39.839  2169  2169 I chatty  : uid=1000 system_server expire 10 lines
10-28 14:33:52.484   311  2129 E NetlinkEvent: NetlinkEvent::FindParam(): Parameter 'UID' not found
10-28 14:34:00.930   311  2129 E NetlinkEvent: NetlinkEvent::FindParam(): Parameter 'UID' not found
10-28 14:34:11.964   311  2129 E NetlinkEvent: NetlinkEvent::FindParam(): Parameter 'UID' not found
10-28 14:34:22.276   257   653 I chatty  : uid=1000(system) EventThread expire 10 lines
10-28 14:34:52.894   257   257 I chatty  : uid=1000(system) /system/bin/surfaceflinger expire 10 lines
10-28 14:34:56.383   311  2129 E NetlinkEvent: NetlinkEvent::FindParam(): Parameter 'UID' not found
10-28 14:34:59.687  2169  2240 I chatty  : uid=1000(system) android.display expire 13 lines
10-28 14:34:59.881  2169  2243 I chatty  : uid=1000(system) PowerManagerSer expire 10 lines
10-28 14:35:00.000  2169  3250 I chatty  : uid=1000(system) AlarmManager expire 11 lines
10-28 14:35:00.081  2169  2169 I chatty  : uid=1000 system_server expire 11 lines
10-28 14:35:00.582  7817  7817 I chatty  : uid=1000(system) com.android.settings expire 1 line
10-28 14:35:00.870  3375  3375 D StatusBarKeyguardViewManager: showKeyguard, but hide Bouncer
10-28 14:35:30.762   311  2129 E NetlinkEvent: NetlinkEvent::FindParam(): Parameter 'UID' not found
10-28 14:35:30.809   311  2129 E NetlinkEvent: NetlinkEvent::FindParam(): Parameter 'UID' not found
10-28 14:35:52.043   311  2129 E NetlinkEvent: NetlinkEvent::FindParam(): Parameter 'UID' not found
10-28 14:36:07.123  2169  3401 I chatty  : uid=1000(system) Binder_4 expire 11 lines
10-28 14:36:07.171   311  2129 E NetlinkEvent: NetlinkEvent::FindParam(): Parameter 'UID' not found
10-28 14:36:27.530   311  2129 E NetlinkEvent: NetlinkEvent::FindParam(): Parameter 'UID' not found
10-28 14:37:33.967  2169  6627 I chatty  : uid=1000(system) Binder_E expire 10 lines
10-28 14:37:34.221  2169  2169 I chatty  : uid=1000 system_server expire 11 lines
10-28 14:37:38.523  2169  3250 I chatty  : uid=1000(system) AlarmManager expire 10 lines
10-28 14:37:40.043   311  2129 E NetlinkEvent: NetlinkEvent::FindParam(): Parameter 'UID' not found
10-28 14:37:51.780   311  2129 E NetlinkEvent: NetlinkEvent::FindParam(): Parameter 'UID' not found
10-28 14:38:02.200   311  2129 E NetlinkEvent: NetlinkEvent::FindParam(): Parameter 'UID' not found
10-28 14:38:08.883   311  2129 E NetlinkEvent: NetlinkEvent::FindParam(): Parameter 'UID' not found
10-28 14:38:09.097   311  2129 E NetlinkEvent: NetlinkEvent::FindParam(): Parameter 'UID' not found
10-28 14:39:21.865   311  2129 E NetlinkEvent: NetlinkEvent::FindParam(): Parameter 'UID' not found
10-28 14:40:24.881  2169  3250 I chatty  : uid=1000(system) AlarmManager expire 10 lines
10-28 14:40:24.899  2169  2169 I chatty  : uid=1000 system_server expire 10 lines
10-28 14:41:02.958   311  2129 E NetlinkEvent: NetlinkEvent::FindParam(): Parameter 'UID' not found
10-28 14:41:13.021   311  2129 E NetlinkEvent: NetlinkEvent::FindParam(): Parameter 'UID' not found
10-28 14:41:20.546  2169  3250 I chatty  : uid=1000(system) AlarmManager expire 10 lines
10-28 14:41:29.930  2169  2169 I chatty  : uid=1000 system_server expire 10 lines
10-28 14:41:40.896   311  2129 E NetlinkEvent: NetlinkEvent::FindParam(): Parameter 'UID' not found
10-28 14:41:54.346   311  2129 E NetlinkEvent: NetlinkEvent::FindParam(): Parameter 'UID' not found
10-28 14:42:31.210   311  2129 E NetlinkEvent: NetlinkEvent::FindParam(): Parameter 'UID' not found
10-28 14:42:42.235   311  2129 E NetlinkEvent: NetlinkEvent::FindParam(): Parameter 'UID' not found
10-28 14:42:47.138   311  2129 E NetlinkEvent: NetlinkEvent::FindParam(): Parameter 'UID' not found
10-28 14:42:51.050  2169  3250 I chatty  : uid=1000(system) AlarmManager expire 12 lines
10-28 14:42:51.112  2169  4469 I chatty  : uid=1000(system) Binder_A expire 10 lines
10-28 14:43:44.770   311  2129 E NetlinkEvent: NetlinkEvent::FindParam(): Parameter 'UID' not found
10-28 14:43:44.803  2169  2169 I chatty  : uid=1000 system_server expire 12 lines
10-28 14:45:41.891  2169  3250 I chatty  : uid=1000(system) AlarmManager expire 12 lines
10-28 14:45:41.904   311  2129 E NetlinkEvent: NetlinkEvent::FindParam(): Parameter 'UID' not found
10-28 14:46:50.199   311  2129 E NetlinkEvent: NetlinkEvent::FindParam(): Parameter 'UID' not found
10-28 14:47:03.911  2169  2169 I chatty  : uid=1000 system_server expire 11 lines
10-28 14:47:03.984   311  2129 E NetlinkEvent: NetlinkEvent::FindParam(): Parameter 'UID' not found
10-28 14:47:04.571  2169 14562 I chatty  : uid=1000(system) Binder_10 expire 12 lines
10-28 14:47:16.641   311  2129 E NetlinkEvent: NetlinkEvent::FindParam(): Parameter 'UID' not found
10-28 14:48:34.017   311  2129 E NetlinkEvent: NetlinkEvent::FindParam(): Parameter 'UID' not found
10-28 14:49:05.891  2169  3250 I chatty  : uid=1000(system) AlarmManager expire 10 lines
10-28 14:49:05.897   311  2129 E NetlinkEvent: NetlinkEvent::FindParam(): Parameter 'UID' not found
10-28 14:49:05.915  2169  4468 I chatty  : uid=1000(system) Binder_9 expire 14 lines
10-28 14:49:05.925  2169  2169 I chatty  : uid=1000 system_server expire 10 lines
10-28 14:49:06.943  2169  3265 I chatty  : uid=1000(system) ConnectivitySer expire 25 lines
10-28 14:49:06.987   311  2129 E NetlinkEvent: NetlinkEvent::FindParam(): Parameter 'UID' not found
10-28 14:49:07.345   311  2129 E NetlinkEvent: NetlinkEvent::FindParam(): Parameter 'UID' not found
10-28 14:49:08.925  2169  6628 I chatty  : uid=1000(system) Binder_F expire 10 lines
10-28 14:49:38.883   311  2129 E NetlinkEvent: NetlinkEvent::FindParam(): Parameter 'UID' not found
10-28 14:49:38.883   311  2129 E NetlinkEvent: NetlinkEvent::FindParam(): Parameter 'UID' not found
10-28 14:49:39.847   311  2129 E NetlinkEvent: NetlinkEvent::FindParam(): Parameter 'UID' not found
10-28 14:49:42.441  2169  3265 I chatty  : uid=1000(system) ConnectivitySer expire 14 lines
10-28 14:49:42.804   311  2129 E NetlinkEvent: NetlinkEvent::FindParam(): Parameter 'UID' not found
10-28 14:49:43.141  2169  4470 I chatty  : uid=1000(system) Binder_B expire 12 lines
10-28 14:49:44.156  8498  8514 D ActivityThread: Loading provider com.google.android.gmail.provider;com.android.mail.notifier;com.google.android.gm.email.provider;com.google.android.gm.email.notifier: com.android.email.provider.EmailProvider
10-28 14:49:44.461  2169  3431 I chatty  : uid=1000(system) Binder_5 expire 10 lines
10-28 14:49:46.832  8597  8597 E ActivityThread: Failed to find provider info for com.tencent.mm.coolassist.debugprovider
10-28 14:49:48.213  2169  6625 I chatty  : uid=1000(system) Binder_D expire 10 lines
10-28 14:49:51.517  8597  8597 E ActivityThread: Failed to find provider info for com.huawei.android.launcher.settings
10-28 14:49:51.523  8597  8597 E ActivityThread: Failed to find provider info for com.android.badge
10-28 14:49:54.736   311  2129 E NetlinkEvent: NetlinkEvent::FindParam(): Parameter 'UID' not found
10-28 14:50:21.475   311  2129 E NetlinkEvent: NetlinkEvent::FindParam(): Parameter 'UID' not found
10-28 14:50:21.523  2169  3259 I chatty  : uid=1000(system) WifiP2pService expire 4 lines
10-28 14:50:21.748   311  2129 E NetlinkEvent: NetlinkEvent::FindParam(): Parameter 'UID' not found
10-28 14:50:21.749   311  2129 E NetlinkEvent: NetlinkEvent::FindParam(): Parameter 'UID' not found
10-28 14:50:22.066  2169  3265 I chatty  : uid=1000(system) ConnectivitySer expire 26 lines
10-28 14:50:22.670  2169  2179 I chatty  : uid=1000(system) Binder_1 expire 10 lines
10-28 14:50:27.422  2169  3322 I chatty  : uid=1000(system) Binder_3 expire 10 lines
10-28 14:50:37.562   311  2129 E NetlinkEvent: NetlinkEvent::FindParam(): Parameter 'UID' not found
10-28 14:50:43.723   311  2129 E NetlinkEvent: NetlinkEvent::FindParam(): Parameter 'UID' not found
10-28 14:51:07.355  2169  3250 I chatty  : uid=1000(system) AlarmManager expire 11 lines
10-28 14:51:07.357   311  2129 E NetlinkEvent: NetlinkEvent::FindParam(): Parameter 'UID' not found
10-28 14:51:07.368   311  2129 E NetlinkEvent: NetlinkEvent::FindParam(): Parameter 'UID' not found
10-28 14:51:07.486  2169  2169 I chatty  : uid=1000 system_server expire 11 lines
10-28 14:51:07.641   311  2129 E NetlinkEvent: NetlinkEvent::FindParam(): Parameter 'UID' not found
10-28 14:51:09.545  2169  3260 I chatty  : uid=1000(system) WifiStateMachin expire 1 line
10-28 14:51:09.547  2169  3265 I chatty  : uid=1000(system) ConnectivitySer expire 31 lines
10-28 14:51:09.595   311  2129 E NetlinkEvent: NetlinkEvent::FindParam(): Parameter 'UID' not found
10-28 14:51:10.738  4097  4097 I chatty  : uid=1000(system) com.motorola.process.system expire 2 lines
10-28 14:51:11.050  2169  3901 I chatty  : uid=1000(system) Binder_7 expire 10 lines
10-28 14:51:24.867   311  2129 E NetlinkEvent: NetlinkEvent::FindParam(): Parameter 'UID' not found
10-28 14:51:41.902  2169  3265 I chatty  : uid=1000(system) ConnectivitySer expire 10 lines
10-28 14:51:41.929   311  2129 E NetlinkEvent: NetlinkEvent::FindParam(): Parameter 'UID' not found
10-28 14:51:51.762   311  2129 E NetlinkEvent: NetlinkEvent::FindParam(): Parameter 'UID' not found
10-28 14:52:06.818   311  2129 E NetlinkEvent: NetlinkEvent::FindParam(): Parameter 'UID' not found
10-28 14:52:21.757   311  2129 E NetlinkEvent: NetlinkEvent::FindParam(): Parameter 'UID' not found
10-28 14:52:21.767   311  2129 E NetlinkEvent: NetlinkEvent::FindParam(): Parameter 'UID' not found
10-28 14:52:36.802   311  2129 E NetlinkEvent: NetlinkEvent::FindParam(): Parameter 'UID' not found
10-28 14:53:06.809   311  2129 E NetlinkEvent: NetlinkEvent::FindParam(): Parameter 'UID' not found
10-28 14:53:12.914  2169  5342 I chatty  : uid=1000(system) Binder_C expire 11 lines
10-28 14:53:21.768   311  2129 E NetlinkEvent: NetlinkEvent::FindParam(): Parameter 'UID' not found
10-28 14:53:21.814  2169  2169 I chatty  : uid=1000 system_server expire 14 lines
10-28 14:53:30.892  2169  3250 I chatty  : uid=1000(system) AlarmManager expire 11 lines
10-28 14:53:30.902   311  2129 E NetlinkEvent: NetlinkEvent::FindParam(): Parameter 'UID' not found
10-28 14:53:36.810   311  2129 E NetlinkEvent: NetlinkEvent::FindParam(): Parameter 'UID' not found
10-28 14:53:51.767   311  2129 E NetlinkEvent: NetlinkEvent::FindParam(): Parameter 'UID' not found
10-28 14:54:06.818   311  2129 E NetlinkEvent: NetlinkEvent::FindParam(): Parameter 'UID' not found
10-28 14:54:06.823   311  2129 E NetlinkEvent: NetlinkEvent::FindParam(): Parameter 'UID' not found
10-28 14:54:21.773   311  2129 E NetlinkEvent: NetlinkEvent::FindParam(): Parameter 'UID' not found
10-28 14:54:21.780   311  2129 E NetlinkEvent: NetlinkEvent::FindParam(): Parameter 'UID' not found
10-28 14:54:36.827   311  2129 E NetlinkEvent: NetlinkEvent::FindParam(): Parameter 'UID' not found
10-28 14:54:36.836   311  2129 E NetlinkEvent: NetlinkEvent::FindParam(): Parameter 'UID' not found
10-28 14:54:48.810   311  2129 E NetlinkEvent: NetlinkEvent::FindParam(): Parameter 'UID' not found
10-28 14:55:06.835   311  2129 E NetlinkEvent: NetlinkEvent::FindParam(): Parameter 'UID' not found
10-28 14:55:08.482   311  2129 E NetlinkEvent: NetlinkEvent::FindParam(): Parameter 'UID' not found
10-28 14:55:14.163  2169  3437 I chatty  : uid=1000(system) Binder_6 expire 10 lines
10-28 14:55:14.247  2169  3431 I chatty  : uid=1000(system) Binder_5 expire 10 lines
10-28 14:55:35.161   311  2129 E NetlinkEvent: NetlinkEvent::FindParam(): Parameter 'UID' not found
10-28 14:55:35.283  3432  3432 D MccTable: updateMccMncConfiguration mccmnc='null' fromServiceState=true
10-28 14:55:35.284  3432  3432 D MccTable: WIFI_COUNTRY_CODE set to 
10-28 14:55:35.286  2169  2180 I chatty  : uid=1000(system) Binder_2 expire 10 lines
10-28 14:55:35.361  2169  2183 I chatty  : uid=1000(system) ActivityManager expire 10 lines
10-28 14:55:36.822   311  2129 E NetlinkEvent: NetlinkEvent::FindParam(): Parameter 'UID' not found
10-28 14:55:37.138  3432  3432 D MccTable: updateMccMncConfiguration mccmnc='50502' fromServiceState=true
10-28 14:55:37.139  3432  3432 D MccTable: updateMccMncConfiguration defaultMccMnc=50502
10-28 14:55:37.139  3432  3432 D MccTable: updateMccMncConfiguration: mcc=505, mnc=2
10-28 14:55:37.142  3432  3432 D MccTable: WIFI_COUNTRY_CODE set to au
10-28 14:55:37.520  2169  6628 I chatty  : uid=1000(system) Binder_F expire 10 lines
10-28 14:56:05.914   311  2129 E NetlinkEvent: NetlinkEvent::FindParam(): Parameter 'UID' not found
10-28 14:56:20.862   311  2129 E NetlinkEvent: NetlinkEvent::FindParam(): Parameter 'UID' not found
10-28 14:56:20.866   311  2129 E NetlinkEvent: NetlinkEvent::FindParam(): Parameter 'UID' not found
10-28 14:56:30.261   311  2129 E NetlinkEvent: NetlinkEvent::FindParam(): Parameter 'UID' not found
10-28 14:56:32.031  2169 14562 I chatty  : uid=1000(system) Binder_10 expire 10 lines
10-28 14:56:32.271  2169  4468 I chatty  : uid=1000(system) Binder_9 expire 10 lines
10-28 14:56:41.137  2169  3250 I chatty  : uid=1000(system) AlarmManager expire 14 lines
10-28 14:57:21.748   311  2129 E NetlinkEvent: NetlinkEvent::FindParam(): Parameter 'UID' not found
10-28 14:57:21.786  2169  2169 I chatty  : uid=1000 system_server expire 10 lines
10-28 14:57:32.282   311  2129 E NetlinkEvent: NetlinkEvent::FindParam(): Parameter 'UID' not found
10-28 14:58:06.697   311  2129 E NetlinkEvent: NetlinkEvent::FindParam(): Parameter 'UID' not found
10-28 14:58:21.747   311  2129 E NetlinkEvent: NetlinkEvent::FindParam(): Parameter 'UID' not found
10-28 14:58:21.755   311  2129 E NetlinkEvent: NetlinkEvent::FindParam(): Parameter 'UID' not found
10-28 14:58:36.693   311  2129 E NetlinkEvent: NetlinkEvent::FindParam(): Parameter 'UID' not found
10-28 14:58:36.699   311  2129 E NetlinkEvent: NetlinkEvent::FindParam(): Parameter 'UID' not found
10-28 14:58:51.744   311  2129 E NetlinkEvent: NetlinkEvent::FindParam(): Parameter 'UID' not found
10-28 14:58:51.749   311  2129 E NetlinkEvent: NetlinkEvent::FindParam(): Parameter 'UID' not found
10-28 14:58:58.714   311  2129 E NetlinkEvent: NetlinkEvent::FindParam(): Parameter 'UID' not found
10-28 15:00:06.711   311  2129 E NetlinkEvent: NetlinkEvent::FindParam(): Parameter 'UID' not found
10-28 15:00:06.714  2169  3250 I chatty  : uid=1000(system) AlarmManager expire 12 lines
10-28 15:00:06.721  2169  2169 I chatty  : uid=1000 system_server expire 10 lines
10-28 15:00:06.901   311  2129 E NetlinkEvent: NetlinkEvent::FindParam(): Parameter 'UID' not found
10-28 15:00:06.908  2169  4312 I chatty  : uid=1000(system) Binder_8 expire 10 lines
10-28 15:00:36.720   311  2129 E NetlinkEvent: NetlinkEvent::FindParam(): Parameter 'UID' not found
10-28 15:00:51.764   311  2129 E NetlinkEvent: NetlinkEvent::FindParam(): Parameter 'UID' not found
10-28 15:00:51.770   311  2129 E NetlinkEvent: NetlinkEvent::FindParam(): Parameter 'UID' not found
10-28 15:00:58.163   311  2129 E NetlinkEvent: NetlinkEvent::FindParam(): Parameter 'UID' not found
10-28 15:01:23.843   311  2129 E NetlinkEvent: NetlinkEvent::FindParam(): Parameter 'UID' not found
10-28 15:01:36.728   311  2129 E NetlinkEvent: NetlinkEvent::FindParam(): Parameter 'UID' not found
10-28 15:01:51.785   311  2129 E NetlinkEvent: NetlinkEvent::FindParam(): Parameter 'UID' not found
10-28 15:02:06.734   311  2129 E NetlinkEvent: NetlinkEvent::FindParam(): Parameter 'UID' not found
10-28 15:02:06.743   311  2129 E NetlinkEvent: NetlinkEvent::FindParam(): Parameter 'UID' not found
10-28 15:02:09.295   311  2129 E NetlinkEvent: NetlinkEvent::FindParam(): Parameter 'UID' not found
10-28 15:02:51.795   311  2129 E NetlinkEvent: NetlinkEvent::FindParam(): Parameter 'UID' not found
10-28 15:03:06.741   311  2129 E NetlinkEvent: NetlinkEvent::FindParam(): Parameter 'UID' not found
10-28 15:03:06.750   311  2129 E NetlinkEvent: NetlinkEvent::FindParam(): Parameter 'UID' not found
10-28 15:03:08.794   311  2129 E NetlinkEvent: NetlinkEvent::FindParam(): Parameter 'UID' not found
10-28 15:03:21.825  2169  2169 I chatty  : uid=1000 system_server expire 18 lines
10-28 15:03:23.731   311  2129 E NetlinkEvent: NetlinkEvent::FindParam(): Parameter 'UID' not found
10-28 15:03:36.749   311  2129 E NetlinkEvent: NetlinkEvent::FindParam(): Parameter 'UID' not found
10-28 15:03:51.810   311  2129 E NetlinkEvent: NetlinkEvent::FindParam(): Parameter 'UID' not found
10-28 15:04:06.748   311  2129 E NetlinkEvent: NetlinkEvent::FindParam(): Parameter 'UID' not found
10-28 15:04:06.753   311  2129 E NetlinkEvent: NetlinkEvent::FindParam(): Parameter 'UID' not found
10-28 15:04:21.794   311  2129 E NetlinkEvent: NetlinkEvent::FindParam(): Parameter 'UID' not found
10-28 15:04:21.798   311  2129 E NetlinkEvent: NetlinkEvent::FindParam(): Parameter 'UID' not found
10-28 15:04:36.747   311  2129 E NetlinkEvent: NetlinkEvent::FindParam(): Parameter 'UID' not found
10-28 15:04:36.751   311  2129 E NetlinkEvent: NetlinkEvent::FindParam(): Parameter 'UID' not found
10-28 15:04:51.803   311  2129 E NetlinkEvent: NetlinkEvent::FindParam(): Parameter 'UID' not found
10-28 15:04:57.841  2169  3250 I chatty  : uid=1000(system) AlarmManager expire 11 lines
10-28 15:06:06.773   311  2129 E NetlinkEvent: NetlinkEvent::FindParam(): Parameter 'UID' not found
10-28 15:06:06.860   311  2129 E NetlinkEvent: NetlinkEvent::FindParam(): Parameter 'UID' not found
10-28 15:06:07.091  2169  2240 I chatty  : uid=1000(system) android.display expire 10 lines
10-28 15:06:10.459   257   257 I chatty  : uid=1000(system) /system/bin/surfaceflinger expire 14 lines
10-28 15:06:36.768   311  2129 E NetlinkEvent: NetlinkEvent::FindParam(): Parameter 'UID' not found
10-28 15:06:51.714   311  2129 E NetlinkEvent: NetlinkEvent::FindParam(): Parameter 'UID' not found
10-28 15:06:51.724   311  2129 E NetlinkEvent: NetlinkEvent::FindParam(): Parameter 'UID' not found
10-28 15:07:04.930   311  2129 E NetlinkEvent: NetlinkEvent::FindParam(): Parameter 'UID' not found
10-28 15:07:36.778   311  2129 E NetlinkEvent: NetlinkEvent::FindParam(): Parameter 'UID' not found
10-28 15:07:51.725   311  2129 E NetlinkEvent: NetlinkEvent::FindParam(): Parameter 'UID' not found
10-28 15:07:51.732   311  2129 E NetlinkEvent: NetlinkEvent::FindParam(): Parameter 'UID' not found
10-28 15:08:06.778   311  2129 E NetlinkEvent: NetlinkEvent::FindParam(): Parameter 'UID' not found
10-28 15:08:06.790   311  2129 E NetlinkEvent: NetlinkEvent::FindParam(): Parameter 'UID' not found
10-28 15:08:06.804  2169  2169 I chatty  : uid=1000 system_server expire 10 lines
10-28 15:08:21.735   311  2129 E NetlinkEvent: NetlinkEvent::FindParam(): Parameter 'UID' not found
10-28 15:08:21.756   311  2129 E NetlinkEvent: NetlinkEvent::FindParam(): Parameter 'UID' not found
10-28 15:08:36.788   311  2129 E NetlinkEvent: NetlinkEvent::FindParam(): Parameter 'UID' not found
10-28 15:08:36.794   311  2129 E NetlinkEvent: NetlinkEvent::FindParam(): Parameter 'UID' not found
10-28 15:08:51.730   311  2129 E NetlinkEvent: NetlinkEvent::FindParam(): Parameter 'UID' not found
10-28 15:08:51.739   311  2129 E NetlinkEvent: NetlinkEvent::FindParam(): Parameter 'UID' not found
10-28 15:09:06.793   311  2129 E NetlinkEvent: NetlinkEvent::FindParam(): Parameter 'UID' not found
10-28 15:09:06.797   311  2129 E NetlinkEvent: NetlinkEvent::FindParam(): Parameter 'UID' not found
10-28 15:09:06.874  2169  3250 I chatty  : uid=1000(system) AlarmManager expire 11 lines
10-28 15:09:21.737   311  2129 E NetlinkEvent: NetlinkEvent::FindParam(): Parameter 'UID' not found
10-28 15:09:51.745   311  2129 E NetlinkEvent: NetlinkEvent::FindParam(): Parameter 'UID' not found
10-28 15:09:52.662   311  2129 E NetlinkEvent: NetlinkEvent::FindParam(): Parameter 'UID' not found
10-28 15:10:07.316  2169  2169 I chatty  : uid=1000 system_server expire 15 lines
10-28 15:10:07.763   311  2129 E NetlinkEvent: NetlinkEvent::FindParam(): Parameter 'UID' not found
