10-28 18:06:07.218   311  2129 E NetlinkEvent: NetlinkEvent::FindParam(): Parameter 'UID' not found
10-28 18:06:22.242   311  2129 E NetlinkEvent: NetlinkEvent::FindParam(): Parameter 'UID' not found
10-28 18:06:28.816   311  2129 E NetlinkEvent: NetlinkEvent::FindParam(): Parameter 'UID' not found
10-28 18:06:52.071   311  2129 E NetlinkEvent: NetlinkEvent::FindParam(): Parameter 'UID' not found
10-28 18:07:07.118   311  2129 E NetlinkEvent: NetlinkEvent::FindParam(): Parameter 'UID' not found
10-28 18:07:07.123   311  2129 E NetlinkEvent: NetlinkEvent::FindParam(): Parameter 'UID' not found
10-28 18:07:22.172   311  2129 E NetlinkEvent: NetlinkEvent::FindParam(): Parameter 'UID' not found
10-28 18:07:22.176   311  2129 E NetlinkEvent: NetlinkEvent::FindParam(): Parameter 'UID' not found
10-28 18:07:22.240   311  2129 E NetlinkEvent: NetlinkEvent::FindParam(): Parameter 'UID' not found
10-28 18:07:30.908  2169  3250 I chatty  : uid=1000(system) AlarmManager expire 11 lines
10-28 18:07:30.971  2169  2169 I chatty  : uid=1000 system_server expire 11 lines
10-28 18:07:54.011   257   257 I chatty  : uid=1000(system) /system/bin/surfaceflinger expire 10 lines
10-28 18:08:22.080   311  2129 E NetlinkEvent: NetlinkEvent::FindParam(): Parameter 'UID' not found
10-28 18:08:34.059   311  2129 E NetlinkEvent: NetlinkEvent::FindParam(): Parameter 'UID' not found
10-28 18:08:52.188   311  2129 E NetlinkEvent: NetlinkEvent::FindParam(): Parameter 'UID' not found
10-28 18:09:07.235   311  2129 E NetlinkEvent: NetlinkEvent::FindParam(): Parameter 'UID' not found
10-28 18:09:07.239   311  2129 E NetlinkEvent: NetlinkEvent::FindParam(): Parameter 'UID' not found
10-28 18:09:21.989   311  2129 E NetlinkEvent: NetlinkEvent::FindParam(): Parameter 'UID' not found
10-28 18:09:31.914  2169  3250 I chatty  : uid=1000(system) AlarmManager expire 12 lines
10-28 18:09:31.916   311  2129 E NetlinkEvent: NetlinkEvent::FindParam(): Parameter 'UID' not found
10-28 18:09:31.954  2169  2169 I chatty  : uid=1000 system_server expire 12 lines
10-28 18:09:37.038   311  2129 E NetlinkEvent: NetlinkEvent::FindParam(): Parameter 'UID' not found
10-28 18:09:52.097   311  2129 E NetlinkEvent: NetlinkEvent::FindParam(): Parameter 'UID' not found
10-28 18:10:07.145   311  2129 E NetlinkEvent: NetlinkEvent::FindParam(): Parameter 'UID' not found
10-28 18:10:07.149   311  2129 E NetlinkEvent: NetlinkEvent::FindParam(): Parameter 'UID' not found
10-28 18:10:22.192   311  2129 E NetlinkEvent: NetlinkEvent::FindParam(): Parameter 'UID' not found
10-28 18:10:22.197   311  2129 E NetlinkEvent: NetlinkEvent::FindParam(): Parameter 'UID' not found
10-28 18:10:37.246   311  2129 E NetlinkEvent: NetlinkEvent::FindParam(): Parameter 'UID' not found
10-28 18:11:00.921   311  2129 E NetlinkEvent: NetlinkEvent::FindParam(): Parameter 'UID' not found
10-28 18:11:01.850   311  2129 E NetlinkEvent: NetlinkEvent::FindParam(): Parameter 'UID' not found
10-28 18:11:52.216   311  2129 E NetlinkEvent: NetlinkEvent::FindParam(): Parameter 'UID' not found
10-28 18:12:03.904  2169  3250 I chatty  : uid=1000(system) AlarmManager expire 10 lines
10-28 18:12:03.920  2169  2169 I chatty  : uid=1000 system_server expire 10 lines
10-28 18:12:07.258   311  2129 E NetlinkEvent: NetlinkEvent::FindParam(): Parameter 'UID' not found
10-28 18:13:07.180   311  2129 E NetlinkEvent: NetlinkEvent::FindParam(): Parameter 'UID' not found
10-28 18:13:22.229   311  2129 E NetlinkEvent: NetlinkEvent::FindParam(): Parameter 'UID' not found
10-28 18:13:22.235   311  2129 E NetlinkEvent: NetlinkEvent::FindParam(): Parameter 'UID' not found
10-28 18:13:37.273   311  2129 E NetlinkEvent: NetlinkEvent::FindParam(): Parameter 'UID' not found
10-28 18:13:37.282   311  2129 E NetlinkEvent: NetlinkEvent::FindParam(): Parameter 'UID' not found
10-28 18:13:37.339   311  2129 E NetlinkEvent: NetlinkEvent::FindParam(): Parameter 'UID' not found
10-28 18:13:37.850  2169  3322 I chatty  : uid=1000(system) Binder_3 expire 12 lines
10-28 18:14:07.128   311  2129 E NetlinkEvent: NetlinkEvent::FindParam(): Parameter 'UID' not found
10-28 18:14:22.130   311  2129 E NetlinkEvent: NetlinkEvent::FindParam(): Parameter 'UID' not found
10-28 18:14:22.139   311  2129 E NetlinkEvent: NetlinkEvent::FindParam(): Parameter 'UID' not found
10-28 18:14:22.237   311  2129 E NetlinkEvent: NetlinkEvent::FindParam(): Parameter 'UID' not found
10-28 18:14:37.192   311  2129 E NetlinkEvent: NetlinkEvent::FindParam(): Parameter 'UID' not found
10-28 18:14:37.550   311  2129 E NetlinkEvent: NetlinkEvent::FindParam(): Parameter 'UID' not found
10-28 18:14:37.551  2169  3250 I chatty  : uid=1000(system) AlarmManager expire 12 lines
10-28 18:14:37.598  2169  2169 I chatty  : uid=1000 system_server expire 12 lines
10-28 18:15:07.283   311  2129 E NetlinkEvent: NetlinkEvent::FindParam(): Parameter 'UID' not found
10-28 18:15:09.838   311  2129 E NetlinkEvent: NetlinkEvent::FindParam(): Parameter 'UID' not found
10-28 18:15:37.092   311  2129 E NetlinkEvent: NetlinkEvent::FindParam(): Parameter 'UID' not found
10-28 18:15:38.031   311  2129 E NetlinkEvent: NetlinkEvent::FindParam(): Parameter 'UID' not found
10-28 18:16:07.200   311  2129 E NetlinkEvent: NetlinkEvent::FindParam(): Parameter 'UID' not found
10-28 18:16:22.245   311  2129 E NetlinkEvent: NetlinkEvent::FindParam(): Parameter 'UID' not found
10-28 18:16:22.255   311  2129 E NetlinkEvent: NetlinkEvent::FindParam(): Parameter 'UID' not found
10-28 18:16:36.991   311  2129 E NetlinkEvent: NetlinkEvent::FindParam(): Parameter 'UID' not found
10-28 18:16:52.047   311  2129 E NetlinkEvent: NetlinkEvent::FindParam(): Parameter 'UID' not found
10-28 18:16:52.057   311  2129 E NetlinkEvent: NetlinkEvent::FindParam(): Parameter 'UID' not found
10-28 18:16:52.129   311  2129 E NetlinkEvent: NetlinkEvent::FindParam(): Parameter 'UID' not found
10-28 18:17:22.153   311  2129 E NetlinkEvent: NetlinkEvent::FindParam(): Parameter 'UID' not found
10-28 18:17:37.202   311  2129 E NetlinkEvent: NetlinkEvent::FindParam(): Parameter 'UID' not found
10-28 18:17:37.211   311  2129 E NetlinkEvent: NetlinkEvent::FindParam(): Parameter 'UID' not found
10-28 18:17:39.532   311  2129 E NetlinkEvent: NetlinkEvent::FindParam(): Parameter 'UID' not found
10-28 18:18:22.056   311  2129 E NetlinkEvent: NetlinkEvent::FindParam(): Parameter 'UID' not found
10-28 18:18:37.104   311  2129 E NetlinkEvent: NetlinkEvent::FindParam(): Parameter 'UID' not found
10-28 18:18:37.109   311  2129 E NetlinkEvent: NetlinkEvent::FindParam(): Parameter 'UID' not found
10-28 18:18:52.159   311  2129 E NetlinkEvent: NetlinkEvent::FindParam(): Parameter 'UID' not found
10-28 18:18:52.238   311  2129 E NetlinkEvent: NetlinkEvent::FindParam(): Parameter 'UID' not found
10-28 18:18:54.197  2169  3250 I chatty  : uid=1000(system) AlarmManager expire 12 lines
10-28 18:18:54.217  2169  2169 I chatty  : uid=1000 system_server expire 12 lines
10-28 18:18:54.229   311  2129 E NetlinkEvent: NetlinkEvent::FindParam(): Parameter 'UID' not found
10-28 18:19:22.267   311  2129 E NetlinkEvent: NetlinkEvent::FindParam(): Parameter 'UID' not found
10-28 18:19:37.011   311  2129 E NetlinkEvent: NetlinkEvent::FindParam(): Parameter 'UID' not found
10-28 18:19:52.070   311  2129 E NetlinkEvent: NetlinkEvent::FindParam(): Parameter 'UID' not found
10-28 18:19:52.078   311  2129 E NetlinkEvent: NetlinkEvent::FindParam(): Parameter 'UID' not found
10-28 18:20:07.117   311  2129 E NetlinkEvent: NetlinkEvent::FindParam(): Parameter 'UID' not found
10-28 18:20:22.183   311  2129 E NetlinkEvent: NetlinkEvent::FindParam(): Parameter 'UID' not found
10-28 18:20:35.216   311  2129 E NetlinkEvent: NetlinkEvent::FindParam(): Parameter 'UID' not found
10-28 18:21:22.085   311  2129 E NetlinkEvent: NetlinkEvent::FindParam(): Parameter 'UID' not found
10-28 18:21:37.123   311  2129 E NetlinkEvent: NetlinkEvent::FindParam(): Parameter 'UID' not found
10-28 18:21:37.128   311  2129 E NetlinkEvent: NetlinkEvent::FindParam(): Parameter 'UID' not found
10-28 18:21:52.179   311  2129 E NetlinkEvent: NetlinkEvent::FindParam(): Parameter 'UID' not found
10-28 18:21:52.185   311  2129 E NetlinkEvent: NetlinkEvent::FindParam(): Parameter 'UID' not found
10-28 18:22:07.235   311  2129 E NetlinkEvent: NetlinkEvent::FindParam(): Parameter 'UID' not found
10-28 18:22:07.239   311  2129 E NetlinkEvent: NetlinkEvent::FindParam(): Parameter 'UID' not found
10-28 18:22:22.286   311  2129 E NetlinkEvent: NetlinkEvent::FindParam(): Parameter 'UID' not found
10-28 18:22:52.097   311  2129 E NetlinkEvent: NetlinkEvent::FindParam(): Parameter 'UID' not found
10-28 18:22:58.716   311  2129 E NetlinkEvent: NetlinkEvent::FindParam(): Parameter 'UID' not found
10-28 18:23:05.918  2169  3250 I chatty  : uid=1000(system) AlarmManager expire 10 lines
10-28 18:23:05.933  2169  2169 I chatty  : uid=1000 system_server expire 10 lines
10-28 18:23:37.259   311  2129 E NetlinkEvent: NetlinkEvent::FindParam(): Parameter 'UID' not found
10-28 18:23:52.301   311  2129 E NetlinkEvent: NetlinkEvent::FindParam(): Parameter 'UID' not found
10-28 18:23:52.305   311  2129 E NetlinkEvent: NetlinkEvent::FindParam(): Parameter 'UID' not found
10-28 18:24:07.051   311  2129 E NetlinkEvent: NetlinkEvent::FindParam(): Parameter 'UID' not found
10-28 18:24:22.098   311  2129 E NetlinkEvent: NetlinkEvent::FindParam(): Parameter 'UID' not found
10-28 18:24:22.098   311  2129 E NetlinkEvent: NetlinkEvent::FindParam(): Parameter 'UID' not found
10-28 18:24:22.105   311  2129 E NetlinkEvent: NetlinkEvent::FindParam(): Parameter 'UID' not found
10-28 18:24:37.153   311  2129 E NetlinkEvent: NetlinkEvent::FindParam(): Parameter 'UID' not found
10-28 18:24:37.162   311  2129 E NetlinkEvent: NetlinkEvent::FindParam(): Parameter 'UID' not found
10-28 18:24:42.932   311  2129 E NetlinkEvent: NetlinkEvent::FindParam(): Parameter 'UID' not found
10-28 18:25:06.040   311  2129 E NetlinkEvent: NetlinkEvent::FindParam(): Parameter 'UID' not found
10-28 18:25:07.257   311  2129 E NetlinkEvent: NetlinkEvent::FindParam(): Parameter 'UID' not found
10-28 18:25:37.058   311  2129 E NetlinkEvent: NetlinkEvent::FindParam(): Parameter 'UID' not found
10-28 18:25:46.344   311  2129 E NetlinkEvent: NetlinkEvent::FindParam(): Parameter 'UID' not found
10-28 18:26:07.171   311  2129 E NetlinkEvent: NetlinkEvent::FindParam(): Parameter 'UID' not found
10-28 18:26:07.347  2169  3250 I chatty  : uid=1000(system) AlarmManager expire 13 lines
10-28 18:26:07.371  2169  2169 I chatty  : uid=1000 system_server expire 13 lines
10-28 18:26:07.376   311  2129 E NetlinkEvent: NetlinkEvent::FindParam(): Parameter 'UID' not found
10-28 18:26:37.276   311  2129 E NetlinkEvent: NetlinkEvent::FindParam(): Parameter 'UID' not found
10-28 18:26:52.019   311  2129 E NetlinkEvent: NetlinkEvent::FindParam(): Parameter 'UID' not found
10-28 18:27:47.033  2169  3431 I chatty  : uid=1000(system) Binder_5 expire 11 lines
10-28 18:27:47.802   311  2129 E NetlinkEvent: NetlinkEvent::FindParam(): Parameter 'UID' not found
10-28 18:27:48.140  2169  2240 I chatty  : uid=1000(system) android.display expire 11 lines
10-28 18:27:48.271   311  2129 E NetlinkEvent: NetlinkEvent::FindParam(): Parameter 'UID' not found
10-28 18:27:48.397   257   653 I chatty  : uid=1000(system) EventThread expire 13 lines
10-28 18:28:07.296   311  2129 E NetlinkEvent: NetlinkEvent::FindParam(): Parameter 'UID' not found
10-28 18:28:22.032   311  2129 E NetlinkEvent: NetlinkEvent::FindParam(): Parameter 'UID' not found
10-28 18:28:24.614   311  2129 E NetlinkEvent: NetlinkEvent::FindParam(): Parameter 'UID' not found
10-28 18:28:36.873   311  2129 E NetlinkEvent: NetlinkEvent::FindParam(): Parameter 'UID' not found
10-28 18:28:48.916  2169  3250 I chatty  : uid=1000(system) AlarmManager expire 14 lines
10-28 18:28:48.953  2169  2169 I chatty  : uid=1000 system_server expire 15 lines
10-28 18:29:07.197   311  2129 E NetlinkEvent: NetlinkEvent::FindParam(): Parameter 'UID' not found
10-28 18:29:22.238   311  2129 E NetlinkEvent: NetlinkEvent::FindParam(): Parameter 'UID' not found
10-28 18:29:22.247   311  2129 E NetlinkEvent: NetlinkEvent::FindParam(): Parameter 'UID' not found
10-28 18:29:24.084   311  2129 E NetlinkEvent: NetlinkEvent::FindParam(): Parameter 'UID' not found
10-28 18:29:41.972   311  2129 E NetlinkEvent: NetlinkEvent::FindParam(): Parameter 'UID' not found
10-28 18:29:42.540   257   257 I chatty  : uid=1000(system) /system/bin/surfaceflinger expire 47 lines
10-28 18:29:46.119   311  2129 E NetlinkEvent: NetlinkEvent::FindParam(): Parameter 'UID' not found
10-28 18:29:47.930 15129 15129 I chatty  : uid=1000(system) com.android.settings expire 3 lines
10-28 18:29:48.006  2169  3437 I chatty  : uid=1000(system) Binder_6 expire 10 lines
10-28 18:29:49.308  2169  4469 I chatty  : uid=1000(system) Binder_A expire 12 lines
10-28 18:29:51.312 15159 15159 E ActivityThread: Failed to find provider info for com.tencent.mm.coolassist.debugprovider
10-28 18:29:52.188  2169  2179 I chatty  : uid=1000(system) Binder_1 expire 10 lines
10-28 18:29:53.852  2169  2183 I chatty  : uid=1000(system) ActivityManager expire 10 lines
10-28 18:29:57.778  2169  3901 I chatty  : uid=1000(system) Binder_7 expire 11 lines
10-28 18:30:16.323   257   653 I chatty  : uid=1000(system) EventThread expire 28 lines
10-28 18:30:35.044  2169  2240 I chatty  : uid=1000(system) android.display expire 13 lines
10-28 18:30:35.682  2169  2169 I chatty  : uid=1000 system_server expire 16 lines
10-28 18:30:35.852  2169  4312 I chatty  : uid=1000(system) Binder_8 expire 12 lines
10-28 18:30:36.448  3375  3375 D StatusBarKeyguardViewManager: showKeyguard, but hide Bouncer
10-28 18:30:37.992  2169  3250 I chatty  : uid=1000(system) AlarmManager expire 14 lines
10-28 18:30:41.409   257   257 I chatty  : uid=1000(system) /system/bin/surfaceflinger expire 39 lines
10-28 18:31:10.286  2169  6628 I chatty  : uid=1000(system) Binder_F expire 10 lines
10-28 18:31:11.643  2169  4468 I chatty  : uid=1000(system) Binder_9 expire 10 lines
10-28 18:31:40.443  2169  3264 I chatty  : uid=1000(system) WifiService expire 6 lines
10-28 18:31:40.444  2169  3265 I chatty  : uid=1000(system) ConnectivitySer expire 10 lines
10-28 18:31:40.501  2169  6627 I chatty  : uid=1000(system) Binder_E expire 11 lines
10-28 18:31:49.490  2169  2180 I chatty  : uid=1000(system) Binder_2 expire 11 lines
10-28 18:32:06.297 12513 15836 W ActivityThread: ClassLoader.loadClass: The class loader returned by Thread.getContextClassLoader() may fail for processes that host multiple applications. You should explicitly specify a context class loader. For example: Thread.setContextClassLoader(getClass().getClassLoader());
10-28 18:32:06.922  2169  3250 I chatty  : uid=1000(system) AlarmManager expire 26 lines
10-28 18:32:06.926  2169  2169 I chatty  : uid=1000 system_server expire 27 lines
10-28 18:32:10.161  2169  5342 I chatty  : uid=1000(system) Binder_C expire 11 lines
10-28 18:32:12.845   257   653 I chatty  : uid=1000(system) EventThread expire 16 lines
10-28 18:32:12.868   257   257 I chatty  : uid=1000(system) /system/bin/surfaceflinger expire 28 lines
10-28 18:34:13.695  2169  6625 I chatty  : uid=1000(system) Binder_D expire 12 lines
10-28 18:35:05.706  2169  2243 I chatty  : uid=1000(system) PowerManagerSer expire 8 lines
10-28 18:35:06.390  2169  2240 I chatty  : uid=1000(system) android.display expire 10 lines
10-28 18:35:06.519  2169  3265 I chatty  : uid=1000(system) ConnectivitySer expire 10 lines
10-28 18:35:06.675  2169  2185 I chatty  : uid=1000(system) android.fg expire 10 lines
10-28 18:35:08.259 16121 16121 I chatty  : uid=1000(system) com.android.settings expire 2 lines
10-28 18:35:11.229  3375  3375 D StatusBarKeyguardViewManager: showKeyguard, but hide Bouncer
10-28 18:35:32.924  2169  3250 I chatty  : uid=1000(system) AlarmManager expire 33 lines
10-28 18:35:32.946  2169  2169 I chatty  : uid=1000 system_server expire 37 lines
10-28 18:36:09.610   257   653 I chatty  : uid=1000(system) EventThread expire 23 lines
10-28 18:36:09.714  2169  2184 I chatty  : uid=1000(system) android.ui expire 2 lines
10-28 18:36:11.496   257   257 I chatty  : uid=1000(system) /system/bin/surfaceflinger expire 47 lines
10-28 18:36:11.584  2169  2179 I chatty  : uid=1000(system) Binder_1 expire 19 lines
10-28 18:37:20.371  2169  3251 I chatty  : uid=1000(system) InputDispatcher expire 4 lines
10-28 18:38:51.808 16310 16310 I chatty  : uid=1000(system) com.android.settings expire 2 lines
10-28 18:38:52.300  3375  3375 D StatusBarKeyguardViewManager: showKeyguard, but hide Bouncer
10-28 18:38:52.574   257   653 I chatty  : uid=1000(system) EventThread expire 10 lines
10-28 18:38:54.585  2169  3250 I chatty  : uid=1000(system) AlarmManager expire 43 lines
10-28 18:38:54.609  2169  2169 I chatty  : uid=1000 system_server expire 43 lines
10-28 18:38:55.680   257   257 I chatty  : uid=1000(system) /system/bin/surfaceflinger expire 18 lines
10-28 18:39:29.324  2169  3322 I chatty  : uid=1000(system) Binder_3 expire 5 lines
10-28 18:39:32.717  2169 14562 I chatty  : uid=1000(system) Binder_10 expire 5 lines
10-28 18:39:52.865  2169  4470 I chatty  : uid=1000(system) Binder_B expire 4 lines
10-28 18:40:13.925   311  2129 E NetlinkEvent: NetlinkEvent::FindParam(): Parameter 'UID' not found
10-28 18:40:14.093   311  2129 E NetlinkEvent: NetlinkEvent::FindParam(): Parameter 'UID' not found
10-28 18:41:14.014  2169  4312 I chatty  : uid=1000(system) Binder_8 expire 3 lines
10-28 18:41:52.757  2169  6627 I chatty  : uid=1000(system) Binder_E expire 4 lines
10-28 18:42:45.154  2169  2180 I chatty  : uid=1000(system) Binder_2 expire 5 lines
10-28 18:43:32.220  2169  3401 I chatty  : uid=1000(system) Binder_4 expire 8 lines
10-28 18:44:53.420  2169  3250 I chatty  : uid=1000(system) AlarmManager expire 51 lines
10-28 18:44:53.452  2169  2169 I chatty  : uid=1000 system_server expire 58 lines
10-28 18:45:52.433  2169  3437 I chatty  : uid=1000(system) Binder_6 expire 5 lines
10-28 18:45:52.957  2169  3431 I chatty  : uid=1000(system) Binder_5 expire 4 lines
10-28 18:47:23.105  2169  2240 I chatty  : uid=1000(system) android.display expire 22 lines
10-28 18:53:32.250  2169  3265 I chatty  : uid=1000(system) ConnectivitySer expire 2 lines
10-28 18:55:23.699  2169  3252 I chatty  : uid=1000(system) InputReader expire 1 line
10-28 18:55:39.499  3375  3375 D StatusBarKeyguardViewManager: showKeyguard, but hide Bouncer
10-28 18:55:41.315  2169  3250 I chatty  : uid=1000(system) AlarmManager expire 25 lines
10-28 18:55:41.332  2169  2169 I chatty  : uid=1000 system_server expire 10 lines
10-28 18:55:42.401  2169  2240 I chatty  : uid=1000(system) android.display expire 5 lines
10-28 18:55:42.637   257   653 I chatty  : uid=1000(system) EventThread expire 12 lines
10-28 18:55:42.915   257   257 I chatty  : uid=1000(system) /system/bin/surfaceflinger expire 19 lines
10-28 18:55:44.007  2169  2183 I chatty  : uid=1000(system) ActivityManager expire 3 lines
10-28 18:55:46.962  2169  2179 I chatty  : uid=1000(system) Binder_1 expire 1 line
10-28 18:55:47.320  2169 16464 I chatty  : uid=1000(system) UsbDebuggingMan expire 1 line
10-28 18:57:02.174 17806 17816 D DefContainer: Copying /data/local/tmp/android-debug.apk to base.apk
10-28 18:57:04.091  2169  6628 I chatty  : uid=1000(system) Binder_F expire 2 lines
10-28 18:57:04.781  2169  4468 I chatty  : uid=1000(system) Binder_9 expire 1 line
10-28 18:57:08.920  2169  4469 I chatty  : uid=1000(system) Binder_A expire 1 line
10-28 18:57:19.051  2169  2169 I chatty  : uid=1000 system_server expire 21 lines
10-28 18:57:52.064  2169  6625 I chatty  : uid=1000(system) Binder_D expire 1 line
10-28 19:00:29.341   311  2129 E NetlinkEvent: NetlinkEvent::FindParam(): Parameter 'UID' not found
10-28 19:00:36.724   257   653 I chatty  : uid=1000(system) EventThread expire 3 lines
10-28 19:00:37.295   311  2129 E NetlinkEvent: NetlinkEvent::FindParam(): Parameter 'UID' not found
10-28 19:01:00.000  2169  3250 I chatty  : uid=1000(system) AlarmManager expire 3 lines
10-28 19:01:00.049  2169  2169 I chatty  : uid=1000 system_server expire 3 lines
10-28 19:01:27.585   257   257 I chatty  : uid=1000(system) /system/bin/surfaceflinger expire 2 lines
10-28 19:02:02.256   257   257 I SFPerfTracer:      triggers: (rate: 2206:106644) (compose: 3:1132) (post: 0:5391) (render: 24:5140) (11:1934654 frames) (12:2283250)
10-28 19:02:02.256   257   257 D SFPerfTracer:        layers: (5:11) (FocusedStackFrame (0xb909cb98): 0:11413)* (StatusBar (0xb90bce68): 0:323976) (com.android.systemui.ImageWallpaper (0xb91379f8): 0:12789) (DimLayer (0xb90d2480): 0:7872)* (DimLayer (0xb9154cb8): 0:1530)* ( (0xb90e8ab8): 0:18) (NavigationBar (0xb9142380): 0:51) (com.lunwing.radio/com.lunwing.radio.MainActivity (0xb9156670): 12:108)* (com.google.android.googlequicksearchbox/com.google.android.launcher.GEL (0xb91517f8): 2:15) 
10-28 19:02:02.380  2169  3322 I ActivityManager: START u0 {act=com.android.systemui.recents.SHOW_RECENTS flg=0x10804000 cmp=com.android.systemui/.recents.RecentsActivity} from uid 10043 on display 0
10-28 19:02:02.568  2169  2240 I LaunchCheckinHandler: Displayed com.android.systemui/.recents.RecentsActivity,wp,wa,187
10-28 19:02:03.586   257   653 I SFPerfTracer:      triggers: (rate: 138:6252) (10214985 sw vsyncs) (0 skipped) (43:5770757 vsyncs) (45:16366592)
10-28 19:02:04.959  2169  5342 I ActivityManager: Killing 17980:com.lunwing.radio/u0a136 (adj 9): remove task
10-28 19:02:05.034  2169  6627 I WindowState: WIN DEATH: Window{6af94ed u0 com.lunwing.radio/com.lunwing.radio.MainActivity}
10-28 19:02:05.305   257   257 I SFPerfTracer:      triggers: (rate: 2206:106645) (compose: 3:1132) (post: 0:5391) (render: 24:5141) (8:1934742 frames) (9:2283352)
10-28 19:02:05.305   257   257 D SFPerfTracer:        layers: (5:11) (FocusedStackFrame (0xb909cb98): 1:11416)* (StatusBar (0xb90bce68): 0:323978) (com.android.systemui.ImageWallpaper (0xb91379f8): 0:12789) (DimLayer (0xb90d2480): 0:7872)* (DimLayer (0xb9154cb8): 0:1530)* ( (0xb90e8ab8): 0:18) (NavigationBar (0xb9142380): 0:78) (com.google.android.googlequicksearchbox/com.google.android.launcher.GEL (0xb91517f8): 0:22)- (com.android.systemui/com.android.systemui.recents.RecentsActivity (0xb9156670): 9:84) 
10-28 19:02:08.228  2169  6627 I ActivityManager: START u0 {act=android.intent.action.MAIN cat=[android.intent.category.HOME] flg=0x10200000 cmp=com.google.android.googlequicksearchbox/com.google.android.launcher.GEL} from uid 10043 on display 0
10-28 19:02:08.380  2169  2240 I LaunchCheckinHandler: Displayed com.google.android.googlequicksearchbox/com.google.android.launcher.GEL,wp,wa,151
10-28 19:02:08.820   257   653 I SFPerfTracer:      triggers: (rate: 138:6252) (10214985 sw vsyncs) (0 skipped) (46:5770856 vsyncs) (48:16366707)
10-28 19:02:13.877  2169  2246 I ActivityManager: Start proc 19854:com.android.defcontainer/u0a10 for service com.android.defcontainer/.DefaultContainerService
10-28 19:02:17.100  2169  2182 I UsageStatsService: User[0] Flushing usage stats to disk
10-28 19:02:20.377 19854 19865 D DefContainer: Copying /data/local/tmp/android-debug.apk to base.apk
10-28 19:02:20.387  2169  3250 V AlarmManager: sending alarm {aaed222 type 3 *alarm*:com.google.android.gms/.lockbox.LockboxAlarmReceiver}
10-28 19:02:20.391  2169  3250 V AlarmManager: sending alarm {17f43d7 type 0 *walarm*:com.google.android.googlequicksearchbox/com.google.android.apps.gsa.tasks.VelvetBackgroundTasksIntentService}
10-28 19:02:20.404  2169  3250 V AlarmManager: sending alarm {2fe9d59 type 2 *walarm*:com.google.android.location.ALARM_WAKEUP_ACTIVITY_DETECTION}
10-28 19:02:20.404  2169  3250 V AlarmManager: sending alarm {e82215c type 3 *alarm*:com.tencent.mm.TrafficStatsReceiver}
10-28 19:02:20.405  2169  2169 V AlarmManager: done {17f43d7, *walarm*:com.google.android.googlequicksearchbox/com.google.android.apps.gsa.tasks.VelvetBackgroundTasksIntentService} [18ms]
10-28 19:02:20.405  2169  2169 V AlarmManager: done {aaed222, *alarm*:com.google.android.gms/.lockbox.LockboxAlarmReceiver} [19ms]
10-28 19:02:20.454  2169  2169 V AlarmManager: done {2fe9d59, *walarm*:com.google.android.location.ALARM_WAKEUP_ACTIVITY_DETECTION} [67ms]
10-28 19:02:20.558  2169  2169 V AlarmManager: done {e82215c, *alarm*:com.tencent.mm.TrafficStatsReceiver} [171ms]
10-28 19:02:21.223  2169  2183 I ActivityManager: Force stopping com.lunwing.radio appid=10136 user=-1: uninstall pkg
10-28 19:02:21.708  2169  3401 I ActivityManager: Process com.motorola.camera (pid 12497) has died
10-28 19:02:21.709  2169  3401 W ActivityManager: Scheduling restart of crashed service com.motorola.camera/.SensorService in 1000ms
10-28 19:02:22.438  2169 14562 I ActivityManager: Process com.qualcomm.telephony (pid 12560) has died
10-28 19:02:22.439  2169 14562 W ActivityManager: Scheduling restart of crashed service com.qualcomm.atfwd/.AtFwdService in 10270ms
10-28 19:02:22.441  2169  6625 I ActivityManager: Process com.google.android.apps.docs (pid 17896) has died
10-28 19:02:22.453  2169  5342 I ActivityManager: Process com.google.android.talk (pid 12376) has died
10-28 19:02:22.454  2169  5342 W ActivityManager: Scheduling restart of crashed service com.google.android.talk/com.google.android.libraries.hangouts.video.CallService in 20254ms
10-28 19:02:22.500  2169  2246 I PackageManager: Package com.lunwing.radio codePath changed from /data/app/com.lunwing.radio-1 to /data/app/com.lunwing.radio-2; Retaining data and using new
10-28 19:02:22.502  2169  2183 I ActivityManager: Force stopping com.lunwing.radio appid=10136 user=-1: replace pkg
10-28 19:02:22.504  2169  2246 W PackageManager: Code path for com.lunwing.radio changing from /data/app/com.lunwing.radio-1 to /data/app/com.lunwing.radio-2
10-28 19:02:22.509  2169  2246 W PackageManager: Resource path for com.lunwing.radio changing from /data/app/com.lunwing.radio-1 to /data/app/com.lunwing.radio-2
10-28 19:02:22.897  2169  2183 I ActivityManager: Start proc 19930:com.motorola.camera/u0a27 for service com.motorola.camera/.SensorService
10-28 19:02:23.148  2169  2246 W PackageManager: Couldn't remove dex file for package:  at location /data/app/com.lunwing.radio-1/base.apk, retcode=-1
10-28 19:02:23.149  2169  2246 I ActivityManager: Force stopping com.lunwing.radio appid=10136 user=0: pkg removed
10-28 19:02:23.167  2169  2169 D JobSchedulerService: Receieved: android.intent.action.PACKAGE_REMOVED
10-28 19:02:23.287  2169  2179 I ActivityManager: Start proc 19943:com.motorola.invisiblenet/u0a21 for broadcast com.motorola.invisiblenet/.ShortcutInstallerReceiver
10-28 19:02:23.501  2169  3322 I ActivityManager: Start proc 19961:com.motorola.motodisplay/u0a32 for broadcast com.motorola.motodisplay/.events.EventReceiver
10-28 19:02:23.888  2169  4468 I ActivityManager: Start proc 19984:com.google.android.apps.docs/u0a61 for broadcast com.google.android.apps.docs/.receivers.AppPackageAddRemoveReceiver
10-28 19:02:24.778  2169  2169 V KeyValueBackupJob: Scheduling k/v pass in 246 minutes
10-28 19:02:25.077  2169  4469 I ActivityManager: Start proc 20025:com.android.keychain/1000 for broadcast com.android.keychain/.KeyChainBroadcastReceiver
10-28 19:02:25.218 20025 20025 W ContextImpl: Calling a method in the system process without a qualified user: android.app.ContextImpl.startService:1221 android.content.ContextWrapper.startService:581 android.content.ContextWrapper.startService:581 com.android.keychain.KeyChainBroadcastReceiver.onReceive:12 android.app.ActivityThread.handleReceiver:2743 
10-28 19:02:25.358   257   257 I SFPerfTracer:      triggers: (rate: 2206:106651) (compose: 3:1132) (post: 0:5391) (render: 24:5141) (27:1934808 frames) (28:2283466)
10-28 19:02:25.358   257   257 D SFPerfTracer:        layers: (5:11) (FocusedStackFrame (0xb909cb98): 0:11418)* (StatusBar (0xb90bce68): 1:324003) (com.android.systemui.ImageWallpaper (0xb91379f8): 0:12789) (DimLayer (0xb90d2480): 0:7872)* (DimLayer (0xb9154cb8): 0:1530)* ( (0xb90e8ab8): 0:18) (NavigationBar (0xb9142380): 0:111) (com.android.systemui/com.android.systemui.recents.RecentsActivity (0xb9156670): 0:101)- (com.google.android.googlequicksearchbox/com.google.android.launcher.GEL (0xb91517f8): 26:39) 
10-28 19:02:25.404  2169  6628 I ActivityManager: Killing 16372:com.google.process.gapps/u0a16 (adj 15): empty #7
10-28 19:02:25.809  2169  5342 I ActivityManager: Start proc 20055:com.google.android.partnersetup/u0a19 for broadcast com.google.android.partnersetup/.RlzPingBroadcastReceiver
10-28 19:02:26.223  2169  6625 I ActivityManager: Killing 19069:com.google.android.deskclock/u0a59 (adj 15): empty #7
10-28 19:02:26.407  2169  6627 I ActivityManager: START u0 {act=android.intent.action.MAIN flg=0x10000000 cmp=com.lunwing.radio/.MainActivity} from uid 2000 on display 0
10-28 19:02:26.455  2169  2179 I ActivityManager: Start proc 20088:com.lunwing.radio/u0a136 for activity com.lunwing.radio/.MainActivity
10-28 19:02:27.092  2169  4312 I ActivityManager: Start proc 20108:com.motorola.context/u0a119 for broadcast com.motorola.context/.receiver.PackageReplaceReceiver
10-28 19:02:27.137   257   653 I SFPerfTracer:      triggers: (rate: 138:6252) (10214985 sw vsyncs) (0 skipped) (22:5770903 vsyncs) (24:16366815)
10-28 19:02:27.327  2169  4470 I ActivityManager: Start proc 20121:com.google.android.apps.cloudprint/u0a57 for broadcast com.google.android.apps.cloudprint/.printdialog.receivers.UpgradeBroadcastReceiver
10-28 19:02:27.343  2169  4468 I ActivityManager: Killing 19854:com.android.defcontainer/u0a10 (adj 15): empty #7
10-28 19:02:27.860  2169  3322 I ActivityManager: Start proc 20155:com.google.android.apps.magazines/u0a83 for broadcast com.google.android.apps.magazines/com.google.apps.dots.android.app.receiver.FirstInstallNotificationReceiver
10-28 19:02:27.863  2169  3322 I ActivityManager: Killing 20025:com.android.keychain/1000 (adj 15): empty #7
10-28 19:02:28.115  2169  2240 I LaunchCheckinHandler: Displayed com.lunwing.radio/.MainActivity,cp,ca,1676
10-28 19:02:29.128  2169  6628 I ActivityManager: Start proc 20197:com.google.process.gapps/u0a16 for content provider com.google.android.gsf/.gservices.GservicesProvider
10-28 19:02:29.804   257   653 I SFPerfTracer:      triggers: (rate: 138:6252) (10214985 sw vsyncs) (0 skipped) (82:5770996 vsyncs) (84:16366917)
10-28 19:02:30.291   257   257 I SFPerfTracer:      triggers: (rate: 2206:106656) (compose: 3:1132) (post: 0:5391) (render: 24:5141) (106:1934945 frames) (107:2283622)
10-28 19:02:30.291   257   257 D SFPerfTracer:        layers: (4:12) (FocusedStackFrame (0xb909cb98): 0:11423)* (StatusBar (0xb90bce68): 2:324007) (com.android.systemui.ImageWallpaper (0xb91379f8): 0:12790)* (DimLayer (0xb90d2480): 0:7872)* (DimLayer (0xb9154cb8): 0:1532)* ( (0xb90e8ab8): 0:18) (NavigationBar (0xb9142380): 0:111) (com.google.android.googlequicksearchbox/com.google.android.launcher.GEL (0xb91517f8): 0:40)- (Starting com.lunwing.radio (0xb9156670): 0:37)- (com.lunwing.radio/com.lunwing.radio.MainActivity (0xb91517f8): 107:112) 
10-28 19:02:30.328  2169  2179 I ActivityManager: Killing 20055:com.google.android.partnersetup/u0a19 (adj 15): empty #7
10-28 19:02:30.466  2169  4312 D ConnectivityService: listenForNetwork for Listen from uid/pid:10083/20155 for NetworkRequest [ id=2525, legacyType=-1, [ Capabilities: INTERNET&NOT_RESTRICTED&TRUSTED] ]
10-28 19:02:30.469  2169  3265 D ConnectivityService: rematching NetworkAgentInfo [WIFI () - 260]
10-28 19:02:32.724  2169  2183 I ActivityManager: Start proc 20260:com.qualcomm.telephony/1000 for service com.qualcomm.atfwd/.AtFwdService
10-28 19:02:41.015  2169  3250 V AlarmManager: sending alarm {2ffcc88 type 0 *walarm*:com.android.vending/com.google.android.finsky.services.ContentSyncService}
10-28 19:02:41.017  2169  3250 I ActivityManager: Killing 19961:com.motorola.motodisplay/u0a32 (adj 15): empty #7
10-28 19:02:41.095  2169  3250 V AlarmManager: sending alarm {97ab426 type 3 *alarm*:send_events}
10-28 19:02:41.103  2169  2169 V AlarmManager: done {2ffcc88, *walarm*:com.android.vending/com.google.android.finsky.services.ContentSyncService} [89ms]
10-28 19:02:41.104  2169  2169 V AlarmManager: done {97ab426, *alarm*:send_events} [89ms]
10-28 19:02:42.733  2169  2183 I ActivityManager: Start proc 20328:com.google.android.talk/u0a74 for service com.google.android.talk/com.google.android.libraries.hangouts.video.CallService
10-28 19:02:43.641  2169  3437 I Telecom : PhoneAccountRegistrar: SimCallManager queried, returning: null
10-28 19:02:43.676  2169  2179 I Telecom : PhoneAccountRegistrar: SimCallManager queried, returning: null
10-28 19:02:52.037   257   653 I SFPerfTracer:      triggers: (rate: 138:6252) (10214985 sw vsyncs) (0 skipped) (1:5771024 vsyncs) (3:16367019)
10-28 19:03:00.000  2169  3250 V AlarmManager: sending alarm {d0a96fb type 3 *alarm*:android.intent.action.TIME_TICK}
10-28 19:03:00.062  2169  2169 V AlarmManager: done {d0a96fb, *alarm*:android.intent.action.TIME_TICK} [62ms]
10-28 19:03:20.446  2169  3250 V AlarmManager: sending alarm {aaed222 type 3 *alarm*:com.google.android.gms/.lockbox.LockboxAlarmReceiver}
10-28 19:03:20.450  2169  2183 I ActivityManager: Killing 19984:com.google.android.apps.docs/u0a61 (adj 15): empty #7
10-28 19:03:20.533  2169  2169 V AlarmManager: done {aaed222, *alarm*:com.google.android.gms/.lockbox.LockboxAlarmReceiver} [87ms]
10-28 19:03:27.300   257   653 I SFPerfTracer:      triggers: (rate: 138:6252) (10214985 sw vsyncs) (0 skipped) (0:5771025 vsyncs) (1:16367120)
10-28 19:03:31.063   257   257 I SFPerfTracer:      triggers: (rate: 2206:106659) (compose: 3:1132) (post: 0:5391) (render: 24:5141) (0:1934953 frames) (1:2283722)
10-28 19:03:31.063   257   257 D SFPerfTracer:        layers: (4:10) (FocusedStackFrame (0xb909cb98): 0:11423)* (StatusBar (0xb90bce68): 1:324055) (com.android.systemui.ImageWallpaper (0xb91379f8): 0:12790)* (DimLayer (0xb90d2480): 0:7872)* (DimLayer (0xb9154cb8): 0:1532)* ( (0xb90e8ab8): 0:18) (NavigationBar (0xb9142380): 0:111) (com.lunwing.radio/com.lunwing.radio.MainActivity (0xb91517f8): 0:117) 
10-28 19:03:33.956  2169  3251 I ActivityManager: START u0 {act=android.intent.action.MAIN cat=[android.intent.category.HOME] flg=0x10200000 cmp=com.google.android.googlequicksearchbox/com.google.android.launcher.GEL (has extras)} from uid 1000 on display 0
10-28 19:03:33.957  2169  3251 I ActivityManager: moveHomeStack, setupComplete:true
10-28 19:03:34.198  2169  2240 I LaunchCheckinHandler: Displayed com.google.android.googlequicksearchbox/com.google.android.launcher.GEL,wp,wa,242
10-28 19:03:34.868  2169  3437 I ActivityManager: START u0 {act=com.android.systemui.recents.SHOW_RECENTS flg=0x10804000 cmp=com.android.systemui/.recents.RecentsActivity} from uid 10043 on display 0
10-28 19:03:35.097  2169  2240 I LaunchCheckinHandler: Displayed com.android.systemui/.recents.RecentsActivity,wp,wa,229
10-28 19:03:35.778   257   257 I SFPerfTracer:      triggers: (rate: 2206:106660) (compose: 3:1132) (post: 0:5391) (render: 24:5141) (27:1935039 frames) (28:2283829)
10-28 19:03:35.778   257   257 D SFPerfTracer:        layers: (5:12) (FocusedStackFrame (0xb909cb98): 0:11427)* (StatusBar (0xb90bce68): 1:324060) (com.android.systemui.ImageWallpaper (0xb91379f8): 0:12791) (DimLayer (0xb90d2480): 0:7872)* (DimLayer (0xb9154cb8): 0:1532)* ( (0xb90e8ab8): 0:18) (NavigationBar (0xb9142380): 9:180) (com.lunwing.radio/com.lunwing.radio.MainActivity (0xb91517f8): 0:143)- (com.google.android.googlequicksearchbox/com.google.android.launcher.GEL (0xb9156670): 0:30)- (com.android.systemui/com.android.systemui.recents.RecentsActivity (0xb91517f8): 24:32) 
10-28 19:03:35.808   257   653 I SFPerfTracer:      triggers: (rate: 138:6252) (10214985 sw vsyncs) (0 skipped) (52:5771126 vsyncs) (54:16367245)
10-28 19:03:37.497  2169  3401 I ActivityManager: Killing 19943:com.motorola.invisiblenet/u0a21 (adj 15): empty #7
10-28 19:03:37.587  2169  3401 I ActivityManager: Killing 20088:com.lunwing.radio/u0a136 (adj 9): remove task
10-28 19:03:37.677  2169  6628 I WindowState: WIN DEATH: Window{1a5fcfd u0 com.lunwing.radio/com.lunwing.radio.MainActivity}
10-28 19:03:38.213  2169  3901 I ActivityManager: START u0 {act=android.intent.action.MAIN cat=[android.intent.category.HOME] flg=0x10200000 cmp=com.google.android.googlequicksearchbox/com.google.android.launcher.GEL} from uid 10043 on display 0
10-28 19:03:38.343  2169  2240 I LaunchCheckinHandler: Displayed com.google.android.googlequicksearchbox/com.google.android.launcher.GEL,wp,wa,130
10-28 19:03:38.809   257   653 I SFPerfTracer:      triggers: (rate: 138:6252) (10214985 sw vsyncs) (0 skipped) (43:5771220 vsyncs) (45:16367350)
10-28 19:03:39.262   257   257 I SFPerfTracer:      triggers: (rate: 2206:106663) (compose: 3:1132) (post: 0:5391) (render: 24:5141) (1:1935119 frames) (2:2283929)
10-28 19:03:39.262   257   257 D SFPerfTracer:        layers: (5:11) (FocusedStackFrame (0xb909cb98): 0:11430)* (StatusBar (0xb90bce68): 0:324066) (com.android.systemui.ImageWallpaper (0xb91379f8): 0:12791) (DimLayer (0xb90d2480): 0:7872)* (DimLayer (0xb9154cb8): 0:1532)* ( (0xb90e8ab8): 0:18) (NavigationBar (0xb9142380): 0:207) (com.android.systemui/com.android.systemui.recents.RecentsActivity (0xb91517f8): 0:101)- (com.google.android.googlequicksearchbox/com.google.android.launcher.GEL (0xb9156670): 1:15) 
10-28 19:03:46.287  2169  4470 I ActivityManager: START u0 {act=android.intent.action.MAIN cat=[android.intent.category.LAUNCHER] flg=0x10200000 cmp=com.lunwing.radio/.MainActivity (has extras)} from uid 10044 on display 0
10-28 19:03:46.352  2169  4312 I ActivityManager: Start proc 20719:com.lunwing.radio/u0a136 for activity com.lunwing.radio/.MainActivity
10-28 19:03:46.794   257   257 I SFPerfTracer:      triggers: (rate: 2206:106666) (compose: 3:1132) (post: 0:5391) (render: 24:5141) (20:1935195 frames) (21:2284031)
10-28 19:03:46.794   257   257 D SFPerfTracer:        layers: (6:11) (FocusedStackFrame (0xb909cb98): 1:11432)* (StatusBar (0xb90bce68): 0:324078) (com.android.systemui.ImageWallpaper (0xb91379f8): 0:12791) (DimLayer (0xb90d2480): 0:7872)* (DimLayer (0xb9154cb8): 0:1532)* ( (0xb90e8ab8): 0:18) (NavigationBar (0xb9142380): 0:207) (com.google.android.googlequicksearchbox/com.google.android.launcher.GEL (0xb9156670): 1:75) (Starting com.lunwing.radio (0xb91517f8): 21:23) 
10-28 19:03:47.061  2169  2240 I LaunchCheckinHandler: Displayed com.lunwing.radio/.MainActivity,cp,ca,729
10-28 19:03:48.609   257   653 I SFPerfTracer:      triggers: (rate: 138:6252) (10214985 sw vsyncs) (0 skipped) (115:5771398 vsyncs) (117:16367564)
10-28 19:03:48.947   257   257 I SFPerfTracer:      triggers: (rate: 2206:106666) (compose: 3:1132) (post: 0:5391) (render: 24:5142) (15:1935265 frames) (16:2284114)
10-28 19:03:48.948   257   257 D SFPerfTracer:        layers: (4:12) (FocusedStackFrame (0xb909cb98): 0:11435)* (StatusBar (0xb90bce68): 0:324080) (com.android.systemui.ImageWallpaper (0xb91379f8): 0:12792)* (DimLayer (0xb90d2480): 0:7872)* (DimLayer (0xb9154cb8): 0:1532)* ( (0xb90e8ab8): 0:18) (NavigationBar (0xb9142380): 0:207) (com.google.android.googlequicksearchbox/com.google.android.launcher.GEL (0xb9156670): 0:75)- (Starting com.lunwing.radio (0xb91517f8): 0:36)- (com.lunwing.radio/com.lunwing.radio.MainActivity (0xb9156670): 16:76) 
10-28 19:03:51.402  2169  3322 I ActivityManager: START u0 {act=com.android.systemui.recents.SHOW_RECENTS flg=0x10804000 cmp=com.android.systemui/.recents.RecentsActivity} from uid 10043 on display 0
10-28 19:03:51.403  2169  3322 I ActivityManager: moveHomeStack, setupComplete:true
10-28 19:03:51.558  2169  2240 I LaunchCheckinHandler: Displayed com.android.systemui/.recents.RecentsActivity,wp,wa,155
10-28 19:03:53.983  2169  3431 I ActivityManager: Killing 20719:com.lunwing.radio/u0a136 (adj 9): remove task
10-28 19:03:54.094  2169  3322 I WindowState: WIN DEATH: Window{5b71f15 u0 com.lunwing.radio/com.lunwing.radio.MainActivity}
10-28 19:03:54.131   257   257 I SFPerfTracer:      triggers: (rate: 2206:106667) (compose: 3:1132) (post: 0:5391) (render: 24:5142) (34:1935362 frames) (35:2284228)
10-28 19:03:54.131   257   257 D SFPerfTracer:        layers: (5:12) (FocusedStackFrame (0xb909cb98): 0:11437)* (StatusBar (0xb90bce68): 1:324085) (com.android.systemui.ImageWallpaper (0xb91379f8): 0:12793) (DimLayer (0xb90d2480): 0:7872)* (DimLayer (0xb9154cb8): 0:1532)* ( (0xb90e8ab8): 0:18) (NavigationBar (0xb9142380): 0:242) (com.lunwing.radio/com.lunwing.radio.MainActivity (0xb9156670): 0:99)- (com.android.systemui/com.android.systemui.recents.RecentsActivity (0xb91517a8): 35:78) (thumbnail anim (0xb913bbe8): 0:22)- 
10-28 19:03:54.359   257   653 I SFPerfTracer:      triggers: (rate: 138:6252) (10214985 sw vsyncs) (0 skipped) (41:5771526 vsyncs) (43:16367707)
10-28 19:03:56.401  2169  3250 V AlarmManager: sending alarm {6def785 type 3 *alarm*:send_events}
10-28 19:03:56.405  2169  2169 V AlarmManager: done {6def785, *alarm*:send_events} [5ms]
10-28 19:04:00.000  2169  3250 V AlarmManager: sending alarm {d0a96fb type 3 *alarm*:android.intent.action.TIME_TICK}
10-28 19:04:00.080  2169  2169 V AlarmManager: done {d0a96fb, *alarm*:android.intent.action.TIME_TICK} [80ms]
10-28 19:04:20.581  2169  3250 V AlarmManager: sending alarm {aaed222 type 3 *alarm*:com.google.android.gms/.lockbox.LockboxAlarmReceiver}
10-28 19:04:20.591  2169  2169 V AlarmManager: done {aaed222, *alarm*:com.google.android.gms/.lockbox.LockboxAlarmReceiver} [10ms]
10-28 19:04:31.110   257   653 I SFPerfTracer:      triggers: (rate: 138:6252) (10214985 sw vsyncs) (0 skipped) (0:5771526 vsyncs) (1:16367808)
10-28 19:04:59.246   257   257 I SFPerfTracer:      triggers: (rate: 2206:106669) (compose: 3:1132) (post: 0:5391) (render: 24:5142) (0:1935371 frames) (1:2284328)
10-28 19:04:59.246   257   257 D SFPerfTracer:        layers: (5:10) (FocusedStackFrame (0xb909cb98): 0:11438)* (StatusBar (0xb90bce68): 1:324133) (com.android.systemui.ImageWallpaper (0xb91379f8): 0:12793) (DimLayer (0xb90d2480): 0:7872)* (DimLayer (0xb9154cb8): 0:1532)* ( (0xb90e8ab8): 0:18) (NavigationBar (0xb9142380): 0:242) (com.android.systemui/com.android.systemui.recents.RecentsActivity (0xb91517a8): 0:85) 
10-28 19:05:00.001  2169  3250 V AlarmManager: sending alarm {d0a96fb type 3 *alarm*:android.intent.action.TIME_TICK}
10-28 19:05:00.065  2169  2169 V AlarmManager: done {d0a96fb, *alarm*:android.intent.action.TIME_TICK} [64ms]
10-28 19:05:07.531   257   653 I SFPerfTracer:      triggers: (rate: 138:6252) (10214985 sw vsyncs) (0 skipped) (0:5771528 vsyncs) (1:16367909)
10-28 19:05:17.953  2169  3250 V AlarmManager: sending alarm {423386 type 2 *walarm*:com.google.android.gms.gcm.HEARTBEAT_ALARM}
10-28 19:05:18.040  2169  2169 V AlarmManager: done {423386, *walarm*:com.google.android.gms.gcm.HEARTBEAT_ALARM} [87ms]
10-28 19:05:46.099   257   653 I SFPerfTracer:      triggers: (rate: 138:6252) (10214985 sw vsyncs) (0 skipped) (0:5771528 vsyncs) (1:16368010)
10-28 19:05:48.616   257   653 I SFPerfTracer:      triggers: (rate: 138:6252) (10214985 sw vsyncs) (0 skipped) (114:5771642 vsyncs) (116:16368128)
10-28 19:05:53.496  2169  2243 I PowerManagerService: Going to sleep due to screen timeout (uid 1000)...
10-28 19:05:54.034  2169  2240 I DisplayManagerService: Display device changed state: "Built-in Screen", OFF
10-28 19:05:54.233   257   257 I SFPerfTracer:      triggers: (rate: 2206:106670) (compose: 3:1132) (post: 0:5391) (render: 24:5142) (27:1935402 frames) (28:2284429)
10-28 19:05:54.233   257   257 D SFPerfTracer:        layers: (1:11) (FocusedStackFrame (0xb909cb98): 0:11438)* (StatusBar (0xb90bce68): 0:324169)* (com.android.systemui.ImageWallpaper (0xb91379f8): 0:12793)* (DimLayer (0xb90d2480): 0:7872)* (DimLayer (0xb9154cb8): 0:1532)* ( (0xb90e8ab8): 0:18)* (NavigationBar (0xb9142380): 0:242)* (com.android.systemui/com.android.systemui.recents.RecentsActivity (0xb91517a8): 0:85)* (ColorFade (0xb9156670): 28:29) 
10-28 19:05:54.237  2169  2243 I DreamManagerService: Entering dreamland.
10-28 19:05:54.238  2169  2243 I PowerManagerService: Dozing...
10-28 19:05:54.240  2169  2185 I DreamController: Starting dream: name=ComponentInfo{com.motorola.motodisplay/com.motorola.motodisplay.DozeService}, isTest=false, canDoze=true, userId=0
10-28 19:05:54.258  2169  2185 I ActivityManager: Start proc 21474:com.motorola.motodisplay/u0a32 for service com.motorola.motodisplay/.DozeService
10-28 19:05:54.622 16310 16310 W ContextImpl: Calling a method in the system process without a qualified user: android.app.ContextImpl.startService:1221 android.content.ContextWrapper.startService:581 android.content.ContextWrapper.startService:581 com.motorola.settings.notification.HiddenListenerSettingsReceiver.onReceive:35 android.app.ActivityThread.handleReceiver:2743 
10-28 19:05:54.655  2169  2169 V NotificationListeners: enabling notification listener for user 0: ComponentInfo{com.motorola.motodisplay/com.motorola.motodisplay.MDNotificationListenerService}
10-28 19:05:55.083  2169  4469 I ActivityManager: START u0 {act=android.intent.action.MAIN cat=[android.intent.category.HOME] flg=0x10200000 cmp=com.google.android.googlequicksearchbox/com.google.android.launcher.GEL} from uid 10043 on display 0
10-28 19:05:55.196  2169  4470 D WifiService: acquireWifiLockLocked: WifiLock{NlpWifiLock type=2 binder=android.os.BinderProxy@3e8a9a8}
10-28 19:05:55.289  2169  2240 I LaunchCheckinHandler: Displayed com.google.android.googlequicksearchbox/com.google.android.launcher.GEL,wp,wa,206
10-28 19:05:55.689  2169  3401 D WifiService: releaseWifiLockLocked: WifiLock{NlpWifiLock type=2 binder=android.os.BinderProxy@3e8a9a8}
10-28 19:05:57.146  2169  2183 I ProcessStatsService: Prepared write state in 32ms
10-28 19:05:57.193  2169  2182 I ProcessStatsService: Pruning old procstats: /data/system/procstats/state-2016-10-27-05-04-32.bin
10-28 19:05:58.514  2169  3250 V AlarmManager: sending alarm {aaed222 type 3 *alarm*:com.google.android.gms/.lockbox.LockboxAlarmReceiver}
10-28 19:05:58.517  2169  3250 V AlarmManager: sending alarm {b12f4a4 type 2 *walarm*:com.google.android.apps.maps/com.google.android.apps.gmm.prefetch.PrefetcherService}
10-28 19:05:58.533  2169  3250 I ActivityManager: Start proc 21533:com.google.android.apps.maps/u0a79 for service com.google.android.apps.maps/com.google.android.apps.gmm.prefetch.PrefetcherService
10-28 19:05:58.533  2169  3250 V AlarmManager: sending alarm {e307210 type 0 *walarm*:com.google.android.gms/.checkin.EventLogServiceReceiver}
10-28 19:05:58.538  2169  3250 V AlarmManager: sending alarm {57438f2 type 2 *walarm*:com.android.internal.policy.impl.PhoneWindowManager.DELAYED_KEYGUARD}
10-28 19:05:58.538  2169  3250 V AlarmManager: sending alarm {6d9ea80 type 1 *alarm*:com.motorola.motocare.trigger.AlarmTrigger.HourlyAlarmTrigger}
10-28 19:05:58.539  2169  2169 V AlarmManager: done {b12f4a4, *walarm*:com.google.android.apps.maps/com.google.android.apps.gmm.prefetch.PrefetcherService} [25ms]
10-28 19:05:58.539  2169  2169 V AlarmManager: done {aaed222, *alarm*:com.google.android.gms/.lockbox.LockboxAlarmReceiver} [25ms]
10-28 19:05:58.569  2169  2169 V AlarmManager: done {e307210, *walarm*:com.google.android.gms/.checkin.EventLogServiceReceiver} [55ms]
10-28 19:05:58.605  2169  2169 V AlarmManager: done {57438f2, *walarm*:com.android.internal.policy.impl.PhoneWindowManager.DELAYED_KEYGUARD} [91ms]
10-28 19:05:58.605  2169  2169 V AlarmManager: done {6d9ea80, *alarm*:com.motorola.motocare.trigger.AlarmTrigger.HourlyAlarmTrigger} [92ms]
10-28 19:05:58.800  3375  3375 D StatusBarKeyguardViewManager: showKeyguard, but hide Bouncer
10-28 19:05:59.812  2169  3264 D WifiService: New client listening to asynchronous messages
10-28 19:06:02.771 21533 21591 W ActivityThread: ClassLoader.loadClass: The class loader returned by Thread.getContextClassLoader() may fail for processes that host multiple applications. You should explicitly specify a context class loader. For example: Thread.setContextClassLoader(getClass().getClassLoader());
10-28 19:06:24.450  2169  3250 V AlarmManager: sending alarm {d0a96fb type 3 *alarm*:android.intent.action.TIME_TICK}
10-28 19:06:24.452  2169  3250 V AlarmManager: sending alarm {f03f582 type 2 *walarm*:com.google.android.intent.action.SEND_IDLE}
10-28 19:06:24.530  2169  2169 V AlarmManager: done {f03f582, *walarm*:com.google.android.intent.action.SEND_IDLE} [80ms]
10-28 19:06:24.588  2169  2169 V AlarmManager: done {d0a96fb, *alarm*:android.intent.action.TIME_TICK} [137ms]
10-28 19:06:24.874  2169  3250 V AlarmManager: sending alarm {7e7bfd1 type 2 *walarm*:com.motorola.slpc.ALARM_MODALITY}
10-28 19:06:24.880  2169  2169 V AlarmManager: done {7e7bfd1, *walarm*:com.motorola.slpc.ALARM_MODALITY} [6ms]
10-28 19:06:40.865  2169  3250 V AlarmManager: sending alarm {8b3a311 type 2 *walarm*:CONTEXT_MANAGER_ALARM_WAKEUP_88826}
10-28 19:06:40.872  2169  2169 V AlarmManager: done {8b3a311, *walarm*:CONTEXT_MANAGER_ALARM_WAKEUP_88826} [7ms]
10-28 19:06:59.186  2169  3250 V AlarmManager: sending alarm {5c9358b type 2 *walarm*:com.google.android.location.ALARM_WAKEUP_LOCATOR}
10-28 19:06:59.190  2169  3250 V AlarmManager: sending alarm {aaed222 type 3 *alarm*:com.google.android.gms/.lockbox.LockboxAlarmReceiver}
10-28 19:06:59.193  2169  3322 D WifiService: acquireWifiLockLocked: WifiLock{NlpWifiLock type=2 binder=android.os.BinderProxy@59a0cfe}
